
############# Neural Context Flow #############

Jax version: 0.4.28
Available devices: [cuda(id=0)]
Running this script in ipython (Jupyter) session ? False
=== Parsed arguments to generate data ===
 Split: train
 Savepath: ./runs/240601-161402/
 Seed: 2026


############# Neural Context Flow #############

Jax version: 0.4.28
Available devices: [cuda(id=0)]
Running this script in ipython (Jupyter) session ? False
=== Parsed arguments to generate data ===
 Split: test
 Savepath: ./runs/240601-161402/
 Seed: 4052


############# Neural Context Flow #############

Jax version: 0.4.28
Available devices: [cuda(id=0)]
Run folder created successfuly: ./runs/240601-161402/
Completed copied scripts 


Total number of parameters in the vector field: 25294


Total number of parameters in the contexts: 25856 

WARNING: No key provided, using time as seed


=== Beginning training with proximal alternating minimization ... ===
    Number of examples in a batch: 4
    Maximum number of steps per inner minimization: 10
    Maximum number of outer minimizations: 5000
    Maximum total number of training steps: 50000

Compiling function "train_step" for neural ode ...
Shapes of elements in a batch: (8, 4, 189, 2) (189,)

Compiling function "train_step" for context ...
Shapes of elements in a batch: (8, 4, 189, 2) (189,)
    Outer Step:     0      LossTrajs: 12.29463959     ContextsNorm: 0.09647897     ValIndCrit: 11.96601105
        Saving best model so far ...
        -NbInnerStepsNode:    1
        -NbInnerStepsCxt:    1
        -InnerToleranceNode: 2.00e-11
        -InnerToleranceCtx:  1.00e-10
        -DiffNode: 4.56e-05
        -DiffCxt:  1.49e-05
    Outer Step:     1      LossTrajs: 10.11740685     ContextsNorm: 0.09657319     ValIndCrit: 9.86786842
        Saving best model so far ...
        -NbInnerStepsNode:   10
        -NbInnerStepsCxt:   10
        -InnerToleranceNode: 2.00e-11
        -InnerToleranceCtx:  1.00e-10
        -DiffNode: 2.79e-05
        -DiffCxt:  9.51e-06
    Outer Step:     2      LossTrajs: 8.44942379     ContextsNorm: 0.09664240     ValIndCrit: 8.30778313
        Saving best model so far ...
        -NbInnerStepsNode:   10
        -NbInnerStepsCxt:   10
        -InnerToleranceNode: 2.00e-11
        -InnerToleranceCtx:  1.00e-10
        -DiffNode: 1.35e-05
        -DiffCxt:  4.36e-06
    Outer Step:     3      LossTrajs: 8.19752407     ContextsNorm: 0.09667708     ValIndCrit: 8.22641373
        Saving best model so far ...
        -NbInnerStepsNode:   10
        -NbInnerStepsCxt:   10
        -InnerToleranceNode: 2.00e-11
        -InnerToleranceCtx:  1.00e-10
        -DiffNode: 7.10e-06
        -DiffCxt:  2.87e-06
    Outer Step:   100      LossTrajs: 2.94720244     ContextsNorm: 0.10094008     ValIndCrit: 3.59221697
        Saving best model so far ...
        -NbInnerStepsNode:   10
        -NbInnerStepsCxt:   10
        -InnerToleranceNode: 2.00e-11
        -InnerToleranceCtx:  1.00e-10
        -DiffNode: 3.32e-07
        -DiffCxt:  3.98e-07
    Outer Step:   200      LossTrajs: 0.33052981     ContextsNorm: 0.10334614     ValIndCrit: 0.26193568
        Saving best model so far ...
        -NbInnerStepsNode:   10
        -NbInnerStepsCxt:   10
        -InnerToleranceNode: 2.00e-11
        -InnerToleranceCtx:  1.00e-10
        -DiffNode: 1.40e-08
        -DiffCxt:  1.88e-08
    Outer Step:   300      LossTrajs: 0.04341937     ContextsNorm: 0.10332750     ValIndCrit: 0.09927490
        Saving best model so far ...
        -NbInnerStepsNode:   10
        -NbInnerStepsCxt:   10
        -InnerToleranceNode: 2.00e-11
        -InnerToleranceCtx:  1.00e-10
        -DiffNode: 4.11e-09
        -DiffCxt:  1.01e-08
    Outer Step:   400      LossTrajs: 0.02889425     ContextsNorm: 0.10333093     ValIndCrit: 0.06558994
        Saving best model so far ...
        -NbInnerStepsNode:   10
        -NbInnerStepsCxt:   10
        -InnerToleranceNode: 2.00e-11
        -InnerToleranceCtx:  1.00e-10
        -DiffNode: 2.13e-09
        -DiffCxt:  2.34e-09
    Outer Step:   500      LossTrajs: 0.01668189     ContextsNorm: 0.10328008     ValIndCrit: 0.05801962
        Saving best model so far ...
        -NbInnerStepsNode:   10
        -NbInnerStepsCxt:   10
        -InnerToleranceNode: 2.00e-11
        -InnerToleranceCtx:  1.00e-10
        -DiffNode: 3.99e-09
        -DiffCxt:  1.24e-08
    Outer Step:   600      LossTrajs: 0.01655124     ContextsNorm: 0.10328385     ValIndCrit: 0.05342967
        Saving best model so far ...
        -NbInnerStepsNode:   10
        -NbInnerStepsCxt:   10
        -InnerToleranceNode: 2.00e-11
        -InnerToleranceCtx:  1.00e-10
        -DiffNode: 4.28e-08
        -DiffCxt:  2.63e-08
    Outer Step:   700      LossTrajs: 0.00918867     ContextsNorm: 0.10329756     ValIndCrit: 0.05058473
        Saving best model so far ...
        -NbInnerStepsNode:   10
        -NbInnerStepsCxt:   10
        -InnerToleranceNode: 2.00e-11
        -InnerToleranceCtx:  1.00e-10
        -DiffNode: 2.98e-09
        -DiffCxt:  7.47e-09
    Outer Step:   800      LossTrajs: 0.00770333     ContextsNorm: 0.10331719     ValIndCrit: 0.04393171
        Saving best model so far ...
        -NbInnerStepsNode:   10
        -NbInnerStepsCxt:   10
        -InnerToleranceNode: 2.00e-11
        -InnerToleranceCtx:  1.00e-10
        -DiffNode: 7.90e-09
        -DiffCxt:  2.05e-08
    Outer Step:   900      LossTrajs: 0.01286991     ContextsNorm: 0.10330044     ValIndCrit: 0.04330599
        Saving best model so far ...
        -NbInnerStepsNode:   10
        -NbInnerStepsCxt:   10
        -InnerToleranceNode: 2.00e-11
        -InnerToleranceCtx:  1.00e-10
        -DiffNode: 2.83e-08
        -DiffCxt:  5.87e-08
    Outer Step:  1000      LossTrajs: 0.00467767     ContextsNorm: 0.10330832     ValIndCrit: 0.03520022
        Saving best model so far ...
        -NbInnerStepsNode:   10
        -NbInnerStepsCxt:   10
        -InnerToleranceNode: 2.00e-11
        -InnerToleranceCtx:  1.00e-10
        -DiffNode: 3.31e-09
        -DiffCxt:  9.41e-09
    Outer Step:  1100      LossTrajs: 0.00455397     ContextsNorm: 0.10334964     ValIndCrit: 0.03082787
        Saving best model so far ...
        -NbInnerStepsNode:   10
        -NbInnerStepsCxt:   10
        -InnerToleranceNode: 2.00e-11
        -InnerToleranceCtx:  1.00e-10
        -DiffNode: 9.76e-09
        -DiffCxt:  3.25e-08
    Outer Step:  1200      LossTrajs: 0.00463293     ContextsNorm: 0.10329822     ValIndCrit: 0.02637293
        Saving best model so far ...
        -NbInnerStepsNode:   10
        -NbInnerStepsCxt:   10
        -InnerToleranceNode: 2.00e-11
        -InnerToleranceCtx:  1.00e-10
        -DiffNode: 2.19e-08
        -DiffCxt:  1.98e-08
    Outer Step:  1300      LossTrajs: 0.00271364     ContextsNorm: 0.10326856     ValIndCrit: 0.02296275
        Saving best model so far ...
        -NbInnerStepsNode:   10
        -NbInnerStepsCxt:   10
        -InnerToleranceNode: 2.00e-11
        -InnerToleranceCtx:  1.00e-10
        -DiffNode: 2.38e-09
        -DiffCxt:  6.71e-09
    Outer Step:  1400      LossTrajs: 0.00258198     ContextsNorm: 0.10327443     ValIndCrit: 0.02109131
        Saving best model so far ...
        -NbInnerStepsNode:   10
        -NbInnerStepsCxt:   10
        -InnerToleranceNode: 2.00e-11
        -InnerToleranceCtx:  1.00e-10
        -DiffNode: 5.21e-09
        -DiffCxt:  1.53e-08
    Outer Step:  1500      LossTrajs: 0.00395588     ContextsNorm: 0.10327753     ValIndCrit: 0.01907854
        Saving best model so far ...
        -NbInnerStepsNode:   10
        -NbInnerStepsCxt:   10
        -InnerToleranceNode: 2.00e-11
        -InnerToleranceCtx:  1.00e-10
        -DiffNode: 1.43e-08
        -DiffCxt:  1.07e-08
    Outer Step:  1600      LossTrajs: 0.00275094     ContextsNorm: 0.10322782     ValIndCrit: 0.01801137
        Saving best model so far ...
        -NbInnerStepsNode:   10
        -NbInnerStepsCxt:   10
        -InnerToleranceNode: 2.00e-11
        -InnerToleranceCtx:  1.00e-10
        -DiffNode: 1.13e-08
        -DiffCxt:  1.43e-08
    Outer Step:  1700      LossTrajs: 0.00285156     ContextsNorm: 0.10321896     ValIndCrit: 0.01686213
        Saving best model so far ...
        -NbInnerStepsNode:   10
        -NbInnerStepsCxt:   10
        -InnerToleranceNode: 2.00e-11
        -InnerToleranceCtx:  1.00e-10
        -DiffNode: 7.80e-09
        -DiffCxt:  1.21e-08
    Outer Step:  1800      LossTrajs: 0.00283218     ContextsNorm: 0.10322087     ValIndCrit: 0.01557499
        Saving best model so far ...
        -NbInnerStepsNode:   10
        -NbInnerStepsCxt:   10
        -InnerToleranceNode: 2.00e-11
        -InnerToleranceCtx:  1.00e-10
        -DiffNode: 1.06e-08
        -DiffCxt:  1.35e-08
    Outer Step:  1900      LossTrajs: 0.00507125     ContextsNorm: 0.10314684     ValIndCrit: 0.01468876
        Saving best model so far ...
        -NbInnerStepsNode:   10
        -NbInnerStepsCxt:   10
        -InnerToleranceNode: 2.00e-11
        -InnerToleranceCtx:  1.00e-10
        -DiffNode: 2.66e-08
        -DiffCxt:  4.85e-08
    Outer Step:  2000      LossTrajs: 0.00399735     ContextsNorm: 0.10313931     ValIndCrit: 0.01563514
        -NbInnerStepsNode:   10
        -NbInnerStepsCxt:   10
        -InnerToleranceNode: 2.00e-11
        -InnerToleranceCtx:  1.00e-10
        -DiffNode: 3.57e-08
        -DiffCxt:  8.17e-08
    Outer Step:  2100      LossTrajs: 0.00188387     ContextsNorm: 0.10312994     ValIndCrit: 0.01386438
        Saving best model so far ...
        -NbInnerStepsNode:   10
        -NbInnerStepsCxt:   10
        -InnerToleranceNode: 2.00e-11
        -InnerToleranceCtx:  1.00e-10
        -DiffNode: 9.16e-09
        -DiffCxt:  3.36e-08
    Outer Step:  2200      LossTrajs: 0.00159352     ContextsNorm: 0.10308439     ValIndCrit: 0.01279250
        Saving best model so far ...
        -NbInnerStepsNode:   10
        -NbInnerStepsCxt:   10
        -InnerToleranceNode: 2.00e-11
        -InnerToleranceCtx:  1.00e-10
        -DiffNode: 3.05e-09
        -DiffCxt:  6.60e-09
    Outer Step:  2300      LossTrajs: 0.00230426     ContextsNorm: 0.10310353     ValIndCrit: 0.01256520
        Saving best model so far ...
        -NbInnerStepsNode:   10
        -NbInnerStepsCxt:   10
        -InnerToleranceNode: 2.00e-11
        -InnerToleranceCtx:  1.00e-10
        -DiffNode: 1.00e-08
        -DiffCxt:  2.37e-08
    Outer Step:  2400      LossTrajs: 0.00139063     ContextsNorm: 0.10307054     ValIndCrit: 0.01170983
        Saving best model so far ...
        -NbInnerStepsNode:   10
        -NbInnerStepsCxt:   10
        -InnerToleranceNode: 2.00e-11
        -InnerToleranceCtx:  1.00e-10
        -DiffNode: 6.34e-10
        -DiffCxt:  2.32e-09
    Outer Step:  2500      LossTrajs: 0.00244848     ContextsNorm: 0.10304641     ValIndCrit: 0.01131327
        Saving best model so far ...
        -NbInnerStepsNode:   10
        -NbInnerStepsCxt:   10
        -InnerToleranceNode: 2.00e-11
        -InnerToleranceCtx:  1.00e-10
        -DiffNode: 9.56e-09
        -DiffCxt:  1.00e-08
    Outer Step:  2600      LossTrajs: 0.00128700     ContextsNorm: 0.10309957     ValIndCrit: 0.01086355
        Saving best model so far ...
        -NbInnerStepsNode:   10
        -NbInnerStepsCxt:   10
        -InnerToleranceNode: 2.00e-11
        -InnerToleranceCtx:  1.00e-10
        -DiffNode: 4.73e-09
        -DiffCxt:  1.18e-08
    Outer Step:  2700      LossTrajs: 0.00128640     ContextsNorm: 0.10305610     ValIndCrit: 0.01045828
        Saving best model so far ...
        -NbInnerStepsNode:   10
        -NbInnerStepsCxt:   10
        -InnerToleranceNode: 2.00e-11
        -InnerToleranceCtx:  1.00e-10
        -DiffNode: 9.03e-10
        -DiffCxt:  3.51e-09
    Outer Step:  2800      LossTrajs: 0.00127273     ContextsNorm: 0.10310113     ValIndCrit: 0.01015324
        Saving best model so far ...
        -NbInnerStepsNode:   10
        -NbInnerStepsCxt:   10
        -InnerToleranceNode: 2.00e-11
        -InnerToleranceCtx:  1.00e-10
        -DiffNode: 1.69e-09
        -DiffCxt:  2.10e-09
    Outer Step:  2900      LossTrajs: 0.00449067     ContextsNorm: 0.10306943     ValIndCrit: 0.01108531
        -NbInnerStepsNode:   10
        -NbInnerStepsCxt:   10
        -InnerToleranceNode: 2.00e-11
        -InnerToleranceCtx:  1.00e-10
        -DiffNode: 4.70e-08
        -DiffCxt:  9.37e-08
    Outer Step:  3000      LossTrajs: 0.00142615     ContextsNorm: 0.10310985     ValIndCrit: 0.00965226
        Saving best model so far ...
        -NbInnerStepsNode:   10
        -NbInnerStepsCxt:   10
        -InnerToleranceNode: 2.00e-11
        -InnerToleranceCtx:  1.00e-10
        -DiffNode: 9.49e-09
        -DiffCxt:  1.73e-08
    Outer Step:  3100      LossTrajs: 0.00160566     ContextsNorm: 0.10309042     ValIndCrit: 0.01080402
        -NbInnerStepsNode:   10
        -NbInnerStepsCxt:   10
        -InnerToleranceNode: 2.00e-11
        -InnerToleranceCtx:  1.00e-10
        -DiffNode: 8.05e-09
        -DiffCxt:  3.47e-08
    Outer Step:  3200      LossTrajs: 0.00106374     ContextsNorm: 0.10311119     ValIndCrit: 0.00925109
        Saving best model so far ...
        -NbInnerStepsNode:   10
        -NbInnerStepsCxt:   10
        -InnerToleranceNode: 2.00e-11
        -InnerToleranceCtx:  1.00e-10
        -DiffNode: 4.52e-09
        -DiffCxt:  2.58e-08
    Outer Step:  3300      LossTrajs: 0.00148350     ContextsNorm: 0.10303557     ValIndCrit: 0.00900660
        Saving best model so far ...
        -NbInnerStepsNode:   10
        -NbInnerStepsCxt:   10
        -InnerToleranceNode: 2.00e-11
        -InnerToleranceCtx:  1.00e-10
        -DiffNode: 1.28e-08
        -DiffCxt:  2.41e-08
    Outer Step:  3400      LossTrajs: 0.00099240     ContextsNorm: 0.10307781     ValIndCrit: 0.00839383
        Saving best model so far ...
        -NbInnerStepsNode:   10
        -NbInnerStepsCxt:   10
        -InnerToleranceNode: 2.00e-11
        -InnerToleranceCtx:  1.00e-10
        -DiffNode: 2.68e-09
        -DiffCxt:  1.77e-08
    Outer Step:  3500      LossTrajs: 0.00308849     ContextsNorm: 0.10313104     ValIndCrit: 0.00815162
        Saving best model so far ...
        -NbInnerStepsNode:   10
        -NbInnerStepsCxt:   10
        -InnerToleranceNode: 2.00e-11
        -InnerToleranceCtx:  1.00e-10
        -DiffNode: 3.13e-08
        -DiffCxt:  1.37e-07
    Outer Step:  3600      LossTrajs: 0.00107673     ContextsNorm: 0.10315146     ValIndCrit: 0.00804903
        Saving best model so far ...
        -NbInnerStepsNode:   10
        -NbInnerStepsCxt:   10
        -InnerToleranceNode: 2.00e-11
        -InnerToleranceCtx:  1.00e-10
        -DiffNode: 3.56e-09
        -DiffCxt:  2.35e-08
    Outer Step:  3700      LossTrajs: 0.00096580     ContextsNorm: 0.10300270     ValIndCrit: 0.00772095
        Saving best model so far ...
        -NbInnerStepsNode:   10
        -NbInnerStepsCxt:   10
        -InnerToleranceNode: 2.00e-11
        -InnerToleranceCtx:  1.00e-10
        -DiffNode: 1.13e-09
        -DiffCxt:  3.57e-09
    Outer Step:  3800      LossTrajs: 0.00094039     ContextsNorm: 0.10300518     ValIndCrit: 0.00773862
        -NbInnerStepsNode:   10
        -NbInnerStepsCxt:   10
        -InnerToleranceNode: 2.00e-11
        -InnerToleranceCtx:  1.00e-10
        -DiffNode: 9.38e-09
        -DiffCxt:  2.84e-08
    Outer Step:  3900      LossTrajs: 0.00104060     ContextsNorm: 0.10307435     ValIndCrit: 0.00745168
        Saving best model so far ...
        -NbInnerStepsNode:   10
        -NbInnerStepsCxt:   10
        -InnerToleranceNode: 2.00e-11
        -InnerToleranceCtx:  1.00e-10
        -DiffNode: 8.83e-09
        -DiffCxt:  1.75e-08
    Outer Step:  4000      LossTrajs: 0.00081838     ContextsNorm: 0.10296649     ValIndCrit: 0.00717263
        Saving best model so far ...
        -NbInnerStepsNode:   10
        -NbInnerStepsCxt:   10
        -InnerToleranceNode: 2.00e-11
        -InnerToleranceCtx:  1.00e-10
        -DiffNode: 2.59e-09
        -DiffCxt:  1.11e-08
    Outer Step:  4100      LossTrajs: 0.00205771     ContextsNorm: 0.10303621     ValIndCrit: 0.00731725
        -NbInnerStepsNode:   10
        -NbInnerStepsCxt:   10
        -InnerToleranceNode: 2.00e-11
        -InnerToleranceCtx:  1.00e-10
        -DiffNode: 1.02e-08
        -DiffCxt:  5.67e-08
    Outer Step:  4200      LossTrajs: 0.00076040     ContextsNorm: 0.10300343     ValIndCrit: 0.00691173
        Saving best model so far ...
        -NbInnerStepsNode:   10
        -NbInnerStepsCxt:   10
        -InnerToleranceNode: 2.00e-11
        -InnerToleranceCtx:  1.00e-10
        -DiffNode: 3.24e-10
        -DiffCxt:  2.30e-09
    Outer Step:  4300      LossTrajs: 0.00249032     ContextsNorm: 0.10295148     ValIndCrit: 0.00711920
        -NbInnerStepsNode:   10
        -NbInnerStepsCxt:   10
        -InnerToleranceNode: 2.00e-11
        -InnerToleranceCtx:  1.00e-10
        -DiffNode: 2.36e-08
        -DiffCxt:  5.86e-08
    Outer Step:  4400      LossTrajs: 0.00105557     ContextsNorm: 0.10294998     ValIndCrit: 0.00663136
        Saving best model so far ...
        -NbInnerStepsNode:   10
        -NbInnerStepsCxt:   10
        -InnerToleranceNode: 2.00e-11
        -InnerToleranceCtx:  1.00e-10
        -DiffNode: 8.66e-09
        -DiffCxt:  5.16e-08
    Outer Step:  4500      LossTrajs: 0.00083230     ContextsNorm: 0.10313523     ValIndCrit: 0.00649435
        Saving best model so far ...
        -NbInnerStepsNode:   10
        -NbInnerStepsCxt:   10
        -InnerToleranceNode: 2.00e-11
        -InnerToleranceCtx:  1.00e-10
        -DiffNode: 1.31e-09
        -DiffCxt:  1.52e-08
    Outer Step:  4600      LossTrajs: 0.00073485     ContextsNorm: 0.10324004     ValIndCrit: 0.00637556
        Saving best model so far ...
        -NbInnerStepsNode:   10
        -NbInnerStepsCxt:   10
        -InnerToleranceNode: 2.00e-11
        -InnerToleranceCtx:  1.00e-10
        -DiffNode: 1.31e-09
        -DiffCxt:  4.64e-09
    Outer Step:  4700      LossTrajs: 0.00078550     ContextsNorm: 0.10327689     ValIndCrit: 0.00631385
        Saving best model so far ...
        -NbInnerStepsNode:   10
        -NbInnerStepsCxt:   10
        -InnerToleranceNode: 2.00e-11
        -InnerToleranceCtx:  1.00e-10
        -DiffNode: 1.45e-09
        -DiffCxt:  7.54e-09
    Outer Step:  4800      LossTrajs: 0.01406831     ContextsNorm: 0.10327236     ValIndCrit: 0.00701038
        -NbInnerStepsNode:   10
        -NbInnerStepsCxt:   10
        -InnerToleranceNode: 2.00e-11
        -InnerToleranceCtx:  1.00e-10
        -DiffNode: 1.89e-07
        -DiffCxt:  1.58e-07
    Outer Step:  4900      LossTrajs: 0.01043250     ContextsNorm: 0.10337102     ValIndCrit: 0.00691807
        -NbInnerStepsNode:   10
        -NbInnerStepsCxt:   10
        -InnerToleranceNode: 2.00e-11
        -InnerToleranceCtx:  1.00e-10
        -DiffNode: 6.21e-08
        -DiffCxt:  8.58e-08
    Outer Step:  4999      LossTrajs: 0.00083612     ContextsNorm: 0.10336000     ValIndCrit: 0.00601458
        Saving best model so far ...
        -NbInnerStepsNode:   10
        -NbInnerStepsCxt:   10
        -InnerToleranceNode: 2.00e-11
        -InnerToleranceCtx:  1.00e-10
        -DiffNode: 4.15e-09
        -DiffCxt:  1.02e-08

Total gradient descent training time: 2 hours 42 mins 13 secs
WARNING: No key provided, using time as seed
==  Begining in-domain testing ... ==
    Number of training environments: 8
    Final length of the training trajectories: 189
    Length of the testing trajectories: 189
Test Score (In-Domain): 0.006014579


############# Neural Context Flow #############

Jax version: 0.4.28
Available devices: [cuda(id=0)]
Running this script in ipython (Jupyter) session ? False
=== Parsed arguments to generate data ===
 Split: adapt
 Savepath: ./runs/240601-161402/adapt/
 Seed: 6078

==  Begining in-domain visualisation ... ==
    Environment id: 5
    Trajectory id: 24
    Visualized dimensions: (0, 1)
    Final length of the training trajectories: 189
    Length of the testing trajectories: 189
Testing finished. Figure saved in: ./runs/240601-161402/results_in_domain.png
WARNING: No key provided for the context initialization. Initializing at 0.


=== Beginning adaptation ... ===
    Number of examples in a batch: 12
    Number of train steps per epoch: 1
    Number of training epochs: 5000
    Total number of training steps: 5000
WARNING: No key provided, using time as seed

Compiling function "train_step" for context ...
Shapes of elements in a batch: (1, 12, 189, 2) (189,)
    Epoch:     0     LossContext: 3.81728578
    Epoch:     1     LossContext: 3.73092937
    Epoch:     2     LossContext: 3.64492321
    Epoch:     3     LossContext: 3.55796027
    Epoch:   100     LossContext: 0.03934362
    Epoch:   200     LossContext: 0.01446936
    Epoch:   300     LossContext: 0.00767063
    Epoch:   400     LossContext: 0.00560109
    Epoch:   500     LossContext: 0.00459935
    Epoch:   600     LossContext: 0.00404230
    Epoch:   700     LossContext: 0.00355722
    Epoch:   800     LossContext: 0.00319976
    Epoch:   900     LossContext: 0.00290765
    Epoch:  1000     LossContext: 0.00267555
    Epoch:  1100     LossContext: 0.00258255
    Epoch:  1200     LossContext: 0.00243459
    Epoch:  1300     LossContext: 0.00237444
    Epoch:  1400     LossContext: 0.00226052
    Epoch:  1500     LossContext: 0.00201812
    Epoch:  1600     LossContext: 0.00194351
    Epoch:  1700     LossContext: 0.00190172
    Epoch:  1800     LossContext: 0.00191994
    Epoch:  1900     LossContext: 0.00178965
    Epoch:  2000     LossContext: 0.00178234
    Epoch:  2100     LossContext: 0.00173240
    Epoch:  2200     LossContext: 0.00181615
    Epoch:  2300     LossContext: 0.00176548
    Epoch:  2400     LossContext: 0.00173302
    Epoch:  2500     LossContext: 0.00174899
    Epoch:  2600     LossContext: 0.00170818
    Epoch:  2700     LossContext: 0.00161464
    Epoch:  2800     LossContext: 0.00160783
    Epoch:  2900     LossContext: 0.00167014
    Epoch:  3000     LossContext: 0.00155081
    Epoch:  3100     LossContext: 0.00150549
    Epoch:  3200     LossContext: 0.00161899
    Epoch:  3300     LossContext: 0.00160868
    Epoch:  3400     LossContext: 0.00161888
    Epoch:  3500     LossContext: 0.00161882
    Epoch:  3600     LossContext: 0.00155028
    Epoch:  3700     LossContext: 0.00156496
    Epoch:  3800     LossContext: 0.00157984
    Epoch:  3900     LossContext: 0.00160402
    Epoch:  4000     LossContext: 0.00156900
    Epoch:  4100     LossContext: 0.00166355
    Epoch:  4200     LossContext: 0.00154337
    Epoch:  4300     LossContext: 0.00152408
    Epoch:  4400     LossContext: 0.00157671
    Epoch:  4500     LossContext: 0.00161268
    Epoch:  4600     LossContext: 0.00151261
    Epoch:  4700     LossContext: 0.00149058
    Epoch:  4800     LossContext: 0.00157653
    Epoch:  4900     LossContext: 0.00145388
    Epoch:  4999     LossContext: 0.00161754

Total gradient descent adaptation time: 0 hours 6 mins 32 secs

Saving adaptation parameters into ./runs/240601-161402/adapt/ folder with id 170846 ...

==  Begining out-of-distribution testing ... ==
    Number of training environments: 8
    Number of adaptation environments: 1
    Final length of the training trajectories: 189
    Length of the testing trajectories: 189
Test Score (OOD): 0.0015052138

