
############# Contextual Self-Modulation #############

Jax version: 0.4.28
Available devices: [cuda(id=0)]
Created a new run folder at: ./runs/240812-165820/
Completed copied scripts 


Total number of parameters in the model: 4526
Total number of parameters in the contexts: 18


=== Beginning meta training ... ===
    Number of examples in a batch: 9
    Total number of batches : 1
    Numbers of inner steps : 1
    Training on 1 batches
    Validating on 1 batches
     ### (Re)Compiling function: outer_train_step ...  
     ### (Re)Compiling function: inner_train_step ...  
Epoch:   0      Batch:   0    Loss: 1.37084138     ContextsNorm: 0.00000000
     ### (Re)Compiling function: adapt_step_cavia ...  
        Validation Criterion: 0.91207439
        Saving best model so far ...
Epoch:  10      Batch:   0    Loss: 0.33606040     ContextsNorm: 0.00000000
Epoch:  20      Batch:   0    Loss: 0.27507728     ContextsNorm: 0.00000000
Epoch:  30      Batch:   0    Loss: 0.17532142     ContextsNorm: 0.00000000
Epoch:  40      Batch:   0    Loss: 0.17041154     ContextsNorm: 0.00000000
Epoch:  50      Batch:   0    Loss: 0.16049489     ContextsNorm: 0.00000000
Epoch:  60      Batch:   0    Loss: 0.14257270     ContextsNorm: 0.00000000
Epoch:  70      Batch:   0    Loss: 0.10627177     ContextsNorm: 0.00000000
Epoch:  80      Batch:   0    Loss: 0.08607700     ContextsNorm: 0.00000000
Epoch:  90      Batch:   0    Loss: 0.07939132     ContextsNorm: 0.00000000
Epoch: 100      Batch:   0    Loss: 0.07674441     ContextsNorm: 0.00000000
     ### (Re)Compiling function: adapt_step_cavia ...  
        Validation Criterion: 0.09007301
        Saving best model so far ...
Epoch: 110      Batch:   0    Loss: 0.07479858     ContextsNorm: 0.00000000
Epoch: 120      Batch:   0    Loss: 0.07181720     ContextsNorm: 0.00000000
Epoch: 130      Batch:   0    Loss: 0.05084541     ContextsNorm: 0.00000000
Epoch: 140      Batch:   0    Loss: 0.04548144     ContextsNorm: 0.00000000
Epoch: 150      Batch:   0    Loss: 0.04246753     ContextsNorm: 0.00000000
Epoch: 160      Batch:   0    Loss: 0.04049455     ContextsNorm: 0.00000000
Epoch: 170      Batch:   0    Loss: 0.03878363     ContextsNorm: 0.00000000
Epoch: 180      Batch:   0    Loss: 0.03731636     ContextsNorm: 0.00000000
Epoch: 190      Batch:   0    Loss: 0.03582081     ContextsNorm: 0.00000000
Epoch: 200      Batch:   0    Loss: 0.03428758     ContextsNorm: 0.00000000
     ### (Re)Compiling function: adapt_step_cavia ...  
        Validation Criterion: 0.04635804
        Saving best model so far ...
Epoch: 210      Batch:   0    Loss: 0.03285204     ContextsNorm: 0.00000000
Epoch: 220      Batch:   0    Loss: 0.03177899     ContextsNorm: 0.00000000
Epoch: 230      Batch:   0    Loss: 0.03119447     ContextsNorm: 0.00000000
Epoch: 240      Batch:   0    Loss: 0.03098031     ContextsNorm: 0.00000000
Epoch: 250      Batch:   0    Loss: 0.03067989     ContextsNorm: 0.00000000
Epoch: 260      Batch:   0    Loss: 0.03057057     ContextsNorm: 0.00000000
Epoch: 270      Batch:   0    Loss: 0.03034593     ContextsNorm: 0.00000000
Epoch: 280      Batch:   0    Loss: 0.03020141     ContextsNorm: 0.00000000
Epoch: 290      Batch:   0    Loss: 0.03030901     ContextsNorm: 0.00000000
Epoch: 300      Batch:   0    Loss: 0.03009278     ContextsNorm: 0.00000000
     ### (Re)Compiling function: adapt_step_cavia ...  
        Validation Criterion: 0.03933749
        Saving best model so far ...
Epoch: 310      Batch:   0    Loss: 0.02990188     ContextsNorm: 0.00000000
Epoch: 320      Batch:   0    Loss: 0.02975133     ContextsNorm: 0.00000000
Epoch: 330      Batch:   0    Loss: 0.02966106     ContextsNorm: 0.00000000
Epoch: 340      Batch:   0    Loss: 0.02957863     ContextsNorm: 0.00000000
Epoch: 350      Batch:   0    Loss: 0.02956240     ContextsNorm: 0.00000000
Epoch: 360      Batch:   0    Loss: 0.02935158     ContextsNorm: 0.00000000
Epoch: 370      Batch:   0    Loss: 0.02929209     ContextsNorm: 0.00000000
Epoch: 380      Batch:   0    Loss: 0.02915975     ContextsNorm: 0.00000000
Epoch: 390      Batch:   0    Loss: 0.02977980     ContextsNorm: 0.00000000
Epoch: 400      Batch:   0    Loss: 0.02896840     ContextsNorm: 0.00000000
     ### (Re)Compiling function: adapt_step_cavia ...  
        Validation Criterion: 0.03623430
        Saving best model so far ...
Epoch: 410      Batch:   0    Loss: 0.02888468     ContextsNorm: 0.00000000
Epoch: 420      Batch:   0    Loss: 0.02874077     ContextsNorm: 0.00000000
Epoch: 430      Batch:   0    Loss: 0.02855227     ContextsNorm: 0.00000000
Epoch: 440      Batch:   0    Loss: 0.02828189     ContextsNorm: 0.00000000
Epoch: 450      Batch:   0    Loss: 0.02767709     ContextsNorm: 0.00000000
Epoch: 460      Batch:   0    Loss: 0.02506829     ContextsNorm: 0.00000000
Epoch: 470      Batch:   0    Loss: 0.01336211     ContextsNorm: 0.00000000
Epoch: 480      Batch:   0    Loss: 0.00763323     ContextsNorm: 0.00000000
Epoch: 490      Batch:   0    Loss: 0.00711481     ContextsNorm: 0.00000000
Epoch: 500      Batch:   0    Loss: 0.00638178     ContextsNorm: 0.00000000
     ### (Re)Compiling function: adapt_step_cavia ...  
        Validation Criterion: 0.01045938
        Saving best model so far ...
Epoch: 510      Batch:   0    Loss: 0.00603343     ContextsNorm: 0.00000000
Epoch: 520      Batch:   0    Loss: 0.00568766     ContextsNorm: 0.00000000
Epoch: 530      Batch:   0    Loss: 0.00541579     ContextsNorm: 0.00000000
Epoch: 540      Batch:   0    Loss: 0.00518763     ContextsNorm: 0.00000000
Epoch: 550      Batch:   0    Loss: 0.00497060     ContextsNorm: 0.00000000
Epoch: 560      Batch:   0    Loss: 0.00476129     ContextsNorm: 0.00000000
Epoch: 570      Batch:   0    Loss: 0.00455406     ContextsNorm: 0.00000000
Epoch: 580      Batch:   0    Loss: 0.00434836     ContextsNorm: 0.00000000
Epoch: 590      Batch:   0    Loss: 0.00416137     ContextsNorm: 0.00000000
Epoch: 600      Batch:   0    Loss: 0.00399654     ContextsNorm: 0.00000000
     ### (Re)Compiling function: adapt_step_cavia ...  
        Validation Criterion: 0.00722002
        Saving best model so far ...
Epoch: 610      Batch:   0    Loss: 0.00383090     ContextsNorm: 0.00000000
Epoch: 620      Batch:   0    Loss: 0.00369675     ContextsNorm: 0.00000000
Epoch: 630      Batch:   0    Loss: 0.00356889     ContextsNorm: 0.00000000
Epoch: 640      Batch:   0    Loss: 0.00344834     ContextsNorm: 0.00000000
Epoch: 650      Batch:   0    Loss: 0.00331857     ContextsNorm: 0.00000000
Epoch: 660      Batch:   0    Loss: 0.00319282     ContextsNorm: 0.00000000
Epoch: 670      Batch:   0    Loss: 0.00393181     ContextsNorm: 0.00000000
Epoch: 680      Batch:   0    Loss: 0.00321362     ContextsNorm: 0.00000000
Epoch: 690      Batch:   0    Loss: 0.00285758     ContextsNorm: 0.00000000
Epoch: 700      Batch:   0    Loss: 0.00267545     ContextsNorm: 0.00000000
     ### (Re)Compiling function: adapt_step_cavia ...  
        Validation Criterion: 0.00479746
        Saving best model so far ...
Epoch: 710      Batch:   0    Loss: 0.00252647     ContextsNorm: 0.00000000
Epoch: 720      Batch:   0    Loss: 0.00246607     ContextsNorm: 0.00000000
Epoch: 730      Batch:   0    Loss: 0.00262012     ContextsNorm: 0.00000000
Epoch: 740      Batch:   0    Loss: 0.00237726     ContextsNorm: 0.00000000
Epoch: 750      Batch:   0    Loss: 0.00231161     ContextsNorm: 0.00000000
Epoch: 760      Batch:   0    Loss: 0.00675181     ContextsNorm: 0.00000000
Epoch: 770      Batch:   0    Loss: 0.00300959     ContextsNorm: 0.00000000
Epoch: 780      Batch:   0    Loss: 0.00230022     ContextsNorm: 0.00000000
Epoch: 790      Batch:   0    Loss: 0.00193820     ContextsNorm: 0.00000000
Epoch: 800      Batch:   0    Loss: 0.00179267     ContextsNorm: 0.00000000
     ### (Re)Compiling function: adapt_step_cavia ...  
        Validation Criterion: 0.00327270
        Saving best model so far ...
Epoch: 810      Batch:   0    Loss: 0.00169433     ContextsNorm: 0.00000000
Epoch: 820      Batch:   0    Loss: 0.00160052     ContextsNorm: 0.00000000
Epoch: 830      Batch:   0    Loss: 0.00152322     ContextsNorm: 0.00000000
Epoch: 840      Batch:   0    Loss: 0.00176603     ContextsNorm: 0.00000000
Epoch: 850      Batch:   0    Loss: 0.00240931     ContextsNorm: 0.00000000
Epoch: 860      Batch:   0    Loss: 0.00177247     ContextsNorm: 0.00000000
Epoch: 870      Batch:   0    Loss: 0.00168756     ContextsNorm: 0.00000000
Epoch: 880      Batch:   0    Loss: 0.00181944     ContextsNorm: 0.00000000
Epoch: 890      Batch:   0    Loss: 0.00144211     ContextsNorm: 0.00000000
Epoch: 900      Batch:   0    Loss: 0.00131458     ContextsNorm: 0.00000000
     ### (Re)Compiling function: adapt_step_cavia ...  
        Validation Criterion: 0.00291139
        Saving best model so far ...
Epoch: 910      Batch:   0    Loss: 0.00131151     ContextsNorm: 0.00000000
Epoch: 920      Batch:   0    Loss: 0.00126380     ContextsNorm: 0.00000000
Epoch: 930      Batch:   0    Loss: 0.00124251     ContextsNorm: 0.00000000
Epoch: 940      Batch:   0    Loss: 0.00123230     ContextsNorm: 0.00000000
Epoch: 950      Batch:   0    Loss: 0.00124058     ContextsNorm: 0.00000000
Epoch: 960      Batch:   0    Loss: 0.00122648     ContextsNorm: 0.00000000
Epoch: 970      Batch:   0    Loss: 0.00144192     ContextsNorm: 0.00000000
Epoch: 980      Batch:   0    Loss: 0.00118126     ContextsNorm: 0.00000000
Epoch: 990      Batch:   0    Loss: 0.00129120     ContextsNorm: 0.00000000
Epoch: 1000      Batch:   0    Loss: 0.00131168     ContextsNorm: 0.00000000
     ### (Re)Compiling function: adapt_step_cavia ...  
        Validation Criterion: 0.00310165
Epoch: 1010      Batch:   0    Loss: 0.00115176     ContextsNorm: 0.00000000
Epoch: 1020      Batch:   0    Loss: 0.00116430     ContextsNorm: 0.00000000
Epoch: 1030      Batch:   0    Loss: 0.00122199     ContextsNorm: 0.00000000
Epoch: 1040      Batch:   0    Loss: 0.00117007     ContextsNorm: 0.00000000
Epoch: 1050      Batch:   0    Loss: 0.00109887     ContextsNorm: 0.00000000
Epoch: 1060      Batch:   0    Loss: 0.00145820     ContextsNorm: 0.00000000
Epoch: 1070      Batch:   0    Loss: 0.00116133     ContextsNorm: 0.00000000
Epoch: 1080      Batch:   0    Loss: 0.00115173     ContextsNorm: 0.00000000
Epoch: 1090      Batch:   0    Loss: 0.00110185     ContextsNorm: 0.00000000
Epoch: 1100      Batch:   0    Loss: 0.00105764     ContextsNorm: 0.00000000
     ### (Re)Compiling function: adapt_step_cavia ...  
        Validation Criterion: 0.00289174
        Saving best model so far ...
Epoch: 1110      Batch:   0    Loss: 0.00107310     ContextsNorm: 0.00000000
Epoch: 1120      Batch:   0    Loss: 0.00103837     ContextsNorm: 0.00000000
Epoch: 1130      Batch:   0    Loss: 0.00131313     ContextsNorm: 0.00000000
Epoch: 1140      Batch:   0    Loss: 0.00108897     ContextsNorm: 0.00000000
Epoch: 1150      Batch:   0    Loss: 0.00114112     ContextsNorm: 0.00000000
Epoch: 1160      Batch:   0    Loss: 0.00100779     ContextsNorm: 0.00000000
Epoch: 1170      Batch:   0    Loss: 0.00110991     ContextsNorm: 0.00000000
Epoch: 1180      Batch:   0    Loss: 0.00104112     ContextsNorm: 0.00000000
Epoch: 1190      Batch:   0    Loss: 0.00101663     ContextsNorm: 0.00000000
Epoch: 1200      Batch:   0    Loss: 0.00099130     ContextsNorm: 0.00000000
     ### (Re)Compiling function: adapt_step_cavia ...  
        Validation Criterion: 0.00289075
        Saving best model so far ...
Epoch: 1210      Batch:   0    Loss: 0.00095744     ContextsNorm: 0.00000000
Epoch: 1220      Batch:   0    Loss: 0.00107167     ContextsNorm: 0.00000000
Epoch: 1230      Batch:   0    Loss: 0.00110827     ContextsNorm: 0.00000000
Epoch: 1240      Batch:   0    Loss: 0.00099041     ContextsNorm: 0.00000000
Epoch: 1250      Batch:   0    Loss: 0.00091968     ContextsNorm: 0.00000000
Epoch: 1260      Batch:   0    Loss: 0.00094389     ContextsNorm: 0.00000000
Epoch: 1270      Batch:   0    Loss: 0.00106214     ContextsNorm: 0.00000000
Epoch: 1280      Batch:   0    Loss: 0.00090070     ContextsNorm: 0.00000000
Epoch: 1290      Batch:   0    Loss: 0.00090000     ContextsNorm: 0.00000000
Epoch: 1300      Batch:   0    Loss: 0.00110231     ContextsNorm: 0.00000000
     ### (Re)Compiling function: adapt_step_cavia ...  
        Validation Criterion: 0.00282101
        Saving best model so far ...
Epoch: 1310      Batch:   0    Loss: 0.00097974     ContextsNorm: 0.00000000
Epoch: 1320      Batch:   0    Loss: 0.00103913     ContextsNorm: 0.00000000
Epoch: 1330      Batch:   0    Loss: 0.00086749     ContextsNorm: 0.00000000
Epoch: 1340      Batch:   0    Loss: 0.00084735     ContextsNorm: 0.00000000
Epoch: 1350      Batch:   0    Loss: 0.00089206     ContextsNorm: 0.00000000
Epoch: 1360      Batch:   0    Loss: 0.00080818     ContextsNorm: 0.00000000
Epoch: 1370      Batch:   0    Loss: 0.00090980     ContextsNorm: 0.00000000
Epoch: 1380      Batch:   0    Loss: 0.00100929     ContextsNorm: 0.00000000
Epoch: 1390      Batch:   0    Loss: 0.00087294     ContextsNorm: 0.00000000
Epoch: 1400      Batch:   0    Loss: 0.00092027     ContextsNorm: 0.00000000
     ### (Re)Compiling function: adapt_step_cavia ...  
        Validation Criterion: 0.00309135
Epoch: 1410      Batch:   0    Loss: 0.00085113     ContextsNorm: 0.00000000
Epoch: 1420      Batch:   0    Loss: 0.00087541     ContextsNorm: 0.00000000
Epoch: 1430      Batch:   0    Loss: 0.00075431     ContextsNorm: 0.00000000
Epoch: 1440      Batch:   0    Loss: 0.00081752     ContextsNorm: 0.00000000
Epoch: 1450      Batch:   0    Loss: 0.00104986     ContextsNorm: 0.00000000
Epoch: 1460      Batch:   0    Loss: 0.00088279     ContextsNorm: 0.00000000
Epoch: 1470      Batch:   0    Loss: 0.00072402     ContextsNorm: 0.00000000
Epoch: 1480      Batch:   0    Loss: 0.00069456     ContextsNorm: 0.00000000
Epoch: 1490      Batch:   0    Loss: 0.00084168     ContextsNorm: 0.00000000
Epoch: 1499      Batch:   0    Loss: 0.00098114     ContextsNorm: 0.00000000
     ### (Re)Compiling function: adapt_step_cavia ...  
        Validation Criterion: 0.00358657

Total gradient descent training time: 0 hours 4 mins 26 secs
    Creating a new model with taylor order 0 ...
Using any previrouly defined optimizer for adapation


=== Beginning adaptation ... ===
    Number of environment batches: 1
    Number of envs train steps per batch: 1
    Total number of training steps: 1
     ### (Re)Compiling function: adapt_step_cavia ...  
    Batch:   0     Loss: 0.09427501        OtherNorms: [0.09427501 0.         0.        ]
Total gradient descent adaptation time: 0 hours 0 mins 0 secs
==  Meta-evaluation ... ==
    Test loss value: 2.82e-03 ± 2.35e-03
    Train loss value for criterion 0: 9.43e-02
==  Begining artefacts visualisation ... ==
    Visualized context dimensions along x: [0 0 0]
    Visualized context dimensions along y: [1 1 1]
Saving artefacts in: ./runs/240812-165820/artefacts.png
==  Begining in-domain dynamics visualisation ... ==
    Trajectory id: 0
    Visualized dimensions: (0, 1)
Testing finished. Figure saved in: ./runs/240812-165820/dynamics.png
    Creating a new model with taylor order 0 ...
Using any previrouly defined optimizer for adapation


=== Beginning adaptation ... ===
    Number of environment batches: 1
    Number of envs train steps per batch: 1
    Total number of training steps: 1
     ### (Re)Compiling function: adapt_step_cavia ...  
    Batch:   0     Loss: 0.05595230        OtherNorms: [0.0559523 0.        0.       ]
Total gradient descent adaptation time: 0 hours 0 mins 1 secs
==  Meta-evaluation ... ==
    Test loss value: 4.29e-03 ± 9.93e-04
    Train loss value for criterion 0: 5.60e-02
==  Begining artefacts visualisation ... ==
    Visualized context dimensions along x: [0 0 0]
    Visualized context dimensions along y: [1 1 1]
Saving artefacts in: ./runs/240812-165820/adapt/artefacts.png
