
############# Contextual Self-Modulation #############

Jax version: 0.4.28
Available devices: [cuda(id=0)]
New run folder created successfuly: ./runs/240819-171428/
Completed copied scripts 
    Using all environments to estimate the global training loss function ...


Total number of parameters in the model: 66703
Total number of parameters in one context: 128


=== Beginning meta training ... ===
    Number of examples in a batch: 6
    Total number of batches : 27129
    Numbers of inner steps : 5
    Training on 1 batches
/home/gb21553/miniconda3/envs/jax/lib/python3.12/multiprocessing/popen_fork.py:66: RuntimeWarning: os.fork() was called. os.fork() is incompatible with multithreaded code, and JAX is multithreaded, so this will likely lead to a deadlock.
  self.pid = os.fork()
     ### (Re)Compiling function: outer_train_step ...  
     ### (Re)Compiling function: inner_train_step ...  
Epoch:   0      Batch:   0    Loss: 0.36763263     ContextsNorm: 0.00004289
/home/gb21553/miniconda3/envs/jax/lib/python3.12/multiprocessing/popen_fork.py:66: RuntimeWarning: os.fork() was called. os.fork() is incompatible with multithreaded code, and JAX is multithreaded, so this will likely lead to a deadlock.
  self.pid = os.fork()
Epoch: 100      Batch:   0    Loss: 0.06635304     ContextsNorm: 0.00518083
Epoch: 200      Batch:   0    Loss: 0.06588103     ContextsNorm: 0.00507054
Epoch: 300      Batch:   0    Loss: 0.05861687     ContextsNorm: 0.00712061
Epoch: 400      Batch:   0    Loss: 0.05314999     ContextsNorm: 0.00640626
Epoch: 500      Batch:   0    Loss: 0.05141136     ContextsNorm: 0.00707566
Epoch: 600      Batch:   0    Loss: 0.04965957     ContextsNorm: 0.01209176
Epoch: 700      Batch:   0    Loss: 0.04989901     ContextsNorm: 0.00543010
Epoch: 800      Batch:   0    Loss: 0.04760718     ContextsNorm: 0.00603927
Epoch: 900      Batch:   0    Loss: 0.04437783     ContextsNorm: 0.00893775
Epoch: 1000      Batch:   0    Loss: 0.04099469     ContextsNorm: 0.01189346
Epoch: 1100      Batch:   0    Loss: 0.04420029     ContextsNorm: 0.00633316
Epoch: 1200      Batch:   0    Loss: 0.04110127     ContextsNorm: 0.00725775
Epoch: 1300      Batch:   0    Loss: 0.03976019     ContextsNorm: 0.00829729
Epoch: 1400      Batch:   0    Loss: 0.03863889     ContextsNorm: 0.00919324
Epoch: 1500      Batch:   0    Loss: 0.03782077     ContextsNorm: 0.01045310
Epoch: 1600      Batch:   0    Loss: 0.03668670     ContextsNorm: 0.01174233
Epoch: 1700      Batch:   0    Loss: 0.03516686     ContextsNorm: 0.01300436
Epoch: 1800      Batch:   0    Loss: 0.03355823     ContextsNorm: 0.01450178
Epoch: 1900      Batch:   0    Loss: 0.03199395     ContextsNorm: 0.01603632
Epoch: 1999      Batch:   0    Loss: 0.03002671     ContextsNorm: 0.01900574
Current unnormalised weight of the taylor expansion: 0.00000000       NormalisedWeight: 0.50000000


Total gradient descent training time: 0 hours 16 mins 11 secs
Using any previrouly defined optimizer for adapation


=== Beginning adaptation ... ===
    Number of environment batches: 3312
    Number of envs train steps per batch: 5
    Total number of training steps: 16560
    Adapting on 1 batches
     ### (Re)Compiling function: adapt_step_cavia ...  
    Batch:   0     Loss: 0.05456971        OtherNorms: [0.05456971 0.02844614 0.00850626]
Total gradient descent adaptation time: 0 hours 0 mins 1 secs
==  Meta-evaluation ... ==
    Test loss value: 5.35e-02 ± 1.94e-02
    Train loss value for criterion 0: 5.46e-02
==  Begining artefacts visualisation ... ==
    Visualized context dimensions along x: [64 80 24]
    Visualized context dimensions along y: [ 38 100  62]
Saving artefacts in: ./runs/240819-171428/artefacts.png
==  Begining in-domain CelebA visualisation ... ==
    Environment ids: range(0, 6)
     ### (Re)Compiling function: adapt_step_cavia ...  
Saving visualization in: ./runs/240819-171428/few_shots_ind.png
Using any previrouly defined optimizer for adapation


=== Beginning adaptation ... ===
    Number of environment batches: 3327
    Number of envs train steps per batch: 5
    Total number of training steps: 16635
    Adapting on 1 batches
/home/gb21553/miniconda3/envs/jax/lib/python3.12/multiprocessing/popen_fork.py:66: RuntimeWarning: os.fork() was called. os.fork() is incompatible with multithreaded code, and JAX is multithreaded, so this will likely lead to a deadlock.
  self.pid = os.fork()
     ### (Re)Compiling function: adapt_step_cavia ...  
    Batch:   0     Loss: 0.05458071        OtherNorms: [0.05458071 0.03097738 0.00850626]
Total gradient descent adaptation time: 0 hours 0 mins 1 secs
==  Meta-evaluation ... ==
    Test loss value: 5.28e-02 ± 1.93e-02
    Train loss value for criterion 0: 5.46e-02
==  Begining artefacts visualisation ... ==
    Visualized context dimensions along x: [64 80 24]
    Visualized context dimensions along y: [ 38 100  62]
No contexts found. Using zeros.
Saving artefacts in: ./runs/240819-171428/adapt/artefacts.png
==  Begining in-domain CelebA visualisation ... ==
    Environment ids: range(0, 6)
     ### (Re)Compiling function: adapt_step_cavia ...  
Saving visualization in: ./runs/240819-171428/adapt/few_shots_ood.png
