
############# Contextual Self-Modulation #############

Jax version: 0.4.28
Available devices: [cuda(id=0)]
Created a new run folder at: ./240724-090331/
Completed copied scripts 


Total number of parameters in the model: 5998
Total number of parameters in the contexts: 3492


=== Beginning meta training ... ===
    Number of examples in a batch: 9
    Total number of batches : 1
    Numbers of inner steps : 5
    Training on 1 batches
    Validating on 1 batches
     ### (Re)Compiling function: outer_train_step ...  
     ### (Re)Compiling function: inner_train_step ...  
Epoch:   0      Batch:   0    Loss: 3.16922140     ContextsNorm: 0.00194178
     ### (Re)Compiling function: adapt_step_cavia ...  
     Validation Criterion: 2.46726012
     Saving best model so far ...
Epoch: 100      Batch:   0    Loss: 0.02964425     ContextsNorm: 0.03282005
     ### (Re)Compiling function: adapt_step_cavia ...  
     Validation Criterion: 1.07227314
     Saving best model so far ...
Epoch: 200      Batch:   0    Loss: 0.00803391     ContextsNorm: 0.01999540
     ### (Re)Compiling function: adapt_step_cavia ...  
     Validation Criterion: 0.49713451
     Saving best model so far ...
Epoch: 300      Batch:   0    Loss: 0.00431097     ContextsNorm: 0.01591309
     ### (Re)Compiling function: adapt_step_cavia ...  
     Validation Criterion: 0.32435051
     Saving best model so far ...
Epoch: 400      Batch:   0    Loss: 0.00254879     ContextsNorm: 0.02080769
     ### (Re)Compiling function: adapt_step_cavia ...  
     Validation Criterion: 0.37739044
Epoch: 500      Batch:   0    Loss: 0.00199737     ContextsNorm: 0.01973397
     ### (Re)Compiling function: adapt_step_cavia ...  
     Validation Criterion: 0.40202245
Epoch: 600      Batch:   0    Loss: 0.00188108     ContextsNorm: 0.01854373
     ### (Re)Compiling function: adapt_step_cavia ...  
     Validation Criterion: 0.41507488
Epoch: 700      Batch:   0    Loss: 0.00149028     ContextsNorm: 0.01799983
     ### (Re)Compiling function: adapt_step_cavia ...  
     Validation Criterion: 0.40403935
Epoch: 800      Batch:   0    Loss: 0.00131191     ContextsNorm: 0.01690594
     ### (Re)Compiling function: adapt_step_cavia ...  
     Validation Criterion: 0.39133251
Epoch: 900      Batch:   0    Loss: 0.00103523     ContextsNorm: 0.01604352
     ### (Re)Compiling function: adapt_step_cavia ...  
     Validation Criterion: 0.34167510
Epoch: 1000      Batch:   0    Loss: 0.00101215     ContextsNorm: 0.01568353
     ### (Re)Compiling function: adapt_step_cavia ...  
     Validation Criterion: 0.32564959
Epoch: 1100      Batch:   0    Loss: 0.00067791     ContextsNorm: 0.01395152
     ### (Re)Compiling function: adapt_step_cavia ...  
     Validation Criterion: 0.27072117
     Saving best model so far ...
Epoch: 1200      Batch:   0    Loss: 0.00061213     ContextsNorm: 0.01446384
     ### (Re)Compiling function: adapt_step_cavia ...  
     Validation Criterion: 0.26910362
     Saving best model so far ...
Epoch: 1300      Batch:   0    Loss: 0.00043526     ContextsNorm: 0.01422469
     ### (Re)Compiling function: adapt_step_cavia ...  
     Validation Criterion: 0.24525015
     Saving best model so far ...
Epoch: 1400      Batch:   0    Loss: 0.00030651     ContextsNorm: 0.01337530
     ### (Re)Compiling function: adapt_step_cavia ...  
     Validation Criterion: 0.22357202
     Saving best model so far ...
Epoch: 1500      Batch:   0    Loss: 0.00024469     ContextsNorm: 0.01317981
     ### (Re)Compiling function: adapt_step_cavia ...  
     Validation Criterion: 0.21485546
     Saving best model so far ...
Epoch: 1600      Batch:   0    Loss: 0.00023809     ContextsNorm: 0.01302399
     ### (Re)Compiling function: adapt_step_cavia ...  
     Validation Criterion: 0.20992044
     Saving best model so far ...
Epoch: 1700      Batch:   0    Loss: 0.00022342     ContextsNorm: 0.01299899
     ### (Re)Compiling function: adapt_step_cavia ...  
     Validation Criterion: 0.20271520
     Saving best model so far ...
Epoch: 1800      Batch:   0    Loss: 0.00015901     ContextsNorm: 0.01272504
     ### (Re)Compiling function: adapt_step_cavia ...  
     Validation Criterion: 0.19847567
     Saving best model so far ...
Epoch: 1900      Batch:   0    Loss: 0.00012511     ContextsNorm: 0.01282406
     ### (Re)Compiling function: adapt_step_cavia ...  
     Validation Criterion: 0.19949034
Epoch: 2000      Batch:   0    Loss: 0.00013077     ContextsNorm: 0.01272660
     ### (Re)Compiling function: adapt_step_cavia ...  
     Validation Criterion: 0.20058981
Epoch: 2100      Batch:   0    Loss: 0.00010183     ContextsNorm: 0.01265691
     ### (Re)Compiling function: adapt_step_cavia ...  
     Validation Criterion: 0.19822346
     Saving best model so far ...
Epoch: 2200      Batch:   0    Loss: 0.00013571     ContextsNorm: 0.01262212
     ### (Re)Compiling function: adapt_step_cavia ...  
     Validation Criterion: 0.19731893
     Saving best model so far ...
Epoch: 2300      Batch:   0    Loss: 0.00015274     ContextsNorm: 0.01222918
     ### (Re)Compiling function: adapt_step_cavia ...  
     Validation Criterion: 0.19201547
     Saving best model so far ...
Epoch: 2400      Batch:   0    Loss: 0.00008346     ContextsNorm: 0.01250048
     ### (Re)Compiling function: adapt_step_cavia ...  
     Validation Criterion: 0.19815464
Epoch: 2500      Batch:   0    Loss: 0.00008272     ContextsNorm: 0.01245752
     ### (Re)Compiling function: adapt_step_cavia ...  
     Validation Criterion: 0.20142610
Epoch: 2600      Batch:   0    Loss: 0.00006711     ContextsNorm: 0.01247323
     ### (Re)Compiling function: adapt_step_cavia ...  
     Validation Criterion: 0.20273112
Epoch: 2700      Batch:   0    Loss: 0.00007804     ContextsNorm: 0.01243737
     ### (Re)Compiling function: adapt_step_cavia ...  
     Validation Criterion: 0.20533362
Epoch: 2800      Batch:   0    Loss: 0.00005817     ContextsNorm: 0.01237069
     ### (Re)Compiling function: adapt_step_cavia ...  
     Validation Criterion: 0.20489371
Epoch: 2900      Batch:   0    Loss: 0.00016616     ContextsNorm: 0.01235175
     ### (Re)Compiling function: adapt_step_cavia ...  
     Validation Criterion: 0.20720211
Epoch: 3000      Batch:   0    Loss: 0.00006457     ContextsNorm: 0.01219951
     ### (Re)Compiling function: adapt_step_cavia ...  
     Validation Criterion: 0.20722866
Epoch: 3100      Batch:   0    Loss: 0.00005603     ContextsNorm: 0.01202571
     ### (Re)Compiling function: adapt_step_cavia ...  
     Validation Criterion: 0.20367384
Epoch: 3200      Batch:   0    Loss: 0.00045863     ContextsNorm: 0.01195902
     ### (Re)Compiling function: adapt_step_cavia ...  
     Validation Criterion: 0.20249222
Epoch: 3300      Batch:   0    Loss: 0.00004020     ContextsNorm: 0.01165840
     ### (Re)Compiling function: adapt_step_cavia ...  
     Validation Criterion: 0.19936399
Epoch: 3400      Batch:   0    Loss: 0.00006900     ContextsNorm: 0.01158310
     ### (Re)Compiling function: adapt_step_cavia ...  
     Validation Criterion: 0.19816177
Epoch: 3500      Batch:   0    Loss: 0.00004234     ContextsNorm: 0.01143201
     ### (Re)Compiling function: adapt_step_cavia ...  
     Validation Criterion: 0.19568694
Epoch: 3600      Batch:   0    Loss: 0.00004466     ContextsNorm: 0.01126361
     ### (Re)Compiling function: adapt_step_cavia ...  
     Validation Criterion: 0.19154862
     Saving best model so far ...
Epoch: 3700      Batch:   0    Loss: 0.00004172     ContextsNorm: 0.01113219
     ### (Re)Compiling function: adapt_step_cavia ...  
     Validation Criterion: 0.18701877
     Saving best model so far ...
Epoch: 3800      Batch:   0    Loss: 0.00005597     ContextsNorm: 0.01119898
     ### (Re)Compiling function: adapt_step_cavia ...  
     Validation Criterion: 0.18726814
Epoch: 3900      Batch:   0    Loss: 0.00002957     ContextsNorm: 0.01097396
     ### (Re)Compiling function: adapt_step_cavia ...  
     Validation Criterion: 0.18408303
     Saving best model so far ...
Epoch: 4000      Batch:   0    Loss: 0.00011007     ContextsNorm: 0.01086843
     ### (Re)Compiling function: adapt_step_cavia ...  
     Validation Criterion: 0.17862836
     Saving best model so far ...
Epoch: 4100      Batch:   0    Loss: 0.00004477     ContextsNorm: 0.01074159
     ### (Re)Compiling function: adapt_step_cavia ...  
     Validation Criterion: 0.17887174
Epoch: 4200      Batch:   0    Loss: 0.00006643     ContextsNorm: 0.01074394
     ### (Re)Compiling function: adapt_step_cavia ...  
     Validation Criterion: 0.17573909
     Saving best model so far ...
Epoch: 4300      Batch:   0    Loss: 0.00003014     ContextsNorm: 0.01043507
     ### (Re)Compiling function: adapt_step_cavia ...  
     Validation Criterion: 0.17116803
     Saving best model so far ...
Epoch: 4400      Batch:   0    Loss: 0.00003379     ContextsNorm: 0.01041023
     ### (Re)Compiling function: adapt_step_cavia ...  
     Validation Criterion: 0.16956387
     Saving best model so far ...
Epoch: 4500      Batch:   0    Loss: 0.00004055     ContextsNorm: 0.01039611
     ### (Re)Compiling function: adapt_step_cavia ...  
     Validation Criterion: 0.16663878
     Saving best model so far ...
Epoch: 4600      Batch:   0    Loss: 0.00008058     ContextsNorm: 0.01023301
     ### (Re)Compiling function: adapt_step_cavia ...  
     Validation Criterion: 0.16485219
     Saving best model so far ...
Epoch: 4700      Batch:   0    Loss: 0.00002148     ContextsNorm: 0.01013674
     ### (Re)Compiling function: adapt_step_cavia ...  
     Validation Criterion: 0.15904240
     Saving best model so far ...
Epoch: 4800      Batch:   0    Loss: 0.00002097     ContextsNorm: 0.00995151
     ### (Re)Compiling function: adapt_step_cavia ...  
     Validation Criterion: 0.15388869
     Saving best model so far ...
Epoch: 4900      Batch:   0    Loss: 0.00002110     ContextsNorm: 0.00983518
     ### (Re)Compiling function: adapt_step_cavia ...  
     Validation Criterion: 0.14994149
     Saving best model so far ...
Epoch: 4999      Batch:   0    Loss: 0.00007624     ContextsNorm: 0.00966748

Total gradient descent training time: 0 hours 16 mins 39 secs
Using any previrouly defined optimizer for adapation


=== Beginning adaptation ... ===
    Number of environment batches: 1
    Number of envs train steps per batch: 5
    Total number of training steps: 5
     ### (Re)Compiling function: adapt_step_cavia ...  
    Batch:   0     Loss: 0.00025423        OtherNorms: [0.00025423 0.01295019 0.        ]
Total gradient descent adaptation time: 0 hours 0 mins 1 secs
==  Testing finished ... ==
    Criterion loss value: 0.14994149
==  Begining artefacts visualisation ... ==
    Visualized context dimensions along x: [8 8 9]
    Visualized context dimensions along y: [ 2 11  8]
Saving artefacts in: ./240724-090331/artefacts.png
==  Begining in-domain dynamics visualisation ... ==
    Trajectory id: 0
    Visualized dimensions: (0, 1)
Testing finished. Figure saved in: ./240724-090331/dynamics.png
Using any previrouly defined optimizer for adapation


=== Beginning adaptation ... ===
    Number of environment batches: 1
    Number of envs train steps per batch: 5
    Total number of training steps: 5
     ### (Re)Compiling function: adapt_step_cavia ...  
    Batch:   0     Loss: 0.00043755        OtherNorms: [0.00043755 0.01217971 0.        ]
Total gradient descent adaptation time: 0 hours 0 mins 1 secs
==  Testing finished ... ==
    Criterion loss value: 0.11577063
==  Begining artefacts visualisation ... ==
    Visualized context dimensions along x: [8 8 9]
    Visualized context dimensions along y: [ 2 11  8]
Saving artefacts in: ./240724-090331/adapt/artefacts.png
