
############# Contextual Self-Modulation #############

Jax version: 0.4.28
Available devices: [cuda(id=0)]
New run folder created successfuly: ./runs/240816-182136/
Completed copied scripts 


Total number of parameters in the model: 66703
Total number of parameters in one context: 128


=== Beginning meta training ... ===
    Number of examples in a batch: 1024
    Total number of batches : 159
    Numbers of inner steps : 5
    Training on 1 batches
/home/gb21553/miniconda3/envs/jax/lib/python3.12/multiprocessing/popen_fork.py:66: RuntimeWarning: os.fork() was called. os.fork() is incompatible with multithreaded code, and JAX is multithreaded, so this will likely lead to a deadlock.
  self.pid = os.fork()
     ### (Re)Compiling function: outer_train_step ...  
     ### (Re)Compiling function: inner_train_step ...  
Epoch:   0      Batch:   0    Loss: 0.30093884     ContextsNorm: 0.00001862
/home/gb21553/miniconda3/envs/jax/lib/python3.12/multiprocessing/popen_fork.py:66: RuntimeWarning: os.fork() was called. os.fork() is incompatible with multithreaded code, and JAX is multithreaded, so this will likely lead to a deadlock.
  self.pid = os.fork()
Epoch: 100      Batch:   0    Loss: 0.06457423     ContextsNorm: 0.00472987
Epoch: 200      Batch:   0    Loss: 0.06161258     ContextsNorm: 0.00481298
Epoch: 300      Batch:   0    Loss: 0.06012641     ContextsNorm: 0.00481103
Epoch: 400      Batch:   0    Loss: 0.05777701     ContextsNorm: 0.00467622
Epoch: 500      Batch:   0    Loss: 0.05840745     ContextsNorm: 0.00460288
Epoch: 600      Batch:   0    Loss: 0.05857556     ContextsNorm: 0.00436480
Epoch: 700      Batch:   0    Loss: 0.05368258     ContextsNorm: 0.00497196
Epoch: 800      Batch:   0    Loss: 0.05190761     ContextsNorm: 0.00578224
Epoch: 900      Batch:   0    Loss: 0.04470675     ContextsNorm: 0.00794488
Epoch: 1000      Batch:   0    Loss: 0.03802238     ContextsNorm: 0.00893393
Epoch: 1100      Batch:   0    Loss: 0.03297003     ContextsNorm: 0.00986080
Epoch: 1200      Batch:   0    Loss: 0.03060388     ContextsNorm: 0.00650403
Epoch: 1300      Batch:   0    Loss: 0.02881973     ContextsNorm: 0.00768813
Epoch: 1400      Batch:   0    Loss: 0.02536038     ContextsNorm: 0.00776753
Epoch: 1500      Batch:   0    Loss: 0.02386220     ContextsNorm: 0.00739505
Epoch: 1600      Batch:   0    Loss: 0.02291140     ContextsNorm: 0.00833612
Epoch: 1700      Batch:   0    Loss: 0.02266227     ContextsNorm: 0.00894548
Epoch: 1800      Batch:   0    Loss: 0.02137008     ContextsNorm: 0.00866778
Epoch: 1900      Batch:   0    Loss: 0.02158694     ContextsNorm: 0.00849279
Epoch: 2000      Batch:   0    Loss: 0.02027339     ContextsNorm: 0.00935876
Epoch: 2100      Batch:   0    Loss: 0.02001162     ContextsNorm: 0.00888644
Epoch: 2200      Batch:   0    Loss: 0.01962477     ContextsNorm: 0.00906706
Epoch: 2300      Batch:   0    Loss: 0.01900163     ContextsNorm: 0.00907962
Epoch: 2400      Batch:   0    Loss: 0.01892956     ContextsNorm: 0.00912644
Epoch: 2500      Batch:   0    Loss: 0.01857846     ContextsNorm: 0.00939038
Epoch: 2600      Batch:   0    Loss: 0.01749380     ContextsNorm: 0.00911378
Epoch: 2700      Batch:   0    Loss: 0.01792666     ContextsNorm: 0.00903608
Epoch: 2800      Batch:   0    Loss: 0.01722387     ContextsNorm: 0.00903529
Epoch: 2900      Batch:   0    Loss: 0.01666914     ContextsNorm: 0.00903041
Epoch: 3000      Batch:   0    Loss: 0.01660198     ContextsNorm: 0.00899851
Epoch: 3100      Batch:   0    Loss: 0.01652803     ContextsNorm: 0.00909166
Epoch: 3200      Batch:   0    Loss: 0.01631703     ContextsNorm: 0.00910196
Epoch: 3300      Batch:   0    Loss: 0.01630859     ContextsNorm: 0.00899443
Epoch: 3400      Batch:   0    Loss: 0.01605535     ContextsNorm: 0.00914249
Epoch: 3500      Batch:   0    Loss: 0.01573987     ContextsNorm: 0.00932014
Epoch: 3600      Batch:   0    Loss: 0.01555246     ContextsNorm: 0.00933049
Epoch: 3700      Batch:   0    Loss: 0.01540927     ContextsNorm: 0.00889121
Epoch: 3800      Batch:   0    Loss: 0.01480163     ContextsNorm: 0.00907433
Epoch: 3900      Batch:   0    Loss: 0.01486520     ContextsNorm: 0.00908194
Epoch: 4000      Batch:   0    Loss: 0.01469982     ContextsNorm: 0.00905935
Epoch: 4100      Batch:   0    Loss: 0.01403360     ContextsNorm: 0.00892087
Epoch: 4200      Batch:   0    Loss: 0.01485763     ContextsNorm: 0.00739232
Epoch: 4300      Batch:   0    Loss: 0.01443155     ContextsNorm: 0.00901016
Epoch: 4400      Batch:   0    Loss: 0.01406316     ContextsNorm: 0.00926687
Epoch: 4500      Batch:   0    Loss: 0.01394365     ContextsNorm: 0.00919187
Epoch: 4600      Batch:   0    Loss: 0.01382914     ContextsNorm: 0.00931805
Epoch: 4700      Batch:   0    Loss: 0.01369128     ContextsNorm: 0.00912919
Epoch: 4800      Batch:   0    Loss: 0.01354809     ContextsNorm: 0.00894551
Epoch: 4900      Batch:   0    Loss: 0.01302486     ContextsNorm: 0.00907073
Epoch: 5000      Batch:   0    Loss: 0.01321789     ContextsNorm: 0.00893071
Epoch: 5100      Batch:   0    Loss: 0.01316305     ContextsNorm: 0.00866349
Epoch: 5200      Batch:   0    Loss: 0.01291543     ContextsNorm: 0.00888257
Epoch: 5300      Batch:   0    Loss: 0.01276227     ContextsNorm: 0.00877642
Epoch: 5400      Batch:   0    Loss: 0.01268352     ContextsNorm: 0.00877246
Epoch: 5500      Batch:   0    Loss: 0.01260686     ContextsNorm: 0.00888292
Epoch: 5600      Batch:   0    Loss: 0.01234262     ContextsNorm: 0.00888613
Epoch: 5700      Batch:   0    Loss: 0.01231392     ContextsNorm: 0.00883625
Epoch: 5800      Batch:   0    Loss: 0.01210634     ContextsNorm: 0.00893971
Epoch: 5900      Batch:   0    Loss: 0.01204689     ContextsNorm: 0.00880840
Epoch: 6000      Batch:   0    Loss: 0.01173864     ContextsNorm: 0.00888993
Epoch: 6100      Batch:   0    Loss: 0.01220326     ContextsNorm: 0.00874791
Epoch: 6200      Batch:   0    Loss: 0.01149272     ContextsNorm: 0.00868853
Epoch: 6300      Batch:   0    Loss: 0.01166848     ContextsNorm: 0.00879907
Epoch: 6400      Batch:   0    Loss: 0.01136120     ContextsNorm: 0.00851467
Epoch: 6500      Batch:   0    Loss: 0.01144533     ContextsNorm: 0.00873970
Epoch: 6600      Batch:   0    Loss: 0.01101475     ContextsNorm: 0.00863332
Epoch: 6700      Batch:   0    Loss: 0.01106177     ContextsNorm: 0.00867700
Epoch: 6800      Batch:   0    Loss: 0.01096069     ContextsNorm: 0.00853094
Epoch: 6900      Batch:   0    Loss: 0.01087900     ContextsNorm: 0.00864339
Epoch: 7000      Batch:   0    Loss: 0.01042075     ContextsNorm: 0.00860290
Epoch: 7100      Batch:   0    Loss: 0.01058109     ContextsNorm: 0.00860795
Epoch: 7200      Batch:   0    Loss: 0.01041260     ContextsNorm: 0.00850806
Epoch: 7300      Batch:   0    Loss: 0.01033356     ContextsNorm: 0.00880079
Epoch: 7400      Batch:   0    Loss: 0.01051649     ContextsNorm: 0.00866906
Epoch: 7500      Batch:   0    Loss: 0.01018643     ContextsNorm: 0.00867147
Epoch: 7600      Batch:   0    Loss: 0.01006149     ContextsNorm: 0.00886787
Epoch: 7700      Batch:   0    Loss: 0.00983000     ContextsNorm: 0.00881904
Epoch: 7800      Batch:   0    Loss: 0.00994799     ContextsNorm: 0.00894504
Epoch: 7900      Batch:   0    Loss: 0.00981262     ContextsNorm: 0.00890166
Epoch: 8000      Batch:   0    Loss: 0.00933661     ContextsNorm: 0.00903041
Epoch: 8100      Batch:   0    Loss: 0.00937333     ContextsNorm: 0.00877977
Epoch: 8200      Batch:   0    Loss: 0.00953605     ContextsNorm: 0.00890936
Epoch: 8300      Batch:   0    Loss: 0.00946854     ContextsNorm: 0.00897694
Epoch: 8400      Batch:   0    Loss: 0.00896643     ContextsNorm: 0.00881644
Epoch: 8500      Batch:   0    Loss: 0.00918569     ContextsNorm: 0.00890090
Epoch: 8600      Batch:   0    Loss: 0.00915226     ContextsNorm: 0.00888471
Epoch: 8700      Batch:   0    Loss: 0.00901605     ContextsNorm: 0.00905919
Epoch: 8800      Batch:   0    Loss: 0.00867533     ContextsNorm: 0.00895468
Epoch: 8900      Batch:   0    Loss: 0.00891234     ContextsNorm: 0.00893361
Epoch: 9000      Batch:   0    Loss: 0.00858171     ContextsNorm: 0.00902517
Epoch: 9100      Batch:   0    Loss: 0.00854006     ContextsNorm: 0.00912046
Epoch: 9200      Batch:   0    Loss: 0.00862458     ContextsNorm: 0.00893631
Epoch: 9300      Batch:   0    Loss: 0.00875992     ContextsNorm: 0.00916126
Epoch: 9400      Batch:   0    Loss: 0.00822856     ContextsNorm: 0.00917294
Epoch: 9500      Batch:   0    Loss: 0.00854038     ContextsNorm: 0.00921757
Epoch: 9600      Batch:   0    Loss: 0.00823853     ContextsNorm: 0.00929296
Epoch: 9700      Batch:   0    Loss: 0.00815042     ContextsNorm: 0.00924387
Epoch: 9800      Batch:   0    Loss: 0.00834619     ContextsNorm: 0.00938125
Epoch: 9900      Batch:   0    Loss: 0.00808228     ContextsNorm: 0.00921611
Epoch: 10000      Batch:   0    Loss: 0.00814692     ContextsNorm: 0.00938508
Epoch: 10100      Batch:   0    Loss: 0.00792671     ContextsNorm: 0.00922943
Epoch: 10200      Batch:   0    Loss: 0.01034652     ContextsNorm: 0.00688569
Epoch: 10300      Batch:   0    Loss: 0.00924257     ContextsNorm: 0.00766947
Epoch: 10400      Batch:   0    Loss: 0.00877369     ContextsNorm: 0.00873275
Epoch: 10500      Batch:   0    Loss: 0.00854459     ContextsNorm: 0.00884544
Epoch: 10600      Batch:   0    Loss: 0.00826031     ContextsNorm: 0.00895402
Epoch: 10700      Batch:   0    Loss: 0.00825986     ContextsNorm: 0.00904431
Epoch: 10800      Batch:   0    Loss: 0.00817567     ContextsNorm: 0.00897022
Epoch: 10900      Batch:   0    Loss: 0.00821849     ContextsNorm: 0.00914060
Epoch: 11000      Batch:   0    Loss: 0.00814368     ContextsNorm: 0.00915871
Epoch: 11100      Batch:   0    Loss: 0.00777221     ContextsNorm: 0.00923327
Epoch: 11200      Batch:   0    Loss: 0.00766551     ContextsNorm: 0.00915346
Epoch: 11300      Batch:   0    Loss: 0.00782490     ContextsNorm: 0.00919447
Epoch: 11400      Batch:   0    Loss: 0.00753898     ContextsNorm: 0.00912340
Epoch: 11500      Batch:   0    Loss: 0.00749665     ContextsNorm: 0.00920521
Epoch: 11600      Batch:   0    Loss: 0.00761767     ContextsNorm: 0.00929235
Epoch: 11700      Batch:   0    Loss: 0.00758364     ContextsNorm: 0.00919116
Epoch: 11800      Batch:   0    Loss: 0.00758152     ContextsNorm: 0.00937005
Epoch: 11900      Batch:   0    Loss: 0.00729858     ContextsNorm: 0.00932493
Epoch: 12000      Batch:   0    Loss: 0.00755578     ContextsNorm: 0.00928607
Epoch: 12100      Batch:   0    Loss: 0.00744521     ContextsNorm: 0.00944885
Epoch: 12200      Batch:   0    Loss: 0.00723395     ContextsNorm: 0.00951840
Epoch: 12300      Batch:   0    Loss: 0.00734893     ContextsNorm: 0.00948142
Epoch: 12400      Batch:   0    Loss: 0.00718115     ContextsNorm: 0.00947583
Epoch: 12500      Batch:   0    Loss: 0.00703374     ContextsNorm: 0.00963894
Epoch: 12600      Batch:   0    Loss: 0.00709360     ContextsNorm: 0.00963192
Epoch: 12700      Batch:   0    Loss: 0.00719381     ContextsNorm: 0.00952936
Epoch: 12800      Batch:   0    Loss: 0.00710223     ContextsNorm: 0.00963763
Epoch: 12900      Batch:   0    Loss: 0.00696895     ContextsNorm: 0.00943770
Epoch: 13000      Batch:   0    Loss: 0.00706663     ContextsNorm: 0.00967150
Epoch: 13100      Batch:   0    Loss: 0.00713015     ContextsNorm: 0.00965908
Epoch: 13200      Batch:   0    Loss: 0.00691717     ContextsNorm: 0.00972821
Epoch: 13300      Batch:   0    Loss: 0.00667895     ContextsNorm: 0.00946396
Epoch: 13400      Batch:   0    Loss: 0.00662940     ContextsNorm: 0.00974176
Epoch: 13500      Batch:   0    Loss: 0.00686998     ContextsNorm: 0.00976952
Epoch: 13600      Batch:   0    Loss: 0.00684600     ContextsNorm: 0.00986675
Epoch: 13700      Batch:   0    Loss: 0.00649990     ContextsNorm: 0.00980146
Epoch: 13800      Batch:   0    Loss: 0.00674255     ContextsNorm: 0.00976594
Epoch: 13900      Batch:   0    Loss: 0.00661473     ContextsNorm: 0.00973093
Epoch: 14000      Batch:   0    Loss: 0.00667302     ContextsNorm: 0.00978670
Epoch: 14100      Batch:   0    Loss: 0.00680886     ContextsNorm: 0.00983981
Epoch: 14200      Batch:   0    Loss: 0.00671712     ContextsNorm: 0.00978359
Epoch: 14300      Batch:   0    Loss: 0.00644239     ContextsNorm: 0.00978183
Epoch: 14400      Batch:   0    Loss: 0.00629458     ContextsNorm: 0.00977607
Epoch: 14500      Batch:   0    Loss: 0.00650320     ContextsNorm: 0.00983738
Epoch: 14600      Batch:   0    Loss: 0.00647014     ContextsNorm: 0.00974877
Epoch: 14700      Batch:   0    Loss: 0.00653338     ContextsNorm: 0.00978019
Epoch: 14800      Batch:   0    Loss: 0.00640995     ContextsNorm: 0.00983150
Epoch: 14900      Batch:   0    Loss: 0.00640006     ContextsNorm: 0.00969728
Epoch: 15000      Batch:   0    Loss: 0.00621580     ContextsNorm: 0.00991037
Epoch: 15100      Batch:   0    Loss: 0.00618608     ContextsNorm: 0.00973705
Epoch: 15200      Batch:   0    Loss: 0.00639879     ContextsNorm: 0.00980926
Epoch: 15300      Batch:   0    Loss: 0.00611308     ContextsNorm: 0.00975082
Epoch: 15400      Batch:   0    Loss: 0.00607219     ContextsNorm: 0.00951873
Epoch: 15500      Batch:   0    Loss: 0.00625950     ContextsNorm: 0.00974063
Epoch: 15600      Batch:   0    Loss: 0.00595329     ContextsNorm: 0.00978019
Epoch: 15700      Batch:   0    Loss: 0.00600606     ContextsNorm: 0.00967806
Epoch: 15800      Batch:   0    Loss: 0.00611457     ContextsNorm: 0.01001732
Epoch: 15900      Batch:   0    Loss: 0.00607188     ContextsNorm: 0.00985101
Epoch: 16000      Batch:   0    Loss: 0.00592667     ContextsNorm: 0.00989711
Epoch: 16100      Batch:   0    Loss: 0.00588045     ContextsNorm: 0.00974458
Epoch: 16200      Batch:   0    Loss: 0.00587333     ContextsNorm: 0.00994608
Epoch: 16300      Batch:   0    Loss: 0.00601348     ContextsNorm: 0.00983768
Epoch: 16400      Batch:   0    Loss: 0.00571210     ContextsNorm: 0.00979547
Epoch: 16500      Batch:   0    Loss: 0.00576518     ContextsNorm: 0.00989161
Epoch: 16600      Batch:   0    Loss: 0.00574749     ContextsNorm: 0.00994932
Epoch: 16700      Batch:   0    Loss: 0.00575539     ContextsNorm: 0.00984288
Epoch: 16800      Batch:   0    Loss: 0.00580090     ContextsNorm: 0.00994279
Epoch: 16900      Batch:   0    Loss: 0.00576391     ContextsNorm: 0.00994548
Epoch: 17000      Batch:   0    Loss: 0.00555091     ContextsNorm: 0.00994780
Epoch: 17100      Batch:   0    Loss: 0.00564016     ContextsNorm: 0.01005712
Epoch: 17200      Batch:   0    Loss: 0.00574466     ContextsNorm: 0.00990399
Epoch: 17300      Batch:   0    Loss: 0.00555940     ContextsNorm: 0.01001165
Epoch: 17400      Batch:   0    Loss: 0.00531110     ContextsNorm: 0.00992455
Epoch: 17500      Batch:   0    Loss: 0.00550695     ContextsNorm: 0.00998693
Epoch: 17600      Batch:   0    Loss: 0.00539821     ContextsNorm: 0.01001032
Epoch: 17700      Batch:   0    Loss: 0.00547385     ContextsNorm: 0.01006765
Epoch: 17800      Batch:   0    Loss: 0.00553447     ContextsNorm: 0.00994404
Epoch: 17900      Batch:   0    Loss: 0.00542186     ContextsNorm: 0.01003970
Epoch: 18000      Batch:   0    Loss: 0.00564053     ContextsNorm: 0.01000728
Epoch: 18100      Batch:   0    Loss: 0.00542264     ContextsNorm: 0.00981300
Epoch: 18200      Batch:   0    Loss: 0.00525098     ContextsNorm: 0.00985299
Epoch: 18300      Batch:   0    Loss: 0.00528043     ContextsNorm: 0.00991355
Epoch: 18400      Batch:   0    Loss: 0.00524746     ContextsNorm: 0.01000323
Epoch: 18500      Batch:   0    Loss: 0.00518362     ContextsNorm: 0.00998633
Epoch: 18600      Batch:   0    Loss: 0.00522058     ContextsNorm: 0.00982407
Epoch: 18700      Batch:   0    Loss: 0.00531923     ContextsNorm: 0.00992828
Epoch: 18800      Batch:   0    Loss: 0.00517282     ContextsNorm: 0.00993367
Epoch: 18900      Batch:   0    Loss: 0.00525659     ContextsNorm: 0.00988924
Epoch: 19000      Batch:   0    Loss: 0.00518168     ContextsNorm: 0.01002947
Epoch: 19100      Batch:   0    Loss: 0.00510919     ContextsNorm: 0.00993821
Epoch: 19200      Batch:   0    Loss: 0.00513676     ContextsNorm: 0.00986441
Epoch: 19300      Batch:   0    Loss: 0.00502064     ContextsNorm: 0.00980170
Epoch: 19400      Batch:   0    Loss: 0.00491715     ContextsNorm: 0.00984337
Epoch: 19500      Batch:   0    Loss: 0.00517152     ContextsNorm: 0.00986570
Epoch: 19600      Batch:   0    Loss: 0.00491815     ContextsNorm: 0.00987431
Epoch: 19700      Batch:   0    Loss: 0.00503019     ContextsNorm: 0.00988690
Epoch: 19800      Batch:   0    Loss: 0.00491732     ContextsNorm: 0.00982420
Epoch: 19900      Batch:   0    Loss: 0.00493944     ContextsNorm: 0.00986374
Epoch: 20000      Batch:   0    Loss: 0.00499810     ContextsNorm: 0.00973799
Epoch: 20100      Batch:   0    Loss: 0.00482699     ContextsNorm: 0.00967844
Epoch: 20200      Batch:   0    Loss: 0.00484902     ContextsNorm: 0.00963124
Epoch: 20300      Batch:   0    Loss: 0.00477177     ContextsNorm: 0.00971754
Epoch: 20400      Batch:   0    Loss: 0.00475633     ContextsNorm: 0.00973731
Epoch: 20500      Batch:   0    Loss: 0.00472395     ContextsNorm: 0.00970714
Epoch: 20600      Batch:   0    Loss: 0.00473159     ContextsNorm: 0.00960740
Epoch: 20700      Batch:   0    Loss: 0.00471885     ContextsNorm: 0.00981218
Epoch: 20800      Batch:   0    Loss: 0.00471384     ContextsNorm: 0.00979835
Epoch: 20900      Batch:   0    Loss: 0.00483778     ContextsNorm: 0.00972639
Epoch: 21000      Batch:   0    Loss: 0.00467964     ContextsNorm: 0.00979667
Epoch: 21100      Batch:   0    Loss: 0.00469016     ContextsNorm: 0.00984799
Epoch: 21200      Batch:   0    Loss: 0.00467622     ContextsNorm: 0.00952870
Epoch: 21300      Batch:   0    Loss: 0.00475424     ContextsNorm: 0.00965729
Epoch: 21400      Batch:   0    Loss: 0.00463797     ContextsNorm: 0.00958294
Epoch: 21500      Batch:   0    Loss: 0.00455523     ContextsNorm: 0.00964973
Epoch: 21600      Batch:   0    Loss: 0.00461552     ContextsNorm: 0.00969454
Epoch: 21700      Batch:   0    Loss: 0.00472954     ContextsNorm: 0.00973134
Epoch: 21800      Batch:   0    Loss: 0.00442032     ContextsNorm: 0.00963876
Epoch: 21900      Batch:   0    Loss: 0.00455444     ContextsNorm: 0.00965159
Epoch: 22000      Batch:   0    Loss: 0.00470620     ContextsNorm: 0.00967062
Epoch: 22100      Batch:   0    Loss: 0.00449310     ContextsNorm: 0.00969918
Epoch: 22200      Batch:   0    Loss: 0.00442189     ContextsNorm: 0.00975245
Epoch: 22300      Batch:   0    Loss: 0.00454910     ContextsNorm: 0.00962606
Epoch: 22400      Batch:   0    Loss: 0.00450773     ContextsNorm: 0.00967871
Epoch: 22500      Batch:   0    Loss: 0.00442290     ContextsNorm: 0.00966380
Epoch: 22600      Batch:   0    Loss: 0.00452638     ContextsNorm: 0.00962944
Epoch: 22700      Batch:   0    Loss: 0.00442069     ContextsNorm: 0.00969811
Epoch: 22800      Batch:   0    Loss: 0.00439417     ContextsNorm: 0.00957836
Epoch: 22900      Batch:   0    Loss: 0.00439734     ContextsNorm: 0.00969661
Epoch: 23000      Batch:   0    Loss: 0.00441466     ContextsNorm: 0.00955948
Epoch: 23100      Batch:   0    Loss: 0.00422628     ContextsNorm: 0.00958354
Epoch: 23200      Batch:   0    Loss: 0.00457430     ContextsNorm: 0.00955260
Epoch: 23300      Batch:   0    Loss: 0.00430113     ContextsNorm: 0.00964787
Epoch: 23400      Batch:   0    Loss: 0.00432785     ContextsNorm: 0.00964252
Epoch: 23500      Batch:   0    Loss: 0.00422372     ContextsNorm: 0.00969410
Epoch: 23600      Batch:   0    Loss: 0.00448236     ContextsNorm: 0.00968479
Epoch: 23700      Batch:   0    Loss: 0.00436223     ContextsNorm: 0.00955843
Epoch: 23800      Batch:   0    Loss: 0.00422716     ContextsNorm: 0.00972982
Epoch: 23900      Batch:   0    Loss: 0.00419614     ContextsNorm: 0.00980184
Epoch: 24000      Batch:   0    Loss: 0.00434763     ContextsNorm: 0.00955589
Epoch: 24100      Batch:   0    Loss: 0.00421240     ContextsNorm: 0.00967560
Epoch: 24200      Batch:   0    Loss: 0.00411249     ContextsNorm: 0.00955453
Epoch: 24300      Batch:   0    Loss: 0.00441270     ContextsNorm: 0.00956736
Epoch: 24400      Batch:   0    Loss: 0.00418616     ContextsNorm: 0.00957207
Epoch: 24500      Batch:   0    Loss: 0.00411239     ContextsNorm: 0.00970310
Epoch: 24600      Batch:   0    Loss: 0.00406528     ContextsNorm: 0.00951708
Epoch: 24700      Batch:   0    Loss: 0.00440185     ContextsNorm: 0.00961728
Epoch: 24800      Batch:   0    Loss: 0.00435826     ContextsNorm: 0.00987624
Epoch: 24900      Batch:   0    Loss: 0.00410875     ContextsNorm: 0.00946089
Epoch: 25000      Batch:   0    Loss: 0.00417549     ContextsNorm: 0.00951944
Epoch: 25100      Batch:   0    Loss: 0.00420169     ContextsNorm: 0.00957653
Epoch: 25200      Batch:   0    Loss: 0.00407057     ContextsNorm: 0.00959296
Epoch: 25300      Batch:   0    Loss: 0.00413622     ContextsNorm: 0.00939468
Epoch: 25400      Batch:   0    Loss: 0.00391800     ContextsNorm: 0.00954878
Epoch: 25500      Batch:   0    Loss: 0.00408118     ContextsNorm: 0.00953123
Epoch: 25600      Batch:   0    Loss: 0.00419913     ContextsNorm: 0.00941912
Epoch: 25700      Batch:   0    Loss: 0.00419788     ContextsNorm: 0.00945162
Epoch: 25800      Batch:   0    Loss: 0.00421290     ContextsNorm: 0.00947964
Epoch: 25900      Batch:   0    Loss: 0.00403840     ContextsNorm: 0.00951868
Epoch: 26000      Batch:   0    Loss: 0.00398535     ContextsNorm: 0.00950503
Epoch: 26100      Batch:   0    Loss: 0.00398902     ContextsNorm: 0.00962264
Epoch: 26200      Batch:   0    Loss: 0.00384725     ContextsNorm: 0.00944338
Epoch: 26300      Batch:   0    Loss: 0.00406590     ContextsNorm: 0.00954817
Epoch: 26400      Batch:   0    Loss: 0.00391662     ContextsNorm: 0.00958562
Epoch: 26500      Batch:   0    Loss: 0.00383673     ContextsNorm: 0.00957513
Epoch: 26600      Batch:   0    Loss: 0.00406073     ContextsNorm: 0.00944198
Epoch: 26700      Batch:   0    Loss: 0.00387356     ContextsNorm: 0.00942260
Epoch: 26800      Batch:   0    Loss: 0.00382093     ContextsNorm: 0.00957131
Epoch: 26900      Batch:   0    Loss: 0.00381351     ContextsNorm: 0.00958785
Epoch: 27000      Batch:   0    Loss: 0.00397195     ContextsNorm: 0.00941842
Epoch: 27100      Batch:   0    Loss: 0.00375758     ContextsNorm: 0.00930195
Epoch: 27200      Batch:   0    Loss: 0.00380430     ContextsNorm: 0.00945058
Epoch: 27300      Batch:   0    Loss: 0.00362952     ContextsNorm: 0.00929516
Epoch: 27400      Batch:   0    Loss: 0.00375637     ContextsNorm: 0.00936519
Epoch: 27500      Batch:   0    Loss: 0.00384298     ContextsNorm: 0.00940156
Epoch: 27600      Batch:   0    Loss: 0.00388479     ContextsNorm: 0.00938858
Epoch: 27700      Batch:   0    Loss: 0.00378550     ContextsNorm: 0.00942776
Epoch: 27800      Batch:   0    Loss: 0.00373880     ContextsNorm: 0.00942092
Epoch: 27900      Batch:   0    Loss: 0.00386390     ContextsNorm: 0.00924275
Epoch: 28000      Batch:   0    Loss: 0.00378111     ContextsNorm: 0.00924136
Epoch: 28100      Batch:   0    Loss: 0.00372056     ContextsNorm: 0.00934317
Epoch: 28200      Batch:   0    Loss: 0.00367193     ContextsNorm: 0.00934986
Epoch: 28300      Batch:   0    Loss: 0.00374713     ContextsNorm: 0.00933460
Epoch: 28400      Batch:   0    Loss: 0.00368638     ContextsNorm: 0.00925238
Epoch: 28500      Batch:   0    Loss: 0.00371377     ContextsNorm: 0.00941616
Epoch: 28600      Batch:   0    Loss: 0.00376494     ContextsNorm: 0.00931020
Epoch: 28700      Batch:   0    Loss: 0.00355591     ContextsNorm: 0.00928349
Epoch: 28800      Batch:   0    Loss: 0.00387431     ContextsNorm: 0.00940932
Epoch: 28900      Batch:   0    Loss: 0.00360805     ContextsNorm: 0.00921008
Epoch: 29000      Batch:   0    Loss: 0.00375455     ContextsNorm: 0.00925499
Epoch: 29100      Batch:   0    Loss: 0.00366375     ContextsNorm: 0.00935766
Epoch: 29200      Batch:   0    Loss: 0.00371780     ContextsNorm: 0.00938815
Epoch: 29300      Batch:   0    Loss: 0.00368271     ContextsNorm: 0.00929157
Epoch: 29400      Batch:   0    Loss: 0.00360785     ContextsNorm: 0.00924581
Epoch: 29500      Batch:   0    Loss: 0.00362115     ContextsNorm: 0.00919141
Epoch: 29600      Batch:   0    Loss: 0.00361696     ContextsNorm: 0.00928429
Epoch: 29700      Batch:   0    Loss: 0.00373866     ContextsNorm: 0.00930115
Epoch: 29800      Batch:   0    Loss: 0.00358418     ContextsNorm: 0.00933726
Epoch: 29900      Batch:   0    Loss: 0.00346490     ContextsNorm: 0.00921774
Epoch: 30000      Batch:   0    Loss: 0.00353597     ContextsNorm: 0.00929904
Epoch: 30100      Batch:   0    Loss: 0.00356645     ContextsNorm: 0.00927830
Epoch: 30200      Batch:   0    Loss: 0.00348927     ContextsNorm: 0.00919724
Epoch: 30300      Batch:   0    Loss: 0.00355175     ContextsNorm: 0.00921374
Epoch: 30400      Batch:   0    Loss: 0.00349753     ContextsNorm: 0.00934798
Epoch: 30500      Batch:   0    Loss: 0.00351845     ContextsNorm: 0.00937542
Epoch: 30600      Batch:   0    Loss: 0.00351608     ContextsNorm: 0.00927117
Epoch: 30700      Batch:   0    Loss: 0.00356635     ContextsNorm: 0.00927682
Epoch: 30800      Batch:   0    Loss: 0.00375148     ContextsNorm: 0.00926907
Epoch: 30900      Batch:   0    Loss: 0.00347294     ContextsNorm: 0.00926062
Epoch: 31000      Batch:   0    Loss: 0.00349196     ContextsNorm: 0.00928117
Epoch: 31100      Batch:   0    Loss: 0.00352709     ContextsNorm: 0.00922554
Epoch: 31200      Batch:   0    Loss: 0.00350552     ContextsNorm: 0.00930224
Epoch: 31300      Batch:   0    Loss: 0.00348862     ContextsNorm: 0.00916997
Epoch: 31400      Batch:   0    Loss: 0.00353976     ContextsNorm: 0.00920584
Epoch: 31500      Batch:   0    Loss: 0.00338180     ContextsNorm: 0.00920863
Epoch: 31600      Batch:   0    Loss: 0.00347442     ContextsNorm: 0.00912956
Epoch: 31700      Batch:   0    Loss: 0.00349396     ContextsNorm: 0.00925808
Epoch: 31800      Batch:   0    Loss: 0.00336173     ContextsNorm: 0.00922281
Epoch: 31900      Batch:   0    Loss: 0.00349574     ContextsNorm: 0.00916480
Epoch: 32000      Batch:   0    Loss: 0.00377393     ContextsNorm: 0.00952542
Epoch: 32100      Batch:   0    Loss: 0.00347031     ContextsNorm: 0.00920996
Epoch: 32200      Batch:   0    Loss: 0.00342590     ContextsNorm: 0.00917253
Epoch: 32300      Batch:   0    Loss: 0.00348204     ContextsNorm: 0.00916547
Epoch: 32400      Batch:   0    Loss: 0.00343317     ContextsNorm: 0.00911781
Epoch: 32500      Batch:   0    Loss: 0.00341414     ContextsNorm: 0.00921935
Epoch: 32600      Batch:   0    Loss: 0.00350006     ContextsNorm: 0.00913464
Epoch: 32700      Batch:   0    Loss: 0.00336047     ContextsNorm: 0.00913174
Epoch: 32800      Batch:   0    Loss: 0.00340625     ContextsNorm: 0.00919061
Epoch: 32900      Batch:   0    Loss: 0.00335747     ContextsNorm: 0.00920014
Epoch: 33000      Batch:   0    Loss: 0.00340202     ContextsNorm: 0.00918233
Epoch: 33100      Batch:   0    Loss: 0.00333791     ContextsNorm: 0.00907685
Epoch: 33200      Batch:   0    Loss: 0.00332133     ContextsNorm: 0.00916950
Epoch: 33300      Batch:   0    Loss: 0.00330221     ContextsNorm: 0.00913756
Epoch: 33400      Batch:   0    Loss: 0.00333280     ContextsNorm: 0.00911116
Epoch: 33500      Batch:   0    Loss: 0.00339572     ContextsNorm: 0.00908337
Epoch: 33600      Batch:   0    Loss: 0.00327548     ContextsNorm: 0.00919980
Epoch: 33700      Batch:   0    Loss: 0.00336023     ContextsNorm: 0.00914221
Epoch: 33800      Batch:   0    Loss: 0.00337822     ContextsNorm: 0.00900861
Epoch: 33900      Batch:   0    Loss: 0.00340832     ContextsNorm: 0.00905882
Epoch: 34000      Batch:   0    Loss: 0.00332525     ContextsNorm: 0.00906083
Epoch: 34100      Batch:   0    Loss: 0.00336478     ContextsNorm: 0.00901177
Epoch: 34200      Batch:   0    Loss: 0.00326087     ContextsNorm: 0.00904321
Epoch: 34300      Batch:   0    Loss: 0.00332156     ContextsNorm: 0.00901762
Epoch: 34400      Batch:   0    Loss: 0.00340574     ContextsNorm: 0.00916874
Epoch: 34500      Batch:   0    Loss: 0.00318465     ContextsNorm: 0.00899927
Epoch: 34600      Batch:   0    Loss: 0.00327479     ContextsNorm: 0.00902555
Epoch: 34700      Batch:   0    Loss: 0.00339859     ContextsNorm: 0.00913537
Epoch: 34800      Batch:   0    Loss: 0.00323536     ContextsNorm: 0.00902774
Epoch: 34900      Batch:   0    Loss: 0.00324887     ContextsNorm: 0.00901576
Epoch: 35000      Batch:   0    Loss: 0.00336721     ContextsNorm: 0.00904952
Epoch: 35100      Batch:   0    Loss: 0.00316411     ContextsNorm: 0.00903383
Epoch: 35200      Batch:   0    Loss: 0.00320769     ContextsNorm: 0.00905426
Epoch: 35300      Batch:   0    Loss: 0.00331368     ContextsNorm: 0.00900500
Epoch: 35400      Batch:   0    Loss: 0.00327296     ContextsNorm: 0.00895799
Epoch: 35500      Batch:   0    Loss: 0.00311318     ContextsNorm: 0.00905583
Epoch: 35600      Batch:   0    Loss: 0.00316227     ContextsNorm: 0.00893095
Epoch: 35700      Batch:   0    Loss: 0.00328729     ContextsNorm: 0.00898428
Epoch: 35800      Batch:   0    Loss: 0.00328070     ContextsNorm: 0.00901624
Epoch: 35900      Batch:   0    Loss: 0.00319755     ContextsNorm: 0.00895921
Epoch: 36000      Batch:   0    Loss: 0.00323532     ContextsNorm: 0.00908854
Epoch: 36100      Batch:   0    Loss: 0.00327717     ContextsNorm: 0.00894416
Epoch: 36200      Batch:   0    Loss: 0.00317173     ContextsNorm: 0.00892738
Epoch: 36300      Batch:   0    Loss: 0.00315367     ContextsNorm: 0.00902716
Epoch: 36400      Batch:   0    Loss: 0.00317121     ContextsNorm: 0.00897401
Epoch: 36500      Batch:   0    Loss: 0.00329887     ContextsNorm: 0.00898434
Epoch: 36600      Batch:   0    Loss: 0.00314395     ContextsNorm: 0.00906823
Epoch: 36700      Batch:   0    Loss: 0.00327893     ContextsNorm: 0.00904897
Epoch: 36800      Batch:   0    Loss: 0.00310024     ContextsNorm: 0.00904065
Epoch: 36900      Batch:   0    Loss: 0.00313342     ContextsNorm: 0.00899186
Epoch: 37000      Batch:   0    Loss: 0.00307670     ContextsNorm: 0.00888981
Epoch: 37100      Batch:   0    Loss: 0.00310172     ContextsNorm: 0.00902160
Epoch: 37200      Batch:   0    Loss: 0.00322995     ContextsNorm: 0.00890609
Epoch: 37300      Batch:   0    Loss: 0.00313585     ContextsNorm: 0.00899894
Epoch: 37400      Batch:   0    Loss: 0.00323226     ContextsNorm: 0.00899868
Epoch: 37500      Batch:   0    Loss: 0.00314411     ContextsNorm: 0.00893151
Epoch: 37600      Batch:   0    Loss: 0.00311162     ContextsNorm: 0.00897126
Epoch: 37700      Batch:   0    Loss: 0.00313118     ContextsNorm: 0.00906295
Epoch: 37800      Batch:   0    Loss: 0.00315374     ContextsNorm: 0.00905842
Epoch: 37900      Batch:   0    Loss: 0.00320024     ContextsNorm: 0.00897094
Epoch: 38000      Batch:   0    Loss: 0.00309092     ContextsNorm: 0.00895546
Epoch: 38100      Batch:   0    Loss: 0.00307385     ContextsNorm: 0.00899852
Epoch: 38200      Batch:   0    Loss: 0.00317010     ContextsNorm: 0.00896391
Epoch: 38300      Batch:   0    Loss: 0.00306651     ContextsNorm: 0.00889724
Epoch: 38400      Batch:   0    Loss: 0.00309583     ContextsNorm: 0.00895640
Epoch: 38500      Batch:   0    Loss: 0.00305339     ContextsNorm: 0.00898447
Epoch: 38600      Batch:   0    Loss: 0.00295189     ContextsNorm: 0.00902198
Epoch: 38700      Batch:   0    Loss: 0.00307591     ContextsNorm: 0.00899564
Epoch: 38800      Batch:   0    Loss: 0.00299270     ContextsNorm: 0.00895281
Epoch: 38900      Batch:   0    Loss: 0.00313411     ContextsNorm: 0.00901261
Epoch: 39000      Batch:   0    Loss: 0.00301841     ContextsNorm: 0.00890334
Epoch: 39100      Batch:   0    Loss: 0.00297347     ContextsNorm: 0.00887536
Epoch: 39200      Batch:   0    Loss: 0.00297605     ContextsNorm: 0.00902094
Epoch: 39300      Batch:   0    Loss: 0.00305442     ContextsNorm: 0.00894821
Epoch: 39400      Batch:   0    Loss: 0.00307942     ContextsNorm: 0.00891760
Epoch: 39500      Batch:   0    Loss: 0.00299137     ContextsNorm: 0.00886035
Epoch: 39600      Batch:   0    Loss: 0.00298377     ContextsNorm: 0.00882147
Epoch: 39700      Batch:   0    Loss: 0.00305868     ContextsNorm: 0.00885725
Epoch: 39800      Batch:   0    Loss: 0.00299056     ContextsNorm: 0.00891800
Epoch: 39900      Batch:   0    Loss: 0.00311712     ContextsNorm: 0.00893284
Epoch: 40000      Batch:   0    Loss: 0.00299010     ContextsNorm: 0.00885422
Epoch: 40100      Batch:   0    Loss: 0.00293477     ContextsNorm: 0.00886415
Epoch: 40200      Batch:   0    Loss: 0.00294986     ContextsNorm: 0.00896343
Epoch: 40300      Batch:   0    Loss: 0.00295575     ContextsNorm: 0.00892447
Epoch: 40400      Batch:   0    Loss: 0.00304944     ContextsNorm: 0.00897614
Epoch: 40500      Batch:   0    Loss: 0.00305394     ContextsNorm: 0.00894536
Epoch: 40600      Batch:   0    Loss: 0.00296431     ContextsNorm: 0.00886021
Epoch: 40700      Batch:   0    Loss: 0.00301287     ContextsNorm: 0.00887217
Epoch: 40800      Batch:   0    Loss: 0.00293575     ContextsNorm: 0.00884252
Epoch: 40900      Batch:   0    Loss: 0.00287154     ContextsNorm: 0.00890282
Epoch: 41000      Batch:   0    Loss: 0.00297340     ContextsNorm: 0.00887488
Epoch: 41100      Batch:   0    Loss: 0.00306064     ContextsNorm: 0.00885137
Epoch: 41200      Batch:   0    Loss: 0.00302178     ContextsNorm: 0.00880734
Epoch: 41300      Batch:   0    Loss: 0.00299433     ContextsNorm: 0.00894232
Epoch: 41400      Batch:   0    Loss: 0.00289451     ContextsNorm: 0.00889575
Epoch: 41500      Batch:   0    Loss: 0.00298429     ContextsNorm: 0.00886862
Epoch: 41600      Batch:   0    Loss: 0.00282689     ContextsNorm: 0.00889311
Epoch: 41700      Batch:   0    Loss: 0.00294370     ContextsNorm: 0.00887223
Epoch: 41800      Batch:   0    Loss: 0.00297521     ContextsNorm: 0.00889315
Epoch: 41900      Batch:   0    Loss: 0.00288061     ContextsNorm: 0.00894704
Epoch: 42000      Batch:   0    Loss: 0.00300093     ContextsNorm: 0.00888632
Epoch: 42100      Batch:   0    Loss: 0.00284662     ContextsNorm: 0.00887073
Epoch: 42200      Batch:   0    Loss: 0.00297778     ContextsNorm: 0.00880636
Epoch: 42300      Batch:   0    Loss: 0.00277781     ContextsNorm: 0.00875373
Epoch: 42400      Batch:   0    Loss: 0.00295334     ContextsNorm: 0.00888581
Epoch: 42500      Batch:   0    Loss: 0.00286078     ContextsNorm: 0.00884190
Epoch: 42600      Batch:   0    Loss: 0.00300225     ContextsNorm: 0.00888567
Epoch: 42700      Batch:   0    Loss: 0.00289862     ContextsNorm: 0.00888832
Epoch: 42800      Batch:   0    Loss: 0.00283336     ContextsNorm: 0.00885133
Epoch: 42900      Batch:   0    Loss: 0.00286974     ContextsNorm: 0.00887701
Epoch: 43000      Batch:   0    Loss: 0.00285409     ContextsNorm: 0.00886222
Epoch: 43100      Batch:   0    Loss: 0.00289552     ContextsNorm: 0.00896166
Epoch: 43200      Batch:   0    Loss: 0.00280726     ContextsNorm: 0.00883098
Epoch: 43300      Batch:   0    Loss: 0.00275534     ContextsNorm: 0.00884042
Epoch: 43400      Batch:   0    Loss: 0.00290927     ContextsNorm: 0.00888937
Epoch: 43500      Batch:   0    Loss: 0.00281824     ContextsNorm: 0.00883582
Epoch: 43600      Batch:   0    Loss: 0.00286006     ContextsNorm: 0.00874340
Epoch: 43700      Batch:   0    Loss: 0.00284743     ContextsNorm: 0.00880078
Epoch: 43800      Batch:   0    Loss: 0.00279022     ContextsNorm: 0.00874444
Epoch: 43900      Batch:   0    Loss: 0.00278180     ContextsNorm: 0.00883907
Epoch: 44000      Batch:   0    Loss: 0.00284732     ContextsNorm: 0.00880904
Epoch: 44100      Batch:   0    Loss: 0.00281250     ContextsNorm: 0.00882156
Epoch: 44200      Batch:   0    Loss: 0.00294205     ContextsNorm: 0.00885002
Epoch: 44300      Batch:   0    Loss: 0.00292217     ContextsNorm: 0.00888675
Epoch: 44400      Batch:   0    Loss: 0.00286960     ContextsNorm: 0.00881020
Epoch: 44500      Batch:   0    Loss: 0.00273252     ContextsNorm: 0.00880718
Epoch: 44600      Batch:   0    Loss: 0.00275680     ContextsNorm: 0.00874601
Epoch: 44700      Batch:   0    Loss: 0.00271771     ContextsNorm: 0.00871067
Epoch: 44800      Batch:   0    Loss: 0.00283658     ContextsNorm: 0.00879138
Epoch: 44900      Batch:   0    Loss: 0.00283419     ContextsNorm: 0.00885363
Epoch: 45000      Batch:   0    Loss: 0.00283135     ContextsNorm: 0.00877256
Epoch: 45100      Batch:   0    Loss: 0.00274781     ContextsNorm: 0.00873987
Epoch: 45200      Batch:   0    Loss: 0.00282667     ContextsNorm: 0.00887924
Epoch: 45300      Batch:   0    Loss: 0.00278040     ContextsNorm: 0.00876519
Epoch: 45400      Batch:   0    Loss: 0.00281874     ContextsNorm: 0.00884530
Epoch: 45500      Batch:   0    Loss: 0.00272478     ContextsNorm: 0.00878092
Epoch: 45600      Batch:   0    Loss: 0.00274233     ContextsNorm: 0.00877779
Epoch: 45700      Batch:   0    Loss: 0.00279730     ContextsNorm: 0.00877087
Epoch: 45800      Batch:   0    Loss: 0.00278131     ContextsNorm: 0.00882505
Epoch: 45900      Batch:   0    Loss: 0.00276913     ContextsNorm: 0.00885152
Epoch: 46000      Batch:   0    Loss: 0.00279903     ContextsNorm: 0.00881798
Epoch: 46100      Batch:   0    Loss: 0.00276323     ContextsNorm: 0.00877240
Epoch: 46200      Batch:   0    Loss: 0.00272597     ContextsNorm: 0.00876805
Epoch: 46300      Batch:   0    Loss: 0.00279479     ContextsNorm: 0.00871341
Epoch: 46400      Batch:   0    Loss: 0.00274307     ContextsNorm: 0.00872353
Epoch: 46500      Batch:   0    Loss: 0.00273135     ContextsNorm: 0.00880731
Epoch: 46600      Batch:   0    Loss: 0.00274270     ContextsNorm: 0.00872867
Epoch: 46700      Batch:   0    Loss: 0.00276124     ContextsNorm: 0.00875396
Epoch: 46800      Batch:   0    Loss: 0.00274077     ContextsNorm: 0.00870665
Epoch: 46900      Batch:   0    Loss: 0.00270786     ContextsNorm: 0.00871914
Epoch: 47000      Batch:   0    Loss: 0.00279384     ContextsNorm: 0.00877623
Epoch: 47100      Batch:   0    Loss: 0.00269480     ContextsNorm: 0.00886362
Epoch: 47200      Batch:   0    Loss: 0.00271351     ContextsNorm: 0.00878535
Epoch: 47300      Batch:   0    Loss: 0.00275873     ContextsNorm: 0.00864538
Epoch: 47400      Batch:   0    Loss: 0.00271309     ContextsNorm: 0.00865345
Epoch: 47500      Batch:   0    Loss: 0.00264328     ContextsNorm: 0.00874425
Epoch: 47600      Batch:   0    Loss: 0.00268969     ContextsNorm: 0.00867125
Epoch: 47700      Batch:   0    Loss: 0.00271527     ContextsNorm: 0.00869201
Epoch: 47800      Batch:   0    Loss: 0.00271131     ContextsNorm: 0.00870104
Epoch: 47900      Batch:   0    Loss: 0.00275595     ContextsNorm: 0.00871077
Epoch: 48000      Batch:   0    Loss: 0.00273155     ContextsNorm: 0.00867426
Epoch: 48100      Batch:   0    Loss: 0.00276329     ContextsNorm: 0.00861199
Epoch: 48200      Batch:   0    Loss: 0.00272244     ContextsNorm: 0.00867002
Epoch: 48300      Batch:   0    Loss: 0.00272090     ContextsNorm: 0.00869065
Epoch: 48400      Batch:   0    Loss: 0.00270677     ContextsNorm: 0.00872858
Epoch: 48500      Batch:   0    Loss: 0.00270616     ContextsNorm: 0.00872527
Epoch: 48600      Batch:   0    Loss: 0.00269971     ContextsNorm: 0.00865353
Epoch: 48700      Batch:   0    Loss: 0.00260571     ContextsNorm: 0.00866997
Epoch: 48800      Batch:   0    Loss: 0.00280336     ContextsNorm: 0.00868370
Epoch: 48900      Batch:   0    Loss: 0.00281113     ContextsNorm: 0.00858107
Epoch: 49000      Batch:   0    Loss: 0.00269729     ContextsNorm: 0.00866040
Epoch: 49100      Batch:   0    Loss: 0.00276848     ContextsNorm: 0.00876849
Epoch: 49200      Batch:   0    Loss: 0.00273025     ContextsNorm: 0.00863400
Epoch: 49300      Batch:   0    Loss: 0.00273820     ContextsNorm: 0.00870321
Epoch: 49400      Batch:   0    Loss: 0.00257727     ContextsNorm: 0.00864324
Epoch: 49500      Batch:   0    Loss: 0.00268170     ContextsNorm: 0.00870019
Epoch: 49600      Batch:   0    Loss: 0.00273738     ContextsNorm: 0.00864404
Epoch: 49700      Batch:   0    Loss: 0.00262786     ContextsNorm: 0.00858287
Epoch: 49800      Batch:   0    Loss: 0.00261696     ContextsNorm: 0.00863115
Epoch: 49900      Batch:   0    Loss: 0.00270195     ContextsNorm: 0.00866804
Epoch: 49999      Batch:   0    Loss: 0.00274707     ContextsNorm: 0.00861194
Current unnormalised weight of the taylor expansion: -0.15633199       NormalisedWeight: 0.00000016


Total gradient descent training time: 39 hours 31 mins 23 secs
Using any previrouly defined optimizer for adapation


=== Beginning adaptation ... ===
    Number of environment batches: 20
    Number of envs train steps per batch: 5
    Total number of training steps: 100
    Adapting on 1 batches
     ### (Re)Compiling function: adapt_step_cavia ...  
    Batch:   0     Loss: 0.00463543        OtherNorms: [0.00463543 0.01362271 0.08068407]
Total gradient descent adaptation time: 0 hours 0 mins 3 secs
==  Meta-evaluation ... ==
    Test loss value: 1.37e-01 ± 7.00e-02
    Train loss value for criterion 0: 4.64e-03
==  Begining artefacts visualisation ... ==
    Visualized context dimensions along x: [64 80 24]
    Visualized context dimensions along y: [ 38 100  62]
Saving artefacts in: ./runs/240816-182136/artefacts.png
==  Begining in-domain CelebA visualisation ... ==
    Environment (batch) id: 104219
     ### (Re)Compiling function: adapt_step_cavia ...  
Saving visualization in: ./runs/240816-182136/few_shots_ind.png
Using any previrouly defined optimizer for adapation


=== Beginning adaptation ... ===
    Number of environment batches: 20
    Number of envs train steps per batch: 5
    Total number of training steps: 100
    Adapting on 1 batches
/home/gb21553/miniconda3/envs/jax/lib/python3.12/multiprocessing/popen_fork.py:66: RuntimeWarning: os.fork() was called. os.fork() is incompatible with multithreaded code, and JAX is multithreaded, so this will likely lead to a deadlock.
  self.pid = os.fork()
     ### (Re)Compiling function: adapt_step_cavia ...  
    Batch:   0     Loss: 0.00467699        OtherNorms: [0.00467699 0.01372919 0.08068407]
Total gradient descent adaptation time: 0 hours 0 mins 3 secs
==  Meta-evaluation ... ==
    Test loss value: 1.43e-01 ± 7.46e-02
    Train loss value for criterion 0: 4.68e-03
==  Begining artefacts visualisation ... ==
    Visualized context dimensions along x: [64 80 24]
    Visualized context dimensions along y: [ 38 100  62]
No contexts found. Using zeros.
Saving artefacts in: ./runs/240816-182136/adapt/artefacts.png
==  Begining in-domain CelebA visualisation ... ==
    Environment (batch) id: 13133
     ### (Re)Compiling function: adapt_step_cavia ...  
Saving visualization in: ./runs/240816-182136/adapt/few_shots_ood.png
