
############# Contextual Self-Modulation #############

Jax version: 0.4.28
Available devices: [cuda(id=0)]
New run folder created successfuly: ./CAVIA/240822-043818/
Completed copied scripts 
    Using all environments to estimate the global training loss function ...


Total number of parameters in the model: 7459
Total number of parameters in one context: 128


=== Beginning Meta-Training ... ===
    Number of examples in a batch: 12
    Total number of batches : 13565
    Numbers of inner steps : 5
    Training on 1 batches
    Validating on 1 batches
     ### (Re)Compiling function: outer_train_step ...  
     ### (Re)Compiling function: inner_train_step ...  
Epoch:   0      Batch:   0    Loss: 0.57651478     ContextsNorm: 0.00000000      WallTime(s):      2
     ### (Re)Compiling function: adapt_step_cavia ...  
        Validation Criterion: 0.52512968
        Saving best model so far ...
Epoch: 100      Batch:   0    Loss: 0.08323105     ContextsNorm: 0.00000000      WallTime(s):     47
     ### (Re)Compiling function: adapt_step_cavia ...  
        Validation Criterion: 0.08320156
        Saving best model so far ...
Epoch: 200      Batch:   0    Loss: 0.08306750     ContextsNorm: 0.00000000      WallTime(s):     93
     ### (Re)Compiling function: adapt_step_cavia ...  
        Validation Criterion: 0.08306936
        Saving best model so far ...
Epoch: 300      Batch:   0    Loss: 0.07534156     ContextsNorm: 0.00000000      WallTime(s):    139
     ### (Re)Compiling function: adapt_step_cavia ...  
        Validation Criterion: 0.07504077
        Saving best model so far ...
Epoch: 400      Batch:   0    Loss: 0.06819990     ContextsNorm: 0.00000000      WallTime(s):    186
     ### (Re)Compiling function: adapt_step_cavia ...  
        Validation Criterion: 0.06761257
        Saving best model so far ...
Epoch: 500      Batch:   0    Loss: 0.06803510     ContextsNorm: 0.00000000      WallTime(s):    233
     ### (Re)Compiling function: adapt_step_cavia ...  
        Validation Criterion: 0.06741692
        Saving best model so far ...
Epoch: 600      Batch:   0    Loss: 0.06782753     ContextsNorm: 0.00000000      WallTime(s):    280
     ### (Re)Compiling function: adapt_step_cavia ...  
        Validation Criterion: 0.06721427
        Saving best model so far ...
Epoch: 700      Batch:   0    Loss: 0.06752091     ContextsNorm: 0.00000000      WallTime(s):    327
     ### (Re)Compiling function: adapt_step_cavia ...  
        Validation Criterion: 0.06692532
        Saving best model so far ...
Epoch: 800      Batch:   0    Loss: 0.06712945     ContextsNorm: 0.00000000      WallTime(s):    374
     ### (Re)Compiling function: adapt_step_cavia ...  
        Validation Criterion: 0.06654926
        Saving best model so far ...
Epoch: 900      Batch:   0    Loss: 0.06669506     ContextsNorm: 0.00000000      WallTime(s):    422
     ### (Re)Compiling function: adapt_step_cavia ...  
        Validation Criterion: 0.06613834
        Saving best model so far ...
Epoch: 1000      Batch:   0    Loss: 0.06616426     ContextsNorm: 0.00000000      WallTime(s):    469
     ### (Re)Compiling function: adapt_step_cavia ...  
        Validation Criterion: 0.06565511
        Saving best model so far ...
Epoch: 1100      Batch:   0    Loss: 0.06539455     ContextsNorm: 0.00000000      WallTime(s):    517
     ### (Re)Compiling function: adapt_step_cavia ...  
        Validation Criterion: 0.06499128
        Saving best model so far ...
Epoch: 1200      Batch:   0    Loss: 0.06425767     ContextsNorm: 0.00000000      WallTime(s):    564
     ### (Re)Compiling function: adapt_step_cavia ...  
        Validation Criterion: 0.06406956
        Saving best model so far ...
Epoch: 1300      Batch:   0    Loss: 0.06321090     ContextsNorm: 0.00000000      WallTime(s):    612
     ### (Re)Compiling function: adapt_step_cavia ...  
        Validation Criterion: 0.06327491
        Saving best model so far ...
Epoch: 1400      Batch:   0    Loss: 0.06274155     ContextsNorm: 0.00000000      WallTime(s):    660
     ### (Re)Compiling function: adapt_step_cavia ...  
        Validation Criterion: 0.06295298
        Saving best model so far ...
Epoch: 1500      Batch:   0    Loss: 0.06256265     ContextsNorm: 0.00000000      WallTime(s):    707
     ### (Re)Compiling function: adapt_step_cavia ...  
        Validation Criterion: 0.06282061
        Saving best model so far ...
Epoch: 1600      Batch:   0    Loss: 0.06239407     ContextsNorm: 0.00000000      WallTime(s):    755
     ### (Re)Compiling function: adapt_step_cavia ...  
        Validation Criterion: 0.06268690
        Saving best model so far ...
Epoch: 1700      Batch:   0    Loss: 0.06219881     ContextsNorm: 0.00000000      WallTime(s):    803
     ### (Re)Compiling function: adapt_step_cavia ...  
        Validation Criterion: 0.06252748
        Saving best model so far ...
Epoch: 1800      Batch:   0    Loss: 0.06195241     ContextsNorm: 0.00000000      WallTime(s):    851
     ### (Re)Compiling function: adapt_step_cavia ...  
        Validation Criterion: 0.06231306
        Saving best model so far ...
Epoch: 1900      Batch:   0    Loss: 0.06166939     ContextsNorm: 0.00000000      WallTime(s):    899
     ### (Re)Compiling function: adapt_step_cavia ...  
        Validation Criterion: 0.06204010
        Saving best model so far ...
Epoch: 1999      Batch:   0    Loss: 0.05901763     ContextsNorm: 0.00000000      WallTime(s):    947
     ### (Re)Compiling function: adapt_step_cavia ...  
        Validation Criterion: 0.06126873
        Saving best model so far ...

Total gradient descent training time: 0 hours 15 mins 48 secs
Using any previrouly defined optimizer for adapation

=== Beginning Meta-Testing ... ===
    Number of environment batches: 13565
    Number of envs train steps per batch: 5
    Total number of training steps: 67825
    Adapting on 1 batches
     ### (Re)Compiling function: adapt_step_cavia ...  
    Batch:   0     Loss: 0.06323563        OtherNorms: [0.06323563 0.         0.        ]
Total gradient descent adaptation time: 0 hours 0 mins 1 secs

    Test loss value: 6.13e-02 ± 1.82e-02
    Train loss value for criterion 0: 6.32e-02

==  Begining artefacts visualisation ... ==
    Visualized context dimensions along x: [64 80 24]
    Visualized context dimensions along y: [ 38 100  62]
Saving artefacts in: ./CAVIA/240822-043818/artefacts.png

==  Begining in-domain CelebA visualisation ... ==
    Environment ids: range(0, 6)
     ### (Re)Compiling function: adapt_step_cavia ...  
Saving visualization in: ./CAVIA/240822-043818/few_shots_ind.png
Using any previrouly defined optimizer for adapation

=== Beginning Meta-Testing ... ===
    Number of environment batches: 1656
    Number of envs train steps per batch: 5
    Total number of training steps: 8280
    Adapting on 1 batches
     ### (Re)Compiling function: adapt_step_cavia ...  
    Batch:   0     Loss: 0.06251342        OtherNorms: [0.06251342 0.         0.        ]
Total gradient descent adaptation time: 0 hours 0 mins 1 secs

    Test loss value: 6.30e-02 ± 2.06e-02
    Train loss value for criterion 0: 6.25e-02
Using any previrouly defined optimizer for adapation

=== Beginning Meta-Testing ... ===
    Number of environment batches: 1664
    Number of envs train steps per batch: 5
    Total number of training steps: 8320
    Adapting on 1 batches
     ### (Re)Compiling function: adapt_step_cavia ...  
    Batch:   0     Loss: 0.06687841        OtherNorms: [0.06687841 0.         0.        ]
Total gradient descent adaptation time: 0 hours 0 mins 1 secs

    Test loss value: 6.56e-02 ± 1.96e-02
    Train loss value for criterion 0: 6.69e-02

==  Begining artefacts visualisation ... ==
    Visualized context dimensions along x: [64 80 24]
    Visualized context dimensions along y: [ 38 100  62]
No contexts found. Using zeros.
Saving artefacts in: ./CAVIA/240822-043818/adapt/artefacts.png

==  Begining in-domain CelebA visualisation ... ==
    Environment ids: range(0, 6)
     ### (Re)Compiling function: adapt_step_cavia ...  
Saving visualization in: ./CAVIA/240822-043818/adapt/few_shots_ood.png
