
############# Contextual Self-Modulation #############

Jax version: 0.4.28
Available devices: [cuda(id=0)]
Created a new run folder at: ./240723-235433/
Completed copied scripts 


Total number of parameters in the model: 5998
Total number of parameters in the contexts: 3492


=== Beginning meta training ... ===
    Number of examples in a batch: 9
    Total number of batches : 1
    Numbers of inner steps : 5
    Training on 1 batches
    Validating on 1 batches
     ### (Re)Compiling function: outer_train_step ...  
     ### (Re)Compiling function: inner_train_step ...  
Epoch:   0      Batch:   0    Loss: 1.37032962     ContextsNorm: 0.00157094
     ### (Re)Compiling function: adapt_step_cavia ...  
     Validation Criterion: 0.97641134
     Saving best model so far ...
Epoch: 100      Batch:   0    Loss: 0.01354581     ContextsNorm: 0.01320304
     ### (Re)Compiling function: adapt_step_cavia ...  
     Validation Criterion: 0.24509004
     Saving best model so far ...
Epoch: 200      Batch:   0    Loss: 0.00705150     ContextsNorm: 0.01384052
     ### (Re)Compiling function: adapt_step_cavia ...  
     Validation Criterion: 0.27228484
Epoch: 300      Batch:   0    Loss: 0.00462536     ContextsNorm: 0.01565817
     ### (Re)Compiling function: adapt_step_cavia ...  
     Validation Criterion: 0.55407166
Epoch: 400      Batch:   0    Loss: 0.00410714     ContextsNorm: 0.01785396
     ### (Re)Compiling function: adapt_step_cavia ...  
     Validation Criterion: 0.49323961
Epoch: 500      Batch:   0    Loss: 0.00235641     ContextsNorm: 0.01825929
     ### (Re)Compiling function: adapt_step_cavia ...  
     Validation Criterion: 0.45745444
Epoch: 600      Batch:   0    Loss: 0.00186927     ContextsNorm: 0.01838573
     ### (Re)Compiling function: adapt_step_cavia ...  
     Validation Criterion: 0.43475890
Epoch: 700      Batch:   0    Loss: 0.00247389     ContextsNorm: 0.01730634
     ### (Re)Compiling function: adapt_step_cavia ...  
     Validation Criterion: 0.34616014
Epoch: 800      Batch:   0    Loss: 0.00151222     ContextsNorm: 0.01525111
     ### (Re)Compiling function: adapt_step_cavia ...  
     Validation Criterion: 0.31409356
Epoch: 900      Batch:   0    Loss: 0.00081789     ContextsNorm: 0.01322154
     ### (Re)Compiling function: adapt_step_cavia ...  
     Validation Criterion: 0.24346411
     Saving best model so far ...
Epoch: 1000      Batch:   0    Loss: 0.00062023     ContextsNorm: 0.01206211
     ### (Re)Compiling function: adapt_step_cavia ...  
     Validation Criterion: 0.22012413
     Saving best model so far ...
Epoch: 1100      Batch:   0    Loss: 0.00047299     ContextsNorm: 0.01135558
     ### (Re)Compiling function: adapt_step_cavia ...  
     Validation Criterion: 0.20441961
     Saving best model so far ...
Epoch: 1200      Batch:   0    Loss: 0.00038813     ContextsNorm: 0.01036694
     ### (Re)Compiling function: adapt_step_cavia ...  
     Validation Criterion: 0.18112956
     Saving best model so far ...
Epoch: 1300      Batch:   0    Loss: 0.00031687     ContextsNorm: 0.00845604
     ### (Re)Compiling function: adapt_step_cavia ...  
     Validation Criterion: 0.13364945
     Saving best model so far ...
Epoch: 1400      Batch:   0    Loss: 0.00030956     ContextsNorm: 0.00757071
     ### (Re)Compiling function: adapt_step_cavia ...  
     Validation Criterion: 0.11194497
     Saving best model so far ...
Epoch: 1500      Batch:   0    Loss: 0.00024293     ContextsNorm: 0.00661155
     ### (Re)Compiling function: adapt_step_cavia ...  
     Validation Criterion: 0.09194940
     Saving best model so far ...
Epoch: 1600      Batch:   0    Loss: 0.00035404     ContextsNorm: 0.00596136
     ### (Re)Compiling function: adapt_step_cavia ...  
     Validation Criterion: 0.07750490
     Saving best model so far ...
Epoch: 1700      Batch:   0    Loss: 0.00021706     ContextsNorm: 0.00540538
     ### (Re)Compiling function: adapt_step_cavia ...  
     Validation Criterion: 0.06700789
     Saving best model so far ...
Epoch: 1800      Batch:   0    Loss: 0.00020639     ContextsNorm: 0.00488843
     ### (Re)Compiling function: adapt_step_cavia ...  
     Validation Criterion: 0.05752021
     Saving best model so far ...
Epoch: 1900      Batch:   0    Loss: 0.00021519     ContextsNorm: 0.00471862
     ### (Re)Compiling function: adapt_step_cavia ...  
     Validation Criterion: 0.05566297
     Saving best model so far ...
Epoch: 2000      Batch:   0    Loss: 0.00023699     ContextsNorm: 0.00459599
     ### (Re)Compiling function: adapt_step_cavia ...  
     Validation Criterion: 0.05411340
     Saving best model so far ...
Epoch: 2100      Batch:   0    Loss: 0.00020845     ContextsNorm: 0.00403957
     ### (Re)Compiling function: adapt_step_cavia ...  
     Validation Criterion: 0.04186925
     Saving best model so far ...
Epoch: 2200      Batch:   0    Loss: 0.00017554     ContextsNorm: 0.00413313
     ### (Re)Compiling function: adapt_step_cavia ...  
     Validation Criterion: 0.04687642
Epoch: 2300      Batch:   0    Loss: 0.00019475     ContextsNorm: 0.00407311
     ### (Re)Compiling function: adapt_step_cavia ...  
     Validation Criterion: 0.04616922
Epoch: 2400      Batch:   0    Loss: 0.00018212     ContextsNorm: 0.00416341
     ### (Re)Compiling function: adapt_step_cavia ...  
     Validation Criterion: 0.04824094
Epoch: 2500      Batch:   0    Loss: 0.00014745     ContextsNorm: 0.00403262
     ### (Re)Compiling function: adapt_step_cavia ...  
     Validation Criterion: 0.04634435
Epoch: 2600      Batch:   0    Loss: 0.00016708     ContextsNorm: 0.00409425
     ### (Re)Compiling function: adapt_step_cavia ...  
     Validation Criterion: 0.04684658
Epoch: 2700      Batch:   0    Loss: 0.00016150     ContextsNorm: 0.00413482
     ### (Re)Compiling function: adapt_step_cavia ...  
     Validation Criterion: 0.04674656
Epoch: 2800      Batch:   0    Loss: 0.00027406     ContextsNorm: 0.00407991
     ### (Re)Compiling function: adapt_step_cavia ...  
     Validation Criterion: 0.04907682
Epoch: 2900      Batch:   0    Loss: 0.00016002     ContextsNorm: 0.00398605
     ### (Re)Compiling function: adapt_step_cavia ...  
     Validation Criterion: 0.04684316
Epoch: 3000      Batch:   0    Loss: 0.00020554     ContextsNorm: 0.00393812
     ### (Re)Compiling function: adapt_step_cavia ...  
     Validation Criterion: 0.04564889
Epoch: 3100      Batch:   0    Loss: 0.00014066     ContextsNorm: 0.00396898
     ### (Re)Compiling function: adapt_step_cavia ...  
     Validation Criterion: 0.04526390
Epoch: 3200      Batch:   0    Loss: 0.00012425     ContextsNorm: 0.00395791
     ### (Re)Compiling function: adapt_step_cavia ...  
     Validation Criterion: 0.04617701
Epoch: 3300      Batch:   0    Loss: 0.00013878     ContextsNorm: 0.00396988
     ### (Re)Compiling function: adapt_step_cavia ...  
     Validation Criterion: 0.04552066
Epoch: 3400      Batch:   0    Loss: 0.00013510     ContextsNorm: 0.00387706
     ### (Re)Compiling function: adapt_step_cavia ...  
     Validation Criterion: 0.04074290
     Saving best model so far ...
Epoch: 3500      Batch:   0    Loss: 0.00011109     ContextsNorm: 0.00382291
     ### (Re)Compiling function: adapt_step_cavia ...  
     Validation Criterion: 0.04413549
Epoch: 3600      Batch:   0    Loss: 0.00009198     ContextsNorm: 0.00378385
     ### (Re)Compiling function: adapt_step_cavia ...  
     Validation Criterion: 0.04259864
Epoch: 3700      Batch:   0    Loss: 0.00013263     ContextsNorm: 0.00362535
     ### (Re)Compiling function: adapt_step_cavia ...  
     Validation Criterion: 0.03911423
     Saving best model so far ...
Epoch: 3800      Batch:   0    Loss: 0.00010210     ContextsNorm: 0.00364142
     ### (Re)Compiling function: adapt_step_cavia ...  
     Validation Criterion: 0.03904082
     Saving best model so far ...
Epoch: 3900      Batch:   0    Loss: 0.00011765     ContextsNorm: 0.00366855
     ### (Re)Compiling function: adapt_step_cavia ...  
     Validation Criterion: 0.03891870
     Saving best model so far ...
Epoch: 4000      Batch:   0    Loss: 0.00013665     ContextsNorm: 0.00348888
     ### (Re)Compiling function: adapt_step_cavia ...  
     Validation Criterion: 0.03717891
     Saving best model so far ...
Epoch: 4100      Batch:   0    Loss: 0.00013241     ContextsNorm: 0.00363576
     ### (Re)Compiling function: adapt_step_cavia ...  
     Validation Criterion: 0.04184762
Epoch: 4200      Batch:   0    Loss: 0.00009632     ContextsNorm: 0.00371793
     ### (Re)Compiling function: adapt_step_cavia ...  
     Validation Criterion: 0.04126528
Epoch: 4300      Batch:   0    Loss: 0.00007760     ContextsNorm: 0.00364014
     ### (Re)Compiling function: adapt_step_cavia ...  
     Validation Criterion: 0.03938922
Epoch: 4400      Batch:   0    Loss: 0.00011831     ContextsNorm: 0.00349307
     ### (Re)Compiling function: adapt_step_cavia ...  
     Validation Criterion: 0.03468854
     Saving best model so far ...
Epoch: 4500      Batch:   0    Loss: 0.00007196     ContextsNorm: 0.00356939
     ### (Re)Compiling function: adapt_step_cavia ...  
     Validation Criterion: 0.03825025
Epoch: 4600      Batch:   0    Loss: 0.00009031     ContextsNorm: 0.00358421
     ### (Re)Compiling function: adapt_step_cavia ...  
     Validation Criterion: 0.03697632
Epoch: 4700      Batch:   0    Loss: 0.00007652     ContextsNorm: 0.00352164
     ### (Re)Compiling function: adapt_step_cavia ...  
     Validation Criterion: 0.03832858
Epoch: 4800      Batch:   0    Loss: 0.00007133     ContextsNorm: 0.00354605
     ### (Re)Compiling function: adapt_step_cavia ...  
     Validation Criterion: 0.03715047
Epoch: 4900      Batch:   0    Loss: 0.00005808     ContextsNorm: 0.00340619
     ### (Re)Compiling function: adapt_step_cavia ...  
     Validation Criterion: 0.03563213
Epoch: 4999      Batch:   0    Loss: 0.00014477     ContextsNorm: 0.00313539

Total gradient descent training time: 0 hours 58 mins 5 secs
    Creating a new model with taylor order 0 ...
Using any previrouly defined optimizer for adapation


=== Beginning adaptation ... ===
    Number of environment batches: 1
    Number of envs train steps per batch: 5
    Total number of training steps: 5
     ### (Re)Compiling function: adapt_step_cavia ...  
    Batch:   0     Loss: 0.00141610        OtherNorms: [0.0014161  0.00498899 0.        ]
Total gradient descent adaptation time: 0 hours 0 mins 1 secs
==  Testing finished ... ==
    Criterion loss value: 0.035632126
==  Begining artefacts visualisation ... ==
    Visualized context dimensions along x: [9 9 4]
    Visualized context dimensions along y: [ 4 10  8]
Saving artefacts in: ./240723-235433/artefacts.png
==  Begining in-domain dynamics visualisation ... ==
    Trajectory id: 0
    Visualized dimensions: (0, 1)
Testing finished. Figure saved in: ./240723-235433/dynamics.png
    Creating a new model with taylor order 0 ...
Using any previrouly defined optimizer for adapation


=== Beginning adaptation ... ===
    Number of environment batches: 1
    Number of envs train steps per batch: 5
    Total number of training steps: 5
     ### (Re)Compiling function: adapt_step_cavia ...  
    Batch:   0     Loss: 0.00036838        OtherNorms: [0.00036838 0.00405514 0.        ]
Total gradient descent adaptation time: 0 hours 0 mins 1 secs
==  Testing finished ... ==
    Criterion loss value: 0.02017834
==  Begining artefacts visualisation ... ==
    Visualized context dimensions along x: [9 9 4]
    Visualized context dimensions along y: [ 4 10  8]
Saving artefacts in: ./240723-235433/adapt/artefacts.png
