
############# Contextual Self-Modulation #############

Jax version: 0.4.28
Available devices: [cuda(id=0)]
Created a new run folder at: ./240723-225928/
Completed copied scripts 


Total number of parameters in the model: 5998
Total number of parameters in the contexts: 3492


=== Beginning meta training ... ===
    Number of examples in a batch: 9
    Total number of batches : 1
    Numbers of inner steps : 5
    Training on 1 batches
    Validating on 1 batches
     ### (Re)Compiling function: outer_train_step ...  
     ### (Re)Compiling function: inner_train_step ...  
Epoch:   0      Batch:   0    Loss: 1.37032914     ContextsNorm: 0.00157110
     ### (Re)Compiling function: adapt_step_cavia ...  
     Validation Criterion: 0.97641134
     Saving best model so far ...
Epoch: 100      Batch:   0    Loss: 0.01361110     ContextsNorm: 0.01328686
     ### (Re)Compiling function: adapt_step_cavia ...  
     Validation Criterion: 0.24738239
     Saving best model so far ...
Epoch: 200      Batch:   0    Loss: 0.00706049     ContextsNorm: 0.01392054
     ### (Re)Compiling function: adapt_step_cavia ...  
     Validation Criterion: 0.27247706
Epoch: 300      Batch:   0    Loss: 0.00489922     ContextsNorm: 0.01534469
     ### (Re)Compiling function: adapt_step_cavia ...  
     Validation Criterion: 0.53788322
Epoch: 400      Batch:   0    Loss: 0.00343231     ContextsNorm: 0.01828162
     ### (Re)Compiling function: adapt_step_cavia ...  
     Validation Criterion: 0.60492015
Epoch: 500      Batch:   0    Loss: 0.00237168     ContextsNorm: 0.01813234
     ### (Re)Compiling function: adapt_step_cavia ...  
     Validation Criterion: 0.46157798
Epoch: 600      Batch:   0    Loss: 0.00198033     ContextsNorm: 0.01857267
     ### (Re)Compiling function: adapt_step_cavia ...  
     Validation Criterion: 0.42470151
Epoch: 700      Batch:   0    Loss: 0.00205822     ContextsNorm: 0.01749621
     ### (Re)Compiling function: adapt_step_cavia ...  
     Validation Criterion: 0.37829575
Epoch: 800      Batch:   0    Loss: 0.00101165     ContextsNorm: 0.01568707
     ### (Re)Compiling function: adapt_step_cavia ...  
     Validation Criterion: 0.32624072
Epoch: 900      Batch:   0    Loss: 0.00078942     ContextsNorm: 0.01402838
     ### (Re)Compiling function: adapt_step_cavia ...  
     Validation Criterion: 0.27572343
Epoch: 1000      Batch:   0    Loss: 0.00057864     ContextsNorm: 0.01338471
     ### (Re)Compiling function: adapt_step_cavia ...  
     Validation Criterion: 0.25614902
Epoch: 1100      Batch:   0    Loss: 0.00046764     ContextsNorm: 0.01112932
     ### (Re)Compiling function: adapt_step_cavia ...  
     Validation Criterion: 0.18606783
     Saving best model so far ...
Epoch: 1200      Batch:   0    Loss: 0.00040193     ContextsNorm: 0.00990390
     ### (Re)Compiling function: adapt_step_cavia ...  
     Validation Criterion: 0.15382980
     Saving best model so far ...
Epoch: 1300      Batch:   0    Loss: 0.00029448     ContextsNorm: 0.00781246
     ### (Re)Compiling function: adapt_step_cavia ...  
     Validation Criterion: 0.10379108
     Saving best model so far ...
Epoch: 1400      Batch:   0    Loss: 0.00032217     ContextsNorm: 0.00648913
     ### (Re)Compiling function: adapt_step_cavia ...  
     Validation Criterion: 0.08161281
     Saving best model so far ...
Epoch: 1500      Batch:   0    Loss: 0.00033375     ContextsNorm: 0.00538181
     ### (Re)Compiling function: adapt_step_cavia ...  
     Validation Criterion: 0.05770082
     Saving best model so far ...
Epoch: 1600      Batch:   0    Loss: 0.00025597     ContextsNorm: 0.00493924
     ### (Re)Compiling function: adapt_step_cavia ...  
     Validation Criterion: 0.05503746
     Saving best model so far ...
Epoch: 1700      Batch:   0    Loss: 0.00022718     ContextsNorm: 0.00515408
     ### (Re)Compiling function: adapt_step_cavia ...  
     Validation Criterion: 0.06012939
Epoch: 1800      Batch:   0    Loss: 0.00020728     ContextsNorm: 0.00530060
     ### (Re)Compiling function: adapt_step_cavia ...  
     Validation Criterion: 0.06335278
Epoch: 1900      Batch:   0    Loss: 0.00021981     ContextsNorm: 0.00492814
     ### (Re)Compiling function: adapt_step_cavia ...  
     Validation Criterion: 0.05532131
Epoch: 2000      Batch:   0    Loss: 0.00021021     ContextsNorm: 0.00486098
     ### (Re)Compiling function: adapt_step_cavia ...  
     Validation Criterion: 0.05444298
     Saving best model so far ...
Epoch: 2100      Batch:   0    Loss: 0.00020211     ContextsNorm: 0.00391756
     ### (Re)Compiling function: adapt_step_cavia ...  
     Validation Criterion: 0.04100484
     Saving best model so far ...
Epoch: 2200      Batch:   0    Loss: 0.00018042     ContextsNorm: 0.00411156
     ### (Re)Compiling function: adapt_step_cavia ...  
     Validation Criterion: 0.04790991
Epoch: 2300      Batch:   0    Loss: 0.00016938     ContextsNorm: 0.00354769
     ### (Re)Compiling function: adapt_step_cavia ...  
     Validation Criterion: 0.03721039
     Saving best model so far ...
Epoch: 2400      Batch:   0    Loss: 0.00016566     ContextsNorm: 0.00351331
     ### (Re)Compiling function: adapt_step_cavia ...  
     Validation Criterion: 0.03746792
Epoch: 2500      Batch:   0    Loss: 0.00019925     ContextsNorm: 0.00326990
     ### (Re)Compiling function: adapt_step_cavia ...  
     Validation Criterion: 0.03541006
     Saving best model so far ...
Epoch: 2600      Batch:   0    Loss: 0.00014070     ContextsNorm: 0.00323643
     ### (Re)Compiling function: adapt_step_cavia ...  
     Validation Criterion: 0.03360512
     Saving best model so far ...
Epoch: 2700      Batch:   0    Loss: 0.00013530     ContextsNorm: 0.00304275
     ### (Re)Compiling function: adapt_step_cavia ...  
     Validation Criterion: 0.03046834
     Saving best model so far ...
Epoch: 2800      Batch:   0    Loss: 0.00026991     ContextsNorm: 0.00285465
     ### (Re)Compiling function: adapt_step_cavia ...  
     Validation Criterion: 0.02697295
     Saving best model so far ...
Epoch: 2900      Batch:   0    Loss: 0.00011746     ContextsNorm: 0.00308609
     ### (Re)Compiling function: adapt_step_cavia ...  
     Validation Criterion: 0.02884916
Epoch: 3000      Batch:   0    Loss: 0.00017446     ContextsNorm: 0.00304231
     ### (Re)Compiling function: adapt_step_cavia ...  
     Validation Criterion: 0.02728642
Epoch: 3100      Batch:   0    Loss: 0.00011137     ContextsNorm: 0.00315453
     ### (Re)Compiling function: adapt_step_cavia ...  
     Validation Criterion: 0.03127884
Epoch: 3200      Batch:   0    Loss: 0.00016519     ContextsNorm: 0.00315602
     ### (Re)Compiling function: adapt_step_cavia ...  
     Validation Criterion: 0.03219154
Epoch: 3300      Batch:   0    Loss: 0.00009918     ContextsNorm: 0.00313429
     ### (Re)Compiling function: adapt_step_cavia ...  
     Validation Criterion: 0.03128647
Epoch: 3400      Batch:   0    Loss: 0.00014605     ContextsNorm: 0.00310130
     ### (Re)Compiling function: adapt_step_cavia ...  
     Validation Criterion: 0.02973097
Epoch: 3500      Batch:   0    Loss: 0.00009853     ContextsNorm: 0.00306898
     ### (Re)Compiling function: adapt_step_cavia ...  
     Validation Criterion: 0.02950141
Epoch: 3600      Batch:   0    Loss: 0.00010756     ContextsNorm: 0.00313753
     ### (Re)Compiling function: adapt_step_cavia ...  
     Validation Criterion: 0.02957509
Epoch: 3700      Batch:   0    Loss: 0.00008668     ContextsNorm: 0.00312484
     ### (Re)Compiling function: adapt_step_cavia ...  
     Validation Criterion: 0.03092156
Epoch: 3800      Batch:   0    Loss: 0.00016551     ContextsNorm: 0.00312398
     ### (Re)Compiling function: adapt_step_cavia ...  
     Validation Criterion: 0.03038315
Epoch: 3900      Batch:   0    Loss: 0.00019471     ContextsNorm: 0.00312896
     ### (Re)Compiling function: adapt_step_cavia ...  
     Validation Criterion: 0.03021578
Epoch: 4000      Batch:   0    Loss: 0.00009912     ContextsNorm: 0.00318052
     ### (Re)Compiling function: adapt_step_cavia ...  
     Validation Criterion: 0.02901794
Epoch: 4100      Batch:   0    Loss: 0.00011575     ContextsNorm: 0.00313276
     ### (Re)Compiling function: adapt_step_cavia ...  
     Validation Criterion: 0.03082899
Epoch: 4200      Batch:   0    Loss: 0.00007477     ContextsNorm: 0.00322405
     ### (Re)Compiling function: adapt_step_cavia ...  
     Validation Criterion: 0.03050811
Epoch: 4300      Batch:   0    Loss: 0.00009145     ContextsNorm: 0.00314226
     ### (Re)Compiling function: adapt_step_cavia ...  
     Validation Criterion: 0.03150329
Epoch: 4400      Batch:   0    Loss: 0.00007068     ContextsNorm: 0.00319870
     ### (Re)Compiling function: adapt_step_cavia ...  
     Validation Criterion: 0.03153087
Epoch: 4500      Batch:   0    Loss: 0.00016034     ContextsNorm: 0.00328501
     ### (Re)Compiling function: adapt_step_cavia ...  
     Validation Criterion: 0.03605617
Epoch: 4600      Batch:   0    Loss: 0.00012593     ContextsNorm: 0.00311989
     ### (Re)Compiling function: adapt_step_cavia ...  
     Validation Criterion: 0.03125196
Epoch: 4700      Batch:   0    Loss: 0.00009376     ContextsNorm: 0.00329223
     ### (Re)Compiling function: adapt_step_cavia ...  
     Validation Criterion: 0.03308180
Epoch: 4800      Batch:   0    Loss: 0.00006668     ContextsNorm: 0.00323854
     ### (Re)Compiling function: adapt_step_cavia ...  
     Validation Criterion: 0.03059787
Epoch: 4900      Batch:   0    Loss: 0.00007596     ContextsNorm: 0.00335213
     ### (Re)Compiling function: adapt_step_cavia ...  
     Validation Criterion: 0.03086315
Epoch: 4999      Batch:   0    Loss: 0.00012502     ContextsNorm: 0.00333038

Total gradient descent training time: 0 hours 54 mins 52 secs
    Creating a new model with taylor order 0 ...
Using any previrouly defined optimizer for adapation


=== Beginning adaptation ... ===
    Number of environment batches: 1
    Number of envs train steps per batch: 5
    Total number of training steps: 5
     ### (Re)Compiling function: adapt_step_cavia ...  
    Batch:   0     Loss: 0.00151734        OtherNorms: [0.00151734 0.00470455 0.        ]
Total gradient descent adaptation time: 0 hours 0 mins 1 secs
==  Testing finished ... ==
    Criterion loss value: 0.03086315
==  Begining artefacts visualisation ... ==
    Visualized context dimensions along x: [9 9 4]
    Visualized context dimensions along y: [ 4 10  8]
Saving artefacts in: ./240723-225928/artefacts.png
==  Begining in-domain dynamics visualisation ... ==
    Trajectory id: 0
    Visualized dimensions: (0, 1)
Testing finished. Figure saved in: ./240723-225928/dynamics.png
    Creating a new model with taylor order 0 ...
Using any previrouly defined optimizer for adapation


=== Beginning adaptation ... ===
    Number of environment batches: 1
    Number of envs train steps per batch: 5
    Total number of training steps: 5
     ### (Re)Compiling function: adapt_step_cavia ...  
    Batch:   0     Loss: 0.00048595        OtherNorms: [0.00048595 0.00414013 0.        ]
Total gradient descent adaptation time: 0 hours 0 mins 1 secs
==  Testing finished ... ==
    Criterion loss value: 0.021617047
==  Begining artefacts visualisation ... ==
    Visualized context dimensions along x: [9 9 4]
    Visualized context dimensions along y: [ 4 10  8]
Saving artefacts in: ./240723-225928/adapt/artefacts.png
