
############# Contextual Self-Modulation #############

Jax version: 0.4.28
Available devices: [cuda(id=0)]
New run folder created successfuly: ./CAVIA/240822-144202/
Completed copied scripts 
    Using all environments to estimate the global training loss function ...


Total number of parameters in the model: 7459
Total number of parameters in one context: 128


=== Beginning Meta-Training ... ===
    Number of examples in a batch: 252
    Total number of batches : 646
    Numbers of inner steps : 5
    Training on 1 batches
    Validating on 1 batches
     ### (Re)Compiling function: outer_train_step ...  
     ### (Re)Compiling function: inner_train_step ...  
Epoch:   0      Batch:   0    Loss: 0.59478998     ContextsNorm: 0.00000000      WallTime(s):      2
     ### (Re)Compiling function: adapt_step_cavia ...  
        Validation Criterion: 0.52984065
        Saving best model so far ...
Epoch: 100      Batch:   0    Loss: 0.08302397     ContextsNorm: 0.00000000      WallTime(s):     94
     ### (Re)Compiling function: adapt_step_cavia ...  
        Validation Criterion: 0.08311335
        Saving best model so far ...
Epoch: 200      Batch:   0    Loss: 0.08277799     ContextsNorm: 0.00000000      WallTime(s):    188
     ### (Re)Compiling function: adapt_step_cavia ...  
        Validation Criterion: 0.08287413
        Saving best model so far ...
Epoch: 300      Batch:   0    Loss: 0.06577884     ContextsNorm: 0.00000000      WallTime(s):    281
     ### (Re)Compiling function: adapt_step_cavia ...  
        Validation Criterion: 0.06729685
        Saving best model so far ...
Epoch: 400      Batch:   0    Loss: 0.06443213     ContextsNorm: 0.00000000      WallTime(s):    375
     ### (Re)Compiling function: adapt_step_cavia ...  
        Validation Criterion: 0.06628141
        Saving best model so far ...
Epoch: 500      Batch:   0    Loss: 0.06433910     ContextsNorm: 0.00000000      WallTime(s):    470
     ### (Re)Compiling function: adapt_step_cavia ...  
        Validation Criterion: 0.06614054
        Saving best model so far ...
Epoch: 600      Batch:   0    Loss: 0.06427035     ContextsNorm: 0.00000000      WallTime(s):    564
     ### (Re)Compiling function: adapt_step_cavia ...  
        Validation Criterion: 0.06603675
        Saving best model so far ...
Epoch: 700      Batch:   0    Loss: 0.06418893     ContextsNorm: 0.00000000      WallTime(s):    660
     ### (Re)Compiling function: adapt_step_cavia ...  
        Validation Criterion: 0.06593296
        Saving best model so far ...
Epoch: 800      Batch:   0    Loss: 0.06407812     ContextsNorm: 0.00000000      WallTime(s):    754
     ### (Re)Compiling function: adapt_step_cavia ...  
        Validation Criterion: 0.06580514
        Saving best model so far ...
Epoch: 900      Batch:   0    Loss: 0.06392080     ContextsNorm: 0.00000000      WallTime(s):    850
     ### (Re)Compiling function: adapt_step_cavia ...  
        Validation Criterion: 0.06563947
        Saving best model so far ...
Epoch: 1000      Batch:   0    Loss: 0.06371362     ContextsNorm: 0.00000000      WallTime(s):    945
     ### (Re)Compiling function: adapt_step_cavia ...  
        Validation Criterion: 0.06543826
        Saving best model so far ...
Epoch: 1100      Batch:   0    Loss: 0.06348918     ContextsNorm: 0.00000000      WallTime(s):   1040
     ### (Re)Compiling function: adapt_step_cavia ...  
        Validation Criterion: 0.06525980
        Saving best model so far ...
Epoch: 1200      Batch:   0    Loss: 0.06328061     ContextsNorm: 0.00000000      WallTime(s):   1136
     ### (Re)Compiling function: adapt_step_cavia ...  
        Validation Criterion: 0.06505367
        Saving best model so far ...
Epoch: 1300      Batch:   0    Loss: 0.06305489     ContextsNorm: 0.00000000      WallTime(s):   1231
     ### (Re)Compiling function: adapt_step_cavia ...  
        Validation Criterion: 0.06480324
        Saving best model so far ...
Epoch: 1400      Batch:   0    Loss: 0.06280987     ContextsNorm: 0.00000000      WallTime(s):   1328
     ### (Re)Compiling function: adapt_step_cavia ...  
        Validation Criterion: 0.06451469
        Saving best model so far ...
Epoch: 1500      Batch:   0    Loss: 0.06254108     ContextsNorm: 0.00000000      WallTime(s):   1425
     ### (Re)Compiling function: adapt_step_cavia ...  
        Validation Criterion: 0.06417887
        Saving best model so far ...
Epoch: 1600      Batch:   0    Loss: 0.06230064     ContextsNorm: 0.00000000      WallTime(s):   1520
     ### (Re)Compiling function: adapt_step_cavia ...  
        Validation Criterion: 0.06385510
        Saving best model so far ...
Epoch: 1700      Batch:   0    Loss: 0.06215157     ContextsNorm: 0.00000000      WallTime(s):   1616
     ### (Re)Compiling function: adapt_step_cavia ...  
        Validation Criterion: 0.06363114
        Saving best model so far ...
Epoch: 1800      Batch:   0    Loss: 0.06207513     ContextsNorm: 0.00000000      WallTime(s):   1711
     ### (Re)Compiling function: adapt_step_cavia ...  
        Validation Criterion: 0.06351993
        Saving best model so far ...
Epoch: 1900      Batch:   0    Loss: 0.06196188     ContextsNorm: 0.00000000      WallTime(s):   1808
     ### (Re)Compiling function: adapt_step_cavia ...  
        Validation Criterion: 0.06340329
        Saving best model so far ...
Epoch: 1999      Batch:   0    Loss: 0.05863218     ContextsNorm: 0.00000000      WallTime(s):   1902
     ### (Re)Compiling function: adapt_step_cavia ...  
        Validation Criterion: 0.06222699
        Saving best model so far ...

Total gradient descent training time: 0 hours 31 mins 44 secs
Using any previrouly defined optimizer for adapation

=== Beginning Meta-Testing ... ===
    Number of environment batches: 646
    Number of envs train steps per batch: 5
    Total number of training steps: 3230
    Adapting on 1 batches
     ### (Re)Compiling function: adapt_step_cavia ...  
    Batch:   0     Loss: 0.06090531        OtherNorms: [0.06090531 0.         0.        ]
Total gradient descent adaptation time: 0 hours 0 mins 1 secs

    Test loss value: 6.22e-02 ± 2.13e-02
    Train loss value for criterion 0: 6.09e-02

==  Begining artefacts visualisation ... ==
    Visualized context dimensions along x: [64 80 24]
    Visualized context dimensions along y: [ 38 100  62]
Saving artefacts in: ./CAVIA/240822-144202/artefacts.png

==  Begining in-domain CelebA visualisation ... ==
    Environment ids: range(0, 6)
     ### (Re)Compiling function: adapt_step_cavia ...  
Saving visualization in: ./CAVIA/240822-144202/few_shots_ind.png
Using any previrouly defined optimizer for adapation

=== Beginning Meta-Testing ... ===
    Number of environment batches: 79
    Number of envs train steps per batch: 5
    Total number of training steps: 395
    Adapting on 1 batches
     ### (Re)Compiling function: adapt_step_cavia ...  
    Batch:   0     Loss: 0.05685113        OtherNorms: [0.05685113 0.         0.        ]
Total gradient descent adaptation time: 0 hours 0 mins 1 secs

    Test loss value: 5.98e-02 ± 2.57e-02
    Train loss value for criterion 0: 5.69e-02
Using any previrouly defined optimizer for adapation

=== Beginning Meta-Testing ... ===
    Number of environment batches: 80
    Number of envs train steps per batch: 5
    Total number of training steps: 400
    Adapting on 1 batches
     ### (Re)Compiling function: adapt_step_cavia ...  
    Batch:   0     Loss: 0.05974832        OtherNorms: [0.05974832 0.         0.        ]
Total gradient descent adaptation time: 0 hours 0 mins 2 secs

    Test loss value: 6.18e-02 ± 2.51e-02
    Train loss value for criterion 0: 5.97e-02

==  Begining artefacts visualisation ... ==
    Visualized context dimensions along x: [64 80 24]
    Visualized context dimensions along y: [ 38 100  62]
No contexts found. Using zeros.
Saving artefacts in: ./CAVIA/240822-144202/adapt/artefacts.png

==  Begining in-domain CelebA visualisation ... ==
    Environment ids: range(0, 6)
     ### (Re)Compiling function: adapt_step_cavia ...  
Saving visualization in: ./CAVIA/240822-144202/adapt/few_shots_ood.png
