
############# Neural Context Flow #############

Jax version: 0.4.28
Available devices: [cuda(id=0)]
Running this script in ipython (Jupyter) session ? False
=== Parsed arguments to generate data ===
 Split: train
 Savepath: ./runs/240601-080700/
 Seed: 2026


############# Neural Context Flow #############

Jax version: 0.4.28
Available devices: [cuda(id=0)]
Running this script in ipython (Jupyter) session ? False
=== Parsed arguments to generate data ===
 Split: test
 Savepath: ./runs/240601-080700/
 Seed: 4052


############# Neural Context Flow #############

Jax version: 0.4.28
Available devices: [cuda(id=0)]
Run folder created successfuly: ./runs/240601-080700/
Completed copied scripts 


Total number of parameters in the vector field: 50064 




Total number of parameters in the context: 10624 


WARNING: No key provided, using time as seed


=== Beginning training with proximal alternating minimization ... ===
    Number of examples in a batch: 4
    Maximum number of steps per inner minimization: 10
    Maximum number of outer minimizations: 5000
    Maximum total number of training steps: 50000

Compiling function "train_step" for neural ode ...
Shapes of elements in a batch: (8, 4, 189, 2) (189,)

Compiling function "train_step" for context ...
Shapes of elements in a batch: (8, 4, 189, 2) (189,)
    Outer Step:     0      LossTrajs: 12.37631607     ContextsNorm: 0.09095465     ValIndCrit: 11.90135574
        Saving best model so far ...
        -NbInnerStepsNode:    1
        -NbInnerStepsCxt:    1
        -InnerToleranceNode: 2.00e-11
        -InnerToleranceCtx:  1.00e-10
        -DiffNode: 6.13e-05
        -DiffCxt:  2.04e-05
    Outer Step:     1      LossTrajs: 10.11378765     ContextsNorm: 0.09108517     ValIndCrit: 9.71362495
        Saving best model so far ...
        -NbInnerStepsNode:   10
        -NbInnerStepsCxt:   10
        -InnerToleranceNode: 2.00e-11
        -InnerToleranceCtx:  1.00e-10
        -DiffNode: 3.90e-05
        -DiffCxt:  1.73e-05
    Outer Step:     2      LossTrajs: 8.32342529     ContextsNorm: 0.09110063     ValIndCrit: 8.08374214
        Saving best model so far ...
        -NbInnerStepsNode:   10
        -NbInnerStepsCxt:   10
        -InnerToleranceNode: 2.00e-11
        -InnerToleranceCtx:  1.00e-10
        -DiffNode: 1.57e-05
        -DiffCxt:  1.01e-05
    Outer Step:     3      LossTrajs: 8.11809349     ContextsNorm: 0.09112319     ValIndCrit: 8.07304382
        Saving best model so far ...
        -NbInnerStepsNode:   10
        -NbInnerStepsCxt:   10
        -InnerToleranceNode: 2.00e-11
        -InnerToleranceCtx:  1.00e-10
        -DiffNode: 1.06e-05
        -DiffCxt:  4.84e-06
    Outer Step:   100      LossTrajs: 1.46335435     ContextsNorm: 0.10023053     ValIndCrit: 6.59064102
        Saving best model so far ...
        -NbInnerStepsNode:   10
        -NbInnerStepsCxt:   10
        -InnerToleranceNode: 2.00e-11
        -InnerToleranceCtx:  1.00e-10
        -DiffNode: 1.20e-05
        -DiffCxt:  2.68e-06
    Outer Step:   200      LossTrajs: 0.05831188     ContextsNorm: 0.10139346     ValIndCrit: 0.41989630
        Saving best model so far ...
        -NbInnerStepsNode:   10
        -NbInnerStepsCxt:   10
        -InnerToleranceNode: 2.00e-11
        -InnerToleranceCtx:  1.00e-10
        -DiffNode: 4.15e-09
        -DiffCxt:  9.19e-09
    Outer Step:   300      LossTrajs: 0.02480600     ContextsNorm: 0.10149978     ValIndCrit: 0.25790155
        Saving best model so far ...
        -NbInnerStepsNode:   10
        -NbInnerStepsCxt:   10
        -InnerToleranceNode: 2.00e-11
        -InnerToleranceCtx:  1.00e-10
        -DiffNode: 1.46e-08
        -DiffCxt:  4.33e-08
    Outer Step:   400      LossTrajs: 0.01925218     ContextsNorm: 0.10148905     ValIndCrit: 0.20001695
        Saving best model so far ...
        -NbInnerStepsNode:   10
        -NbInnerStepsCxt:   10
        -InnerToleranceNode: 2.00e-11
        -InnerToleranceCtx:  1.00e-10
        -DiffNode: 1.11e-09
        -DiffCxt:  2.18e-09
    Outer Step:   500      LossTrajs: 0.02084333     ContextsNorm: 0.10144591     ValIndCrit: 0.17069745
        Saving best model so far ...
        -NbInnerStepsNode:   10
        -NbInnerStepsCxt:   10
        -InnerToleranceNode: 2.00e-11
        -InnerToleranceCtx:  1.00e-10
        -DiffNode: 1.31e-08
        -DiffCxt:  4.88e-09
    Outer Step:   600      LossTrajs: 0.01514906     ContextsNorm: 0.10144715     ValIndCrit: 0.15058059
        Saving best model so far ...
        -NbInnerStepsNode:   10
        -NbInnerStepsCxt:   10
        -InnerToleranceNode: 2.00e-11
        -InnerToleranceCtx:  1.00e-10
        -DiffNode: 6.13e-09
        -DiffCxt:  9.35e-09
    Outer Step:   700      LossTrajs: 0.00967454     ContextsNorm: 0.10147610     ValIndCrit: 0.13370435
        Saving best model so far ...
        -NbInnerStepsNode:   10
        -NbInnerStepsCxt:   10
        -InnerToleranceNode: 2.00e-11
        -InnerToleranceCtx:  1.00e-10
        -DiffNode: 3.43e-09
        -DiffCxt:  4.48e-09
    Outer Step:   800      LossTrajs: 0.02786463     ContextsNorm: 0.10161319     ValIndCrit: 0.15640917
        -NbInnerStepsNode:   10
        -NbInnerStepsCxt:   10
        -InnerToleranceNode: 2.00e-11
        -InnerToleranceCtx:  1.00e-10
        -DiffNode: 2.71e-07
        -DiffCxt:  3.99e-07
    Outer Step:   900      LossTrajs: 0.01193285     ContextsNorm: 0.10169101     ValIndCrit: 0.11350776
        Saving best model so far ...
        -NbInnerStepsNode:   10
        -NbInnerStepsCxt:   10
        -InnerToleranceNode: 2.00e-11
        -InnerToleranceCtx:  1.00e-10
        -DiffNode: 3.75e-08
        -DiffCxt:  5.26e-08
    Outer Step:  1000      LossTrajs: 0.00773335     ContextsNorm: 0.10183678     ValIndCrit: 0.10108542
        Saving best model so far ...
        -NbInnerStepsNode:   10
        -NbInnerStepsCxt:   10
        -InnerToleranceNode: 2.00e-11
        -InnerToleranceCtx:  1.00e-10
        -DiffNode: 8.98e-09
        -DiffCxt:  1.38e-08
    Outer Step:  1100      LossTrajs: 0.01090678     ContextsNorm: 0.10196830     ValIndCrit: 0.09648973
        Saving best model so far ...
        -NbInnerStepsNode:   10
        -NbInnerStepsCxt:   10
        -InnerToleranceNode: 2.00e-11
        -InnerToleranceCtx:  1.00e-10
        -DiffNode: 1.13e-07
        -DiffCxt:  6.98e-08
    Outer Step:  1200      LossTrajs: 0.00885192     ContextsNorm: 0.10212295     ValIndCrit: 0.08925885
        Saving best model so far ...
        -NbInnerStepsNode:   10
        -NbInnerStepsCxt:   10
        -InnerToleranceNode: 2.00e-11
        -InnerToleranceCtx:  1.00e-10
        -DiffNode: 8.19e-09
        -DiffCxt:  1.28e-08
    Outer Step:  1300      LossTrajs: 0.00641567     ContextsNorm: 0.10215487     ValIndCrit: 0.08466317
        Saving best model so far ...
        -NbInnerStepsNode:   10
        -NbInnerStepsCxt:   10
        -InnerToleranceNode: 2.00e-11
        -InnerToleranceCtx:  1.00e-10
        -DiffNode: 8.36e-09
        -DiffCxt:  1.15e-08
    Outer Step:  1400      LossTrajs: 0.00445636     ContextsNorm: 0.10217746     ValIndCrit: 0.07774031
        Saving best model so far ...
        -NbInnerStepsNode:   10
        -NbInnerStepsCxt:   10
        -InnerToleranceNode: 2.00e-11
        -InnerToleranceCtx:  1.00e-10
        -DiffNode: 7.14e-09
        -DiffCxt:  6.99e-09
    Outer Step:  1500      LossTrajs: 0.00493986     ContextsNorm: 0.10229935     ValIndCrit: 0.07355846
        Saving best model so far ...
        -NbInnerStepsNode:   10
        -NbInnerStepsCxt:   10
        -InnerToleranceNode: 2.00e-11
        -InnerToleranceCtx:  1.00e-10
        -DiffNode: 7.29e-08
        -DiffCxt:  8.16e-08
    Outer Step:  1600      LossTrajs: 0.00398339     ContextsNorm: 0.10240072     ValIndCrit: 0.06964501
        Saving best model so far ...
        -NbInnerStepsNode:   10
        -NbInnerStepsCxt:   10
        -InnerToleranceNode: 2.00e-11
        -InnerToleranceCtx:  1.00e-10
        -DiffNode: 1.28e-08
        -DiffCxt:  2.03e-08
    Outer Step:  1700      LossTrajs: 0.00351749     ContextsNorm: 0.10237420     ValIndCrit: 0.06310491
        Saving best model so far ...
        -NbInnerStepsNode:   10
        -NbInnerStepsCxt:   10
        -InnerToleranceNode: 2.00e-11
        -InnerToleranceCtx:  1.00e-10
        -DiffNode: 9.33e-09
        -DiffCxt:  9.37e-09
    Outer Step:  1800      LossTrajs: 0.00352921     ContextsNorm: 0.10243274     ValIndCrit: 0.06025701
        Saving best model so far ...
        -NbInnerStepsNode:   10
        -NbInnerStepsCxt:   10
        -InnerToleranceNode: 2.00e-11
        -InnerToleranceCtx:  1.00e-10
        -DiffNode: 3.39e-09
        -DiffCxt:  4.52e-09
    Outer Step:  1900      LossTrajs: 0.00976760     ContextsNorm: 0.10245875     ValIndCrit: 0.05599076
        Saving best model so far ...
        -NbInnerStepsNode:   10
        -NbInnerStepsCxt:   10
        -InnerToleranceNode: 2.00e-11
        -InnerToleranceCtx:  1.00e-10
        -DiffNode: 1.51e-07
        -DiffCxt:  6.93e-08
    Outer Step:  2000      LossTrajs: 0.00616147     ContextsNorm: 0.10256299     ValIndCrit: 0.05444614
        Saving best model so far ...
        -NbInnerStepsNode:   10
        -NbInnerStepsCxt:   10
        -InnerToleranceNode: 2.00e-11
        -InnerToleranceCtx:  1.00e-10
        -DiffNode: 3.10e-08
        -DiffCxt:  2.18e-08
    Outer Step:  2100      LossTrajs: 0.01468644     ContextsNorm: 0.10258634     ValIndCrit: 0.05012829
        Saving best model so far ...
        -NbInnerStepsNode:   10
        -NbInnerStepsCxt:   10
        -InnerToleranceNode: 2.00e-11
        -InnerToleranceCtx:  1.00e-10
        -DiffNode: 8.13e-08
        -DiffCxt:  4.28e-08
    Outer Step:  2200      LossTrajs: 0.00311025     ContextsNorm: 0.10262116     ValIndCrit: 0.04672801
        Saving best model so far ...
        -NbInnerStepsNode:   10
        -NbInnerStepsCxt:   10
        -InnerToleranceNode: 2.00e-11
        -InnerToleranceCtx:  1.00e-10
        -DiffNode: 8.34e-09
        -DiffCxt:  1.06e-08
    Outer Step:  2300      LossTrajs: 0.00757130     ContextsNorm: 0.10280506     ValIndCrit: 0.04613436
        Saving best model so far ...
        -NbInnerStepsNode:   10
        -NbInnerStepsCxt:   10
        -InnerToleranceNode: 2.00e-11
        -InnerToleranceCtx:  1.00e-10
        -DiffNode: 5.15e-08
        -DiffCxt:  3.14e-08
    Outer Step:  2400      LossTrajs: 0.00282734     ContextsNorm: 0.10281917     ValIndCrit: 0.04243506
        Saving best model so far ...
        -NbInnerStepsNode:   10
        -NbInnerStepsCxt:   10
        -InnerToleranceNode: 2.00e-11
        -InnerToleranceCtx:  1.00e-10
        -DiffNode: 3.28e-09
        -DiffCxt:  3.20e-09
    Outer Step:  2500      LossTrajs: 0.00245297     ContextsNorm: 0.10293552     ValIndCrit: 0.04068232
        Saving best model so far ...
        -NbInnerStepsNode:   10
        -NbInnerStepsCxt:   10
        -InnerToleranceNode: 2.00e-11
        -InnerToleranceCtx:  1.00e-10
        -DiffNode: 4.31e-09
        -DiffCxt:  4.36e-09
    Outer Step:  2600      LossTrajs: 0.00339725     ContextsNorm: 0.10312123     ValIndCrit: 0.03884163
        Saving best model so far ...
        -NbInnerStepsNode:   10
        -NbInnerStepsCxt:   10
        -InnerToleranceNode: 2.00e-11
        -InnerToleranceCtx:  1.00e-10
        -DiffNode: 5.03e-08
        -DiffCxt:  1.01e-07
    Outer Step:  2700      LossTrajs: 0.00257237     ContextsNorm: 0.10320545     ValIndCrit: 0.03703922
        Saving best model so far ...
        -NbInnerStepsNode:   10
        -NbInnerStepsCxt:   10
        -InnerToleranceNode: 2.00e-11
        -InnerToleranceCtx:  1.00e-10
        -DiffNode: 5.94e-09
        -DiffCxt:  3.60e-09
    Outer Step:  2800      LossTrajs: 0.00243684     ContextsNorm: 0.10332534     ValIndCrit: 0.03705312
        -NbInnerStepsNode:   10
        -NbInnerStepsCxt:   10
        -InnerToleranceNode: 2.00e-11
        -InnerToleranceCtx:  1.00e-10
        -DiffNode: 2.84e-08
        -DiffCxt:  5.15e-08
    Outer Step:  2900      LossTrajs: 0.00361604     ContextsNorm: 0.10347024     ValIndCrit: 0.03442261
        Saving best model so far ...
        -NbInnerStepsNode:   10
        -NbInnerStepsCxt:   10
        -InnerToleranceNode: 2.00e-11
        -InnerToleranceCtx:  1.00e-10
        -DiffNode: 4.19e-08
        -DiffCxt:  4.25e-08
    Outer Step:  3000      LossTrajs: 0.00302795     ContextsNorm: 0.10352274     ValIndCrit: 0.03270937
        Saving best model so far ...
        -NbInnerStepsNode:   10
        -NbInnerStepsCxt:   10
        -InnerToleranceNode: 2.00e-11
        -InnerToleranceCtx:  1.00e-10
        -DiffNode: 3.75e-08
        -DiffCxt:  4.01e-08
    Outer Step:  3100      LossTrajs: 0.00281604     ContextsNorm: 0.10358287     ValIndCrit: 0.03167412
        Saving best model so far ...
        -NbInnerStepsNode:   10
        -NbInnerStepsCxt:   10
        -InnerToleranceNode: 2.00e-11
        -InnerToleranceCtx:  1.00e-10
        -DiffNode: 3.29e-08
        -DiffCxt:  1.89e-08
    Outer Step:  3200      LossTrajs: 0.00239293     ContextsNorm: 0.10378966     ValIndCrit: 0.03032421
        Saving best model so far ...
        -NbInnerStepsNode:   10
        -NbInnerStepsCxt:   10
        -InnerToleranceNode: 2.00e-11
        -InnerToleranceCtx:  1.00e-10
        -DiffNode: 1.36e-08
        -DiffCxt:  7.13e-09
    Outer Step:  3300      LossTrajs: 0.00219833     ContextsNorm: 0.10364487     ValIndCrit: 0.02889608
        Saving best model so far ...
        -NbInnerStepsNode:   10
        -NbInnerStepsCxt:   10
        -InnerToleranceNode: 2.00e-11
        -InnerToleranceCtx:  1.00e-10
        -DiffNode: 1.31e-08
        -DiffCxt:  9.78e-09
    Outer Step:  3400      LossTrajs: 0.00274464     ContextsNorm: 0.10362516     ValIndCrit: 0.02782618
        Saving best model so far ...
        -NbInnerStepsNode:   10
        -NbInnerStepsCxt:   10
        -InnerToleranceNode: 2.00e-11
        -InnerToleranceCtx:  1.00e-10
        -DiffNode: 3.10e-08
        -DiffCxt:  2.01e-08
    Outer Step:  3500      LossTrajs: 0.00188283     ContextsNorm: 0.10390119     ValIndCrit: 0.02724186
        Saving best model so far ...
        -NbInnerStepsNode:   10
        -NbInnerStepsCxt:   10
        -InnerToleranceNode: 2.00e-11
        -InnerToleranceCtx:  1.00e-10
        -DiffNode: 2.75e-09
        -DiffCxt:  1.85e-09
    Outer Step:  3600      LossTrajs: 0.00211528     ContextsNorm: 0.10386035     ValIndCrit: 0.02681783
        Saving best model so far ...
        -NbInnerStepsNode:   10
        -NbInnerStepsCxt:   10
        -InnerToleranceNode: 2.00e-11
        -InnerToleranceCtx:  1.00e-10
        -DiffNode: 1.10e-08
        -DiffCxt:  9.46e-09
    Outer Step:  3700      LossTrajs: 0.00190656     ContextsNorm: 0.10393029     ValIndCrit: 0.02611095
        Saving best model so far ...
        -NbInnerStepsNode:   10
        -NbInnerStepsCxt:   10
        -InnerToleranceNode: 2.00e-11
        -InnerToleranceCtx:  1.00e-10
        -DiffNode: 2.68e-09
        -DiffCxt:  3.49e-09
    Outer Step:  3800      LossTrajs: 0.00177863     ContextsNorm: 0.10391675     ValIndCrit: 0.02541759
        Saving best model so far ...
        -NbInnerStepsNode:   10
        -NbInnerStepsCxt:   10
        -InnerToleranceNode: 2.00e-11
        -InnerToleranceCtx:  1.00e-10
        -DiffNode: 4.13e-09
        -DiffCxt:  4.27e-09
    Outer Step:  3900      LossTrajs: 0.00177763     ContextsNorm: 0.10397550     ValIndCrit: 0.02489329
        Saving best model so far ...
        -NbInnerStepsNode:   10
        -NbInnerStepsCxt:   10
        -InnerToleranceNode: 2.00e-11
        -InnerToleranceCtx:  1.00e-10
        -DiffNode: 7.42e-09
        -DiffCxt:  8.44e-09
    Outer Step:  4000      LossTrajs: 0.00169317     ContextsNorm: 0.10406113     ValIndCrit: 0.02377152
        Saving best model so far ...
        -NbInnerStepsNode:   10
        -NbInnerStepsCxt:   10
        -InnerToleranceNode: 2.00e-11
        -InnerToleranceCtx:  1.00e-10
        -DiffNode: 5.13e-09
        -DiffCxt:  9.18e-09
    Outer Step:  4100      LossTrajs: 0.00372978     ContextsNorm: 0.10428955     ValIndCrit: 0.02520523
        -NbInnerStepsNode:   10
        -NbInnerStepsCxt:   10
        -InnerToleranceNode: 2.00e-11
        -InnerToleranceCtx:  1.00e-10
        -DiffNode: 9.04e-08
        -DiffCxt:  8.19e-08
    Outer Step:  4200      LossTrajs: 0.00188429     ContextsNorm: 0.10425635     ValIndCrit: 0.02272016
        Saving best model so far ...
        -NbInnerStepsNode:   10
        -NbInnerStepsCxt:   10
        -InnerToleranceNode: 2.00e-11
        -InnerToleranceCtx:  1.00e-10
        -DiffNode: 6.48e-09
        -DiffCxt:  7.10e-09
    Outer Step:  4300      LossTrajs: 0.00179908     ContextsNorm: 0.10409143     ValIndCrit: 0.02216611
        Saving best model so far ...
        -NbInnerStepsNode:   10
        -NbInnerStepsCxt:   10
        -InnerToleranceNode: 2.00e-11
        -InnerToleranceCtx:  1.00e-10
        -DiffNode: 7.03e-09
        -DiffCxt:  7.00e-09
    Outer Step:  4400      LossTrajs: 0.00182204     ContextsNorm: 0.10441756     ValIndCrit: 0.02158209
        Saving best model so far ...
        -NbInnerStepsNode:   10
        -NbInnerStepsCxt:   10
        -InnerToleranceNode: 2.00e-11
        -InnerToleranceCtx:  1.00e-10
        -DiffNode: 9.31e-09
        -DiffCxt:  2.82e-08
    Outer Step:  4500      LossTrajs: 0.00161592     ContextsNorm: 0.10454684     ValIndCrit: 0.02117544
        Saving best model so far ...
        -NbInnerStepsNode:   10
        -NbInnerStepsCxt:   10
        -InnerToleranceNode: 2.00e-11
        -InnerToleranceCtx:  1.00e-10
        -DiffNode: 4.82e-09
        -DiffCxt:  3.80e-09
    Outer Step:  4600      LossTrajs: 0.00183513     ContextsNorm: 0.10446405     ValIndCrit: 0.02107641
        Saving best model so far ...
        -NbInnerStepsNode:   10
        -NbInnerStepsCxt:   10
        -InnerToleranceNode: 2.00e-11
        -InnerToleranceCtx:  1.00e-10
        -DiffNode: 7.60e-09
        -DiffCxt:  8.84e-09
    Outer Step:  4700      LossTrajs: 0.00196904     ContextsNorm: 0.10467351     ValIndCrit: 0.02084050
        Saving best model so far ...
        -NbInnerStepsNode:   10
        -NbInnerStepsCxt:   10
        -InnerToleranceNode: 2.00e-11
        -InnerToleranceCtx:  1.00e-10
        -DiffNode: 9.21e-09
        -DiffCxt:  7.58e-09
    Outer Step:  4800      LossTrajs: 0.00236764     ContextsNorm: 0.10479823     ValIndCrit: 0.02137038
        -NbInnerStepsNode:   10
        -NbInnerStepsCxt:   10
        -InnerToleranceNode: 2.00e-11
        -InnerToleranceCtx:  1.00e-10
        -DiffNode: 6.27e-08
        -DiffCxt:  1.09e-07
    Outer Step:  4900      LossTrajs: 0.00255462     ContextsNorm: 0.10466132     ValIndCrit: 0.01956115
        Saving best model so far ...
        -NbInnerStepsNode:   10
        -NbInnerStepsCxt:   10
        -InnerToleranceNode: 2.00e-11
        -InnerToleranceCtx:  1.00e-10
        -DiffNode: 1.20e-08
        -DiffCxt:  8.68e-09
    Outer Step:  4999      LossTrajs: 0.00202348     ContextsNorm: 0.10464743     ValIndCrit: 0.01928650
        Saving best model so far ...
        -NbInnerStepsNode:   10
        -NbInnerStepsCxt:   10
        -InnerToleranceNode: 2.00e-11
        -InnerToleranceCtx:  1.00e-10
        -DiffNode: 2.59e-08
        -DiffCxt:  3.35e-08

Total gradient descent training time: 4 hours 29 mins 45 secs
WARNING: No key provided, using time as seed
==  Begining in-domain testing ... ==
    Number of training environments: 8
    Final length of the training trajectories: 189
    Length of the testing trajectories: 189
Test Score (In-Domain): 0.019286502


############# Neural Context Flow #############

Jax version: 0.4.28
Available devices: [cuda(id=0)]
Running this script in ipython (Jupyter) session ? False
=== Parsed arguments to generate data ===
 Split: adapt
 Savepath: ./runs/240601-080700/adapt/
 Seed: 6078

==  Begining in-domain visualisation ... ==
    Environment id: 5
    Trajectory id: 14
    Visualized dimensions: (0, 1)
    Final length of the training trajectories: 189
    Length of the testing trajectories: 189
Testing finished. Figure saved in: ./runs/240601-080700/results_in_domain.png
WARNING: No key provided for the context initialization. Initializing at 0.


=== Beginning adaptation ... ===
    Number of examples in a batch: 12
    Number of train steps per epoch: 1
    Number of training epochs: 2000
    Total number of training steps: 2000
WARNING: No key provided, using time as seed

Compiling function "train_step" for context ...
Shapes of elements in a batch: (1, 12, 189, 2) (189,)
    Epoch:     0     LossContext: 0.54275763
    Epoch:     1     LossContext: 0.51761365
    Epoch:     2     LossContext: 0.49834636
    Epoch:     3     LossContext: 0.47230852
    Epoch:   100     LossContext: 0.02063844
    Epoch:   200     LossContext: 0.01930607
    Epoch:   300     LossContext: 0.01799619
    Epoch:   400     LossContext: 0.01751312
    Epoch:   500     LossContext: 0.01615843
    Epoch:   600     LossContext: 0.01561687
    Epoch:   700     LossContext: 0.01514697
    Epoch:   800     LossContext: 0.01424644
    Epoch:   900     LossContext: 0.01407496
    Epoch:  1000     LossContext: 0.01290622
    Epoch:  1100     LossContext: 0.01295421
    Epoch:  1200     LossContext: 0.01308911
    Epoch:  1300     LossContext: 0.01182121
    Epoch:  1400     LossContext: 0.01116977
    Epoch:  1500     LossContext: 0.01132680
    Epoch:  1600     LossContext: 0.01046482
    Epoch:  1700     LossContext: 0.01021607
    Epoch:  1800     LossContext: 0.01015334
    Epoch:  1900     LossContext: 0.00988277
    Epoch:  1999     LossContext: 0.00972502

Total gradient descent adaptation time: 0 hours 3 mins 43 secs

Saving adaptation parameters into ./runs/240601-080700/adapt/ folder with id 170846 ...

==  Begining out-of-distribution testing ... ==
    Number of training environments: 8
    Number of adaptation environments: 1
    Final length of the training trajectories: 189
    Length of the testing trajectories: 189
Test Score (OOD): 0.01033986

