
############# Contextual Self-Modulation #############

Jax version: 0.4.28
Available devices: [cuda(id=0)]
New run folder created successfuly: ./CAVIA/240822-040103/
Completed copied scripts 
    Using all environments to estimate the global training loss function ...


Total number of parameters in the model: 7459
Total number of parameters in one context: 128


=== Beginning Meta-Training ... ===
    Number of examples in a batch: 12
    Total number of batches : 13565
    Numbers of inner steps : 5
    Training on 1 batches
    Validating on 1 batches
     ### (Re)Compiling function: outer_train_step ...  
     ### (Re)Compiling function: inner_train_step ...  
Epoch:   0      Batch:   0    Loss: 0.57207084     ContextsNorm: 0.00000000      WallTime(s):      2
     ### (Re)Compiling function: adapt_step_cavia ...  
        Validation Criterion: 0.52512968
        Saving best model so far ...
Epoch: 100      Batch:   0    Loss: 0.07874699     ContextsNorm: 0.00000000      WallTime(s):     47
     ### (Re)Compiling function: adapt_step_cavia ...  
        Validation Criterion: 0.08319557
        Saving best model so far ...
Epoch: 200      Batch:   0    Loss: 0.07870796     ContextsNorm: 0.00000000      WallTime(s):     93
     ### (Re)Compiling function: adapt_step_cavia ...  
        Validation Criterion: 0.08302578
        Saving best model so far ...
Epoch: 300      Batch:   0    Loss: 0.06859326     ContextsNorm: 0.00000000      WallTime(s):    140
     ### (Re)Compiling function: adapt_step_cavia ...  
        Validation Criterion: 0.07192384
        Saving best model so far ...
Epoch: 400      Batch:   0    Loss: 0.06356212     ContextsNorm: 0.00000000      WallTime(s):    186
     ### (Re)Compiling function: adapt_step_cavia ...  
        Validation Criterion: 0.06792673
        Saving best model so far ...
Epoch: 500      Batch:   0    Loss: 0.06346535     ContextsNorm: 0.00000000      WallTime(s):    233
     ### (Re)Compiling function: adapt_step_cavia ...  
        Validation Criterion: 0.06772998
        Saving best model so far ...
Epoch: 600      Batch:   0    Loss: 0.06331287     ContextsNorm: 0.00000000      WallTime(s):    280
     ### (Re)Compiling function: adapt_step_cavia ...  
        Validation Criterion: 0.06752071
        Saving best model so far ...
Epoch: 700      Batch:   0    Loss: 0.06306454     ContextsNorm: 0.00000000      WallTime(s):    327
     ### (Re)Compiling function: adapt_step_cavia ...  
        Validation Criterion: 0.06726719
        Saving best model so far ...
Epoch: 800      Batch:   0    Loss: 0.06273516     ContextsNorm: 0.00000000      WallTime(s):    374
     ### (Re)Compiling function: adapt_step_cavia ...  
        Validation Criterion: 0.06699669
        Saving best model so far ...
Epoch: 900      Batch:   0    Loss: 0.06236916     ContextsNorm: 0.00000000      WallTime(s):    421
     ### (Re)Compiling function: adapt_step_cavia ...  
        Validation Criterion: 0.06667087
        Saving best model so far ...
Epoch: 1000      Batch:   0    Loss: 0.06192316     ContextsNorm: 0.00000000      WallTime(s):    468
     ### (Re)Compiling function: adapt_step_cavia ...  
        Validation Criterion: 0.06629063
        Saving best model so far ...
Epoch: 1100      Batch:   0    Loss: 0.06131650     ContextsNorm: 0.00000000      WallTime(s):    516
     ### (Re)Compiling function: adapt_step_cavia ...  
        Validation Criterion: 0.06577627
        Saving best model so far ...
Epoch: 1200      Batch:   0    Loss: 0.06045700     ContextsNorm: 0.00000000      WallTime(s):    563
     ### (Re)Compiling function: adapt_step_cavia ...  
        Validation Criterion: 0.06502094
        Saving best model so far ...
Epoch: 1300      Batch:   0    Loss: 0.05956519     ContextsNorm: 0.00000000      WallTime(s):    611
     ### (Re)Compiling function: adapt_step_cavia ...  
        Validation Criterion: 0.06416766
        Saving best model so far ...
Epoch: 1400      Batch:   0    Loss: 0.05911278     ContextsNorm: 0.00000000      WallTime(s):    658
     ### (Re)Compiling function: adapt_step_cavia ...  
        Validation Criterion: 0.06361782
        Saving best model so far ...
Epoch: 1500      Batch:   0    Loss: 0.05905712     ContextsNorm: 0.00000000      WallTime(s):    706
     ### (Re)Compiling function: adapt_step_cavia ...  
        Validation Criterion: 0.06352272
        Saving best model so far ...
Epoch: 1600      Batch:   0    Loss: 0.05896806     ContextsNorm: 0.00000000      WallTime(s):    754
     ### (Re)Compiling function: adapt_step_cavia ...  
        Validation Criterion: 0.06344711
        Saving best model so far ...
Epoch: 1700      Batch:   0    Loss: 0.05886365     ContextsNorm: 0.00000000      WallTime(s):    802
     ### (Re)Compiling function: adapt_step_cavia ...  
        Validation Criterion: 0.06337333
        Saving best model so far ...
Epoch: 1800      Batch:   0    Loss: 0.05874802     ContextsNorm: 0.00000000      WallTime(s):    850
     ### (Re)Compiling function: adapt_step_cavia ...  
        Validation Criterion: 0.06331195
        Saving best model so far ...
Epoch: 1900      Batch:   0    Loss: 0.05859022     ContextsNorm: 0.00000000      WallTime(s):    897
     ### (Re)Compiling function: adapt_step_cavia ...  
        Validation Criterion: 0.06322047
        Saving best model so far ...
Epoch: 1999      Batch:   0    Loss: 0.06078447     ContextsNorm: 0.00000000      WallTime(s):    945
     ### (Re)Compiling function: adapt_step_cavia ...  
        Validation Criterion: 0.06315321
        Saving best model so far ...

Total gradient descent training time: 0 hours 15 mins 46 secs
Using any previrouly defined optimizer for adapation

=== Beginning Meta-Testing ... ===
    Number of environment batches: 13565
    Number of envs train steps per batch: 5
    Total number of training steps: 67825
    Adapting on 1 batches
     ### (Re)Compiling function: adapt_step_cavia ...  
    Batch:   0     Loss: 0.06343618        OtherNorms: [0.06343618 0.         0.        ]
Total gradient descent adaptation time: 0 hours 0 mins 1 secs

    Test loss value: 6.32e-02 ± 1.90e-02
    Train loss value for criterion 0: 6.34e-02

==  Begining artefacts visualisation ... ==
    Visualized context dimensions along x: [64 80 24]
    Visualized context dimensions along y: [ 38 100  62]
Saving artefacts in: ./CAVIA/240822-040103/artefacts.png

==  Begining in-domain CelebA visualisation ... ==
    Environment ids: range(0, 6)
     ### (Re)Compiling function: adapt_step_cavia ...  
Saving visualization in: ./CAVIA/240822-040103/few_shots_ind.png
Using any previrouly defined optimizer for adapation

=== Beginning Meta-Testing ... ===
    Number of environment batches: 1656
    Number of envs train steps per batch: 5
    Total number of training steps: 8280
    Adapting on 1 batches
     ### (Re)Compiling function: adapt_step_cavia ...  
    Batch:   0     Loss: 0.06057639        OtherNorms: [0.06057639 0.         0.        ]
Total gradient descent adaptation time: 0 hours 0 mins 1 secs

    Test loss value: 6.40e-02 ± 2.12e-02
    Train loss value for criterion 0: 6.06e-02
Using any previrouly defined optimizer for adapation

=== Beginning Meta-Testing ... ===
    Number of environment batches: 1664
    Number of envs train steps per batch: 5
    Total number of training steps: 8320
    Adapting on 1 batches
     ### (Re)Compiling function: adapt_step_cavia ...  
    Batch:   0     Loss: 0.07139419        OtherNorms: [0.07139419 0.         0.        ]
Total gradient descent adaptation time: 0 hours 0 mins 1 secs

    Test loss value: 6.77e-02 ± 2.02e-02
    Train loss value for criterion 0: 7.14e-02

==  Begining artefacts visualisation ... ==
    Visualized context dimensions along x: [64 80 24]
    Visualized context dimensions along y: [ 38 100  62]
No contexts found. Using zeros.
Saving artefacts in: ./CAVIA/240822-040103/adapt/artefacts.png

==  Begining in-domain CelebA visualisation ... ==
    Environment ids: range(0, 6)
     ### (Re)Compiling function: adapt_step_cavia ...  
Saving visualization in: ./CAVIA/240822-040103/adapt/few_shots_ood.png
