
############# Contextual Self-Modulation #############

Jax version: 0.4.28
Available devices: [cuda(id=0)]
Created a new run folder at: ./240724-114523/
Completed copied scripts 


Total number of parameters in the model: 5998
Total number of parameters in the contexts: 3492


=== Beginning meta training ... ===
    Number of examples in a batch: 9
    Total number of batches : 1
    Numbers of inner steps : 5
    Training on 1 batches
    Validating on 1 batches
     ### (Re)Compiling function: outer_train_step ...  
     ### (Re)Compiling function: inner_train_step ...  
Epoch:   0      Batch:   0    Loss: 3.16918516     ContextsNorm: 0.00194313
     ### (Re)Compiling function: adapt_step_cavia ...  
     Validation Criterion: 2.46726012
     Saving best model so far ...
Epoch: 100      Batch:   0    Loss: 0.02989132     ContextsNorm: 0.03215857
     ### (Re)Compiling function: adapt_step_cavia ...  
     Validation Criterion: 1.03516626
     Saving best model so far ...
Epoch: 200      Batch:   0    Loss: 0.00825938     ContextsNorm: 0.01789500
     ### (Re)Compiling function: adapt_step_cavia ...  
     Validation Criterion: 0.43664008
     Saving best model so far ...
Epoch: 300      Batch:   0    Loss: 0.00501189     ContextsNorm: 0.01358691
     ### (Re)Compiling function: adapt_step_cavia ...  
     Validation Criterion: 0.29088542
     Saving best model so far ...
Epoch: 400      Batch:   0    Loss: 0.00383058     ContextsNorm: 0.01438340
     ### (Re)Compiling function: adapt_step_cavia ...  
     Validation Criterion: 0.28659540
     Saving best model so far ...
Epoch: 500      Batch:   0    Loss: 0.00325211     ContextsNorm: 0.01995428
     ### (Re)Compiling function: adapt_step_cavia ...  
     Validation Criterion: 0.43796459
Epoch: 600      Batch:   0    Loss: 0.00280173     ContextsNorm: 0.02172990
     ### (Re)Compiling function: adapt_step_cavia ...  
     Validation Criterion: 0.54976541
Epoch: 700      Batch:   0    Loss: 0.00247306     ContextsNorm: 0.02260476
     ### (Re)Compiling function: adapt_step_cavia ...  
     Validation Criterion: 0.64658260
Epoch: 800      Batch:   0    Loss: 0.00232119     ContextsNorm: 0.02195862
     ### (Re)Compiling function: adapt_step_cavia ...  
     Validation Criterion: 0.60821909
Epoch: 900      Batch:   0    Loss: 0.00183910     ContextsNorm: 0.01953893
     ### (Re)Compiling function: adapt_step_cavia ...  
     Validation Criterion: 0.55726451
Epoch: 1000      Batch:   0    Loss: 0.00209705     ContextsNorm: 0.02014826
     ### (Re)Compiling function: adapt_step_cavia ...  
     Validation Criterion: 0.55096942
Epoch: 1100      Batch:   0    Loss: 0.00223518     ContextsNorm: 0.01961904
     ### (Re)Compiling function: adapt_step_cavia ...  
     Validation Criterion: 0.51890993
Epoch: 1200      Batch:   0    Loss: 0.00182705     ContextsNorm: 0.01870121
     ### (Re)Compiling function: adapt_step_cavia ...  
     Validation Criterion: 0.49895081
Epoch: 1300      Batch:   0    Loss: 0.00117666     ContextsNorm: 0.01867651
     ### (Re)Compiling function: adapt_step_cavia ...  
     Validation Criterion: 0.51290423
Epoch: 1400      Batch:   0    Loss: 0.00100808     ContextsNorm: 0.01788909
     ### (Re)Compiling function: adapt_step_cavia ...  
     Validation Criterion: 0.46958670
Epoch: 1500      Batch:   0    Loss: 0.02648803     ContextsNorm: 0.00408878
     ### (Re)Compiling function: adapt_step_cavia ...  
     Validation Criterion: 0.05960565
     Saving best model so far ...
Epoch: 1600      Batch:   0    Loss: 0.00157846     ContextsNorm: 0.00322804
     ### (Re)Compiling function: adapt_step_cavia ...  
     Validation Criterion: 0.02599836
     Saving best model so far ...
Epoch: 1700      Batch:   0    Loss: 0.00104421     ContextsNorm: 0.00317618
     ### (Re)Compiling function: adapt_step_cavia ...  
     Validation Criterion: 0.02538888
     Saving best model so far ...
Epoch: 1800      Batch:   0    Loss: 0.00068214     ContextsNorm: 0.00302088
     ### (Re)Compiling function: adapt_step_cavia ...  
     Validation Criterion: 0.02449076
     Saving best model so far ...
Epoch: 1900      Batch:   0    Loss: 0.00057587     ContextsNorm: 0.00308250
     ### (Re)Compiling function: adapt_step_cavia ...  
     Validation Criterion: 0.02412433
     Saving best model so far ...
Epoch: 2000      Batch:   0    Loss: 0.00051183     ContextsNorm: 0.00317700
     ### (Re)Compiling function: adapt_step_cavia ...  
     Validation Criterion: 0.02501070
Epoch: 2100      Batch:   0    Loss: 0.00038177     ContextsNorm: 0.00309215
     ### (Re)Compiling function: adapt_step_cavia ...  
     Validation Criterion: 0.02476856
Epoch: 2200      Batch:   0    Loss: 0.00036440     ContextsNorm: 0.00306430
     ### (Re)Compiling function: adapt_step_cavia ...  
     Validation Criterion: 0.02478249
Epoch: 2300      Batch:   0    Loss: 0.00032113     ContextsNorm: 0.00312545
     ### (Re)Compiling function: adapt_step_cavia ...  
     Validation Criterion: 0.02603954
Epoch: 2400      Batch:   0    Loss: 0.00029954     ContextsNorm: 0.00310150
     ### (Re)Compiling function: adapt_step_cavia ...  
     Validation Criterion: 0.02560051
Epoch: 2500      Batch:   0    Loss: 0.00036198     ContextsNorm: 0.00312084
     ### (Re)Compiling function: adapt_step_cavia ...  
     Validation Criterion: 0.02727133
Epoch: 2600      Batch:   0    Loss: 0.00025258     ContextsNorm: 0.00308166
     ### (Re)Compiling function: adapt_step_cavia ...  
     Validation Criterion: 0.02652059
Epoch: 2700      Batch:   0    Loss: 0.00025493     ContextsNorm: 0.00303941
     ### (Re)Compiling function: adapt_step_cavia ...  
     Validation Criterion: 0.02444093
Epoch: 2800      Batch:   0    Loss: 0.00023092     ContextsNorm: 0.00304098
     ### (Re)Compiling function: adapt_step_cavia ...  
     Validation Criterion: 0.02590476
Epoch: 2900      Batch:   0    Loss: 0.00019955     ContextsNorm: 0.00304217
     ### (Re)Compiling function: adapt_step_cavia ...  
     Validation Criterion: 0.02514763
Epoch: 3000      Batch:   0    Loss: 0.00018295     ContextsNorm: 0.00303271
     ### (Re)Compiling function: adapt_step_cavia ...  
     Validation Criterion: 0.02596083
Epoch: 3100      Batch:   0    Loss: 0.00018914     ContextsNorm: 0.00306224
     ### (Re)Compiling function: adapt_step_cavia ...  
     Validation Criterion: 0.02571377
Epoch: 3200      Batch:   0    Loss: 0.00019426     ContextsNorm: 0.00306709
     ### (Re)Compiling function: adapt_step_cavia ...  
     Validation Criterion: 0.02572376
Epoch: 3300      Batch:   0    Loss: 0.00023011     ContextsNorm: 0.00302802
     ### (Re)Compiling function: adapt_step_cavia ...  
     Validation Criterion: 0.02637467
Epoch: 3400      Batch:   0    Loss: 0.00023018     ContextsNorm: 0.00306433
     ### (Re)Compiling function: adapt_step_cavia ...  
     Validation Criterion: 0.02570936
Epoch: 3500      Batch:   0    Loss: 0.00027721     ContextsNorm: 0.00305266
     ### (Re)Compiling function: adapt_step_cavia ...  
     Validation Criterion: 0.02492047
Epoch: 3600      Batch:   0    Loss: 0.00053868     ContextsNorm: 0.00296770
     ### (Re)Compiling function: adapt_step_cavia ...  
     Validation Criterion: 0.02773205
Epoch: 3700      Batch:   0    Loss: 0.00022501     ContextsNorm: 0.00307466
     ### (Re)Compiling function: adapt_step_cavia ...  
     Validation Criterion: 0.02530004
Epoch: 3800      Batch:   0    Loss: 0.00017263     ContextsNorm: 0.00307173
     ### (Re)Compiling function: adapt_step_cavia ...  
     Validation Criterion: 0.02564501
Epoch: 3900      Batch:   0    Loss: 0.00014681     ContextsNorm: 0.00302625
     ### (Re)Compiling function: adapt_step_cavia ...  
     Validation Criterion: 0.02648324
Epoch: 4000      Batch:   0    Loss: 0.00017756     ContextsNorm: 0.00308718
     ### (Re)Compiling function: adapt_step_cavia ...  
     Validation Criterion: 0.02626436
Epoch: 4100      Batch:   0    Loss: 0.00014227     ContextsNorm: 0.00306373
     ### (Re)Compiling function: adapt_step_cavia ...  
     Validation Criterion: 0.02643239
Epoch: 4200      Batch:   0    Loss: 0.00013979     ContextsNorm: 0.00305710
     ### (Re)Compiling function: adapt_step_cavia ...  
     Validation Criterion: 0.02628332
Epoch: 4300      Batch:   0    Loss: 0.00014597     ContextsNorm: 0.00308234
     ### (Re)Compiling function: adapt_step_cavia ...  
     Validation Criterion: 0.02670118
Epoch: 4400      Batch:   0    Loss: 0.00013899     ContextsNorm: 0.00309739
     ### (Re)Compiling function: adapt_step_cavia ...  
     Validation Criterion: 0.02781091
Epoch: 4500      Batch:   0    Loss: 0.00012652     ContextsNorm: 0.00308848
     ### (Re)Compiling function: adapt_step_cavia ...  
     Validation Criterion: 0.02683996
Epoch: 4600      Batch:   0    Loss: 0.00025615     ContextsNorm: 0.00312122
     ### (Re)Compiling function: adapt_step_cavia ...  
     Validation Criterion: 0.02603940
Epoch: 4700      Batch:   0    Loss: 0.00011533     ContextsNorm: 0.00307493
     ### (Re)Compiling function: adapt_step_cavia ...  
     Validation Criterion: 0.02780133
Epoch: 4800      Batch:   0    Loss: 0.00012561     ContextsNorm: 0.00310444
     ### (Re)Compiling function: adapt_step_cavia ...  
     Validation Criterion: 0.02656254
Epoch: 4900      Batch:   0    Loss: 0.00012554     ContextsNorm: 0.00317866
     ### (Re)Compiling function: adapt_step_cavia ...  
     Validation Criterion: 0.02643688
Epoch: 4999      Batch:   0    Loss: 0.00017961     ContextsNorm: 0.00304319

Total gradient descent training time: 0 hours 55 mins 12 secs
    Creating a new model with taylor order 0 ...
Using any previrouly defined optimizer for adapation


=== Beginning adaptation ... ===
    Number of environment batches: 1
    Number of envs train steps per batch: 5
    Total number of training steps: 5
     ### (Re)Compiling function: adapt_step_cavia ...  
    Batch:   0     Loss: 0.00167003        OtherNorms: [0.00167003 0.00441917 0.        ]
Total gradient descent adaptation time: 0 hours 0 mins 1 secs
==  Testing finished ... ==
    Criterion loss value: 0.026436878
==  Begining artefacts visualisation ... ==
    Visualized context dimensions along x: [8 8 9]
    Visualized context dimensions along y: [ 2 11  8]
Saving artefacts in: ./240724-114523/artefacts.png
==  Begining in-domain dynamics visualisation ... ==
    Trajectory id: 0
    Visualized dimensions: (0, 1)
Testing finished. Figure saved in: ./240724-114523/dynamics.png
    Creating a new model with taylor order 0 ...
Using any previrouly defined optimizer for adapation


=== Beginning adaptation ... ===
    Number of environment batches: 1
    Number of envs train steps per batch: 5
    Total number of training steps: 5
     ### (Re)Compiling function: adapt_step_cavia ...  
    Batch:   0     Loss: 0.00068321        OtherNorms: [0.00068321 0.00420268 0.        ]
Total gradient descent adaptation time: 0 hours 0 mins 1 secs
==  Testing finished ... ==
    Criterion loss value: 0.0151267145
==  Begining artefacts visualisation ... ==
    Visualized context dimensions along x: [8 8 9]
    Visualized context dimensions along y: [ 2 11  8]
Saving artefacts in: ./240724-114523/adapt/artefacts.png
