
############# Contextual Self-Modulation #############

Jax version: 0.4.35
Available devices: [CudaDevice(id=0)]
Created a new run folder at: ./runs/250106-173421/
Completed copied scripts 
Created a new adaptation folder at: ./runs/250106-173421/adapt/
Created a new checkpoints folder at: ./runs/250106-173421/checkpoints/
Shapes of data and t_eval: (80, 1, 178, 1) (80, 178)

Using 40 environments to estimate the global training loss function ...


Total number of parameters in the model: 39816
Total number of parameters in one context: 32

Loading model and results from ./runs/250106-173421/ folder ...

WARNING: No training history found at all. Using tens.
WARNING: No validation history found at all. Using ten.
WARNING: No optimiser state found in the provided path.
No checkpoints or error when attempting to load training configs - '[Errno 2] No such file or directory: 'runs/250106-173421/model.eqx'' - Starting from scratch ...


=== Beginning Meta-Training ... ===
    Number of examples in a batch along envs: 80
    Maximum number of batches (along envs): 1
    Total number of epochs: 1
    Number of outer minimizations: 100
    Maximum numbers of inner steps per outer minimizations: (10, 10)
    Training on 1 batches
    Validating on 1 batches
     ### Compiling function "train_step" for the model ...  
     ### Compiling function "train_step" for the contexts ...  
✔️ Gating k-means converged after 2 iterations
✔️ Gating k-means converged after 1 iterations
✔️ Gating k-means converged after 2 iterations
✔️ Gating k-means converged after 1 iterations
Cluster 0 is empty. Skipping gating least squares and waiting for next turn.
✔️ Gating k-means converged after 2 iterations
✔️ Gating k-means converged after 1 iterations
Cluster 1 is empty. Skipping gating least squares and waiting for next turn.
✔️ Gating k-means converged after 2 iterations
✔️ Gating k-means converged after 1 iterations
17:35:38      Epoch:   0      Batch:   0      OuterStep:   0      LossModel: 0.02618931     LossTerm2: 0.00039692     LossGates: 0.00000000      Time/Step(s): 75.3103Contributing envs to the losses:  [23 26 43 68 45  3 41 78 67 62 16  2 27 65 15 13 48  8 72 58 71  6 10 74 24  4 46 22 59 53 44 73 77 47 12 60 50 76 54 42]
Gate kernel values: 
 [[-1114.3157    1789.8291  ]
 [  -10.195684   113.792595]
 [-1944.1487    1231.9265  ]
 [   54.261692   -63.691483]
 [   85.462326  -106.22316 ]
 [ -118.42626     35.292778]
 [ -423.0514     602.1419  ]
 [ -163.20047    235.99622 ]
 [-2516.2915    1154.6796  ]
 [-2574.5261    1392.811   ]
 [  -55.962708    11.840843]
 [  -18.51175   -136.89685 ]
 [  293.49182   -261.5717  ]
 [ -107.34832     81.124344]
 [ 4200.873    -3535.1272  ]
 [   53.719643   -76.41029 ]
 [  418.74237    -36.904938]
 [ -133.39319    176.01227 ]
 [ -243.15141    462.9651  ]
 [  388.0393    -234.79376 ]
 [   85.44331   -433.57407 ]
 [ -134.16959    139.82701 ]
 [  -66.14397    -13.918854]
 [   74.4673     -74.43881 ]
 [ 2656.6943   -2579.271   ]
 [  103.81299    -89.080185]
 [  -70.44702    247.64404 ]
 [  143.54614   -136.23674 ]
 [ -189.4823      98.7679  ]
 [  387.31418   -265.14594 ]
 [  243.61661   -228.87985 ]
 [  174.99094   -245.44582 ]]
The factor: how much of the new gate kernel do I used ? [0.001]
Gate values for each environment (all envs): 
 [[0.18014397 0.81985605]
 [0.23122245 0.7687776 ]
 [0.45806977 0.5419302 ]
 [0.24462993 0.7553701 ]
 [0.4327023  0.5672977 ]
 [0.28453642 0.7154636 ]
 [0.35491535 0.64508474]
 [0.43040836 0.56959164]
 [0.33125448 0.6687456 ]
 [0.27585453 0.7241454 ]
 [0.48635557 0.51364446]
 [0.2569261  0.7430739 ]
 [0.3403628  0.6596373 ]
 [0.22001608 0.77998394]
 [0.35938537 0.64061457]
 [0.56873155 0.4312685 ]
 [0.5294385  0.4705615 ]
 [0.23142076 0.7685793 ]
 [0.33532107 0.6646789 ]
 [0.29995286 0.70004714]
 [0.20688501 0.793115  ]
 [0.21129529 0.7887047 ]
 [0.3596833  0.6403168 ]
 [0.25224844 0.74775153]
 [0.44720423 0.5527958 ]
 [0.32503226 0.6749677 ]
 [0.35638502 0.643615  ]
 [0.27433193 0.72566813]
 [0.30255404 0.6974459 ]
 [0.39474666 0.60525334]
 [0.30855915 0.6914409 ]
 [0.19413497 0.80586505]
 [0.30355954 0.6964404 ]
 [0.32076603 0.67923397]
 [0.28403622 0.71596384]
 [0.28331238 0.7166876 ]
 [0.305369   0.69463104]
 [0.25047213 0.7495279 ]
 [0.27685204 0.723148  ]
 [0.23019433 0.7698057 ]
 [0.68174595 0.31825402]
 [0.7383873  0.26161277]
 [0.7605094  0.2394906 ]
 [0.7378576  0.2621424 ]
 [0.7400719  0.25992805]
 [0.7189669  0.28103313]
 [0.7513641  0.24863592]
 [0.7512143  0.2487857 ]
 [0.81344956 0.18655047]
 [0.67222667 0.32777336]
 [0.8274789  0.17252111]
 [0.6425111  0.35748887]
 [0.64333564 0.3566644 ]
 [0.68953335 0.31046662]
 [0.69102836 0.30897167]
 [0.64294386 0.3570562 ]
 [0.68149304 0.31850702]
 [0.6981718  0.3018282 ]
 [0.76522434 0.2347757 ]
 [0.78036565 0.21963428]
 [0.73611635 0.26388362]
 [0.7425272  0.2574728 ]
 [0.720638   0.279362  ]
 [0.72520566 0.27479437]
 [0.8008678  0.19913222]
 [0.6789774  0.3210226 ]
 [0.72759557 0.27240446]
 [0.690488   0.30951202]
 [0.7144535  0.28554648]
 [0.4257441  0.57425594]
 [0.7397457  0.26025435]
 [0.75620914 0.2437909 ]
 [0.66791886 0.33208117]
 [0.7092336  0.29076642]
 [0.7177702  0.2822298 ]
 [0.66288984 0.33711025]
 [0.75271523 0.24728474]
 [0.72229093 0.2777091 ]
 [0.6743791  0.3256209 ]
 [0.58073384 0.41926625]]
✔️ Gating k-means converged after 1 iterations
✔️ Gating k-means converged after 1 iterations
✔️ Gating k-means converged after 1 iterations
✔️ Gating k-means converged after 1 iterations
✔️ Gating k-means converged after 1 iterations
✔️ Gating k-means converged after 1 iterations
✔️ Gating k-means converged after 1 iterations
✔️ Gating k-means converged after 1 iterations
✔️ Gating k-means converged after 1 iterations
✔️ Gating k-means converged after 1 iterations
✔️ Gating k-means converged after 1 iterations
✔️ Gating k-means converged after 1 iterations
✔️ Gating k-means converged after 1 iterations
✔️ Gating k-means converged after 1 iterations
✔️ Gating k-means converged after 1 iterations
✔️ Gating k-means converged after 1 iterations
✔️ Gating k-means converged after 1 iterations
✔️ Gating k-means converged after 1 iterations
✔️ Gating k-means converged after 1 iterations
✔️ Gating k-means converged after 1 iterations
✔️ Gating k-means converged after 1 iterations
✔️ Gating k-means converged after 1 iterations
✔️ Gating k-means converged after 1 iterations
✔️ Gating k-means converged after 1 iterations
✔️ Gating k-means converged after 1 iterations
✔️ Gating k-means converged after 1 iterations
✔️ Gating k-means converged after 1 iterations
✔️ Gating k-means converged after 1 iterations
✔️ Gating k-means converged after 1 iterations
✔️ Gating k-means converged after 1 iterations
✔️ Gating k-means converged after 1 iterations
✔️ Gating k-means converged after 1 iterations
✔️ Gating k-means converged after 1 iterations
✔️ Gating k-means converged after 1 iterations
✔️ Gating k-means converged after 1 iterations
✔️ Gating k-means converged after 1 iterations
✔️ Gating k-means converged after 1 iterations
✔️ Gating k-means converged after 1 iterations
✔️ Gating k-means converged after 1 iterations
✔️ Gating k-means converged after 1 iterations
✔️ Gating k-means converged after 1 iterations
✔️ Gating k-means converged after 1 iterations
✔️ Gating k-means converged after 1 iterations
✔️ Gating k-means converged after 1 iterations
✔️ Gating k-means converged after 1 iterations
✔️ Gating k-means converged after 1 iterations
✔️ Gating k-means converged after 1 iterations
✔️ Gating k-means converged after 1 iterations
✔️ Gating k-means converged after 1 iterations
✔️ Gating k-means converged after 1 iterations
✔️ Gating k-means converged after 1 iterations
✔️ Gating k-means converged after 1 iterations
✔️ Gating k-means converged after 1 iterations
✔️ Gating k-means converged after 1 iterations
✔️ Gating k-means converged after 1 iterations
✔️ Gating k-means converged after 1 iterations
✔️ Gating k-means converged after 1 iterations
✔️ Gating k-means converged after 1 iterations
✔️ Gating k-means converged after 1 iterations
✔️ Gating k-means converged after 1 iterations
✔️ Gating k-means converged after 1 iterations
✔️ Gating k-means converged after 1 iterations
✔️ Gating k-means converged after 1 iterations
✔️ Gating k-means converged after 1 iterations
✔️ Gating k-means converged after 1 iterations
✔️ Gating k-means converged after 1 iterations
✔️ Gating k-means converged after 1 iterations
✔️ Gating k-means converged after 1 iterations
✔️ Gating k-means converged after 1 iterations
✔️ Gating k-means converged after 1 iterations
✔️ Gating k-means converged after 1 iterations
✔️ Gating k-means converged after 1 iterations
✔️ Gating k-means converged after 1 iterations
✔️ Gating k-means converged after 1 iterations
✔️ Gating k-means converged after 1 iterations
✔️ Gating k-means converged after 1 iterations
✔️ Gating k-means converged after 1 iterations
✔️ Gating k-means converged after 1 iterations
✔️ Gating k-means converged after 1 iterations
✔️ Gating k-means converged after 1 iterations
✔️ Gating k-means converged after 1 iterations
✔️ Gating k-means converged after 1 iterations
✔️ Gating k-means converged after 1 iterations
✔️ Gating k-means converged after 1 iterations
✔️ Gating k-means converged after 1 iterations
✔️ Gating k-means converged after 1 iterations
✔️ Gating k-means converged after 1 iterations
✔️ Gating k-means converged after 1 iterations
✔️ Gating k-means converged after 1 iterations
✔️ Gating k-means converged after 1 iterations
✔️ Gating k-means converged after 1 iterations
✔️ Gating k-means converged after 1 iterations
✔️ Gating k-means converged after 1 iterations
✔️ Gating k-means converged after 1 iterations
✔️ Gating k-means converged after 1 iterations
✔️ Gating k-means converged after 1 iterations
✔️ Gating k-means converged after 1 iterations
✔️ Gating k-means converged after 1 iterations
✔️ Gating k-means converged after 1 iterations
✔️ Gating k-means converged after 1 iterations
17:42:21      Epoch:   0      Batch:   0      OuterStep:  10      LossModel: 0.00180117     LossTerm2: 0.00019128     LossGates: 0.00000000      Time/Step(s): 41.5267Contributing envs to the losses:  [74 34 55 60 11 33 54 59 44 79 53 71 47 65 29 37  2 78 30 73 51 18 31 19 24 72 38 64 39 46 67 35 12 62 36 52 41  4 28 68]
Gate kernel values: 
 [[   75.36489    -373.29086  ]
 [  127.35118     144.25467  ]
 [-1470.0233        4.262203 ]
 [  141.51846     242.88918  ]
 [ -230.38715    -576.5643   ]
 [  329.26215    -121.68973  ]
 [  263.6045     -255.70825  ]
 [  357.52664     -22.600574 ]
 [ -288.18326      47.87436  ]
 [  858.58716     -49.283905 ]
 [   62.786427   -248.7979   ]
 [   98.58884       3.2245636]
 [  -81.119644     31.789322 ]
 [  -26.686985     99.944466 ]
 [ -569.5875      386.28137  ]
 [ -198.23148      31.475922 ]
 [  806.8995      -38.82194  ]
 [ -177.24855     145.13521  ]
 [  831.298       254.33742  ]
 [ -540.44934    -414.26978  ]
 [ -491.9746      -44.880707 ]
 [ -895.2974      256.14365  ]
 [   50.26293    -346.50818  ]
 [ -264.91382    -338.81787  ]
 [ 1191.2443      -23.394886 ]
 [   48.414406    199.02286  ]
 [ -621.314       411.46893  ]
 [  257.66324    -226.87332  ]
 [  524.5026      568.62146  ]
 [ -247.96182     114.4629   ]
 [  144.9502       71.31502  ]
 [   71.774506    344.5699   ]]
The factor: how much of the new gate kernel do I used ? [0.001]
Gate values for each environment (all envs): 
 [[0.6243349  0.3756652 ]
 [0.5970226  0.40297744]
 [0.5448729  0.45512715]
 [0.6377216  0.36227834]
 [0.72781867 0.27218127]
 [0.811313   0.18868703]
 [0.77900285 0.22099718]
 [0.7020322  0.2979678 ]
 [0.7211596  0.27884048]
 [0.76066774 0.23933227]
 [0.8688967  0.13110328]
 [0.55926275 0.44073728]
 [0.296989   0.70301104]
 [0.76272297 0.23727703]
 [0.7057967  0.29420325]
 [0.82126594 0.17873405]
 [0.62636465 0.37363535]
 [0.15290573 0.8470943 ]
 [0.61854917 0.38145086]
 [0.6091248  0.39087525]
 [0.7145966  0.28540343]
 [0.7921738  0.20782618]
 [0.7497995  0.25020054]
 [0.7135147  0.2864853 ]
 [0.5451608  0.4548393 ]
 [0.22745726 0.7725427 ]
 [0.71663785 0.28336215]
 [0.7366392  0.26336077]
 [0.68735844 0.3126416 ]
 [0.37269667 0.6273033 ]
 [0.31049824 0.68950176]
 [0.6075029  0.39249712]
 [0.34120047 0.6587996 ]
 [0.59940547 0.40059456]
 [0.4488861  0.55111396]
 [0.34066302 0.659337  ]
 [0.7163549  0.28364512]
 [0.5974279  0.40257213]
 [0.7646019  0.2353981 ]
 [0.29037413 0.70962584]
 [0.3752386  0.6247614 ]
 [0.6549312  0.34506884]
 [0.22366169 0.7763383 ]
 [0.2582524  0.74174756]
 [0.41934758 0.5806525 ]
 [0.73111004 0.26889   ]
 [0.36330497 0.636695  ]
 [0.23919787 0.7608022 ]
 [0.7418401  0.2581599 ]
 [0.20666161 0.7933384 ]
 [0.3064632  0.6935368 ]
 [0.6214629  0.37853715]
 [0.69458497 0.30541503]
 [0.51095325 0.4890467 ]
 [0.59224725 0.40775275]
 [0.28997782 0.71002215]
 [0.31135935 0.6886406 ]
 [0.34669384 0.6533062 ]
 [0.33039558 0.66960436]
 [0.5820267  0.41797328]
 [0.4637337  0.5362663 ]
 [0.6559952  0.34400478]
 [0.64030075 0.35969928]
 [0.72551334 0.27448663]
 [0.655205   0.34479496]
 [0.5584064  0.4415936 ]
 [0.24325025 0.75674975]
 [0.44215196 0.55784804]
 [0.6639947  0.33600527]
 [0.7178078  0.28219217]
 [0.2682728  0.73172724]
 [0.6279828  0.3720172 ]
 [0.61569893 0.38430113]
 [0.48236784 0.5176321 ]
 [0.55927396 0.4407261 ]
 [0.22778109 0.77221894]
 [0.317494   0.682506  ]
 [0.3363858  0.6636142 ]
 [0.61388904 0.386111  ]
 [0.4124659  0.5875341 ]]
        Validation Criterion: 0.00304408
        Saving best model so far ...
✔️ Gating k-means converged after 1 iterations
✔️ Gating k-means converged after 1 iterations
✔️ Gating k-means converged after 1 iterations
✔️ Gating k-means converged after 1 iterations
✔️ Gating k-means converged after 1 iterations
✔️ Gating k-means converged after 1 iterations
✔️ Gating k-means converged after 1 iterations
✔️ Gating k-means converged after 1 iterations
✔️ Gating k-means converged after 1 iterations
✔️ Gating k-means converged after 1 iterations
✔️ Gating k-means converged after 1 iterations
✔️ Gating k-means converged after 1 iterations
✔️ Gating k-means converged after 1 iterations
✔️ Gating k-means converged after 1 iterations
✔️ Gating k-means converged after 1 iterations
✔️ Gating k-means converged after 1 iterations
✔️ Gating k-means converged after 1 iterations
✔️ Gating k-means converged after 1 iterations
✔️ Gating k-means converged after 1 iterations
✔️ Gating k-means converged after 1 iterations
✔️ Gating k-means converged after 1 iterations
✔️ Gating k-means converged after 1 iterations
✔️ Gating k-means converged after 1 iterations
✔️ Gating k-means converged after 1 iterations
✔️ Gating k-means converged after 1 iterations
✔️ Gating k-means converged after 1 iterations
✔️ Gating k-means converged after 1 iterations
✔️ Gating k-means converged after 1 iterations
✔️ Gating k-means converged after 1 iterations
✔️ Gating k-means converged after 1 iterations
✔️ Gating k-means converged after 1 iterations
✔️ Gating k-means converged after 1 iterations
✔️ Gating k-means converged after 1 iterations
✔️ Gating k-means converged after 1 iterations
✔️ Gating k-means converged after 1 iterations
✔️ Gating k-means converged after 1 iterations
✔️ Gating k-means converged after 1 iterations
✔️ Gating k-means converged after 1 iterations
✔️ Gating k-means converged after 1 iterations
✔️ Gating k-means converged after 1 iterations
✔️ Gating k-means converged after 1 iterations
✔️ Gating k-means converged after 1 iterations
✔️ Gating k-means converged after 1 iterations
✔️ Gating k-means converged after 1 iterations
✔️ Gating k-means converged after 1 iterations
✔️ Gating k-means converged after 1 iterations
✔️ Gating k-means converged after 1 iterations
✔️ Gating k-means converged after 1 iterations
✔️ Gating k-means converged after 1 iterations
✔️ Gating k-means converged after 1 iterations
✔️ Gating k-means converged after 1 iterations
✔️ Gating k-means converged after 1 iterations
✔️ Gating k-means converged after 1 iterations
✔️ Gating k-means converged after 1 iterations
✔️ Gating k-means converged after 1 iterations
✔️ Gating k-means converged after 1 iterations
✔️ Gating k-means converged after 1 iterations
✔️ Gating k-means converged after 1 iterations
✔️ Gating k-means converged after 1 iterations
✔️ Gating k-means converged after 1 iterations
✔️ Gating k-means converged after 1 iterations
✔️ Gating k-means converged after 1 iterations
✔️ Gating k-means converged after 1 iterations
✔️ Gating k-means converged after 1 iterations
✔️ Gating k-means converged after 1 iterations
✔️ Gating k-means converged after 1 iterations
✔️ Gating k-means converged after 1 iterations
✔️ Gating k-means converged after 1 iterations
✔️ Gating k-means converged after 1 iterations
✔️ Gating k-means converged after 1 iterations
✔️ Gating k-means converged after 1 iterations
✔️ Gating k-means converged after 1 iterations
✔️ Gating k-means converged after 1 iterations
✔️ Gating k-means converged after 1 iterations
✔️ Gating k-means converged after 1 iterations
✔️ Gating k-means converged after 1 iterations
✔️ Gating k-means converged after 1 iterations
✔️ Gating k-means converged after 1 iterations
✔️ Gating k-means converged after 1 iterations
✔️ Gating k-means converged after 1 iterations
✔️ Gating k-means converged after 1 iterations
✔️ Gating k-means converged after 1 iterations
✔️ Gating k-means converged after 1 iterations
✔️ Gating k-means converged after 1 iterations
✔️ Gating k-means converged after 1 iterations
✔️ Gating k-means converged after 1 iterations
✔️ Gating k-means converged after 1 iterations
✔️ Gating k-means converged after 1 iterations
✔️ Gating k-means converged after 1 iterations
✔️ Gating k-means converged after 1 iterations
✔️ Gating k-means converged after 1 iterations
✔️ Gating k-means converged after 1 iterations
✔️ Gating k-means converged after 1 iterations
✔️ Gating k-means converged after 1 iterations
✔️ Gating k-means converged after 1 iterations
✔️ Gating k-means converged after 1 iterations
✔️ Gating k-means converged after 1 iterations
✔️ Gating k-means converged after 1 iterations
✔️ Gating k-means converged after 1 iterations
✔️ Gating k-means converged after 1 iterations
17:49:17      Epoch:   0      Batch:   0      OuterStep:  20      LossModel: 0.00146997     LossTerm2: 0.00046429     LossGates: 0.00000000      Time/Step(s): 44.0736Contributing envs to the losses:  [12 63 77 49 32 56 40 50 47 19 34 44 60 75 73 33 66 46 35 57  2 30 39 29 25 11 18 76 71 58 43 54 70 65 31 79 59 36 38 74]
Gate kernel values: 
 [[ -27.03676     13.52491  ]
 [  45.143906  -105.91884  ]
 [ 363.72794   -496.08487  ]
 [  71.058105    65.53587  ]
 [ -65.52548   -303.2511   ]
 [-399.0364     -72.40752  ]
 [ -27.01519    124.48778  ]
 [  25.337662   145.54729  ]
 [-185.0866     -31.284103 ]
 [ 854.40155    114.70764  ]
 [ 110.24595   -197.60031  ]
 [-355.62064     89.67579  ]
 [ 133.0459    -287.15997  ]
 [  83.84386    343.54535  ]
 [-218.32503    -36.467712 ]
 [  51.257076   -40.653885 ]
 [ 292.98807   -167.37924  ]
 [ 187.65878     -1.372467 ]
 [ 420.2635     249.08182  ]
 [-242.98958   -701.1956   ]
 [-128.57837    528.82446  ]
 [  10.058588   -65.5382   ]
 [-177.79562    633.5264   ]
 [ -15.340668   156.42142  ]
 [-452.37943    332.41577  ]
 [ 135.11177    158.95169  ]
 [-949.0105     -43.71544  ]
 [ 168.58762   -542.5112   ]
 [ 227.82831      2.911026 ]
 [  -0.8960304   10.688502 ]
 [  25.554966  -304.15277  ]
 [ 107.57313    120.86957  ]]
The factor: how much of the new gate kernel do I used ? [0.001]
Gate values for each environment (all envs): 
 [[0.27479863 0.72520137]
 [0.29858333 0.7014167 ]
 [0.58416986 0.41583014]
 [0.29363653 0.7063635 ]
 [0.27152056 0.7284795 ]
 [0.3904014  0.6095986 ]
 [0.45426336 0.5457367 ]
 [0.44653848 0.5534616 ]
 [0.27144164 0.72855836]
 [0.29397857 0.7060215 ]
 [0.2874454  0.71255463]
 [0.62358576 0.37641418]
 [0.76662076 0.23337923]
 [0.21493135 0.7850687 ]
 [0.2080824  0.7919177 ]
 [0.36774054 0.6322595 ]
 [0.19553424 0.8044657 ]
 [0.8005878  0.19941229]
 [0.6597946  0.34020537]
 [0.6687373  0.33126268]
 [0.13115598 0.86884403]
 [0.28934655 0.7106534 ]
 [0.39487433 0.6051257 ]
 [0.71158504 0.28841493]
 [0.44990352 0.5500965 ]
 [0.7684294  0.2315706 ]
 [0.3057104  0.69428957]
 [0.24661173 0.7533883 ]
 [0.2191311  0.78086895]
 [0.63515514 0.36484483]
 [0.6552358  0.34476414]
 [0.4856249  0.51437515]
 [0.75063896 0.24936107]
 [0.5864188  0.41358128]
 [0.7128221  0.2871779 ]
 [0.59018373 0.40981627]
 [0.40369081 0.5963092 ]
 [0.34694147 0.6530585 ]
 [0.448569   0.551431  ]
 [0.6899444  0.3100556 ]
 [0.73827016 0.26172984]
 [0.2954431  0.7045569 ]
 [0.6669339  0.33306608]
 [0.67679083 0.32320926]
 [0.63294536 0.36705473]
 [0.17359345 0.8264065 ]
 [0.6979804  0.30201957]
 [0.72899485 0.27100518]
 [0.35865122 0.64134884]
 [0.7689124  0.23108764]
 [0.7554651  0.24453491]
 [0.3215853  0.67841464]
 [0.30472094 0.69527906]
 [0.38826483 0.61173517]
 [0.484127   0.515873  ]
 [0.47869948 0.5213005 ]
 [0.74120563 0.25879434]
 [0.6510843  0.34891564]
 [0.7007598  0.29924023]
 [0.4535617  0.5464384 ]
 [0.73584884 0.2641512 ]
 [0.75119513 0.24880488]
 [0.4718896  0.5281104 ]
 [0.80528855 0.1947114 ]
 [0.4610061  0.5389939 ]
 [0.7830868  0.21691325]
 [0.67042947 0.32957056]
 [0.53825617 0.46174383]
 [0.2516499  0.7483501 ]
 [0.35695523 0.64304477]
 [0.7274775  0.2725225 ]
 [0.45669988 0.5433001 ]
 [0.51713556 0.4828644 ]
 [0.629318   0.3706819 ]
 [0.4846532  0.5153468 ]
 [0.7906853  0.2093147 ]
 [0.66919124 0.33080873]
 [0.75401247 0.24598756]
 [0.4042145  0.5957855 ]
 [0.37829572 0.6217042 ]]
        Validation Criterion: 0.00269402
