
############# Contextual Self-Modulation #############

Jax version: 0.4.28
Available devices: [cuda(id=0)]
Created a new run folder at: ./240723-211945/
Completed copied scripts 


Total number of parameters in the model: 5998
Total number of parameters in the contexts: 3492


=== Beginning meta training ... ===
    Number of examples in a batch: 9
    Total number of batches : 1
    Numbers of inner steps : 5
    Training on 1 batches
    Validating on 1 batches
     ### (Re)Compiling function: outer_train_step ...  
     ### (Re)Compiling function: inner_train_step ...  
Epoch:   0      Batch:   0    Loss: 1.37032950     ContextsNorm: 0.00157041
     ### (Re)Compiling function: adapt_step_cavia ...  
     Validation Criterion: 0.97641152
     Saving best model so far ...
Epoch: 100      Batch:   0    Loss: 0.01352557     ContextsNorm: 0.01342968
     ### (Re)Compiling function: adapt_step_cavia ...  
     Validation Criterion: 0.25123951
     Saving best model so far ...
Epoch: 200      Batch:   0    Loss: 0.00710183     ContextsNorm: 0.01378478
     ### (Re)Compiling function: adapt_step_cavia ...  
     Validation Criterion: 0.27236381
Epoch: 300      Batch:   0    Loss: 0.00493495     ContextsNorm: 0.01543931
     ### (Re)Compiling function: adapt_step_cavia ...  
     Validation Criterion: 0.48716554
Epoch: 400      Batch:   0    Loss: 0.00377147     ContextsNorm: 0.01685428
     ### (Re)Compiling function: adapt_step_cavia ...  
     Validation Criterion: 0.48768663
Epoch: 500      Batch:   0    Loss: 0.00267262     ContextsNorm: 0.01772317
     ### (Re)Compiling function: adapt_step_cavia ...  
     Validation Criterion: 0.45371699
Epoch: 600      Batch:   0    Loss: 0.00210354     ContextsNorm: 0.01684390
     ### (Re)Compiling function: adapt_step_cavia ...  
     Validation Criterion: 0.37664941
Epoch: 700      Batch:   0    Loss: 0.00163934     ContextsNorm: 0.01580901
     ### (Re)Compiling function: adapt_step_cavia ...  
     Validation Criterion: 0.34259400
Epoch: 800      Batch:   0    Loss: 0.06932537     ContextsNorm: 0.00347357
     ### (Re)Compiling function: adapt_step_cavia ...  
     Validation Criterion: 0.08742779
     Saving best model so far ...
Epoch: 900      Batch:   0    Loss: 0.00705383     ContextsNorm: 0.00658832
     ### (Re)Compiling function: adapt_step_cavia ...  
     Validation Criterion: 0.10099597
Epoch: 1000      Batch:   0    Loss: 0.00533222     ContextsNorm: 0.00599197
     ### (Re)Compiling function: adapt_step_cavia ...  
     Validation Criterion: 0.07118105
     Saving best model so far ...
Epoch: 1100      Batch:   0    Loss: 0.00450493     ContextsNorm: 0.00498171
     ### (Re)Compiling function: adapt_step_cavia ...  
     Validation Criterion: 0.05682241
     Saving best model so far ...
Epoch: 1200      Batch:   0    Loss: 0.00377505     ContextsNorm: 0.00345231
     ### (Re)Compiling function: adapt_step_cavia ...  
     Validation Criterion: 0.03541762
     Saving best model so far ...
Epoch: 1300      Batch:   0    Loss: 0.00386354     ContextsNorm: 0.00289519
     ### (Re)Compiling function: adapt_step_cavia ...  
     Validation Criterion: 0.02925299
     Saving best model so far ...
Epoch: 1400      Batch:   0    Loss: 0.00233054     ContextsNorm: 0.00316343
     ### (Re)Compiling function: adapt_step_cavia ...  
     Validation Criterion: 0.03731480
Epoch: 1500      Batch:   0    Loss: 0.00181004     ContextsNorm: 0.00318200
     ### (Re)Compiling function: adapt_step_cavia ...  
     Validation Criterion: 0.03529768
Epoch: 1600      Batch:   0    Loss: 0.00154974     ContextsNorm: 0.00313007
     ### (Re)Compiling function: adapt_step_cavia ...  
     Validation Criterion: 0.02845655
     Saving best model so far ...
Epoch: 1700      Batch:   0    Loss: 0.00109614     ContextsNorm: 0.00349901
     ### (Re)Compiling function: adapt_step_cavia ...  
     Validation Criterion: 0.02972143
Epoch: 1800      Batch:   0    Loss: 0.00084417     ContextsNorm: 0.00313315
     ### (Re)Compiling function: adapt_step_cavia ...  
     Validation Criterion: 0.02622413
     Saving best model so far ...
Epoch: 1900      Batch:   0    Loss: 0.00095906     ContextsNorm: 0.00305753
     ### (Re)Compiling function: adapt_step_cavia ...  
     Validation Criterion: 0.02510402
     Saving best model so far ...
Epoch: 2000      Batch:   0    Loss: 0.00069505     ContextsNorm: 0.00305308
     ### (Re)Compiling function: adapt_step_cavia ...  
     Validation Criterion: 0.02397918
     Saving best model so far ...
Epoch: 2100      Batch:   0    Loss: 0.00058617     ContextsNorm: 0.00312439
     ### (Re)Compiling function: adapt_step_cavia ...  
     Validation Criterion: 0.02700484
Epoch: 2200      Batch:   0    Loss: 0.00051856     ContextsNorm: 0.00308375
     ### (Re)Compiling function: adapt_step_cavia ...  
     Validation Criterion: 0.02477048
Epoch: 2300      Batch:   0    Loss: 0.00056349     ContextsNorm: 0.00317022
     ### (Re)Compiling function: adapt_step_cavia ...  
     Validation Criterion: 0.02689442
Epoch: 2400      Batch:   0    Loss: 0.00049731     ContextsNorm: 0.00316663
     ### (Re)Compiling function: adapt_step_cavia ...  
     Validation Criterion: 0.02602558
Epoch: 2500      Batch:   0    Loss: 0.00038909     ContextsNorm: 0.00312764
     ### (Re)Compiling function: adapt_step_cavia ...  
     Validation Criterion: 0.02540602
Epoch: 2600      Batch:   0    Loss: 0.00041645     ContextsNorm: 0.00317099
     ### (Re)Compiling function: adapt_step_cavia ...  
     Validation Criterion: 0.02596667
Epoch: 2700      Batch:   0    Loss: 0.00031268     ContextsNorm: 0.00354771
     ### (Re)Compiling function: adapt_step_cavia ...  
     Validation Criterion: 0.02982862
Epoch: 2800      Batch:   0    Loss: 0.00031676     ContextsNorm: 0.00338812
     ### (Re)Compiling function: adapt_step_cavia ...  
     Validation Criterion: 0.03093187
Epoch: 2900      Batch:   0    Loss: 0.00026145     ContextsNorm: 0.00365196
     ### (Re)Compiling function: adapt_step_cavia ...  
     Validation Criterion: 0.03283112
Epoch: 3000      Batch:   0    Loss: 0.00029325     ContextsNorm: 0.00382213
     ### (Re)Compiling function: adapt_step_cavia ...  
     Validation Criterion: 0.03333331
Epoch: 3100      Batch:   0    Loss: 0.00023986     ContextsNorm: 0.00387625
     ### (Re)Compiling function: adapt_step_cavia ...  
     Validation Criterion: 0.03595193
Epoch: 3200      Batch:   0    Loss: 0.00022553     ContextsNorm: 0.00363627
     ### (Re)Compiling function: adapt_step_cavia ...  
     Validation Criterion: 0.03222895
Epoch: 3300      Batch:   0    Loss: 0.00024850     ContextsNorm: 0.00371249
     ### (Re)Compiling function: adapt_step_cavia ...  
     Validation Criterion: 0.03189670
Epoch: 3400      Batch:   0    Loss: 0.00021187     ContextsNorm: 0.00383148
     ### (Re)Compiling function: adapt_step_cavia ...  
     Validation Criterion: 0.03664147
Epoch: 3500      Batch:   0    Loss: 0.00018038     ContextsNorm: 0.00391844
     ### (Re)Compiling function: adapt_step_cavia ...  
     Validation Criterion: 0.03720463
Epoch: 3600      Batch:   0    Loss: 0.00019330     ContextsNorm: 0.00380916
     ### (Re)Compiling function: adapt_step_cavia ...  
     Validation Criterion: 0.03289962
Epoch: 3700      Batch:   0    Loss: 0.00018959     ContextsNorm: 0.00396086
     ### (Re)Compiling function: adapt_step_cavia ...  
     Validation Criterion: 0.03780062
Epoch: 3800      Batch:   0    Loss: 0.00015282     ContextsNorm: 0.00416436
     ### (Re)Compiling function: adapt_step_cavia ...  
     Validation Criterion: 0.03986422
Epoch: 3900      Batch:   0    Loss: 0.00016921     ContextsNorm: 0.00379159
     ### (Re)Compiling function: adapt_step_cavia ...  
     Validation Criterion: 0.03438876
Epoch: 4000      Batch:   0    Loss: 0.00020754     ContextsNorm: 0.00392678
     ### (Re)Compiling function: adapt_step_cavia ...  
     Validation Criterion: 0.03758596
Epoch: 4100      Batch:   0    Loss: 0.00025134     ContextsNorm: 0.00416062
     ### (Re)Compiling function: adapt_step_cavia ...  
     Validation Criterion: 0.03716573
Epoch: 4200      Batch:   0    Loss: 0.00020137     ContextsNorm: 0.00372965
     ### (Re)Compiling function: adapt_step_cavia ...  
     Validation Criterion: 0.03186565
Epoch: 4300      Batch:   0    Loss: 0.00013939     ContextsNorm: 0.00421850
     ### (Re)Compiling function: adapt_step_cavia ...  
     Validation Criterion: 0.04065720
Epoch: 4400      Batch:   0    Loss: 0.00012612     ContextsNorm: 0.00382260
     ### (Re)Compiling function: adapt_step_cavia ...  
     Validation Criterion: 0.03518993
Epoch: 4500      Batch:   0    Loss: 0.00011419     ContextsNorm: 0.00386845
     ### (Re)Compiling function: adapt_step_cavia ...  
     Validation Criterion: 0.03563941
Epoch: 4600      Batch:   0    Loss: 0.00013185     ContextsNorm: 0.00404316
     ### (Re)Compiling function: adapt_step_cavia ...  
     Validation Criterion: 0.03752502
Epoch: 4700      Batch:   0    Loss: 0.00029223     ContextsNorm: 0.00388571
     ### (Re)Compiling function: adapt_step_cavia ...  
     Validation Criterion: 0.03832520
Epoch: 4800      Batch:   0    Loss: 0.00011016     ContextsNorm: 0.00406708
     ### (Re)Compiling function: adapt_step_cavia ...  
     Validation Criterion: 0.03802979
Epoch: 4900      Batch:   0    Loss: 0.00013821     ContextsNorm: 0.00372895
     ### (Re)Compiling function: adapt_step_cavia ...  
     Validation Criterion: 0.03400312
Epoch: 4999      Batch:   0    Loss: 0.00045156     ContextsNorm: 0.00458515

Total gradient descent training time: 0 hours 48 mins 1 secs
    Creating a new model with taylor order 0 ...
Using any previrouly defined optimizer for adapation


=== Beginning adaptation ... ===
    Number of environment batches: 1
    Number of envs train steps per batch: 5
    Total number of training steps: 5
     ### (Re)Compiling function: adapt_step_cavia ...  
    Batch:   0     Loss: 0.00137100        OtherNorms: [0.001371   0.00490306 0.        ]
Total gradient descent adaptation time: 0 hours 0 mins 1 secs
==  Testing finished ... ==
    Criterion loss value: 0.03400312
==  Begining artefacts visualisation ... ==
    Visualized context dimensions along x: [9 9 4]
    Visualized context dimensions along y: [ 4 10  8]
Saving artefacts in: ./240723-211945/artefacts.png
==  Begining in-domain dynamics visualisation ... ==
    Trajectory id: 0
    Visualized dimensions: (0, 1)
Testing finished. Figure saved in: ./240723-211945/dynamics.png
    Creating a new model with taylor order 0 ...
Using any previrouly defined optimizer for adapation


=== Beginning adaptation ... ===
    Number of environment batches: 1
    Number of envs train steps per batch: 5
    Total number of training steps: 5
     ### (Re)Compiling function: adapt_step_cavia ...  
    Batch:   0     Loss: 0.00049134        OtherNorms: [0.00049134 0.0052418  0.        ]
Total gradient descent adaptation time: 0 hours 0 mins 1 secs
==  Testing finished ... ==
    Criterion loss value: 0.03151549
==  Begining artefacts visualisation ... ==
    Visualized context dimensions along x: [9 9 4]
    Visualized context dimensions along y: [ 4 10  8]
Saving artefacts in: ./240723-211945/adapt/artefacts.png
