
############# Inductive Bias Learning for Dynamical Systems #############

Jax version: 0.4.23
Available devices: [cuda(id=0)]
Running this script in ipython (Jupyter) session ? False
=== Parsed arguments to generate data ===
 Split: train
 Savepath: ./runs/06032024-001410/
 Seed: 2026


############# Inductive Bias Learning for Dynamical Systems #############

Jax version: 0.4.23
Available devices: [cuda(id=0)]
Running this script in ipython (Jupyter) session ? False
=== Parsed arguments to generate data ===
 Split: test
 Savepath: ./runs/06032024-001410/
 Seed: 4052


############# Inductive Bias Learning for Dynamical Systems #############

Jax version: 0.4.23
Available devices: [cuda(id=0)]
Run folder created successfuly: ./runs/06032024-001410/
Completed copied scripts 
WARNING: You did not provide a dataloader id. A new one has been generated: 001424
WARNING: Note that this id used to distuinguish between adaptations to different environments.
WARNING: batch_size must be between 0 and nb_trajs_per_env. Setting batch_size to maximum.
WARNING: You did not provide a dataloader id. A new one has been generated: 001424
WARNING: Note that this id used to distuinguish between adaptations to different environments.
WARNING: batch_size must be between 0 and nb_trajs_per_env. Setting batch_size to maximum.


Total number of parameters in the model: 399300 


WARNING: No key provided for the context initialization. Initializing at 0.
WARNING: No key provided, using time as seed


=== Beginning training with proximal alternating minimization ... ===
    Number of examples in a batch: 4
    Maximum number of steps per inner minimization: 500
    Number of outer minimizations: 480
    Maximum total number of training steps: 240000

Compiling function "train_step" for neural ode ...
Shapes of elements in a batch: (8, 4, 189, 2) (189,)

Compiling function "train_step" for context ...
Shapes of elements in a batch: (8, 4, 189, 2) (189,)
    Outer Step:     0      LossTrajs: 10.82221317     ContextsNorm: 0.00019813     ValIndCrit: 10.71434784
        -NbInnerStepsNode:   1
        -NbInnerStepsContext: 142
        -InnerTolerance: 0.000050000
        -DiffNode: 0.000003145
        -DiffContext: 0.000049717
    Outer Step:     1      LossTrajs: 10.75465202     ContextsNorm: 0.00024130     ValIndCrit: 10.65097237
        -NbInnerStepsNode:   1
        -NbInnerStepsContext:  14
        -InnerTolerance: 0.000050000
        -DiffNode: 0.000006179
        -DiffContext: 0.000049896
    Outer Step:     2      LossTrajs: 10.69203663     ContextsNorm: 0.00028844     ValIndCrit: 10.58809757
        -NbInnerStepsNode:   1
        -NbInnerStepsContext:  13
        -InnerTolerance: 0.000050000
        -DiffNode: 0.000007165
        -DiffContext: 0.000049971
    Outer Step:     3      LossTrajs: 10.63002968     ContextsNorm: 0.00032996     ValIndCrit: 10.52622223
        -NbInnerStepsNode:   1
        -NbInnerStepsContext:  10
        -InnerTolerance: 0.000050000
        -DiffNode: 0.000007618
        -DiffContext: 0.000049543
    Outer Step:    10      LossTrajs: 10.20989990     ContextsNorm: 0.00053994     ValIndCrit: 10.10288429
        -NbInnerStepsNode:   1
        -NbInnerStepsContext:   1
        -InnerTolerance: 0.000050000
        -DiffNode: 0.000008266
        -DiffContext: 0.000049810
    Outer Step:    20      LossTrajs: 9.61266899     ContextsNorm: 0.00092976     ValIndCrit: 9.49399376
        -NbInnerStepsNode:   1
        -NbInnerStepsContext:   1
        -InnerTolerance: 0.000050000
        -DiffNode: 0.000009761
        -DiffContext: 0.000049849
    Outer Step:    30      LossTrajs: 8.96952438     ContextsNorm: 0.00136918     ValIndCrit: 8.83376884
        -NbInnerStepsNode:   1
        -NbInnerStepsContext:   1
        -InnerTolerance: 0.000050000
        -DiffNode: 0.000012454
        -DiffContext: 0.000049657
    Outer Step:    40      LossTrajs: 8.33705902     ContextsNorm: 0.00166246     ValIndCrit: 8.19539356
        -NbInnerStepsNode:   1
        -NbInnerStepsContext:   1
        -InnerTolerance: 0.000050000
        -DiffNode: 0.000014778
        -DiffContext: 0.000048102
    Outer Step:    50      LossTrajs: 7.99754190     ContextsNorm: 0.00187395     ValIndCrit: 7.88349199
        -NbInnerStepsNode:   1
        -NbInnerStepsContext:   1
        -InnerTolerance: 0.000050000
        -DiffNode: 0.000009919
        -DiffContext: 0.000028621
    Outer Step:    60      LossTrajs: 8.01177979     ContextsNorm: 0.00192707     ValIndCrit: 7.89428473
        -NbInnerStepsNode:   1
        -NbInnerStepsContext:   1
        -InnerTolerance: 0.000050000
        -DiffNode: 0.000001342
        -DiffContext: 0.000013495
    Outer Step:    70      LossTrajs: 7.96614838     ContextsNorm: 0.00185040     ValIndCrit: 7.85667706
        -NbInnerStepsNode:   1
        -NbInnerStepsContext:   1
        -InnerTolerance: 0.000050000
        -DiffNode: 0.000002477
        -DiffContext: 0.000011102
    Outer Step:    80      LossTrajs: 7.95616913     ContextsNorm: 0.00181987     ValIndCrit: 7.84864664
        -NbInnerStepsNode:   1
        -NbInnerStepsContext:   1
        -InnerTolerance: 0.000050000
        -DiffNode: 0.000000392
        -DiffContext: 0.000005255
    Outer Step:    90      LossTrajs: 7.94332504     ContextsNorm: 0.00183564     ValIndCrit: 7.83492184
        -NbInnerStepsNode:   1
        -NbInnerStepsContext:   1
        -InnerTolerance: 0.000050000
        -DiffNode: 0.000000406
        -DiffContext: 0.000004298
    Outer Step:   100      LossTrajs: 7.92940903     ContextsNorm: 0.00186025     ValIndCrit: 7.82119513
        -NbInnerStepsNode:   1
        -NbInnerStepsContext:   1
        -InnerTolerance: 0.000050000
        -DiffNode: 0.000000444
        -DiffContext: 0.000003724
    Outer Step:   110      LossTrajs: 7.91540051     ContextsNorm: 0.00187661     ValIndCrit: 7.80720806
        -NbInnerStepsNode:   1
        -NbInnerStepsContext:   1
        -InnerTolerance: 0.000050000
        -DiffNode: 0.000000484
        -DiffContext: 0.000003365
    Outer Step:   120      LossTrajs: 7.89907408     ContextsNorm: 0.00188906     ValIndCrit: 7.79149866
        -NbInnerStepsNode:   1
        -NbInnerStepsContext:   1
        -InnerTolerance: 0.000050000
        -DiffNode: 0.000000590
        -DiffContext: 0.000003344
    Outer Step:   130      LossTrajs: 7.88004112     ContextsNorm: 0.00190618     ValIndCrit: 7.77352953
        -NbInnerStepsNode:   1
        -NbInnerStepsContext:   1
        -InnerTolerance: 0.000050000
        -DiffNode: 0.000000732
        -DiffContext: 0.000003592
    Outer Step:   140      LossTrajs: 7.85861397     ContextsNorm: 0.00193010     ValIndCrit: 7.75278091
        -NbInnerStepsNode:   1
        -NbInnerStepsContext:   1
        -InnerTolerance: 0.000050000
        -DiffNode: 0.000000927
        -DiffContext: 0.000004193
    Outer Step:   150      LossTrajs: 7.83426189     ContextsNorm: 0.00195902     ValIndCrit: 7.72959375
        -NbInnerStepsNode:   1
        -NbInnerStepsContext:   1
        -InnerTolerance: 0.000050000
        -DiffNode: 0.000001123
        -DiffContext: 0.000005224
    Outer Step:   160      LossTrajs: 7.80493450     ContextsNorm: 0.00199019     ValIndCrit: 7.70463991
        -NbInnerStepsNode:   1
        -NbInnerStepsContext:   1
        -InnerTolerance: 0.000050000
        -DiffNode: 0.000001259
        -DiffContext: 0.000006315
    Outer Step:   170      LossTrajs: 7.77908182     ContextsNorm: 0.00201988     ValIndCrit: 7.67850065
        -NbInnerStepsNode:   1
        -NbInnerStepsContext:   1
        -InnerTolerance: 0.000050000
        -DiffNode: 0.000001287
        -DiffContext: 0.000007357
    Outer Step:   180      LossTrajs: 7.74874687     ContextsNorm: 0.00204652     ValIndCrit: 7.65143442
        -NbInnerStepsNode:   1
        -NbInnerStepsContext:   1
        -InnerTolerance: 0.000050000
        -DiffNode: 0.000001217
        -DiffContext: 0.000006800
    Outer Step:   190      LossTrajs: 7.71912289     ContextsNorm: 0.00206608     ValIndCrit: 7.62453175
        -NbInnerStepsNode:   1
        -NbInnerStepsContext:   1
        -InnerTolerance: 0.000050000
        -DiffNode: 0.000001293
        -DiffContext: 0.000005718
    Outer Step:   200      LossTrajs: 7.68307877     ContextsNorm: 0.00208797     ValIndCrit: 7.59742546
        -NbInnerStepsNode:   1
        -NbInnerStepsContext:   1
        -InnerTolerance: 0.000050000
        -DiffNode: 0.000000928
        -DiffContext: 0.000004007
    Outer Step:   210      LossTrajs: 7.65890408     ContextsNorm: 0.00210631     ValIndCrit: 7.57436657
        -NbInnerStepsNode:   1
        -NbInnerStepsContext:   1
        -InnerTolerance: 0.000050000
        -DiffNode: 0.000000885
        -DiffContext: 0.000002232
    Outer Step:   220      LossTrajs: 7.63692284     ContextsNorm: 0.00211778     ValIndCrit: 7.55684853
        -NbInnerStepsNode:   1
        -NbInnerStepsContext:   1
        -InnerTolerance: 0.000050000
        -DiffNode: 0.000000549
        -DiffContext: 0.000001262
    Outer Step:   230      LossTrajs: 7.62311363     ContextsNorm: 0.00213973     ValIndCrit: 7.54278851
        -NbInnerStepsNode:   1
        -NbInnerStepsContext:   1
        -InnerTolerance: 0.000050000
        -DiffNode: 0.000000551
        -DiffContext: 0.000000905
    Outer Step:   240      LossTrajs: 7.61361647     ContextsNorm: 0.00215101     ValIndCrit: 7.53381920
        -NbInnerStepsNode:   1
        -NbInnerStepsContext:   1
        -InnerTolerance: 0.000050000
        -DiffNode: 0.000000348
        -DiffContext: 0.000000650
    Outer Step:   250      LossTrajs: 7.60780668     ContextsNorm: 0.00216508     ValIndCrit: 7.52769566
        -NbInnerStepsNode:   1
        -NbInnerStepsContext:   1
        -InnerTolerance: 0.000050000
        -DiffNode: 0.000000199
        -DiffContext: 0.000000273
    Outer Step:   260      LossTrajs: 7.61356115     ContextsNorm: 0.00217052     ValIndCrit: 7.52395535
        -NbInnerStepsNode:   1
        -NbInnerStepsContext:   1
        -InnerTolerance: 0.000050000
        -DiffNode: 0.000000168
        -DiffContext: 0.000000184
    Outer Step:   270      LossTrajs: 7.61019707     ContextsNorm: 0.00217891     ValIndCrit: 7.52092409
        -NbInnerStepsNode:   1
        -NbInnerStepsContext:   1
        -InnerTolerance: 0.000050000
        -DiffNode: 0.000000247
        -DiffContext: 0.000000241
    Outer Step:   280      LossTrajs: 7.59867144     ContextsNorm: 0.00218133     ValIndCrit: 7.51929951
        -NbInnerStepsNode:   1
        -NbInnerStepsContext:   1
        -InnerTolerance: 0.000050000
        -DiffNode: 0.000000158
        -DiffContext: 0.000000079
    Outer Step:   290      LossTrajs: 7.59691429     ContextsNorm: 0.00218938     ValIndCrit: 7.51672459
        -NbInnerStepsNode:   1
        -NbInnerStepsContext:   1
        -InnerTolerance: 0.000050000
        -DiffNode: 0.000000083
        -DiffContext: 0.000000098
    Outer Step:   300      LossTrajs: 7.60247946     ContextsNorm: 0.00219201     ValIndCrit: 7.51524353
        -NbInnerStepsNode:   1
        -NbInnerStepsContext:   1
        -InnerTolerance: 0.000050000
        -DiffNode: 0.000000326
        -DiffContext: 0.000000131
    Outer Step:   310      LossTrajs: 7.60107327     ContextsNorm: 0.00218936     ValIndCrit: 7.51346731
        -NbInnerStepsNode:   1
        -NbInnerStepsContext:   1
        -InnerTolerance: 0.000050000
        -DiffNode: 0.000000136
        -DiffContext: 0.000000060
    Outer Step:   320      LossTrajs: 7.59286070     ContextsNorm: 0.00219093     ValIndCrit: 7.51206398
        -NbInnerStepsNode:   1
        -NbInnerStepsContext:   1
        -InnerTolerance: 0.000050000
        -DiffNode: 0.000000209
        -DiffContext: 0.000000112
    Outer Step:   330      LossTrajs: 7.59130573     ContextsNorm: 0.00218897     ValIndCrit: 7.51076984
        -NbInnerStepsNode:   1
        -NbInnerStepsContext:   1
        -InnerTolerance: 0.000050000
        -DiffNode: 0.000000128
        -DiffContext: 0.000000142
    Outer Step:   340      LossTrajs: 7.58977032     ContextsNorm: 0.00219050     ValIndCrit: 7.50912142
        -NbInnerStepsNode:   1
        -NbInnerStepsContext:   1
        -InnerTolerance: 0.000050000
        -DiffNode: 0.000000067
        -DiffContext: 0.000000086
    Outer Step:   350      LossTrajs: 7.58895683     ContextsNorm: 0.00219205     ValIndCrit: 7.50790405
        -NbInnerStepsNode:   1
        -NbInnerStepsContext:   1
        -InnerTolerance: 0.000050000
        -DiffNode: 0.000000097
        -DiffContext: 0.000000074
    Outer Step:   360      LossTrajs: 7.58683205     ContextsNorm: 0.00218889     ValIndCrit: 7.50639534
        -NbInnerStepsNode:   1
        -NbInnerStepsContext:   1
        -InnerTolerance: 0.000050000
        -DiffNode: 0.000000097
        -DiffContext: 0.000000089
    Outer Step:   370      LossTrajs: 7.58740282     ContextsNorm: 0.00219360     ValIndCrit: 7.50570679
        -NbInnerStepsNode:   1
        -NbInnerStepsContext:   1
        -InnerTolerance: 0.000050000
        -DiffNode: 0.000000137
        -DiffContext: 0.000000134
    Outer Step:   380      LossTrajs: 7.58441162     ContextsNorm: 0.00218597     ValIndCrit: 7.50414753
        -NbInnerStepsNode:   1
        -NbInnerStepsContext:   1
        -InnerTolerance: 0.000050000
        -DiffNode: 0.000000100
        -DiffContext: 0.000000098
    Outer Step:   390      LossTrajs: 7.58361435     ContextsNorm: 0.00219027     ValIndCrit: 7.50219536
        -NbInnerStepsNode:   1
        -NbInnerStepsContext:   1
        -InnerTolerance: 0.000050000
        -DiffNode: 0.000000081
        -DiffContext: 0.000000126
    Outer Step:   400      LossTrajs: 7.58178759     ContextsNorm: 0.00218842     ValIndCrit: 7.50080299
        -NbInnerStepsNode:   1
        -NbInnerStepsContext:   1
        -InnerTolerance: 0.000050000
        -DiffNode: 0.000000083
        -DiffContext: 0.000000130
    Outer Step:   410      LossTrajs: 7.58043957     ContextsNorm: 0.00218883     ValIndCrit: 7.49938440
        -NbInnerStepsNode:   1
        -NbInnerStepsContext:   1
        -InnerTolerance: 0.000050000
        -DiffNode: 0.000000110
        -DiffContext: 0.000000136
    Outer Step:   420      LossTrajs: 7.57901287     ContextsNorm: 0.00218815     ValIndCrit: 7.49804306
        -NbInnerStepsNode:   1
        -NbInnerStepsContext:   1
        -InnerTolerance: 0.000050000
        -DiffNode: 0.000000093
        -DiffContext: 0.000000132
    Outer Step:   430      LossTrajs: 7.57757473     ContextsNorm: 0.00219033     ValIndCrit: 7.49652910
        -NbInnerStepsNode:   1
        -NbInnerStepsContext:   1
        -InnerTolerance: 0.000050000
        -DiffNode: 0.000000084
        -DiffContext: 0.000000112
    Outer Step:   440      LossTrajs: 7.57581043     ContextsNorm: 0.00218897     ValIndCrit: 7.49497032
        -NbInnerStepsNode:   1
        -NbInnerStepsContext:   1
        -InnerTolerance: 0.000050000
        -DiffNode: 0.000000082
        -DiffContext: 0.000000116
    Outer Step:   450      LossTrajs: 7.57420444     ContextsNorm: 0.00218916     ValIndCrit: 7.49340534
        -NbInnerStepsNode:   1
        -NbInnerStepsContext:   1
        -InnerTolerance: 0.000050000
        -DiffNode: 0.000000086
        -DiffContext: 0.000000126
    Outer Step:   460      LossTrajs: 7.57423019     ContextsNorm: 0.00219199     ValIndCrit: 7.49194717
        -NbInnerStepsNode:   1
        -NbInnerStepsContext:   1
        -InnerTolerance: 0.000050000
        -DiffNode: 0.000000155
        -DiffContext: 0.000000162
    Outer Step:   470      LossTrajs: 7.57032013     ContextsNorm: 0.00219077     ValIndCrit: 7.48996544
        -NbInnerStepsNode:   1
        -NbInnerStepsContext:   1
        -InnerTolerance: 0.000050000
        -DiffNode: 0.000000140
        -DiffContext: 0.000000144

Total gradient descent training time: 0 hours 1 mins 31 secs
Environment weights at the end of the training: [0.125 0.125 0.125 0.125 0.125 0.125 0.125 0.125]
WARNING: You did not provide a dataloader id. A new one has been generated: 001557
WARNING: Note that this id used to distuinguish between adaptations to different environments.
WARNING: batch_size must be between 0 and nb_trajs_per_env. Setting batch_size to maximum.
WARNING: No key provided, using time as seed
==  Begining in-domain testing ... ==
    Number of training environments: 8
    Final length of the training trajectories: 189
    Length of the testing trajectories: 189
Test Score (In-Domain): 7.4882956


############# Inductive Bias Learning for Dynamical Systems #############

Jax version: 0.4.23
Available devices: [cuda(id=0)]
Running this script in ipython (Jupyter) session ? False
=== Parsed arguments to generate data ===
 Split: adapt
 Savepath: ./runs/06032024-001410/adapt/
 Seed: 6078

==  Begining in-domain visualisation ... ==
    Environment id: 7
    Trajectory id: 19
    Visualized dimensions: (0, 1)
    Final length of the training trajectories: 189
    Length of the testing trajectories: 189
Testing finished. Figure saved in: ./runs/06032024-001410/results_in_domain.png
WARNING: batch_size must be between 0 and nb_trajs_per_env. Setting batch_size to maximum.
WARNING: No key provided for the context initialization. Initializing at 0.


=== Beginning adaptation ... ===
    Number of examples in a batch: 12
    Number of train steps per epoch: 1
    Number of training epochs: 24
    Total number of training steps: 24
WARNING: No key provided, using time as seed

Compiling function "train_step" for context ...
Shapes of elements in a batch: (1, 12, 189, 2) (189,)
    Epoch:     0     LossContext: 8.40076160
    Epoch:     1     LossContext: 8.39908314
    Epoch:     2     LossContext: 8.39760399
    Epoch:     3     LossContext: 8.39565086
    Epoch:    10     LossContext: 8.38120937
    Epoch:    20     LossContext: 8.35414028
    Epoch:    23     LossContext: 8.34497738

Total gradient descent adaptation time: 0 hours 0 mins 6 secs
Environment weights at the end of the adaptation: [1.]

Saving adaptation parameters into ./runs/06032024-001410/adapt/ folder with id 170846 ...

==  Begining out-of-distribution testing ... ==
    Number of training environments: 8
    Number of adaptation environments: 1
    Final length of the training trajectories: 189
    Length of the testing trajectories: 189
Test Score (OOD): 8.34168

