
############# Neural Context Flow #############

Jax version: 0.4.28
Available devices: [cuda(id=0)]
Running this script in ipython (Jupyter) session ? False
=== Parsed arguments to generate data ===
 Split: train
 Savepath: ./runs/240601-235945/
 Seed: 2024


############# Neural Context Flow #############

Jax version: 0.4.28
Available devices: [cuda(id=0)]
Running this script in ipython (Jupyter) session ? False
=== Parsed arguments to generate data ===
 Split: test
 Savepath: ./runs/240601-235945/
 Seed: 4048


############# Neural Context Flow #############

Jax version: 0.4.28
Available devices: [cuda(id=0)]
Run folder created successfuly: ./runs/240601-235945/
Completed copied scripts 


Total number of parameters in the vector field: 99726
Total number of parameters in the contexts: 42752 

WARNING: No key provided, using time as seed


=== Beginning training with proximal alternating minimization ... ===
    Number of examples in a batch: 4
    Maximum number of steps per inner minimization: 10
    Maximum number of outer minimizations: 10000
    Maximum total number of training steps: 100000

Compiling function "train_step" for neural ode ...
Shapes of elements in a batch: (8, 4, 189, 2) (189,)

Compiling function "train_step" for context ...
Shapes of elements in a batch: (8, 4, 189, 2) (189,)
    Outer Step:     0      LossTrajs: 10.49945450     ContextsNorm: 0.00000000     ValIndCrit: 9.86590099
        Saving best model so far ...
        -NbInnerStepsNode:    1
        -NbInnerStepsCxt:    1
        -InnerToleranceNode: 2.00e-11
        -InnerToleranceCtx:  1.00e-10
        -DiffNode: 7.60e-05
        -DiffCxt:  inf
    Outer Step:     1      LossTrajs: 8.44103146     ContextsNorm: 0.00195455     ValIndCrit: 8.20286274
        Saving best model so far ...
        -NbInnerStepsNode:   10
        -NbInnerStepsCxt:   10
        -InnerToleranceNode: 2.00e-11
        -InnerToleranceCtx:  1.00e-10
        -DiffNode: 1.44e-05
        -DiffCxt:  2.47e-02
    Outer Step:     2      LossTrajs: 8.08289433     ContextsNorm: 0.00327476     ValIndCrit: 7.95414162
        Saving best model so far ...
        -NbInnerStepsNode:   10
        -NbInnerStepsCxt:   10
        -InnerToleranceNode: 2.00e-11
        -InnerToleranceCtx:  1.00e-10
        -DiffNode: 9.78e-06
        -DiffCxt:  6.32e-03
    Outer Step:     3      LossTrajs: 7.93377113     ContextsNorm: 0.00430196     ValIndCrit: 7.86052465
        Saving best model so far ...
        -NbInnerStepsNode:   10
        -NbInnerStepsCxt:   10
        -InnerToleranceNode: 2.00e-11
        -InnerToleranceCtx:  1.00e-10
        -DiffNode: 1.12e-05
        -DiffCxt:  1.33e-03
    Outer Step:   100      LossTrajs: 0.40023524     ContextsNorm: 0.02116148     ValIndCrit: 0.40147379
        Saving best model so far ...
        -NbInnerStepsNode:   10
        -NbInnerStepsCxt:   10
        -InnerToleranceNode: 2.00e-11
        -InnerToleranceCtx:  1.00e-10
        -DiffNode: 6.28e-07
        -DiffCxt:  2.38e-05
    Outer Step:   200      LossTrajs: 0.04740024     ContextsNorm: 0.03174802     ValIndCrit: 0.10344915
        Saving best model so far ...
        -NbInnerStepsNode:   10
        -NbInnerStepsCxt:   10
        -InnerToleranceNode: 2.00e-11
        -InnerToleranceCtx:  1.00e-10
        -DiffNode: 7.53e-08
        -DiffCxt:  2.03e-06
    Outer Step:   300      LossTrajs: 0.01602475     ContextsNorm: 0.03114261     ValIndCrit: 0.04831611
        Saving best model so far ...
        -NbInnerStepsNode:   10
        -NbInnerStepsCxt:   10
        -InnerToleranceNode: 2.00e-11
        -InnerToleranceCtx:  1.00e-10
        -DiffNode: 1.43e-08
        -DiffCxt:  6.32e-07
    Outer Step:   400      LossTrajs: 0.01091037     ContextsNorm: 0.03053499     ValIndCrit: 0.03525832
        Saving best model so far ...
        -NbInnerStepsNode:   10
        -NbInnerStepsCxt:   10
        -InnerToleranceNode: 2.00e-11
        -InnerToleranceCtx:  1.00e-10
        -DiffNode: 1.27e-09
        -DiffCxt:  1.44e-07
    Outer Step:   500      LossTrajs: 0.00901854     ContextsNorm: 0.03614581     ValIndCrit: 0.03161416
        Saving best model so far ...
        -NbInnerStepsNode:   10
        -NbInnerStepsCxt:   10
        -InnerToleranceNode: 2.00e-11
        -InnerToleranceCtx:  1.00e-10
        -DiffNode: 1.46e-09
        -DiffCxt:  1.21e-07
    Outer Step:   600      LossTrajs: 0.01506363     ContextsNorm: 0.03780285     ValIndCrit: 0.02599869
        Saving best model so far ...
        -NbInnerStepsNode:   10
        -NbInnerStepsCxt:   10
        -InnerToleranceNode: 2.00e-11
        -InnerToleranceCtx:  1.00e-10
        -DiffNode: 1.05e-08
        -DiffCxt:  2.87e-07
    Outer Step:   700      LossTrajs: 0.00628862     ContextsNorm: 0.04169635     ValIndCrit: 0.02517947
        Saving best model so far ...
        -NbInnerStepsNode:   10
        -NbInnerStepsCxt:   10
        -InnerToleranceNode: 2.00e-11
        -InnerToleranceCtx:  1.00e-10
        -DiffNode: 2.57e-10
        -DiffCxt:  1.70e-08
    Outer Step:   800      LossTrajs: 0.00537560     ContextsNorm: 0.04185131     ValIndCrit: 0.02459710
        Saving best model so far ...
        -NbInnerStepsNode:   10
        -NbInnerStepsCxt:   10
        -InnerToleranceNode: 2.00e-11
        -InnerToleranceCtx:  1.00e-10
        -DiffNode: 7.77e-10
        -DiffCxt:  2.68e-08
    Outer Step:   900      LossTrajs: 0.00679046     ContextsNorm: 0.04520933     ValIndCrit: 0.02456695
        Saving best model so far ...
        -NbInnerStepsNode:   10
        -NbInnerStepsCxt:   10
        -InnerToleranceNode: 2.00e-11
        -InnerToleranceCtx:  1.00e-10
        -DiffNode: 9.38e-09
        -DiffCxt:  8.45e-08
    Outer Step:  1000      LossTrajs: 0.00467316     ContextsNorm: 0.04474691     ValIndCrit: 0.02206501
        Saving best model so far ...
        -NbInnerStepsNode:   10
        -NbInnerStepsCxt:   10
        -InnerToleranceNode: 2.00e-11
        -InnerToleranceCtx:  1.00e-10
        -DiffNode: 5.58e-09
        -DiffCxt:  7.87e-08
    Outer Step:  1100      LossTrajs: 0.00385466     ContextsNorm: 0.04541162     ValIndCrit: 0.02022010
        Saving best model so far ...
        -NbInnerStepsNode:   10
        -NbInnerStepsCxt:   10
        -InnerToleranceNode: 2.00e-11
        -InnerToleranceCtx:  1.00e-10
        -DiffNode: 1.22e-09
        -DiffCxt:  6.33e-08
    Outer Step:  1200      LossTrajs: 0.01245295     ContextsNorm: 0.04372981     ValIndCrit: 0.01925902
        Saving best model so far ...
        -NbInnerStepsNode:   10
        -NbInnerStepsCxt:   10
        -InnerToleranceNode: 2.00e-11
        -InnerToleranceCtx:  1.00e-10
        -DiffNode: 7.78e-08
        -DiffCxt:  2.15e-06
    Outer Step:  1300      LossTrajs: 0.00406856     ContextsNorm: 0.04393771     ValIndCrit: 0.01827916
        Saving best model so far ...
        -NbInnerStepsNode:   10
        -NbInnerStepsCxt:   10
        -InnerToleranceNode: 2.00e-11
        -InnerToleranceCtx:  1.00e-10
        -DiffNode: 1.14e-08
        -DiffCxt:  9.39e-08
    Outer Step:  1400      LossTrajs: 0.00302118     ContextsNorm: 0.04383809     ValIndCrit: 0.01677660
        Saving best model so far ...
        -NbInnerStepsNode:   10
        -NbInnerStepsCxt:   10
        -InnerToleranceNode: 2.00e-11
        -InnerToleranceCtx:  1.00e-10
        -DiffNode: 1.11e-09
        -DiffCxt:  1.69e-08
    Outer Step:  1500      LossTrajs: 0.00318256     ContextsNorm: 0.04491790     ValIndCrit: 0.01596485
        Saving best model so far ...
        -NbInnerStepsNode:   10
        -NbInnerStepsCxt:   10
        -InnerToleranceNode: 2.00e-11
        -InnerToleranceCtx:  1.00e-10
        -DiffNode: 6.87e-09
        -DiffCxt:  1.28e-07
    Outer Step:  1600      LossTrajs: 0.00251067     ContextsNorm: 0.04390420     ValIndCrit: 0.01586303
        Saving best model so far ...
        -NbInnerStepsNode:   10
        -NbInnerStepsCxt:   10
        -InnerToleranceNode: 2.00e-11
        -InnerToleranceCtx:  1.00e-10
        -DiffNode: 4.38e-09
        -DiffCxt:  2.42e-07
    Outer Step:  1700      LossTrajs: 0.00276133     ContextsNorm: 0.04427719     ValIndCrit: 0.01513809
        Saving best model so far ...
        -NbInnerStepsNode:   10
        -NbInnerStepsCxt:   10
        -InnerToleranceNode: 2.00e-11
        -InnerToleranceCtx:  1.00e-10
        -DiffNode: 5.43e-09
        -DiffCxt:  1.03e-07
    Outer Step:  1800      LossTrajs: 0.00227029     ContextsNorm: 0.04314649     ValIndCrit: 0.01432895
        Saving best model so far ...
        -NbInnerStepsNode:   10
        -NbInnerStepsCxt:   10
        -InnerToleranceNode: 2.00e-11
        -InnerToleranceCtx:  1.00e-10
        -DiffNode: 2.07e-09
        -DiffCxt:  4.13e-08
    Outer Step:  1900      LossTrajs: 0.00292049     ContextsNorm: 0.04307185     ValIndCrit: 0.01411123
        Saving best model so far ...
        -NbInnerStepsNode:   10
        -NbInnerStepsCxt:   10
        -InnerToleranceNode: 2.00e-11
        -InnerToleranceCtx:  1.00e-10
        -DiffNode: 1.66e-08
        -DiffCxt:  9.34e-07
    Outer Step:  2000      LossTrajs: 0.00218552     ContextsNorm: 0.04346046     ValIndCrit: 0.01380193
        Saving best model so far ...
        -NbInnerStepsNode:   10
        -NbInnerStepsCxt:   10
        -InnerToleranceNode: 2.00e-11
        -InnerToleranceCtx:  1.00e-10
        -DiffNode: 3.98e-09
        -DiffCxt:  1.08e-07
    Outer Step:  2100      LossTrajs: 0.00385342     ContextsNorm: 0.04409329     ValIndCrit: 0.01303093
        Saving best model so far ...
        -NbInnerStepsNode:   10
        -NbInnerStepsCxt:   10
        -InnerToleranceNode: 2.00e-11
        -InnerToleranceCtx:  1.00e-10
        -DiffNode: 1.38e-08
        -DiffCxt:  1.69e-07
    Outer Step:  2200      LossTrajs: 0.00190347     ContextsNorm: 0.04422867     ValIndCrit: 0.01240851
        Saving best model so far ...
        -NbInnerStepsNode:   10
        -NbInnerStepsCxt:   10
        -InnerToleranceNode: 2.00e-11
        -InnerToleranceCtx:  1.00e-10
        -DiffNode: 8.72e-10
        -DiffCxt:  7.71e-09
    Outer Step:  2300      LossTrajs: 0.00191150     ContextsNorm: 0.04423160     ValIndCrit: 0.01227001
        Saving best model so far ...
        -NbInnerStepsNode:   10
        -NbInnerStepsCxt:   10
        -InnerToleranceNode: 2.00e-11
        -InnerToleranceCtx:  1.00e-10
        -DiffNode: 4.96e-09
        -DiffCxt:  1.49e-07
    Outer Step:  2400      LossTrajs: 0.00228000     ContextsNorm: 0.04725591     ValIndCrit: 0.01186511
        Saving best model so far ...
        -NbInnerStepsNode:   10
        -NbInnerStepsCxt:   10
        -InnerToleranceNode: 2.00e-11
        -InnerToleranceCtx:  1.00e-10
        -DiffNode: 6.52e-09
        -DiffCxt:  1.04e-07
    Outer Step:  2500      LossTrajs: 0.00180616     ContextsNorm: 0.05003428     ValIndCrit: 0.01133382
        Saving best model so far ...
        -NbInnerStepsNode:   10
        -NbInnerStepsCxt:   10
        -InnerToleranceNode: 2.00e-11
        -InnerToleranceCtx:  1.00e-10
        -DiffNode: 5.46e-10
        -DiffCxt:  7.62e-09
    Outer Step:  2600      LossTrajs: 0.00494213     ContextsNorm: 0.04761291     ValIndCrit: 0.01061526
        Saving best model so far ...
        -NbInnerStepsNode:   10
        -NbInnerStepsCxt:   10
        -InnerToleranceNode: 2.00e-11
        -InnerToleranceCtx:  1.00e-10
        -DiffNode: 3.00e-08
        -DiffCxt:  2.31e-07
    Outer Step:  2700      LossTrajs: 0.00737946     ContextsNorm: 0.04675441     ValIndCrit: 0.01046510
        Saving best model so far ...
        -NbInnerStepsNode:   10
        -NbInnerStepsCxt:   10
        -InnerToleranceNode: 2.00e-11
        -InnerToleranceCtx:  1.00e-10
        -DiffNode: 3.10e-08
        -DiffCxt:  1.78e-07
    Outer Step:  2800      LossTrajs: 0.02236079     ContextsNorm: 0.04681859     ValIndCrit: 0.01026203
        Saving best model so far ...
        -NbInnerStepsNode:   10
        -NbInnerStepsCxt:   10
        -InnerToleranceNode: 2.00e-11
        -InnerToleranceCtx:  1.00e-10
        -DiffNode: 7.98e-08
        -DiffCxt:  2.85e-07
    Outer Step:  2900      LossTrajs: 0.00707818     ContextsNorm: 0.04859218     ValIndCrit: 0.01091591
        -NbInnerStepsNode:   10
        -NbInnerStepsCxt:   10
        -InnerToleranceNode: 2.00e-11
        -InnerToleranceCtx:  1.00e-10
        -DiffNode: 9.03e-08
        -DiffCxt:  1.69e-06
    Outer Step:  3000      LossTrajs: 0.00163030     ContextsNorm: 0.05122350     ValIndCrit: 0.00995139
        Saving best model so far ...
        -NbInnerStepsNode:   10
        -NbInnerStepsCxt:   10
        -InnerToleranceNode: 2.00e-11
        -InnerToleranceCtx:  1.00e-10
        -DiffNode: 1.06e-09
        -DiffCxt:  1.76e-08
    Outer Step:  3100      LossTrajs: 0.00860536     ContextsNorm: 0.05138189     ValIndCrit: 0.00985472
        Saving best model so far ...
        -NbInnerStepsNode:   10
        -NbInnerStepsCxt:   10
        -InnerToleranceNode: 2.00e-11
        -InnerToleranceCtx:  1.00e-10
        -DiffNode: 3.58e-08
        -DiffCxt:  2.57e-07
    Outer Step:  3200      LossTrajs: 0.00158299     ContextsNorm: 0.05384949     ValIndCrit: 0.00889771
        Saving best model so far ...
        -NbInnerStepsNode:   10
        -NbInnerStepsCxt:   10
        -InnerToleranceNode: 2.00e-11
        -InnerToleranceCtx:  1.00e-10
        -DiffNode: 1.38e-09
        -DiffCxt:  2.12e-08
    Outer Step:  3300      LossTrajs: 0.00155023     ContextsNorm: 0.05576441     ValIndCrit: 0.00882476
        Saving best model so far ...
        -NbInnerStepsNode:   10
        -NbInnerStepsCxt:   10
        -InnerToleranceNode: 2.00e-11
        -InnerToleranceCtx:  1.00e-10
        -DiffNode: 1.26e-09
        -DiffCxt:  1.16e-08
    Outer Step:  3400      LossTrajs: 0.00152023     ContextsNorm: 0.05970855     ValIndCrit: 0.00868638
        Saving best model so far ...
        -NbInnerStepsNode:   10
        -NbInnerStepsCxt:   10
        -InnerToleranceNode: 2.00e-11
        -InnerToleranceCtx:  1.00e-10
        -DiffNode: 1.61e-09
        -DiffCxt:  2.00e-08
    Outer Step:  3500      LossTrajs: 0.00154973     ContextsNorm: 0.05859275     ValIndCrit: 0.00833202
        Saving best model so far ...
        -NbInnerStepsNode:   10
        -NbInnerStepsCxt:   10
        -InnerToleranceNode: 2.00e-11
        -InnerToleranceCtx:  1.00e-10
        -DiffNode: 4.66e-09
        -DiffCxt:  1.95e-08
    Outer Step:  3600      LossTrajs: 0.00130095     ContextsNorm: 0.05944873     ValIndCrit: 0.00809050
        Saving best model so far ...
        -NbInnerStepsNode:   10
        -NbInnerStepsCxt:   10
        -InnerToleranceNode: 2.00e-11
        -InnerToleranceCtx:  1.00e-10
        -DiffNode: 1.40e-09
        -DiffCxt:  1.10e-08
    Outer Step:  3700      LossTrajs: 0.01133773     ContextsNorm: 0.06339969     ValIndCrit: 0.01028426
        -NbInnerStepsNode:   10
        -NbInnerStepsCxt:   10
        -InnerToleranceNode: 2.00e-11
        -InnerToleranceCtx:  1.00e-10
        -DiffNode: 1.02e-07
        -DiffCxt:  7.17e-07
    Outer Step:  3800      LossTrajs: 0.00140630     ContextsNorm: 0.06402928     ValIndCrit: 0.00794875
        Saving best model so far ...
        -NbInnerStepsNode:   10
        -NbInnerStepsCxt:   10
        -InnerToleranceNode: 2.00e-11
        -InnerToleranceCtx:  1.00e-10
        -DiffNode: 2.79e-09
        -DiffCxt:  3.00e-08
    Outer Step:  3900      LossTrajs: 0.00228605     ContextsNorm: 0.06477944     ValIndCrit: 0.00803272
        -NbInnerStepsNode:   10
        -NbInnerStepsCxt:   10
        -InnerToleranceNode: 2.00e-11
        -InnerToleranceCtx:  1.00e-10
        -DiffNode: 2.07e-08
        -DiffCxt:  1.08e-07
    Outer Step:  4000      LossTrajs: 0.00209832     ContextsNorm: 0.06441340     ValIndCrit: 0.00748120
        Saving best model so far ...
        -NbInnerStepsNode:   10
        -NbInnerStepsCxt:   10
        -InnerToleranceNode: 2.00e-11
        -InnerToleranceCtx:  1.00e-10
        -DiffNode: 6.28e-09
        -DiffCxt:  3.76e-08
    Outer Step:  4100      LossTrajs: 0.00313592     ContextsNorm: 0.06797973     ValIndCrit: 0.00763807
        -NbInnerStepsNode:   10
        -NbInnerStepsCxt:   10
        -InnerToleranceNode: 2.00e-11
        -InnerToleranceCtx:  1.00e-10
        -DiffNode: 1.38e-08
        -DiffCxt:  6.33e-08
    Outer Step:  4200      LossTrajs: 0.00246902     ContextsNorm: 0.06748593     ValIndCrit: 0.00703625
        Saving best model so far ...
        -NbInnerStepsNode:   10
        -NbInnerStepsCxt:   10
        -InnerToleranceNode: 2.00e-11
        -InnerToleranceCtx:  1.00e-10
        -DiffNode: 1.32e-08
        -DiffCxt:  7.00e-08
    Outer Step:  4300      LossTrajs: 0.00210612     ContextsNorm: 0.07017737     ValIndCrit: 0.00950893
        -NbInnerStepsNode:   10
        -NbInnerStepsCxt:   10
        -InnerToleranceNode: 2.00e-11
        -InnerToleranceCtx:  1.00e-10
        -DiffNode: 6.61e-08
        -DiffCxt:  6.49e-07
    Outer Step:  4400      LossTrajs: 0.00878611     ContextsNorm: 0.07125441     ValIndCrit: 0.00695949
        Saving best model so far ...
        -NbInnerStepsNode:   10
        -NbInnerStepsCxt:   10
        -InnerToleranceNode: 2.00e-11
        -InnerToleranceCtx:  1.00e-10
        -DiffNode: 3.90e-08
        -DiffCxt:  1.04e-07
    Outer Step:  4500      LossTrajs: 0.00097972     ContextsNorm: 0.07063617     ValIndCrit: 0.00677983
        Saving best model so far ...
        -NbInnerStepsNode:   10
        -NbInnerStepsCxt:   10
        -InnerToleranceNode: 2.00e-11
        -InnerToleranceCtx:  1.00e-10
        -DiffNode: 3.32e-10
        -DiffCxt:  2.66e-09
    Outer Step:  4600      LossTrajs: 0.00111630     ContextsNorm: 0.06828860     ValIndCrit: 0.00639241
        Saving best model so far ...
        -NbInnerStepsNode:   10
        -NbInnerStepsCxt:   10
        -InnerToleranceNode: 2.00e-11
        -InnerToleranceCtx:  1.00e-10
        -DiffNode: 4.58e-09
        -DiffCxt:  5.76e-08
    Outer Step:  4700      LossTrajs: 0.00151610     ContextsNorm: 0.06766950     ValIndCrit: 0.00662419
        -NbInnerStepsNode:   10
        -NbInnerStepsCxt:   10
        -InnerToleranceNode: 2.00e-11
        -InnerToleranceCtx:  1.00e-10
        -DiffNode: 2.07e-08
        -DiffCxt:  5.83e-07
    Outer Step:  4800      LossTrajs: 0.00496608     ContextsNorm: 0.06845467     ValIndCrit: 0.00691132
        -NbInnerStepsNode:   10
        -NbInnerStepsCxt:   10
        -InnerToleranceNode: 2.00e-11
        -InnerToleranceCtx:  1.00e-10
        -DiffNode: 8.99e-08
        -DiffCxt:  2.88e-07
    Outer Step:  4900      LossTrajs: 0.00089269     ContextsNorm: 0.06979684     ValIndCrit: 0.00634897
        Saving best model so far ...
        -NbInnerStepsNode:   10
        -NbInnerStepsCxt:   10
        -InnerToleranceNode: 2.00e-11
        -InnerToleranceCtx:  1.00e-10
        -DiffNode: 2.09e-09
        -DiffCxt:  6.75e-09
    Outer Step:  5000      LossTrajs: 0.00125986     ContextsNorm: 0.06652573     ValIndCrit: 0.00610071
        Saving best model so far ...
        -NbInnerStepsNode:   10
        -NbInnerStepsCxt:   10
        -InnerToleranceNode: 2.00e-11
        -InnerToleranceCtx:  1.00e-10
        -DiffNode: 1.05e-08
        -DiffCxt:  9.86e-08
    Outer Step:  5100      LossTrajs: 0.00087829     ContextsNorm: 0.06497505     ValIndCrit: 0.00598399
        Saving best model so far ...
        -NbInnerStepsNode:   10
        -NbInnerStepsCxt:   10
        -InnerToleranceNode: 2.00e-11
        -InnerToleranceCtx:  1.00e-10
        -DiffNode: 2.05e-09
        -DiffCxt:  1.16e-08
    Outer Step:  5200      LossTrajs: 0.00165846     ContextsNorm: 0.06421518     ValIndCrit: 0.00583243
        Saving best model so far ...
        -NbInnerStepsNode:   10
        -NbInnerStepsCxt:   10
        -InnerToleranceNode: 2.00e-11
        -InnerToleranceCtx:  1.00e-10
        -DiffNode: 7.61e-09
        -DiffCxt:  2.18e-08
    Outer Step:  5300      LossTrajs: 0.00978773     ContextsNorm: 0.06765145     ValIndCrit: 0.00747767
        -NbInnerStepsNode:   10
        -NbInnerStepsCxt:   10
        -InnerToleranceNode: 2.00e-11
        -InnerToleranceCtx:  1.00e-10
        -DiffNode: 7.99e-08
        -DiffCxt:  3.28e-07
    Outer Step:  5400      LossTrajs: 0.00072301     ContextsNorm: 0.07018660     ValIndCrit: 0.00581097
        Saving best model so far ...
        -NbInnerStepsNode:   10
        -NbInnerStepsCxt:   10
        -InnerToleranceNode: 2.00e-11
        -InnerToleranceCtx:  1.00e-10
        -DiffNode: 2.18e-10
        -DiffCxt:  3.35e-09
    Outer Step:  5500      LossTrajs: 0.00094876     ContextsNorm: 0.06974073     ValIndCrit: 0.00574400
        Saving best model so far ...
        -NbInnerStepsNode:   10
        -NbInnerStepsCxt:   10
        -InnerToleranceNode: 2.00e-11
        -InnerToleranceCtx:  1.00e-10
        -DiffNode: 7.05e-09
        -DiffCxt:  8.38e-08
    Outer Step:  5600      LossTrajs: 0.00094457     ContextsNorm: 0.07015929     ValIndCrit: 0.00555821
        Saving best model so far ...
        -NbInnerStepsNode:   10
        -NbInnerStepsCxt:   10
        -InnerToleranceNode: 2.00e-11
        -InnerToleranceCtx:  1.00e-10
        -DiffNode: 2.82e-09
        -DiffCxt:  9.74e-09
    Outer Step:  5700      LossTrajs: 0.00074675     ContextsNorm: 0.07062992     ValIndCrit: 0.00543898
        Saving best model so far ...
        -NbInnerStepsNode:   10
        -NbInnerStepsCxt:   10
        -InnerToleranceNode: 2.00e-11
        -InnerToleranceCtx:  1.00e-10
        -DiffNode: 1.55e-09
        -DiffCxt:  9.36e-09
    Outer Step:  5800      LossTrajs: 0.00187011     ContextsNorm: 0.07125932     ValIndCrit: 0.00543604
        Saving best model so far ...
        -NbInnerStepsNode:   10
        -NbInnerStepsCxt:   10
        -InnerToleranceNode: 2.00e-11
        -InnerToleranceCtx:  1.00e-10
        -DiffNode: 1.45e-08
        -DiffCxt:  6.90e-08
    Outer Step:  5900      LossTrajs: 0.00070591     ContextsNorm: 0.07137063     ValIndCrit: 0.00533377
        Saving best model so far ...
        -NbInnerStepsNode:   10
        -NbInnerStepsCxt:   10
        -InnerToleranceNode: 2.00e-11
        -InnerToleranceCtx:  1.00e-10
        -DiffNode: 1.21e-09
        -DiffCxt:  9.43e-09
    Outer Step:  6000      LossTrajs: 0.00073960     ContextsNorm: 0.07233091     ValIndCrit: 0.00526057
        Saving best model so far ...
        -NbInnerStepsNode:   10
        -NbInnerStepsCxt:   10
        -InnerToleranceNode: 2.00e-11
        -InnerToleranceCtx:  1.00e-10
        -DiffNode: 7.12e-10
        -DiffCxt:  4.79e-09
    Outer Step:  6100      LossTrajs: 0.00069581     ContextsNorm: 0.07236812     ValIndCrit: 0.00515780
        Saving best model so far ...
        -NbInnerStepsNode:   10
        -NbInnerStepsCxt:   10
        -InnerToleranceNode: 2.00e-11
        -InnerToleranceCtx:  1.00e-10
        -DiffNode: 1.03e-09
        -DiffCxt:  7.94e-09
    Outer Step:  6200      LossTrajs: 0.00085070     ContextsNorm: 0.07518466     ValIndCrit: 0.00540516
        -NbInnerStepsNode:   10
        -NbInnerStepsCxt:   10
        -InnerToleranceNode: 2.00e-11
        -InnerToleranceCtx:  1.00e-10
        -DiffNode: 3.84e-09
        -DiffCxt:  1.65e-08
    Outer Step:  6300      LossTrajs: 0.00121976     ContextsNorm: 0.07437830     ValIndCrit: 0.00512964
        Saving best model so far ...
        -NbInnerStepsNode:   10
        -NbInnerStepsCxt:   10
        -InnerToleranceNode: 2.00e-11
        -InnerToleranceCtx:  1.00e-10
        -DiffNode: 3.33e-09
        -DiffCxt:  8.43e-09
    Outer Step:  6400      LossTrajs: 0.00528274     ContextsNorm: 0.07522503     ValIndCrit: 0.00511594
        Saving best model so far ...
        -NbInnerStepsNode:   10
        -NbInnerStepsCxt:   10
        -InnerToleranceNode: 2.00e-11
        -InnerToleranceCtx:  1.00e-10
        -DiffNode: 2.65e-08
        -DiffCxt:  1.01e-07
    Outer Step:  6500      LossTrajs: 0.00056780     ContextsNorm: 0.07290046     ValIndCrit: 0.00481313
        Saving best model so far ...
        -NbInnerStepsNode:   10
        -NbInnerStepsCxt:   10
        -InnerToleranceNode: 2.00e-11
        -InnerToleranceCtx:  1.00e-10
        -DiffNode: 2.05e-10
        -DiffCxt:  1.47e-09
    Outer Step:  6600      LossTrajs: 0.00409750     ContextsNorm: 0.07164246     ValIndCrit: 0.00522532
        -NbInnerStepsNode:   10
        -NbInnerStepsCxt:   10
        -InnerToleranceNode: 2.00e-11
        -InnerToleranceCtx:  1.00e-10
        -DiffNode: 9.52e-09
        -DiffCxt:  9.48e-08
    Outer Step:  6700      LossTrajs: 0.00349908     ContextsNorm: 0.07177790     ValIndCrit: 0.00471379
        Saving best model so far ...
        -NbInnerStepsNode:   10
        -NbInnerStepsCxt:   10
        -InnerToleranceNode: 2.00e-11
        -InnerToleranceCtx:  1.00e-10
        -DiffNode: 2.98e-08
        -DiffCxt:  7.48e-08
    Outer Step:  6800      LossTrajs: 0.00215061     ContextsNorm: 0.07127446     ValIndCrit: 0.00485851
        -NbInnerStepsNode:   10
        -NbInnerStepsCxt:   10
        -InnerToleranceNode: 2.00e-11
        -InnerToleranceCtx:  1.00e-10
        -DiffNode: 3.20e-08
        -DiffCxt:  3.70e-07
    Outer Step:  6900      LossTrajs: 0.00060195     ContextsNorm: 0.07132681     ValIndCrit: 0.00475843
        -NbInnerStepsNode:   10
        -NbInnerStepsCxt:   10
        -InnerToleranceNode: 2.00e-11
        -InnerToleranceCtx:  1.00e-10
        -DiffNode: 3.93e-09
        -DiffCxt:  5.92e-08
    Outer Step:  7000      LossTrajs: 0.00059428     ContextsNorm: 0.07331067     ValIndCrit: 0.00475394
        -NbInnerStepsNode:   10
        -NbInnerStepsCxt:   10
        -InnerToleranceNode: 2.00e-11
        -InnerToleranceCtx:  1.00e-10
        -DiffNode: 6.37e-10
        -DiffCxt:  2.64e-09
    Outer Step:  7100      LossTrajs: 0.00070959     ContextsNorm: 0.07422643     ValIndCrit: 0.00463477
        Saving best model so far ...
        -NbInnerStepsNode:   10
        -NbInnerStepsCxt:   10
        -InnerToleranceNode: 2.00e-11
        -InnerToleranceCtx:  1.00e-10
        -DiffNode: 1.32e-09
        -DiffCxt:  4.63e-09
    Outer Step:  7200      LossTrajs: 0.00165450     ContextsNorm: 0.07466136     ValIndCrit: 0.00467289
        -NbInnerStepsNode:   10
        -NbInnerStepsCxt:   10
        -InnerToleranceNode: 2.00e-11
        -InnerToleranceCtx:  1.00e-10
        -DiffNode: 6.98e-09
        -DiffCxt:  1.83e-08
    Outer Step:  7300      LossTrajs: 0.00050632     ContextsNorm: 0.07336320     ValIndCrit: 0.00439395
        Saving best model so far ...
        -NbInnerStepsNode:   10
        -NbInnerStepsCxt:   10
        -InnerToleranceNode: 2.00e-11
        -InnerToleranceCtx:  1.00e-10
        -DiffNode: 6.79e-10
        -DiffCxt:  4.32e-09
    Outer Step:  7400      LossTrajs: 0.00464709     ContextsNorm: 0.07376707     ValIndCrit: 0.00441601
        -NbInnerStepsNode:   10
        -NbInnerStepsCxt:   10
        -InnerToleranceNode: 2.00e-11
        -InnerToleranceCtx:  1.00e-10
        -DiffNode: 3.15e-08
        -DiffCxt:  1.05e-07
    Outer Step:  7500      LossTrajs: 0.00049015     ContextsNorm: 0.07366563     ValIndCrit: 0.00434985
        Saving best model so far ...
        -NbInnerStepsNode:   10
        -NbInnerStepsCxt:   10
        -InnerToleranceNode: 2.00e-11
        -InnerToleranceCtx:  1.00e-10
        -DiffNode: 2.25e-10
        -DiffCxt:  2.99e-09
    Outer Step:  7600      LossTrajs: 0.00054600     ContextsNorm: 0.07455276     ValIndCrit: 0.00432011
        Saving best model so far ...
        -NbInnerStepsNode:   10
        -NbInnerStepsCxt:   10
        -InnerToleranceNode: 2.00e-11
        -InnerToleranceCtx:  1.00e-10
        -DiffNode: 2.78e-09
        -DiffCxt:  1.63e-08
    Outer Step:  7700      LossTrajs: 0.00063185     ContextsNorm: 0.07418415     ValIndCrit: 0.00430646
        Saving best model so far ...
        -NbInnerStepsNode:   10
        -NbInnerStepsCxt:   10
        -InnerToleranceNode: 2.00e-11
        -InnerToleranceCtx:  1.00e-10
        -DiffNode: 1.99e-09
        -DiffCxt:  2.00e-08
    Outer Step:  7800      LossTrajs: 0.00051109     ContextsNorm: 0.07392492     ValIndCrit: 0.00421366
        Saving best model so far ...
        -NbInnerStepsNode:   10
        -NbInnerStepsCxt:   10
        -InnerToleranceNode: 2.00e-11
        -InnerToleranceCtx:  1.00e-10
        -DiffNode: 1.77e-09
        -DiffCxt:  1.57e-08
    Outer Step:  7900      LossTrajs: 0.00059822     ContextsNorm: 0.07363238     ValIndCrit: 0.00421414
        -NbInnerStepsNode:   10
        -NbInnerStepsCxt:   10
        -InnerToleranceNode: 2.00e-11
        -InnerToleranceCtx:  1.00e-10
        -DiffNode: 1.61e-09
        -DiffCxt:  1.86e-08
    Outer Step:  8000      LossTrajs: 0.00056050     ContextsNorm: 0.07442081     ValIndCrit: 0.00420201
        Saving best model so far ...
        -NbInnerStepsNode:   10
        -NbInnerStepsCxt:   10
        -InnerToleranceNode: 2.00e-11
        -InnerToleranceCtx:  1.00e-10
        -DiffNode: 9.64e-10
        -DiffCxt:  2.92e-08
    Outer Step:  8100      LossTrajs: 0.00077933     ContextsNorm: 0.07393344     ValIndCrit: 0.00418173
        Saving best model so far ...
        -NbInnerStepsNode:   10
        -NbInnerStepsCxt:   10
        -InnerToleranceNode: 2.00e-11
        -InnerToleranceCtx:  1.00e-10
        -DiffNode: 8.54e-09
        -DiffCxt:  3.66e-08
    Outer Step:  8200      LossTrajs: 0.00391471     ContextsNorm: 0.07337049     ValIndCrit: 0.00406333
        Saving best model so far ...
        -NbInnerStepsNode:   10
        -NbInnerStepsCxt:   10
        -InnerToleranceNode: 2.00e-11
        -InnerToleranceCtx:  1.00e-10
        -DiffNode: 3.25e-08
        -DiffCxt:  5.81e-08
    Outer Step:  8300      LossTrajs: 0.00083018     ContextsNorm: 0.07388040     ValIndCrit: 0.00434233
        -NbInnerStepsNode:   10
        -NbInnerStepsCxt:   10
        -InnerToleranceNode: 2.00e-11
        -InnerToleranceCtx:  1.00e-10
        -DiffNode: 3.07e-08
        -DiffCxt:  2.64e-07
    Outer Step:  8400      LossTrajs: 0.00085543     ContextsNorm: 0.07403542     ValIndCrit: 0.00396032
        Saving best model so far ...
        -NbInnerStepsNode:   10
        -NbInnerStepsCxt:   10
        -InnerToleranceNode: 2.00e-11
        -InnerToleranceCtx:  1.00e-10
        -DiffNode: 6.40e-09
        -DiffCxt:  1.17e-08
    Outer Step:  8500      LossTrajs: 0.00136500     ContextsNorm: 0.07426302     ValIndCrit: 0.00412288
        -NbInnerStepsNode:   10
        -NbInnerStepsCxt:   10
        -InnerToleranceNode: 2.00e-11
        -InnerToleranceCtx:  1.00e-10
        -DiffNode: 2.53e-08
        -DiffCxt:  1.86e-07
    Outer Step:  8600      LossTrajs: 0.00098563     ContextsNorm: 0.07517286     ValIndCrit: 0.00414013
        -NbInnerStepsNode:   10
        -NbInnerStepsCxt:   10
        -InnerToleranceNode: 2.00e-11
        -InnerToleranceCtx:  1.00e-10
        -DiffNode: 2.07e-08
        -DiffCxt:  1.16e-07
    Outer Step:  8700      LossTrajs: 0.00125718     ContextsNorm: 0.07587403     ValIndCrit: 0.00394801
        Saving best model so far ...
        -NbInnerStepsNode:   10
        -NbInnerStepsCxt:   10
        -InnerToleranceNode: 2.00e-11
        -InnerToleranceCtx:  1.00e-10
        -DiffNode: 1.18e-08
        -DiffCxt:  7.80e-08
    Outer Step:  8800      LossTrajs: 0.00164907     ContextsNorm: 0.07557856     ValIndCrit: 0.00383956
        Saving best model so far ...
        -NbInnerStepsNode:   10
        -NbInnerStepsCxt:   10
        -InnerToleranceNode: 2.00e-11
        -InnerToleranceCtx:  1.00e-10
        -DiffNode: 1.26e-08
        -DiffCxt:  4.23e-08
    Outer Step:  8900      LossTrajs: 0.00041942     ContextsNorm: 0.07585851     ValIndCrit: 0.00376904
        Saving best model so far ...
        -NbInnerStepsNode:   10
        -NbInnerStepsCxt:   10
        -InnerToleranceNode: 2.00e-11
        -InnerToleranceCtx:  1.00e-10
        -DiffNode: 7.49e-10
        -DiffCxt:  5.34e-09
    Outer Step:  9000      LossTrajs: 0.00042454     ContextsNorm: 0.07717182     ValIndCrit: 0.00374589
        Saving best model so far ...
        -NbInnerStepsNode:   10
        -NbInnerStepsCxt:   10
        -InnerToleranceNode: 2.00e-11
        -InnerToleranceCtx:  1.00e-10
        -DiffNode: 6.76e-10
        -DiffCxt:  5.78e-09
    Outer Step:  9100      LossTrajs: 0.00058454     ContextsNorm: 0.07753137     ValIndCrit: 0.00376246
        -NbInnerStepsNode:   10
        -NbInnerStepsCxt:   10
        -InnerToleranceNode: 2.00e-11
        -InnerToleranceCtx:  1.00e-10
        -DiffNode: 4.57e-09
        -DiffCxt:  4.03e-08
    Outer Step:  9200      LossTrajs: 0.00112727     ContextsNorm: 0.07886535     ValIndCrit: 0.00425349
        -NbInnerStepsNode:   10
        -NbInnerStepsCxt:   10
        -InnerToleranceNode: 2.00e-11
        -InnerToleranceCtx:  1.00e-10
        -DiffNode: 2.34e-08
        -DiffCxt:  2.13e-07
    Outer Step:  9300      LossTrajs: 0.00045493     ContextsNorm: 0.08002180     ValIndCrit: 0.00365270
        Saving best model so far ...
        -NbInnerStepsNode:   10
        -NbInnerStepsCxt:   10
        -InnerToleranceNode: 2.00e-11
        -InnerToleranceCtx:  1.00e-10
        -DiffNode: 8.29e-10
        -DiffCxt:  6.87e-09
    Outer Step:  9400      LossTrajs: 0.00057754     ContextsNorm: 0.08095427     ValIndCrit: 0.00360244
        Saving best model so far ...
        -NbInnerStepsNode:   10
        -NbInnerStepsCxt:   10
        -InnerToleranceNode: 2.00e-11
        -InnerToleranceCtx:  1.00e-10
        -DiffNode: 3.45e-09
        -DiffCxt:  1.10e-08
    Outer Step:  9500      LossTrajs: 0.00054623     ContextsNorm: 0.08121986     ValIndCrit: 0.00352682
        Saving best model so far ...
        -NbInnerStepsNode:   10
        -NbInnerStepsCxt:   10
        -InnerToleranceNode: 2.00e-11
        -InnerToleranceCtx:  1.00e-10
        -DiffNode: 3.03e-09
        -DiffCxt:  1.78e-08
    Outer Step:  9600      LossTrajs: 0.00039853     ContextsNorm: 0.07987438     ValIndCrit: 0.00337398
        Saving best model so far ...
        -NbInnerStepsNode:   10
        -NbInnerStepsCxt:   10
        -InnerToleranceNode: 2.00e-11
        -InnerToleranceCtx:  1.00e-10
        -DiffNode: 2.96e-10
        -DiffCxt:  1.48e-09
    Outer Step:  9700      LossTrajs: 0.00046687     ContextsNorm: 0.07980661     ValIndCrit: 0.00331966
        Saving best model so far ...
        -NbInnerStepsNode:   10
        -NbInnerStepsCxt:   10
        -InnerToleranceNode: 2.00e-11
        -InnerToleranceCtx:  1.00e-10
        -DiffNode: 1.77e-09
        -DiffCxt:  4.49e-09
    Outer Step:  9800      LossTrajs: 0.00065684     ContextsNorm: 0.07878865     ValIndCrit: 0.00334877
        -NbInnerStepsNode:   10
        -NbInnerStepsCxt:   10
        -InnerToleranceNode: 2.00e-11
        -InnerToleranceCtx:  1.00e-10
        -DiffNode: 8.45e-09
        -DiffCxt:  2.58e-08
    Outer Step:  9900      LossTrajs: 0.00105176     ContextsNorm: 0.07786094     ValIndCrit: 0.00320349
        Saving best model so far ...
        -NbInnerStepsNode:   10
        -NbInnerStepsCxt:   10
        -InnerToleranceNode: 2.00e-11
        -InnerToleranceCtx:  1.00e-10
        -DiffNode: 1.02e-08
        -DiffCxt:  6.50e-08
    Outer Step:  9999      LossTrajs: 0.00242806     ContextsNorm: 0.07833065     ValIndCrit: 0.00329677
        -NbInnerStepsNode:   10
        -NbInnerStepsCxt:   10
        -InnerToleranceNode: 2.00e-11
        -InnerToleranceCtx:  1.00e-10
        -DiffNode: 2.55e-08
        -DiffCxt:  9.39e-08

Total gradient descent training time: 6 hours 14 mins 34 secs
WARNING: No key provided, using time as seed
==  Begining in-domain testing ... ==
    Number of training environments: 8
    Final length of the training trajectories: 189
    Length of the testing trajectories: 189
Test Score (In-Domain): 0.003203493


############# Neural Context Flow #############

Jax version: 0.4.28
Available devices: [cuda(id=0)]
Running this script in ipython (Jupyter) session ? False
=== Parsed arguments to generate data ===
 Split: adapt
 Savepath: ./runs/240601-235945/adapt/
 Seed: 6072

==  Begining in-domain visualisation ... ==
    Environment id: 7
    Trajectory id: 25
    Visualized dimensions: (0, 1)
    Final length of the training trajectories: 189
    Length of the testing trajectories: 189
Testing finished. Figure saved in: ./runs/240601-235945/results_in_domain.png
WARNING: No key provided for the context initialization. Initializing at 0.


=== Beginning adaptation ... ===
    Number of examples in a batch: 12
    Number of train steps per epoch: 1
    Number of training epochs: 7500
    Total number of training steps: 7500
WARNING: No key provided, using time as seed

Compiling function "train_step" for context ...
Shapes of elements in a batch: (1, 12, 189, 2) (189,)
    Epoch:     0     LossContext: 8.89331913
    Epoch:     1     LossContext: 8.86721516
    Epoch:     2     LossContext: 8.83995819
    Epoch:     3     LossContext: 8.80806732
    Epoch:   100     LossContext: 0.18106852
    Epoch:   200     LossContext: 0.05917278
    Epoch:   300     LossContext: 0.03452323
    Epoch:   400     LossContext: 0.03125115
    Epoch:   500     LossContext: 0.02492072
    Epoch:   600     LossContext: 0.01991825
    Epoch:   700     LossContext: 0.01380612
    Epoch:   800     LossContext: 0.01210931
    Epoch:   900     LossContext: 0.01068943
    Epoch:  1000     LossContext: 0.00965638
    Epoch:  1100     LossContext: 0.00843086
    Epoch:  1200     LossContext: 0.00780782
    Epoch:  1300     LossContext: 0.00723324
    Epoch:  1400     LossContext: 0.00651119
    Epoch:  1500     LossContext: 0.00587355
    Epoch:  1600     LossContext: 0.00554058
    Epoch:  1700     LossContext: 0.00513268
    Epoch:  1800     LossContext: 0.00475953
    Epoch:  1900     LossContext: 0.00445198
    Epoch:  2000     LossContext: 0.00411581
    Epoch:  2100     LossContext: 0.00395603
    Epoch:  2200     LossContext: 0.00358060
    Epoch:  2300     LossContext: 0.00341259
    Epoch:  2400     LossContext: 0.00317012
    Epoch:  2500     LossContext: 0.00280412
    Epoch:  2600     LossContext: 0.00262018
    Epoch:  2700     LossContext: 0.00245386
    Epoch:  2800     LossContext: 0.00229287
    Epoch:  2900     LossContext: 0.00218432
    Epoch:  3000     LossContext: 0.00212829
    Epoch:  3100     LossContext: 0.00200275
    Epoch:  3200     LossContext: 0.00197907
    Epoch:  3300     LossContext: 0.00185138
    Epoch:  3400     LossContext: 0.00176297
    Epoch:  3500     LossContext: 0.00182894
    Epoch:  3600     LossContext: 0.00168457
    Epoch:  3700     LossContext: 0.00162443
    Epoch:  3800     LossContext: 0.00168664
    Epoch:  3900     LossContext: 0.00158357
    Epoch:  4000     LossContext: 0.00157737
    Epoch:  4100     LossContext: 0.00154335
    Epoch:  4200     LossContext: 0.00155859
    Epoch:  4300     LossContext: 0.00150913
    Epoch:  4400     LossContext: 0.00151388
    Epoch:  4500     LossContext: 0.00154435
    Epoch:  4600     LossContext: 0.00151851
    Epoch:  4700     LossContext: 0.00140703
    Epoch:  4800     LossContext: 0.00146010
    Epoch:  4900     LossContext: 0.00143817
    Epoch:  5000     LossContext: 0.00145626
    Epoch:  5100     LossContext: 0.00138331
    Epoch:  5200     LossContext: 0.00134787
    Epoch:  5300     LossContext: 0.00141248
    Epoch:  5400     LossContext: 0.00135395
    Epoch:  5500     LossContext: 0.00139715
    Epoch:  5600     LossContext: 0.00137350
    Epoch:  5700     LossContext: 0.00138763
    Epoch:  5800     LossContext: 0.00134906
    Epoch:  5900     LossContext: 0.00129806
    Epoch:  6000     LossContext: 0.00127110
    Epoch:  6100     LossContext: 0.00131303
    Epoch:  6200     LossContext: 0.00124431
    Epoch:  6300     LossContext: 0.00122840
    Epoch:  6400     LossContext: 0.00126027
    Epoch:  6500     LossContext: 0.00116594
    Epoch:  6600     LossContext: 0.00127897
    Epoch:  6700     LossContext: 0.00122992
    Epoch:  6800     LossContext: 0.00117671
    Epoch:  6900     LossContext: 0.00114926
    Epoch:  7000     LossContext: 0.00125079
    Epoch:  7100     LossContext: 0.00121495
    Epoch:  7200     LossContext: 0.00115766
    Epoch:  7300     LossContext: 0.00120514
    Epoch:  7400     LossContext: 0.00117947
    Epoch:  7499     LossContext: 0.00117106

Total gradient descent adaptation time: 0 hours 10 mins 13 secs

Saving adaptation parameters into ./runs/240601-235945/adapt/ folder with id 170846 ...

==  Begining out-of-distribution testing ... ==
    Number of training environments: 8
    Number of adaptation environments: 1
    Final length of the training trajectories: 189
    Length of the testing trajectories: 189
Test Score (OOD): 0.0011616809

