

Currently running CAVIA ...
	Appending results from results.csv in ./CAVIA/240910-214525 ...

============ SWITCHING TO NEXT HYPERPARAMETER SET ... ============

	Appending results from results.csv in ./CAVIA/240910-231315 ...

============ SWITCHING TO NEXT HYPERPARAMETER SET ... ============

	Appending results from results.csv in ./CAVIA/240911-025439 ...

============ SWITCHING TO NEXT HYPERPARAMETER SET ... ============

	Appending results from results.csv in ./CAVIA/240911-123240 ...

============ SWITCHING TO NEXT HYPERPARAMETER SET ... ============

	Appending results from results.csv in ./CAVIA/240911-005342 ...

============ SWITCHING TO NEXT HYPERPARAMETER SET ... ============

	Appending results from results.csv in ./CAVIA/240911-021704 ...

============ SWITCHING TO NEXT HYPERPARAMETER SET ... ============

	Appending results from results.csv in ./CAVIA/240911-053912 ...

============ SWITCHING TO NEXT HYPERPARAMETER SET ... ============

	Appending results from results.csv in ./CAVIA/240910-200259 ...

============ SWITCHING TO NEXT HYPERPARAMETER SET ... ============

	Appending results from results.csv in ./CAVIA/240911-010307 ...

============ SWITCHING TO NEXT HYPERPARAMETER SET ... ============

	Appending results from results.csv in ./CAVIA/240910-183043 ...

============ SWITCHING TO NEXT HYPERPARAMETER SET ... ============

	Appending results from results.csv in ./CAVIA/240911-084527 ...

============ SWITCHING TO NEXT HYPERPARAMETER SET ... ============

	Appending results from results.csv in ./CAVIA/240911-024615 ...

============ SWITCHING TO NEXT HYPERPARAMETER SET ... ============

	Appending results from results.csv in ./CAVIA/240911-020301 ...

============ SWITCHING TO NEXT HYPERPARAMETER SET ... ============

	Appending results from results.csv in ./CAVIA/240910-182541 ...

============ SWITCHING TO NEXT HYPERPARAMETER SET ... ============

	Appending results from results.csv in ./CAVIA/240911-071600 ...

============ SWITCHING TO NEXT HYPERPARAMETER SET ... ============

	Appending results from results.csv in ./CAVIA/240911-042443 ...

============ SWITCHING TO NEXT HYPERPARAMETER SET ... ============

	Appending results from results.csv in ./CAVIA/240911-055705 ...

============ SWITCHING TO NEXT HYPERPARAMETER SET ... ============

	Appending results from results.csv in ./CAVIA/240911-104454 ...

============ SWITCHING TO NEXT HYPERPARAMETER SET ... ============

	Appending results from results.csv in ./CAVIA/240911-013734 ...

============ SWITCHING TO NEXT HYPERPARAMETER SET ... ============

	Appending results from results.csv in ./CAVIA/240910-181603 ...

============ SWITCHING TO NEXT HYPERPARAMETER SET ... ============

	Appending results from results.csv in ./CAVIA/240910-193742 ...

============ SWITCHING TO NEXT HYPERPARAMETER SET ... ============

	Appending results from results.csv in ./CAVIA/240910-232304 ...

============ SWITCHING TO NEXT HYPERPARAMETER SET ... ============

	Appending results from results.csv in ./CAVIA/240911-090609 ...

============ SWITCHING TO NEXT HYPERPARAMETER SET ... ============

	Appending results from results.csv in ./CAVIA/240911-110318 ...

============ SWITCHING TO NEXT HYPERPARAMETER SET ... ============

	Appending results from results.csv in ./CAVIA/240910-215517 ...

============ SWITCHING TO NEXT HYPERPARAMETER SET ... ============

	Appending results from results.csv in ./CAVIA/240910-220307 ...

============ SWITCHING TO NEXT HYPERPARAMETER SET ... ============

	Appending results from results.csv in ./CAVIA/240911-021225 ...

============ SWITCHING TO NEXT HYPERPARAMETER SET ... ============

	Appending results from results.csv in ./CAVIA/240911-041459 ...

============ SWITCHING TO NEXT HYPERPARAMETER SET ... ============

	Appending results from results.csv in ./CAVIA/240911-073127 ...

============ SWITCHING TO NEXT HYPERPARAMETER SET ... ============

	Appending results from results.csv in ./CAVIA/240911-012806 ...

============ SWITCHING TO NEXT HYPERPARAMETER SET ... ============

	Appending results from results.csv in ./CAVIA/240910-185152 ...

============ SWITCHING TO NEXT HYPERPARAMETER SET ... ============

	Appending results from results.csv in ./CAVIA/240911-010752 ...

============ SWITCHING TO NEXT HYPERPARAMETER SET ... ============

	Appending results from results.csv in ./CAVIA/240911-075255 ...

============ SWITCHING TO NEXT HYPERPARAMETER SET ... ============

	Appending results from results.csv in ./CAVIA/240911-091634 ...

============ SWITCHING TO NEXT HYPERPARAMETER SET ... ============

	Appending results from results.csv in ./CAVIA/240911-084031 ...

============ SWITCHING TO NEXT HYPERPARAMETER SET ... ============

	Appending results from results.csv in ./CAVIA/240910-233128 ...

============ SWITCHING TO NEXT HYPERPARAMETER SET ... ============

	Appending results from results.csv in ./CAVIA/240910-194238 ...

============ SWITCHING TO NEXT HYPERPARAMETER SET ... ============

	Appending results from results.csv in ./CAVIA/240911-121330 ...

============ SWITCHING TO NEXT HYPERPARAMETER SET ... ============

	Appending results from results.csv in ./CAVIA/240910-202122 ...

============ SWITCHING TO NEXT HYPERPARAMETER SET ... ============

	Appending results from results.csv in ./CAVIA/240911-105525 ...

============ SWITCHING TO NEXT HYPERPARAMETER SET ... ============

	Appending results from results.csv in ./CAVIA/240910-201249 ...

============ SWITCHING TO NEXT HYPERPARAMETER SET ... ============

	Appending results from results.csv in ./CAVIA/240911-122401 ...

============ SWITCHING TO NEXT HYPERPARAMETER SET ... ============

	Appending results from results.csv in ./CAVIA/240911-014228 ...

============ SWITCHING TO NEXT HYPERPARAMETER SET ... ============

	Appending results from results.csv in ./CAVIA/240910-190133 ...

============ SWITCHING TO NEXT HYPERPARAMETER SET ... ============

	Appending results from results.csv in ./CAVIA/240911-054857 ...

============ SWITCHING TO NEXT HYPERPARAMETER SET ... ============

	Appending results from results.csv in ./CAVIA/240911-080818 ...

============ SWITCHING TO NEXT HYPERPARAMETER SET ... ============

	Appending results from results.csv in ./CAVIA/240911-043208 ...

============ SWITCHING TO NEXT HYPERPARAMETER SET ... ============

	Appending results from results.csv in ./CAVIA/240910-190634 ...

============ SWITCHING TO NEXT HYPERPARAMETER SET ... ============

	Appending results from results.csv in ./CAVIA/240911-023633 ...

============ SWITCHING TO NEXT HYPERPARAMETER SET ... ============

	Appending results from results.csv in ./CAVIA/240911-080312 ...

============ SWITCHING TO NEXT HYPERPARAMETER SET ... ============

	Appending results from results.csv in ./CAVIA/240910-192802 ...

============ SWITCHING TO NEXT HYPERPARAMETER SET ... ============

	Appending results from results.csv in ./CAVIA/240911-083018 ...

============ SWITCHING TO NEXT HYPERPARAMETER SET ... ============

	Appending results from results.csv in ./CAVIA/240911-072616 ...

============ SWITCHING TO NEXT HYPERPARAMETER SET ... ============



Currently running NCF ...
	Appending results from results.csv in ./NCF/240911-091031 ...

============ SWITCHING TO NEXT HYPERPARAMETER SET ... ============

	Appending results from results.csv in ./NCF/240910-185611 ...

============ SWITCHING TO NEXT HYPERPARAMETER SET ... ============

	Appending results from results.csv in ./NCF/240911-083439 ...

============ SWITCHING TO NEXT HYPERPARAMETER SET ... ============

	Appending results from results.csv in ./NCF/240910-182019 ...

============ SWITCHING TO NEXT HYPERPARAMETER SET ... ============

	Appending results from results.csv in ./NCF/240911-013212 ...

============ SWITCHING TO NEXT HYPERPARAMETER SET ... ============

	Appending results from results.csv in ./NCF/240910-231734 ...

============ SWITCHING TO NEXT HYPERPARAMETER SET ... ============

	Appending results from results.csv in ./NCF/240911-041911 ...

============ SWITCHING TO NEXT HYPERPARAMETER SET ... ============

	Appending results from results.csv in ./NCF/240911-104920 ...

============ SWITCHING TO NEXT HYPERPARAMETER SET ... ============

	Appending results from results.csv in ./NCF/240911-075714 ...

============ SWITCHING TO NEXT HYPERPARAMETER SET ... ============

	Appending results from results.csv in ./NCF/240910-214947 ...

============ SWITCHING TO NEXT HYPERPARAMETER SET ... ============

	Appending results from results.csv in ./NCF/240911-005744 ...

============ SWITCHING TO NEXT HYPERPARAMETER SET ... ============

	Appending results from results.csv in ./NCF/240911-121755 ...

============ SWITCHING TO NEXT HYPERPARAMETER SET ... ============

	Appending results from results.csv in ./NCF/240911-072021 ...

============ SWITCHING TO NEXT HYPERPARAMETER SET ... ============

	Appending results from results.csv in ./NCF/240911-020701 ...

============ SWITCHING TO NEXT HYPERPARAMETER SET ... ============

	Appending results from results.csv in ./NCF/240910-193218 ...

============ SWITCHING TO NEXT HYPERPARAMETER SET ... ============

	Appending results from results.csv in ./NCF/240911-024043 ...

============ SWITCHING TO NEXT HYPERPARAMETER SET ... ============

	Appending results from results.csv in ./NCF/240910-200719 ...

============ SWITCHING TO NEXT HYPERPARAMETER SET ... ============

	Appending results from results.csv in ./NCF/240911-054323 ...

============ SWITCHING TO NEXT HYPERPARAMETER SET ... ============

