
############# Contextual Self-Modulation #############

Jax version: 0.4.28
Available devices: [cuda(id=0)]
New run folder created successfuly: ./CAVIA/240822-051543/
Completed copied scripts 
    Using all environments to estimate the global training loss function ...


Total number of parameters in the model: 7459
Total number of parameters in one context: 128


=== Beginning Meta-Training ... ===
    Number of examples in a batch: 12
    Total number of batches : 13565
    Numbers of inner steps : 5
    Training on 1 batches
    Validating on 1 batches
     ### (Re)Compiling function: outer_train_step ...  
     ### (Re)Compiling function: inner_train_step ...  
Epoch:   0      Batch:   0    Loss: 0.59297574     ContextsNorm: 0.00000000      WallTime(s):      2
     ### (Re)Compiling function: adapt_step_cavia ...  
        Validation Criterion: 0.52519524
        Saving best model so far ...
Epoch: 100      Batch:   0    Loss: 0.08266400     ContextsNorm: 0.00000000      WallTime(s):     48
     ### (Re)Compiling function: adapt_step_cavia ...  
        Validation Criterion: 0.08319028
        Saving best model so far ...
Epoch: 200      Batch:   0    Loss: 0.08251566     ContextsNorm: 0.00000000      WallTime(s):     94
     ### (Re)Compiling function: adapt_step_cavia ...  
        Validation Criterion: 0.08303440
        Saving best model so far ...
Epoch: 300      Batch:   0    Loss: 0.07634077     ContextsNorm: 0.00000000      WallTime(s):    141
     ### (Re)Compiling function: adapt_step_cavia ...  
        Validation Criterion: 0.07627766
        Saving best model so far ...
Epoch: 400      Batch:   0    Loss: 0.06759909     ContextsNorm: 0.00000000      WallTime(s):    188
     ### (Re)Compiling function: adapt_step_cavia ...  
        Validation Criterion: 0.06754522
        Saving best model so far ...
Epoch: 500      Batch:   0    Loss: 0.06739866     ContextsNorm: 0.00000000      WallTime(s):    234
     ### (Re)Compiling function: adapt_step_cavia ...  
        Validation Criterion: 0.06732257
        Saving best model so far ...
Epoch: 600      Batch:   0    Loss: 0.06718336     ContextsNorm: 0.00000000      WallTime(s):    281
     ### (Re)Compiling function: adapt_step_cavia ...  
        Validation Criterion: 0.06708534
        Saving best model so far ...
Epoch: 700      Batch:   0    Loss: 0.06687894     ContextsNorm: 0.00000000      WallTime(s):    329
     ### (Re)Compiling function: adapt_step_cavia ...  
        Validation Criterion: 0.06676038
        Saving best model so far ...
Epoch: 800      Batch:   0    Loss: 0.06648650     ContextsNorm: 0.00000000      WallTime(s):    376
     ### (Re)Compiling function: adapt_step_cavia ...  
        Validation Criterion: 0.06634857
        Saving best model so far ...
Epoch: 900      Batch:   0    Loss: 0.06603633     ContextsNorm: 0.00000000      WallTime(s):    424
     ### (Re)Compiling function: adapt_step_cavia ...  
        Validation Criterion: 0.06587408
        Saving best model so far ...
Epoch: 1000      Batch:   0    Loss: 0.06546621     ContextsNorm: 0.00000000      WallTime(s):    472
     ### (Re)Compiling function: adapt_step_cavia ...  
        Validation Criterion: 0.06527927
        Saving best model so far ...
Epoch: 1100      Batch:   0    Loss: 0.06462887     ContextsNorm: 0.00000000      WallTime(s):    520
     ### (Re)Compiling function: adapt_step_cavia ...  
        Validation Criterion: 0.06441052
        Saving best model so far ...
Epoch: 1200      Batch:   0    Loss: 0.06365030     ContextsNorm: 0.00000000      WallTime(s):    568
     ### (Re)Compiling function: adapt_step_cavia ...  
        Validation Criterion: 0.06339457
        Saving best model so far ...
Epoch: 1300      Batch:   0    Loss: 0.06304511     ContextsNorm: 0.00000000      WallTime(s):    616
     ### (Re)Compiling function: adapt_step_cavia ...  
        Validation Criterion: 0.06275599
        Saving best model so far ...
Epoch: 1400      Batch:   0    Loss: 0.06277946     ContextsNorm: 0.00000000      WallTime(s):    664
     ### (Re)Compiling function: adapt_step_cavia ...  
        Validation Criterion: 0.06248633
        Saving best model so far ...
Epoch: 1500      Batch:   0    Loss: 0.06250752     ContextsNorm: 0.00000000      WallTime(s):    714
     ### (Re)Compiling function: adapt_step_cavia ...  
        Validation Criterion: 0.06223383
        Saving best model so far ...
Epoch: 1600      Batch:   0    Loss: 0.06211997     ContextsNorm: 0.00000000      WallTime(s):    762
     ### (Re)Compiling function: adapt_step_cavia ...  
        Validation Criterion: 0.06188692
        Saving best model so far ...
Epoch: 1700      Batch:   0    Loss: 0.06144298     ContextsNorm: 0.00000000      WallTime(s):    811
     ### (Re)Compiling function: adapt_step_cavia ...  
        Validation Criterion: 0.06123857
        Saving best model so far ...
Epoch: 1800      Batch:   0    Loss: 0.05872748     ContextsNorm: 0.00000000      WallTime(s):    860
     ### (Re)Compiling function: adapt_step_cavia ...  
        Validation Criterion: 0.05836886
        Saving best model so far ...
Epoch: 1900      Batch:   0    Loss: 0.05822432     ContextsNorm: 0.00000000      WallTime(s):    908
     ### (Re)Compiling function: adapt_step_cavia ...  
        Validation Criterion: 0.05783531
        Saving best model so far ...
Epoch: 1999      Batch:   0    Loss: 0.05677966     ContextsNorm: 0.00000000      WallTime(s):    956
     ### (Re)Compiling function: adapt_step_cavia ...  
        Validation Criterion: 0.05734520
        Saving best model so far ...

Total gradient descent training time: 0 hours 15 mins 58 secs
Using any previrouly defined optimizer for adapation

=== Beginning Meta-Testing ... ===
    Number of environment batches: 13565
    Number of envs train steps per batch: 5
    Total number of training steps: 67825
    Adapting on 1 batches
     ### (Re)Compiling function: adapt_step_cavia ...  
    Batch:   0     Loss: 0.05675341        OtherNorms: [0.05675341 0.         0.        ]
Total gradient descent adaptation time: 0 hours 0 mins 1 secs

    Test loss value: 5.73e-02 ± 1.66e-02
    Train loss value for criterion 0: 5.68e-02

==  Begining artefacts visualisation ... ==
    Visualized context dimensions along x: [64 80 24]
    Visualized context dimensions along y: [ 38 100  62]
Saving artefacts in: ./CAVIA/240822-051543/artefacts.png

==  Begining in-domain CelebA visualisation ... ==
    Environment ids: range(0, 6)
     ### (Re)Compiling function: adapt_step_cavia ...  
Saving visualization in: ./CAVIA/240822-051543/few_shots_ind.png
Using any previrouly defined optimizer for adapation

=== Beginning Meta-Testing ... ===
    Number of environment batches: 1656
    Number of envs train steps per batch: 5
    Total number of training steps: 8280
    Adapting on 1 batches
     ### (Re)Compiling function: adapt_step_cavia ...  
    Batch:   0     Loss: 0.06223428        OtherNorms: [0.06223428 0.         0.        ]
Total gradient descent adaptation time: 0 hours 0 mins 1 secs

    Test loss value: 6.18e-02 ± 2.00e-02
    Train loss value for criterion 0: 6.22e-02
Using any previrouly defined optimizer for adapation

=== Beginning Meta-Testing ... ===
    Number of environment batches: 1664
    Number of envs train steps per batch: 5
    Total number of training steps: 8320
    Adapting on 1 batches
     ### (Re)Compiling function: adapt_step_cavia ...  
    Batch:   0     Loss: 0.06235665        OtherNorms: [0.06235665 0.         0.        ]
Total gradient descent adaptation time: 0 hours 0 mins 1 secs

    Test loss value: 6.17e-02 ± 1.97e-02
    Train loss value for criterion 0: 6.24e-02

==  Begining artefacts visualisation ... ==
    Visualized context dimensions along x: [64 80 24]
    Visualized context dimensions along y: [ 38 100  62]
No contexts found. Using zeros.
Saving artefacts in: ./CAVIA/240822-051543/adapt/artefacts.png

==  Begining in-domain CelebA visualisation ... ==
    Environment ids: range(0, 6)
     ### (Re)Compiling function: adapt_step_cavia ...  
Saving visualization in: ./CAVIA/240822-051543/adapt/few_shots_ood.png
