/home/gb21553/Projects/Self-Mod/examples/sine-reg/runs/Experiment-DataRegime-SmallCAVIA/run_experiment.py:21: SyntaxWarning: invalid escape sequence '\('
  os.system("echo num_envs=\("+str(num_envs)+", 1000\)" + " > " + current_file)
/home/gb21553/Projects/Self-Mod/examples/sine-reg/runs/Experiment-DataRegime-SmallCAVIA/run_experiment.py:21: SyntaxWarning: invalid escape sequence '\)'
  os.system("echo num_envs=\("+str(num_envs)+", 1000\)" + " > " + current_file)
/home/gb21553/Projects/Self-Mod/examples/sine-reg/runs/Experiment-DataRegime-SmallCAVIA/run_experiment.py:22: SyntaxWarning: invalid escape sequence '\('
  os.system("echo taylor_orders=\("+str(taylor_orders) + ", 0\)" + " >> " + current_file)
/home/gb21553/Projects/Self-Mod/examples/sine-reg/runs/Experiment-DataRegime-SmallCAVIA/run_experiment.py:22: SyntaxWarning: invalid escape sequence '\)'
  os.system("echo taylor_orders=\("+str(taylor_orders) + ", 0\)" + " >> " + current_file)
/home/gb21553/Projects/Self-Mod/examples/sine-reg/runs/Experiment-DataRegime-SmallCAVIA/run_experiment.py:32: SyntaxWarning: invalid escape sequence '\('
  os.system("echo num_envs=\("+str(num_envs)+", 1000\)" + " > " + current_file)
/home/gb21553/Projects/Self-Mod/examples/sine-reg/runs/Experiment-DataRegime-SmallCAVIA/run_experiment.py:32: SyntaxWarning: invalid escape sequence '\)'
  os.system("echo num_envs=\("+str(num_envs)+", 1000\)" + " > " + current_file)
/home/gb21553/Projects/Self-Mod/examples/sine-reg/runs/Experiment-DataRegime-SmallCAVIA/run_experiment.py:33: SyntaxWarning: invalid escape sequence '\('
  os.system("echo taylor_orders=\("+str(taylor_orders) + ", 0\)" + " >> " + current_file)
/home/gb21553/Projects/Self-Mod/examples/sine-reg/runs/Experiment-DataRegime-SmallCAVIA/run_experiment.py:33: SyntaxWarning: invalid escape sequence '\)'
  os.system("echo taylor_orders=\("+str(taylor_orders) + ", 0\)" + " >> " + current_file)


Currently running DataRegime-CAVIA with N=250 envs, TO=0, CS=2, GU=1 ...


Currently running DataRegime-NCF with N=250 envs, TO=0, CS=2, GU=1 ...

============ SWITCHING TO NEXT HYPERPARAMETER SET ... ============



Currently running DataRegime-CAVIA with N=250 envs, TO=0, CS=3, GU=1 ...


Currently running DataRegime-NCF with N=250 envs, TO=0, CS=3, GU=1 ...

============ SWITCHING TO NEXT HYPERPARAMETER SET ... ============



Currently running DataRegime-CAVIA with N=250 envs, TO=0, CS=50, GU=1 ...


Currently running DataRegime-NCF with N=250 envs, TO=0, CS=50, GU=1 ...

============ SWITCHING TO NEXT HYPERPARAMETER SET ... ============



Currently running DataRegime-CAVIA with N=1000 envs, TO=0, CS=2, GU=1 ...


Currently running DataRegime-NCF with N=1000 envs, TO=0, CS=2, GU=1 ...

============ SWITCHING TO NEXT HYPERPARAMETER SET ... ============



Currently running DataRegime-CAVIA with N=1000 envs, TO=0, CS=3, GU=1 ...


Currently running DataRegime-NCF with N=1000 envs, TO=0, CS=3, GU=1 ...

============ SWITCHING TO NEXT HYPERPARAMETER SET ... ============



Currently running DataRegime-CAVIA with N=1000 envs, TO=0, CS=50, GU=1 ...


Currently running DataRegime-NCF with N=1000 envs, TO=0, CS=50, GU=1 ...

============ SWITCHING TO NEXT HYPERPARAMETER SET ... ============



Currently running DataRegime-CAVIA with N=12500 envs, TO=0, CS=2, GU=1 ...
Traceback (most recent call last):
  File "/home/gb21553/Projects/Self-Mod/examples/sine-reg/runs/Experiment-DataRegime-SmallCAVIA/CAVIA-NE12500-TO0-CS2-GU1.py", line 231, in <module>
    trainer.meta_train(dataloader=train_dataloader,
  File "/home/gb21553/Projects/Self-Mod/selfmod/trainer.py", line 1201, in meta_train
    self.losses_model.append(jnp.vstack(losses))
                             ^^^^^^^^^^^^^^^^^^
  File "/home/gb21553/miniconda3/envs/jax/lib/python3.12/site-packages/jax/_src/numpy/lax_numpy.py", line 2326, in vstack
    return concatenate(arrs, axis=0, dtype=dtype)
           ^^^^^^^^^^^^^^^^^^^^^^^^^^^^^^^^^^^^^^
  File "/home/gb21553/miniconda3/envs/jax/lib/python3.12/site-packages/jax/_src/numpy/lax_numpy.py", line 2290, in concatenate
    raise ValueError("Need at least one array to concatenate.")
ValueError: Need at least one array to concatenate.


Currently running DataRegime-NCF with N=12500 envs, TO=0, CS=2, GU=1 ...

============ SWITCHING TO NEXT HYPERPARAMETER SET ... ============



Currently running DataRegime-CAVIA with N=12500 envs, TO=0, CS=3, GU=1 ...
Traceback (most recent call last):
  File "/home/gb21553/Projects/Self-Mod/examples/sine-reg/runs/Experiment-DataRegime-SmallCAVIA/CAVIA-NE12500-TO0-CS3-GU1.py", line 231, in <module>
    trainer.meta_train(dataloader=train_dataloader,
  File "/home/gb21553/Projects/Self-Mod/selfmod/trainer.py", line 1201, in meta_train
    self.losses_model.append(jnp.vstack(losses))
                             ^^^^^^^^^^^^^^^^^^
  File "/home/gb21553/miniconda3/envs/jax/lib/python3.12/site-packages/jax/_src/numpy/lax_numpy.py", line 2326, in vstack
    return concatenate(arrs, axis=0, dtype=dtype)
           ^^^^^^^^^^^^^^^^^^^^^^^^^^^^^^^^^^^^^^
  File "/home/gb21553/miniconda3/envs/jax/lib/python3.12/site-packages/jax/_src/numpy/lax_numpy.py", line 2290, in concatenate
    raise ValueError("Need at least one array to concatenate.")
ValueError: Need at least one array to concatenate.


Currently running DataRegime-NCF with N=12500 envs, TO=0, CS=3, GU=1 ...

============ SWITCHING TO NEXT HYPERPARAMETER SET ... ============



Currently running DataRegime-CAVIA with N=12500 envs, TO=0, CS=50, GU=1 ...
Traceback (most recent call last):
  File "/home/gb21553/Projects/Self-Mod/examples/sine-reg/runs/Experiment-DataRegime-SmallCAVIA/CAVIA-NE12500-TO0-CS50-GU1.py", line 231, in <module>
    trainer.meta_train(dataloader=train_dataloader,
  File "/home/gb21553/Projects/Self-Mod/selfmod/trainer.py", line 1201, in meta_train
    self.losses_model.append(jnp.vstack(losses))
                             ^^^^^^^^^^^^^^^^^^
  File "/home/gb21553/miniconda3/envs/jax/lib/python3.12/site-packages/jax/_src/numpy/lax_numpy.py", line 2326, in vstack
    return concatenate(arrs, axis=0, dtype=dtype)
           ^^^^^^^^^^^^^^^^^^^^^^^^^^^^^^^^^^^^^^
  File "/home/gb21553/miniconda3/envs/jax/lib/python3.12/site-packages/jax/_src/numpy/lax_numpy.py", line 2290, in concatenate
    raise ValueError("Need at least one array to concatenate.")
ValueError: Need at least one array to concatenate.


Currently running DataRegime-NCF with N=12500 envs, TO=0, CS=50, GU=1 ...

============ SWITCHING TO NEXT HYPERPARAMETER SET ... ============



Currently running DataRegime-CAVIA with N=250 envs, TO=2, CS=2, GU=1 ...


Currently running DataRegime-NCF with N=250 envs, TO=2, CS=2, GU=1 ...

============ SWITCHING TO NEXT HYPERPARAMETER SET ... ============



Currently running DataRegime-CAVIA with N=250 envs, TO=2, CS=3, GU=1 ...


Currently running DataRegime-NCF with N=250 envs, TO=2, CS=3, GU=1 ...

============ SWITCHING TO NEXT HYPERPARAMETER SET ... ============



Currently running DataRegime-CAVIA with N=250 envs, TO=2, CS=50, GU=1 ...


Currently running DataRegime-NCF with N=250 envs, TO=2, CS=50, GU=1 ...

============ SWITCHING TO NEXT HYPERPARAMETER SET ... ============



Currently running DataRegime-CAVIA with N=1000 envs, TO=2, CS=2, GU=1 ...


Currently running DataRegime-NCF with N=1000 envs, TO=2, CS=2, GU=1 ...

============ SWITCHING TO NEXT HYPERPARAMETER SET ... ============



Currently running DataRegime-CAVIA with N=1000 envs, TO=2, CS=3, GU=1 ...


Currently running DataRegime-NCF with N=1000 envs, TO=2, CS=3, GU=1 ...

============ SWITCHING TO NEXT HYPERPARAMETER SET ... ============



Currently running DataRegime-CAVIA with N=1000 envs, TO=2, CS=50, GU=1 ...


Currently running DataRegime-NCF with N=1000 envs, TO=2, CS=50, GU=1 ...

============ SWITCHING TO NEXT HYPERPARAMETER SET ... ============



Currently running DataRegime-CAVIA with N=12500 envs, TO=2, CS=2, GU=1 ...
Traceback (most recent call last):
  File "/home/gb21553/Projects/Self-Mod/examples/sine-reg/runs/Experiment-DataRegime-SmallCAVIA/CAVIA-NE12500-TO2-CS2-GU1.py", line 231, in <module>
    trainer.meta_train(dataloader=train_dataloader,
  File "/home/gb21553/Projects/Self-Mod/selfmod/trainer.py", line 1201, in meta_train
    self.losses_model.append(jnp.vstack(losses))
                             ^^^^^^^^^^^^^^^^^^
  File "/home/gb21553/miniconda3/envs/jax/lib/python3.12/site-packages/jax/_src/numpy/lax_numpy.py", line 2326, in vstack
    return concatenate(arrs, axis=0, dtype=dtype)
           ^^^^^^^^^^^^^^^^^^^^^^^^^^^^^^^^^^^^^^
  File "/home/gb21553/miniconda3/envs/jax/lib/python3.12/site-packages/jax/_src/numpy/lax_numpy.py", line 2290, in concatenate
    raise ValueError("Need at least one array to concatenate.")
ValueError: Need at least one array to concatenate.


Currently running DataRegime-NCF with N=12500 envs, TO=2, CS=2, GU=1 ...

============ SWITCHING TO NEXT HYPERPARAMETER SET ... ============



Currently running DataRegime-CAVIA with N=12500 envs, TO=2, CS=3, GU=1 ...
Traceback (most recent call last):
  File "/home/gb21553/Projects/Self-Mod/examples/sine-reg/runs/Experiment-DataRegime-SmallCAVIA/CAVIA-NE12500-TO2-CS3-GU1.py", line 231, in <module>
    trainer.meta_train(dataloader=train_dataloader,
  File "/home/gb21553/Projects/Self-Mod/selfmod/trainer.py", line 1201, in meta_train
    self.losses_model.append(jnp.vstack(losses))
                             ^^^^^^^^^^^^^^^^^^
  File "/home/gb21553/miniconda3/envs/jax/lib/python3.12/site-packages/jax/_src/numpy/lax_numpy.py", line 2326, in vstack
    return concatenate(arrs, axis=0, dtype=dtype)
           ^^^^^^^^^^^^^^^^^^^^^^^^^^^^^^^^^^^^^^
  File "/home/gb21553/miniconda3/envs/jax/lib/python3.12/site-packages/jax/_src/numpy/lax_numpy.py", line 2290, in concatenate
    raise ValueError("Need at least one array to concatenate.")
ValueError: Need at least one array to concatenate.


Currently running DataRegime-NCF with N=12500 envs, TO=2, CS=3, GU=1 ...

============ SWITCHING TO NEXT HYPERPARAMETER SET ... ============



Currently running DataRegime-CAVIA with N=12500 envs, TO=2, CS=50, GU=1 ...
Traceback (most recent call last):
  File "/home/gb21553/Projects/Self-Mod/examples/sine-reg/runs/Experiment-DataRegime-SmallCAVIA/CAVIA-NE12500-TO2-CS50-GU1.py", line 231, in <module>
    trainer.meta_train(dataloader=train_dataloader,
  File "/home/gb21553/Projects/Self-Mod/selfmod/trainer.py", line 1201, in meta_train
    self.losses_model.append(jnp.vstack(losses))
                             ^^^^^^^^^^^^^^^^^^
  File "/home/gb21553/miniconda3/envs/jax/lib/python3.12/site-packages/jax/_src/numpy/lax_numpy.py", line 2326, in vstack
    return concatenate(arrs, axis=0, dtype=dtype)
           ^^^^^^^^^^^^^^^^^^^^^^^^^^^^^^^^^^^^^^
  File "/home/gb21553/miniconda3/envs/jax/lib/python3.12/site-packages/jax/_src/numpy/lax_numpy.py", line 2290, in concatenate
    raise ValueError("Need at least one array to concatenate.")
ValueError: Need at least one array to concatenate.


Currently running DataRegime-NCF with N=12500 envs, TO=2, CS=50, GU=1 ...

============ SWITCHING TO NEXT HYPERPARAMETER SET ... ============



Currently running DataRegime-CAVIA with N=250 envs, TO=0, CS=2, GU=5 ...

============ SWITCHING TO NEXT HYPERPARAMETER SET ... ============



Currently running DataRegime-CAVIA with N=250 envs, TO=0, CS=3, GU=5 ...

============ SWITCHING TO NEXT HYPERPARAMETER SET ... ============



Currently running DataRegime-CAVIA with N=250 envs, TO=0, CS=50, GU=5 ...

============ SWITCHING TO NEXT HYPERPARAMETER SET ... ============



Currently running DataRegime-CAVIA with N=1000 envs, TO=0, CS=2, GU=5 ...

============ SWITCHING TO NEXT HYPERPARAMETER SET ... ============



Currently running DataRegime-CAVIA with N=1000 envs, TO=0, CS=3, GU=5 ...

============ SWITCHING TO NEXT HYPERPARAMETER SET ... ============



Currently running DataRegime-CAVIA with N=1000 envs, TO=0, CS=50, GU=5 ...

============ SWITCHING TO NEXT HYPERPARAMETER SET ... ============



Currently running DataRegime-CAVIA with N=12500 envs, TO=0, CS=2, GU=5 ...
Traceback (most recent call last):
  File "/home/gb21553/Projects/Self-Mod/examples/sine-reg/runs/Experiment-DataRegime-SmallCAVIA/CAVIA-NE12500-TO0-CS2-GU5.py", line 231, in <module>
    trainer.meta_train(dataloader=train_dataloader,
  File "/home/gb21553/Projects/Self-Mod/selfmod/trainer.py", line 1201, in meta_train
    self.losses_model.append(jnp.vstack(losses))
                             ^^^^^^^^^^^^^^^^^^
  File "/home/gb21553/miniconda3/envs/jax/lib/python3.12/site-packages/jax/_src/numpy/lax_numpy.py", line 2326, in vstack
    return concatenate(arrs, axis=0, dtype=dtype)
           ^^^^^^^^^^^^^^^^^^^^^^^^^^^^^^^^^^^^^^
  File "/home/gb21553/miniconda3/envs/jax/lib/python3.12/site-packages/jax/_src/numpy/lax_numpy.py", line 2290, in concatenate
    raise ValueError("Need at least one array to concatenate.")
ValueError: Need at least one array to concatenate.

============ SWITCHING TO NEXT HYPERPARAMETER SET ... ============



Currently running DataRegime-CAVIA with N=12500 envs, TO=0, CS=3, GU=5 ...
Traceback (most recent call last):
  File "/home/gb21553/Projects/Self-Mod/examples/sine-reg/runs/Experiment-DataRegime-SmallCAVIA/CAVIA-NE12500-TO0-CS3-GU5.py", line 231, in <module>
    trainer.meta_train(dataloader=train_dataloader,
  File "/home/gb21553/Projects/Self-Mod/selfmod/trainer.py", line 1201, in meta_train
    self.losses_model.append(jnp.vstack(losses))
                             ^^^^^^^^^^^^^^^^^^
  File "/home/gb21553/miniconda3/envs/jax/lib/python3.12/site-packages/jax/_src/numpy/lax_numpy.py", line 2326, in vstack
    return concatenate(arrs, axis=0, dtype=dtype)
           ^^^^^^^^^^^^^^^^^^^^^^^^^^^^^^^^^^^^^^
  File "/home/gb21553/miniconda3/envs/jax/lib/python3.12/site-packages/jax/_src/numpy/lax_numpy.py", line 2290, in concatenate
    raise ValueError("Need at least one array to concatenate.")
ValueError: Need at least one array to concatenate.

============ SWITCHING TO NEXT HYPERPARAMETER SET ... ============



Currently running DataRegime-CAVIA with N=12500 envs, TO=0, CS=50, GU=5 ...
Traceback (most recent call last):
  File "/home/gb21553/Projects/Self-Mod/examples/sine-reg/runs/Experiment-DataRegime-SmallCAVIA/CAVIA-NE12500-TO0-CS50-GU5.py", line 231, in <module>
    trainer.meta_train(dataloader=train_dataloader,
  File "/home/gb21553/Projects/Self-Mod/selfmod/trainer.py", line 1201, in meta_train
    self.losses_model.append(jnp.vstack(losses))
                             ^^^^^^^^^^^^^^^^^^
  File "/home/gb21553/miniconda3/envs/jax/lib/python3.12/site-packages/jax/_src/numpy/lax_numpy.py", line 2326, in vstack
    return concatenate(arrs, axis=0, dtype=dtype)
           ^^^^^^^^^^^^^^^^^^^^^^^^^^^^^^^^^^^^^^
  File "/home/gb21553/miniconda3/envs/jax/lib/python3.12/site-packages/jax/_src/numpy/lax_numpy.py", line 2290, in concatenate
    raise ValueError("Need at least one array to concatenate.")
ValueError: Need at least one array to concatenate.

============ SWITCHING TO NEXT HYPERPARAMETER SET ... ============



Currently running DataRegime-CAVIA with N=250 envs, TO=2, CS=2, GU=5 ...

============ SWITCHING TO NEXT HYPERPARAMETER SET ... ============



Currently running DataRegime-CAVIA with N=250 envs, TO=2, CS=3, GU=5 ...

============ SWITCHING TO NEXT HYPERPARAMETER SET ... ============



Currently running DataRegime-CAVIA with N=250 envs, TO=2, CS=50, GU=5 ...

============ SWITCHING TO NEXT HYPERPARAMETER SET ... ============



Currently running DataRegime-CAVIA with N=1000 envs, TO=2, CS=2, GU=5 ...

============ SWITCHING TO NEXT HYPERPARAMETER SET ... ============



Currently running DataRegime-CAVIA with N=1000 envs, TO=2, CS=3, GU=5 ...

============ SWITCHING TO NEXT HYPERPARAMETER SET ... ============



Currently running DataRegime-CAVIA with N=1000 envs, TO=2, CS=50, GU=5 ...

============ SWITCHING TO NEXT HYPERPARAMETER SET ... ============



Currently running DataRegime-CAVIA with N=12500 envs, TO=2, CS=2, GU=5 ...
Traceback (most recent call last):
  File "/home/gb21553/Projects/Self-Mod/examples/sine-reg/runs/Experiment-DataRegime-SmallCAVIA/CAVIA-NE12500-TO2-CS2-GU5.py", line 231, in <module>
    trainer.meta_train(dataloader=train_dataloader,
  File "/home/gb21553/Projects/Self-Mod/selfmod/trainer.py", line 1201, in meta_train
    self.losses_model.append(jnp.vstack(losses))
                             ^^^^^^^^^^^^^^^^^^
  File "/home/gb21553/miniconda3/envs/jax/lib/python3.12/site-packages/jax/_src/numpy/lax_numpy.py", line 2326, in vstack
    return concatenate(arrs, axis=0, dtype=dtype)
           ^^^^^^^^^^^^^^^^^^^^^^^^^^^^^^^^^^^^^^
  File "/home/gb21553/miniconda3/envs/jax/lib/python3.12/site-packages/jax/_src/numpy/lax_numpy.py", line 2290, in concatenate
    raise ValueError("Need at least one array to concatenate.")
ValueError: Need at least one array to concatenate.

============ SWITCHING TO NEXT HYPERPARAMETER SET ... ============



Currently running DataRegime-CAVIA with N=12500 envs, TO=2, CS=3, GU=5 ...
Traceback (most recent call last):
  File "/home/gb21553/Projects/Self-Mod/examples/sine-reg/runs/Experiment-DataRegime-SmallCAVIA/CAVIA-NE12500-TO2-CS3-GU5.py", line 231, in <module>
    trainer.meta_train(dataloader=train_dataloader,
  File "/home/gb21553/Projects/Self-Mod/selfmod/trainer.py", line 1201, in meta_train
    self.losses_model.append(jnp.vstack(losses))
                             ^^^^^^^^^^^^^^^^^^
  File "/home/gb21553/miniconda3/envs/jax/lib/python3.12/site-packages/jax/_src/numpy/lax_numpy.py", line 2326, in vstack
    return concatenate(arrs, axis=0, dtype=dtype)
           ^^^^^^^^^^^^^^^^^^^^^^^^^^^^^^^^^^^^^^
  File "/home/gb21553/miniconda3/envs/jax/lib/python3.12/site-packages/jax/_src/numpy/lax_numpy.py", line 2290, in concatenate
    raise ValueError("Need at least one array to concatenate.")
ValueError: Need at least one array to concatenate.

============ SWITCHING TO NEXT HYPERPARAMETER SET ... ============



Currently running DataRegime-CAVIA with N=12500 envs, TO=2, CS=50, GU=5 ...
Traceback (most recent call last):
  File "/home/gb21553/Projects/Self-Mod/examples/sine-reg/runs/Experiment-DataRegime-SmallCAVIA/CAVIA-NE12500-TO2-CS50-GU5.py", line 231, in <module>
    trainer.meta_train(dataloader=train_dataloader,
  File "/home/gb21553/Projects/Self-Mod/selfmod/trainer.py", line 1201, in meta_train
    self.losses_model.append(jnp.vstack(losses))
                             ^^^^^^^^^^^^^^^^^^
  File "/home/gb21553/miniconda3/envs/jax/lib/python3.12/site-packages/jax/_src/numpy/lax_numpy.py", line 2326, in vstack
    return concatenate(arrs, axis=0, dtype=dtype)
           ^^^^^^^^^^^^^^^^^^^^^^^^^^^^^^^^^^^^^^
  File "/home/gb21553/miniconda3/envs/jax/lib/python3.12/site-packages/jax/_src/numpy/lax_numpy.py", line 2290, in concatenate
    raise ValueError("Need at least one array to concatenate.")
ValueError: Need at least one array to concatenate.

============ SWITCHING TO NEXT HYPERPARAMETER SET ... ============



Currently running DataRegime-CAVIA with N=250 envs, TO=0, CS=2, GU=100 ...

============ SWITCHING TO NEXT HYPERPARAMETER SET ... ============



Currently running DataRegime-CAVIA with N=250 envs, TO=0, CS=3, GU=100 ...

============ SWITCHING TO NEXT HYPERPARAMETER SET ... ============



Currently running DataRegime-CAVIA with N=250 envs, TO=0, CS=50, GU=100 ...

============ SWITCHING TO NEXT HYPERPARAMETER SET ... ============



Currently running DataRegime-CAVIA with N=1000 envs, TO=0, CS=2, GU=100 ...

============ SWITCHING TO NEXT HYPERPARAMETER SET ... ============



Currently running DataRegime-CAVIA with N=1000 envs, TO=0, CS=3, GU=100 ...

============ SWITCHING TO NEXT HYPERPARAMETER SET ... ============



Currently running DataRegime-CAVIA with N=1000 envs, TO=0, CS=50, GU=100 ...

============ SWITCHING TO NEXT HYPERPARAMETER SET ... ============



Currently running DataRegime-CAVIA with N=12500 envs, TO=0, CS=2, GU=100 ...
Traceback (most recent call last):
  File "/home/gb21553/Projects/Self-Mod/examples/sine-reg/runs/Experiment-DataRegime-SmallCAVIA/CAVIA-NE12500-TO0-CS2-GU100.py", line 231, in <module>
    trainer.meta_train(dataloader=train_dataloader,
  File "/home/gb21553/Projects/Self-Mod/selfmod/trainer.py", line 1201, in meta_train
    self.losses_model.append(jnp.vstack(losses))
                             ^^^^^^^^^^^^^^^^^^
  File "/home/gb21553/miniconda3/envs/jax/lib/python3.12/site-packages/jax/_src/numpy/lax_numpy.py", line 2326, in vstack
    return concatenate(arrs, axis=0, dtype=dtype)
           ^^^^^^^^^^^^^^^^^^^^^^^^^^^^^^^^^^^^^^
  File "/home/gb21553/miniconda3/envs/jax/lib/python3.12/site-packages/jax/_src/numpy/lax_numpy.py", line 2290, in concatenate
    raise ValueError("Need at least one array to concatenate.")
ValueError: Need at least one array to concatenate.

============ SWITCHING TO NEXT HYPERPARAMETER SET ... ============



Currently running DataRegime-CAVIA with N=12500 envs, TO=0, CS=3, GU=100 ...
Traceback (most recent call last):
  File "/home/gb21553/Projects/Self-Mod/examples/sine-reg/runs/Experiment-DataRegime-SmallCAVIA/CAVIA-NE12500-TO0-CS3-GU100.py", line 231, in <module>
    trainer.meta_train(dataloader=train_dataloader,
  File "/home/gb21553/Projects/Self-Mod/selfmod/trainer.py", line 1201, in meta_train
    self.losses_model.append(jnp.vstack(losses))
                             ^^^^^^^^^^^^^^^^^^
  File "/home/gb21553/miniconda3/envs/jax/lib/python3.12/site-packages/jax/_src/numpy/lax_numpy.py", line 2326, in vstack
    return concatenate(arrs, axis=0, dtype=dtype)
           ^^^^^^^^^^^^^^^^^^^^^^^^^^^^^^^^^^^^^^
  File "/home/gb21553/miniconda3/envs/jax/lib/python3.12/site-packages/jax/_src/numpy/lax_numpy.py", line 2290, in concatenate
    raise ValueError("Need at least one array to concatenate.")
ValueError: Need at least one array to concatenate.

============ SWITCHING TO NEXT HYPERPARAMETER SET ... ============



Currently running DataRegime-CAVIA with N=12500 envs, TO=0, CS=50, GU=100 ...
Traceback (most recent call last):
  File "/home/gb21553/Projects/Self-Mod/examples/sine-reg/runs/Experiment-DataRegime-SmallCAVIA/CAVIA-NE12500-TO0-CS50-GU100.py", line 231, in <module>
    trainer.meta_train(dataloader=train_dataloader,
  File "/home/gb21553/Projects/Self-Mod/selfmod/trainer.py", line 1201, in meta_train
    self.losses_model.append(jnp.vstack(losses))
                             ^^^^^^^^^^^^^^^^^^
  File "/home/gb21553/miniconda3/envs/jax/lib/python3.12/site-packages/jax/_src/numpy/lax_numpy.py", line 2326, in vstack
    return concatenate(arrs, axis=0, dtype=dtype)
           ^^^^^^^^^^^^^^^^^^^^^^^^^^^^^^^^^^^^^^
  File "/home/gb21553/miniconda3/envs/jax/lib/python3.12/site-packages/jax/_src/numpy/lax_numpy.py", line 2290, in concatenate
    raise ValueError("Need at least one array to concatenate.")
ValueError: Need at least one array to concatenate.

============ SWITCHING TO NEXT HYPERPARAMETER SET ... ============



Currently running DataRegime-CAVIA with N=250 envs, TO=2, CS=2, GU=100 ...

============ SWITCHING TO NEXT HYPERPARAMETER SET ... ============



Currently running DataRegime-CAVIA with N=250 envs, TO=2, CS=3, GU=100 ...

============ SWITCHING TO NEXT HYPERPARAMETER SET ... ============



Currently running DataRegime-CAVIA with N=250 envs, TO=2, CS=50, GU=100 ...

============ SWITCHING TO NEXT HYPERPARAMETER SET ... ============



Currently running DataRegime-CAVIA with N=1000 envs, TO=2, CS=2, GU=100 ...

============ SWITCHING TO NEXT HYPERPARAMETER SET ... ============



Currently running DataRegime-CAVIA with N=1000 envs, TO=2, CS=3, GU=100 ...

============ SWITCHING TO NEXT HYPERPARAMETER SET ... ============



Currently running DataRegime-CAVIA with N=1000 envs, TO=2, CS=50, GU=100 ...

============ SWITCHING TO NEXT HYPERPARAMETER SET ... ============



Currently running DataRegime-CAVIA with N=12500 envs, TO=2, CS=2, GU=100 ...
Traceback (most recent call last):
  File "/home/gb21553/Projects/Self-Mod/examples/sine-reg/runs/Experiment-DataRegime-SmallCAVIA/CAVIA-NE12500-TO2-CS2-GU100.py", line 231, in <module>
    trainer.meta_train(dataloader=train_dataloader,
  File "/home/gb21553/Projects/Self-Mod/selfmod/trainer.py", line 1201, in meta_train
    self.losses_model.append(jnp.vstack(losses))
                             ^^^^^^^^^^^^^^^^^^
  File "/home/gb21553/miniconda3/envs/jax/lib/python3.12/site-packages/jax/_src/numpy/lax_numpy.py", line 2326, in vstack
    return concatenate(arrs, axis=0, dtype=dtype)
           ^^^^^^^^^^^^^^^^^^^^^^^^^^^^^^^^^^^^^^
  File "/home/gb21553/miniconda3/envs/jax/lib/python3.12/site-packages/jax/_src/numpy/lax_numpy.py", line 2290, in concatenate
    raise ValueError("Need at least one array to concatenate.")
ValueError: Need at least one array to concatenate.

============ SWITCHING TO NEXT HYPERPARAMETER SET ... ============



Currently running DataRegime-CAVIA with N=12500 envs, TO=2, CS=3, GU=100 ...
Traceback (most recent call last):
  File "/home/gb21553/Projects/Self-Mod/examples/sine-reg/runs/Experiment-DataRegime-SmallCAVIA/CAVIA-NE12500-TO2-CS3-GU100.py", line 231, in <module>
    trainer.meta_train(dataloader=train_dataloader,
  File "/home/gb21553/Projects/Self-Mod/selfmod/trainer.py", line 1201, in meta_train
    self.losses_model.append(jnp.vstack(losses))
                             ^^^^^^^^^^^^^^^^^^
  File "/home/gb21553/miniconda3/envs/jax/lib/python3.12/site-packages/jax/_src/numpy/lax_numpy.py", line 2326, in vstack
    return concatenate(arrs, axis=0, dtype=dtype)
           ^^^^^^^^^^^^^^^^^^^^^^^^^^^^^^^^^^^^^^
  File "/home/gb21553/miniconda3/envs/jax/lib/python3.12/site-packages/jax/_src/numpy/lax_numpy.py", line 2290, in concatenate
    raise ValueError("Need at least one array to concatenate.")
ValueError: Need at least one array to concatenate.

============ SWITCHING TO NEXT HYPERPARAMETER SET ... ============



Currently running DataRegime-CAVIA with N=12500 envs, TO=2, CS=50, GU=100 ...
Traceback (most recent call last):
  File "/home/gb21553/Projects/Self-Mod/examples/sine-reg/runs/Experiment-DataRegime-SmallCAVIA/CAVIA-NE12500-TO2-CS50-GU100.py", line 231, in <module>
    trainer.meta_train(dataloader=train_dataloader,
  File "/home/gb21553/Projects/Self-Mod/selfmod/trainer.py", line 1201, in meta_train
    self.losses_model.append(jnp.vstack(losses))
                             ^^^^^^^^^^^^^^^^^^
  File "/home/gb21553/miniconda3/envs/jax/lib/python3.12/site-packages/jax/_src/numpy/lax_numpy.py", line 2326, in vstack
    return concatenate(arrs, axis=0, dtype=dtype)
           ^^^^^^^^^^^^^^^^^^^^^^^^^^^^^^^^^^^^^^
  File "/home/gb21553/miniconda3/envs/jax/lib/python3.12/site-packages/jax/_src/numpy/lax_numpy.py", line 2290, in concatenate
    raise ValueError("Need at least one array to concatenate.")
ValueError: Need at least one array to concatenate.

============ SWITCHING TO NEXT HYPERPARAMETER SET ... ============

