
############# Contextual Self-Modulation #############

Jax version: 0.4.28
Available devices: [cuda(id=0)]
Created a new run folder at: ./240724-070122/
Completed copied scripts 


Total number of parameters in the model: 5998
Total number of parameters in the contexts: 3492


=== Beginning meta training ... ===
    Number of examples in a batch: 9
    Total number of batches : 1
    Numbers of inner steps : 5
    Training on 1 batches
    Validating on 1 batches
     ### (Re)Compiling function: outer_train_step ...  
     ### (Re)Compiling function: inner_train_step ...  
Epoch:   0      Batch:   0    Loss: 1.61222053     ContextsNorm: 0.00116022
     ### (Re)Compiling function: adapt_step_cavia ...  
     Validation Criterion: 1.15608490
     Saving best model so far ...
Epoch: 100      Batch:   0    Loss: 0.00966265     ContextsNorm: 0.00459317
     ### (Re)Compiling function: adapt_step_cavia ...  
     Validation Criterion: 0.06071147
     Saving best model so far ...
Epoch: 200      Batch:   0    Loss: 0.00554411     ContextsNorm: 0.00588446
     ### (Re)Compiling function: adapt_step_cavia ...  
     Validation Criterion: 0.07609158
Epoch: 300      Batch:   0    Loss: 0.00303822     ContextsNorm: 0.00878718
     ### (Re)Compiling function: adapt_step_cavia ...  
     Validation Criterion: 0.15794237
Epoch: 400      Batch:   0    Loss: 0.00162065     ContextsNorm: 0.00732932
     ### (Re)Compiling function: adapt_step_cavia ...  
     Validation Criterion: 0.10717298
Epoch: 500      Batch:   0    Loss: 0.00103638     ContextsNorm: 0.00552735
     ### (Re)Compiling function: adapt_step_cavia ...  
     Validation Criterion: 0.06134123
Epoch: 600      Batch:   0    Loss: 0.00070048     ContextsNorm: 0.00363241
     ### (Re)Compiling function: adapt_step_cavia ...  
     Validation Criterion: 0.03555954
     Saving best model so far ...
Epoch: 700      Batch:   0    Loss: 0.00076439     ContextsNorm: 0.00331176
     ### (Re)Compiling function: adapt_step_cavia ...  
     Validation Criterion: 0.03070659
     Saving best model so far ...
Epoch: 800      Batch:   0    Loss: 0.00050727     ContextsNorm: 0.00328631
     ### (Re)Compiling function: adapt_step_cavia ...  
     Validation Criterion: 0.03088510
Epoch: 900      Batch:   0    Loss: 0.00029220     ContextsNorm: 0.00345959
     ### (Re)Compiling function: adapt_step_cavia ...  
     Validation Criterion: 0.03042384
     Saving best model so far ...
Epoch: 1000      Batch:   0    Loss: 0.00026704     ContextsNorm: 0.00349336
     ### (Re)Compiling function: adapt_step_cavia ...  
     Validation Criterion: 0.03123852
Epoch: 1100      Batch:   0    Loss: 0.00019062     ContextsNorm: 0.00370944
     ### (Re)Compiling function: adapt_step_cavia ...  
     Validation Criterion: 0.03402285
Epoch: 1200      Batch:   0    Loss: 0.00017358     ContextsNorm: 0.00391407
     ### (Re)Compiling function: adapt_step_cavia ...  
     Validation Criterion: 0.03729997
Epoch: 1300      Batch:   0    Loss: 0.00016315     ContextsNorm: 0.00404857
     ### (Re)Compiling function: adapt_step_cavia ...  
     Validation Criterion: 0.03835324
Epoch: 1400      Batch:   0    Loss: 0.00016953     ContextsNorm: 0.00408291
     ### (Re)Compiling function: adapt_step_cavia ...  
     Validation Criterion: 0.04038809
Epoch: 1500      Batch:   0    Loss: 0.00014517     ContextsNorm: 0.00403717
     ### (Re)Compiling function: adapt_step_cavia ...  
     Validation Criterion: 0.03786486
Epoch: 1600      Batch:   0    Loss: 0.00013717     ContextsNorm: 0.00402158
     ### (Re)Compiling function: adapt_step_cavia ...  
     Validation Criterion: 0.03760111
Epoch: 1700      Batch:   0    Loss: 0.00012035     ContextsNorm: 0.00410752
     ### (Re)Compiling function: adapt_step_cavia ...  
     Validation Criterion: 0.03993282
Epoch: 1800      Batch:   0    Loss: 0.00013502     ContextsNorm: 0.00405501
     ### (Re)Compiling function: adapt_step_cavia ...  
     Validation Criterion: 0.03902794
Epoch: 1900      Batch:   0    Loss: 0.00021042     ContextsNorm: 0.00412266
     ### (Re)Compiling function: adapt_step_cavia ...  
     Validation Criterion: 0.04113600
Epoch: 2000      Batch:   0    Loss: 0.00014920     ContextsNorm: 0.00422873
     ### (Re)Compiling function: adapt_step_cavia ...  
     Validation Criterion: 0.04071954
Epoch: 2100      Batch:   0    Loss: 0.00010652     ContextsNorm: 0.00400657
     ### (Re)Compiling function: adapt_step_cavia ...  
     Validation Criterion: 0.03829860
Epoch: 2200      Batch:   0    Loss: 0.00015581     ContextsNorm: 0.00402821
     ### (Re)Compiling function: adapt_step_cavia ...  
     Validation Criterion: 0.03688008
Epoch: 2300      Batch:   0    Loss: 0.00020250     ContextsNorm: 0.00419063
     ### (Re)Compiling function: adapt_step_cavia ...  
     Validation Criterion: 0.03955023
Epoch: 2400      Batch:   0    Loss: 0.00018930     ContextsNorm: 0.00411812
     ### (Re)Compiling function: adapt_step_cavia ...  
     Validation Criterion: 0.04044116
Epoch: 2500      Batch:   0    Loss: 0.00011197     ContextsNorm: 0.00398395
     ### (Re)Compiling function: adapt_step_cavia ...  
     Validation Criterion: 0.03580946
Epoch: 2600      Batch:   0    Loss: 0.00014283     ContextsNorm: 0.00393674
     ### (Re)Compiling function: adapt_step_cavia ...  
     Validation Criterion: 0.03582830
Epoch: 2700      Batch:   0    Loss: 0.00013765     ContextsNorm: 0.00409658
     ### (Re)Compiling function: adapt_step_cavia ...  
     Validation Criterion: 0.03949456
Epoch: 2800      Batch:   0    Loss: 0.00015775     ContextsNorm: 0.00403428
     ### (Re)Compiling function: adapt_step_cavia ...  
     Validation Criterion: 0.03738873
Epoch: 2900      Batch:   0    Loss: 0.00008334     ContextsNorm: 0.00398356
     ### (Re)Compiling function: adapt_step_cavia ...  
     Validation Criterion: 0.03778820
Epoch: 3000      Batch:   0    Loss: 0.00011069     ContextsNorm: 0.00406723
     ### (Re)Compiling function: adapt_step_cavia ...  
     Validation Criterion: 0.03778527
Epoch: 3100      Batch:   0    Loss: 0.00012816     ContextsNorm: 0.00410525
     ### (Re)Compiling function: adapt_step_cavia ...  
     Validation Criterion: 0.03979136
Epoch: 3200      Batch:   0    Loss: 0.00008101     ContextsNorm: 0.00411040
     ### (Re)Compiling function: adapt_step_cavia ...  
     Validation Criterion: 0.03941668
Epoch: 3300      Batch:   0    Loss: 0.00008056     ContextsNorm: 0.00399674
     ### (Re)Compiling function: adapt_step_cavia ...  
     Validation Criterion: 0.03809504
Epoch: 3400      Batch:   0    Loss: 0.00007476     ContextsNorm: 0.00408282
     ### (Re)Compiling function: adapt_step_cavia ...  
     Validation Criterion: 0.03912061
Epoch: 3500      Batch:   0    Loss: 0.00009118     ContextsNorm: 0.00400756
     ### (Re)Compiling function: adapt_step_cavia ...  
     Validation Criterion: 0.03840264
Epoch: 3600      Batch:   0    Loss: 0.00007133     ContextsNorm: 0.00403218
     ### (Re)Compiling function: adapt_step_cavia ...  
     Validation Criterion: 0.03999349
Epoch: 3700      Batch:   0    Loss: 0.00016357     ContextsNorm: 0.00408939
     ### (Re)Compiling function: adapt_step_cavia ...  
     Validation Criterion: 0.04103304
Epoch: 3800      Batch:   0    Loss: 0.00007248     ContextsNorm: 0.00404597
     ### (Re)Compiling function: adapt_step_cavia ...  
     Validation Criterion: 0.04003754
Epoch: 3900      Batch:   0    Loss: 0.00007124     ContextsNorm: 0.00407603
     ### (Re)Compiling function: adapt_step_cavia ...  
     Validation Criterion: 0.03855823
Epoch: 4000      Batch:   0    Loss: 0.00014744     ContextsNorm: 0.00422610
     ### (Re)Compiling function: adapt_step_cavia ...  
     Validation Criterion: 0.04056384
Epoch: 4100      Batch:   0    Loss: 0.00005486     ContextsNorm: 0.00424730
     ### (Re)Compiling function: adapt_step_cavia ...  
     Validation Criterion: 0.04242524
Epoch: 4200      Batch:   0    Loss: 0.00008879     ContextsNorm: 0.00429549
     ### (Re)Compiling function: adapt_step_cavia ...  
     Validation Criterion: 0.04137298
Epoch: 4300      Batch:   0    Loss: 0.00009500     ContextsNorm: 0.00433607
     ### (Re)Compiling function: adapt_step_cavia ...  
     Validation Criterion: 0.04372121
Epoch: 4400      Batch:   0    Loss: 0.00011735     ContextsNorm: 0.00420360
     ### (Re)Compiling function: adapt_step_cavia ...  
     Validation Criterion: 0.04218281
Epoch: 4500      Batch:   0    Loss: 0.00005689     ContextsNorm: 0.00430223
     ### (Re)Compiling function: adapt_step_cavia ...  
     Validation Criterion: 0.04243371
Epoch: 4600      Batch:   0    Loss: 0.00007406     ContextsNorm: 0.00444950
     ### (Re)Compiling function: adapt_step_cavia ...  
     Validation Criterion: 0.04305702
Epoch: 4700      Batch:   0    Loss: 0.00007285     ContextsNorm: 0.00466595
     ### (Re)Compiling function: adapt_step_cavia ...  
     Validation Criterion: 0.04720849
Epoch: 4800      Batch:   0    Loss: 0.00005267     ContextsNorm: 0.00461184
     ### (Re)Compiling function: adapt_step_cavia ...  
     Validation Criterion: 0.04734090
Epoch: 4900      Batch:   0    Loss: 0.00008106     ContextsNorm: 0.00470754
     ### (Re)Compiling function: adapt_step_cavia ...  
     Validation Criterion: 0.04747124
Epoch: 4999      Batch:   0    Loss: 0.00005562     ContextsNorm: 0.00454258

Total gradient descent training time: 0 hours 54 mins 59 secs
    Creating a new model with taylor order 0 ...
Using any previrouly defined optimizer for adapation


=== Beginning adaptation ... ===
    Number of environment batches: 1
    Number of envs train steps per batch: 5
    Total number of training steps: 5
     ### (Re)Compiling function: adapt_step_cavia ...  
    Batch:   0     Loss: 0.00145240        OtherNorms: [0.0014524  0.00622817 0.        ]
Total gradient descent adaptation time: 0 hours 0 mins 1 secs
==  Testing finished ... ==
    Criterion loss value: 0.047471244
==  Begining artefacts visualisation ... ==
    Visualized context dimensions along x: [8 3 2]
    Visualized context dimensions along y: [2 4 8]
Saving artefacts in: ./240724-070122/artefacts.png
==  Begining in-domain dynamics visualisation ... ==
    Trajectory id: 0
    Visualized dimensions: (0, 1)
Testing finished. Figure saved in: ./240724-070122/dynamics.png
    Creating a new model with taylor order 0 ...
Using any previrouly defined optimizer for adapation


=== Beginning adaptation ... ===
    Number of environment batches: 1
    Number of envs train steps per batch: 5
    Total number of training steps: 5
     ### (Re)Compiling function: adapt_step_cavia ...  
    Batch:   0     Loss: 0.00041658        OtherNorms: [0.00041658 0.00650518 0.        ]
Total gradient descent adaptation time: 0 hours 0 mins 1 secs
==  Testing finished ... ==
    Criterion loss value: 0.04642554
==  Begining artefacts visualisation ... ==
    Visualized context dimensions along x: [8 3 2]
    Visualized context dimensions along y: [2 4 8]
Saving artefacts in: ./240724-070122/adapt/artefacts.png
