
############# Contextual Self-Modulation #############

Jax version: 0.4.28
Available devices: [cuda(id=0)]
Created a new run folder at: ./runs/240812-163617/
Completed copied scripts 


Total number of parameters in the model: 4526
Total number of parameters in the contexts: 18


=== Beginning meta training ... ===
    Number of examples in a batch: 9
    Total number of batches : 1
    Numbers of inner steps : 1
    Training on 1 batches
    Validating on 1 batches
     ### (Re)Compiling function: outer_train_step ...  
     ### (Re)Compiling function: inner_train_step ...  
Epoch:   0      Batch:   0    Loss: 1.65332055     ContextsNorm: 0.00000000
     ### (Re)Compiling function: adapt_step_cavia ...  
        Validation Criterion: 1.13638163
        Saving best model so far ...
Epoch:  10      Batch:   0    Loss: 0.32223895     ContextsNorm: 0.00000000
Epoch:  20      Batch:   0    Loss: 0.27564323     ContextsNorm: 0.00000000
Epoch:  30      Batch:   0    Loss: 0.20268244     ContextsNorm: 0.00000000
Epoch:  40      Batch:   0    Loss: 0.18273787     ContextsNorm: 0.00000000
Epoch:  50      Batch:   0    Loss: 0.17395268     ContextsNorm: 0.00000000
Epoch:  60      Batch:   0    Loss: 0.16342294     ContextsNorm: 0.00000000
Epoch:  70      Batch:   0    Loss: 0.14582527     ContextsNorm: 0.00000000
Epoch:  80      Batch:   0    Loss: 0.10922262     ContextsNorm: 0.00000000
Epoch:  90      Batch:   0    Loss: 0.07046373     ContextsNorm: 0.00000000
Epoch: 100      Batch:   0    Loss: 0.05915035     ContextsNorm: 0.00000000
     ### (Re)Compiling function: adapt_step_cavia ...  
        Validation Criterion: 0.07354162
        Saving best model so far ...
Epoch: 110      Batch:   0    Loss: 0.05078106     ContextsNorm: 0.00000000
Epoch: 120      Batch:   0    Loss: 0.04581659     ContextsNorm: 0.00000000
Epoch: 130      Batch:   0    Loss: 0.04108640     ContextsNorm: 0.00000000
Epoch: 140      Batch:   0    Loss: 0.03746496     ContextsNorm: 0.00000000
Epoch: 150      Batch:   0    Loss: 0.03480176     ContextsNorm: 0.00000000
Epoch: 160      Batch:   0    Loss: 0.03283537     ContextsNorm: 0.00000000
Epoch: 170      Batch:   0    Loss: 0.03139363     ContextsNorm: 0.00000000
Epoch: 180      Batch:   0    Loss: 0.03050868     ContextsNorm: 0.00000000
Epoch: 190      Batch:   0    Loss: 0.03007315     ContextsNorm: 0.00000000
Epoch: 200      Batch:   0    Loss: 0.02984705     ContextsNorm: 0.00000000
     ### (Re)Compiling function: adapt_step_cavia ...  
        Validation Criterion: 0.03896265
        Saving best model so far ...
Epoch: 210      Batch:   0    Loss: 0.02966162     ContextsNorm: 0.00000000
Epoch: 220      Batch:   0    Loss: 0.02948575     ContextsNorm: 0.00000000
Epoch: 230      Batch:   0    Loss: 0.02932075     ContextsNorm: 0.00000000
Epoch: 240      Batch:   0    Loss: 0.02917401     ContextsNorm: 0.00000000
Epoch: 250      Batch:   0    Loss: 0.02903537     ContextsNorm: 0.00000000
Epoch: 260      Batch:   0    Loss: 0.02890906     ContextsNorm: 0.00000000
Epoch: 270      Batch:   0    Loss: 0.02883100     ContextsNorm: 0.00000000
Epoch: 280      Batch:   0    Loss: 0.02868778     ContextsNorm: 0.00000000
Epoch: 290      Batch:   0    Loss: 0.02857630     ContextsNorm: 0.00000000
Epoch: 300      Batch:   0    Loss: 0.02846857     ContextsNorm: 0.00000000
     ### (Re)Compiling function: adapt_step_cavia ...  
        Validation Criterion: 0.03544538
        Saving best model so far ...
Epoch: 310      Batch:   0    Loss: 0.02838608     ContextsNorm: 0.00000000
Epoch: 320      Batch:   0    Loss: 0.02839013     ContextsNorm: 0.00000000
Epoch: 330      Batch:   0    Loss: 0.02829585     ContextsNorm: 0.00000000
Epoch: 340      Batch:   0    Loss: 0.02808406     ContextsNorm: 0.00000000
Epoch: 350      Batch:   0    Loss: 0.02814472     ContextsNorm: 0.00000000
Epoch: 360      Batch:   0    Loss: 0.02808396     ContextsNorm: 0.00000000
Epoch: 370      Batch:   0    Loss: 0.02805310     ContextsNorm: 0.00000000
Epoch: 380      Batch:   0    Loss: 0.02775873     ContextsNorm: 0.00000000
Epoch: 390      Batch:   0    Loss: 0.02778457     ContextsNorm: 0.00000000
Epoch: 400      Batch:   0    Loss: 0.02770168     ContextsNorm: 0.00000000
     ### (Re)Compiling function: adapt_step_cavia ...  
        Validation Criterion: 0.03346338
        Saving best model so far ...
Epoch: 410      Batch:   0    Loss: 0.02755465     ContextsNorm: 0.00000000
Epoch: 420      Batch:   0    Loss: 0.02722231     ContextsNorm: 0.00000000
Epoch: 430      Batch:   0    Loss: 0.02638252     ContextsNorm: 0.00000000
Epoch: 440      Batch:   0    Loss: 0.01851951     ContextsNorm: 0.00000000
Epoch: 450      Batch:   0    Loss: 0.00975122     ContextsNorm: 0.00000000
Epoch: 460      Batch:   0    Loss: 0.00789325     ContextsNorm: 0.00000000
Epoch: 470      Batch:   0    Loss: 0.00695376     ContextsNorm: 0.00000000
Epoch: 480      Batch:   0    Loss: 0.00634915     ContextsNorm: 0.00000000
Epoch: 490      Batch:   0    Loss: 0.00600029     ContextsNorm: 0.00000000
Epoch: 500      Batch:   0    Loss: 0.00565197     ContextsNorm: 0.00000000
     ### (Re)Compiling function: adapt_step_cavia ...  
        Validation Criterion: 0.00962945
        Saving best model so far ...
Epoch: 510      Batch:   0    Loss: 0.00539088     ContextsNorm: 0.00000000
Epoch: 520      Batch:   0    Loss: 0.00515375     ContextsNorm: 0.00000000
Epoch: 530      Batch:   0    Loss: 0.00490778     ContextsNorm: 0.00000000
Epoch: 540      Batch:   0    Loss: 0.00466284     ContextsNorm: 0.00000000
Epoch: 550      Batch:   0    Loss: 0.00440753     ContextsNorm: 0.00000000
Epoch: 560      Batch:   0    Loss: 0.00413758     ContextsNorm: 0.00000000
Epoch: 570      Batch:   0    Loss: 0.00384514     ContextsNorm: 0.00000000
Epoch: 580      Batch:   0    Loss: 0.00353748     ContextsNorm: 0.00000000
Epoch: 590      Batch:   0    Loss: 0.00322860     ContextsNorm: 0.00000000
Epoch: 600      Batch:   0    Loss: 0.00295313     ContextsNorm: 0.00000000
     ### (Re)Compiling function: adapt_step_cavia ...  
        Validation Criterion: 0.00742819
        Saving best model so far ...
Epoch: 610      Batch:   0    Loss: 0.00273472     ContextsNorm: 0.00000000
Epoch: 620      Batch:   0    Loss: 0.00258288     ContextsNorm: 0.00000000
Epoch: 630      Batch:   0    Loss: 0.00247671     ContextsNorm: 0.00000000
Epoch: 640      Batch:   0    Loss: 0.00239689     ContextsNorm: 0.00000000
Epoch: 650      Batch:   0    Loss: 0.00232942     ContextsNorm: 0.00000000
Epoch: 660      Batch:   0    Loss: 0.00227156     ContextsNorm: 0.00000000
Epoch: 670      Batch:   0    Loss: 0.00221601     ContextsNorm: 0.00000000
Epoch: 680      Batch:   0    Loss: 0.00216425     ContextsNorm: 0.00000000
Epoch: 690      Batch:   0    Loss: 0.00211516     ContextsNorm: 0.00000000
Epoch: 700      Batch:   0    Loss: 0.00206746     ContextsNorm: 0.00000000
     ### (Re)Compiling function: adapt_step_cavia ...  
        Validation Criterion: 0.00623548
        Saving best model so far ...
Epoch: 710      Batch:   0    Loss: 0.00201556     ContextsNorm: 0.00000000
Epoch: 720      Batch:   0    Loss: 0.00197036     ContextsNorm: 0.00000000
Epoch: 730      Batch:   0    Loss: 0.00193662     ContextsNorm: 0.00000000
Epoch: 740      Batch:   0    Loss: 0.00189780     ContextsNorm: 0.00000000
Epoch: 750      Batch:   0    Loss: 0.00184850     ContextsNorm: 0.00000000
Epoch: 760      Batch:   0    Loss: 0.00210021     ContextsNorm: 0.00000000
Epoch: 770      Batch:   0    Loss: 0.00193548     ContextsNorm: 0.00000000
Epoch: 780      Batch:   0    Loss: 0.00169559     ContextsNorm: 0.00000000
Epoch: 790      Batch:   0    Loss: 0.00176371     ContextsNorm: 0.00000000
Epoch: 800      Batch:   0    Loss: 0.00159443     ContextsNorm: 0.00000000
     ### (Re)Compiling function: adapt_step_cavia ...  
        Validation Criterion: 0.00460741
        Saving best model so far ...
Epoch: 810      Batch:   0    Loss: 0.00163942     ContextsNorm: 0.00000000
Epoch: 820      Batch:   0    Loss: 0.00152936     ContextsNorm: 0.00000000
Epoch: 830      Batch:   0    Loss: 0.00154141     ContextsNorm: 0.00000000
Epoch: 840      Batch:   0    Loss: 0.00142569     ContextsNorm: 0.00000000
Epoch: 850      Batch:   0    Loss: 0.00170604     ContextsNorm: 0.00000000
Epoch: 860      Batch:   0    Loss: 0.00175395     ContextsNorm: 0.00000000
Epoch: 870      Batch:   0    Loss: 0.00198446     ContextsNorm: 0.00000000
Epoch: 880      Batch:   0    Loss: 0.00184789     ContextsNorm: 0.00000000
Epoch: 890      Batch:   0    Loss: 0.00137431     ContextsNorm: 0.00000000
Epoch: 900      Batch:   0    Loss: 0.00138969     ContextsNorm: 0.00000000
     ### (Re)Compiling function: adapt_step_cavia ...  
        Validation Criterion: 0.00411419
        Saving best model so far ...
Epoch: 910      Batch:   0    Loss: 0.00133972     ContextsNorm: 0.00000000
Epoch: 920      Batch:   0    Loss: 0.00133937     ContextsNorm: 0.00000000
Epoch: 930      Batch:   0    Loss: 0.00143018     ContextsNorm: 0.00000000
Epoch: 940      Batch:   0    Loss: 0.00142272     ContextsNorm: 0.00000000
Epoch: 950      Batch:   0    Loss: 0.00128215     ContextsNorm: 0.00000000
Epoch: 960      Batch:   0    Loss: 0.00122401     ContextsNorm: 0.00000000
Epoch: 970      Batch:   0    Loss: 0.00129834     ContextsNorm: 0.00000000
Epoch: 980      Batch:   0    Loss: 0.00145645     ContextsNorm: 0.00000000
Epoch: 990      Batch:   0    Loss: 0.00133297     ContextsNorm: 0.00000000
Epoch: 1000      Batch:   0    Loss: 0.00120121     ContextsNorm: 0.00000000
     ### (Re)Compiling function: adapt_step_cavia ...  
        Validation Criterion: 0.00385281
        Saving best model so far ...
Epoch: 1010      Batch:   0    Loss: 0.00116250     ContextsNorm: 0.00000000
Epoch: 1020      Batch:   0    Loss: 0.00165331     ContextsNorm: 0.00000000
Epoch: 1030      Batch:   0    Loss: 0.00156422     ContextsNorm: 0.00000000
Epoch: 1040      Batch:   0    Loss: 0.00145130     ContextsNorm: 0.00000000
Epoch: 1050      Batch:   0    Loss: 0.00118504     ContextsNorm: 0.00000000
Epoch: 1060      Batch:   0    Loss: 0.00117451     ContextsNorm: 0.00000000
Epoch: 1070      Batch:   0    Loss: 0.00109802     ContextsNorm: 0.00000000
Epoch: 1080      Batch:   0    Loss: 0.00113446     ContextsNorm: 0.00000000
Epoch: 1090      Batch:   0    Loss: 0.00109547     ContextsNorm: 0.00000000
Epoch: 1100      Batch:   0    Loss: 0.00107558     ContextsNorm: 0.00000000
     ### (Re)Compiling function: adapt_step_cavia ...  
        Validation Criterion: 0.00378073
        Saving best model so far ...
Epoch: 1110      Batch:   0    Loss: 0.00110739     ContextsNorm: 0.00000000
Epoch: 1120      Batch:   0    Loss: 0.00132724     ContextsNorm: 0.00000000
Epoch: 1130      Batch:   0    Loss: 0.00127576     ContextsNorm: 0.00000000
Epoch: 1140      Batch:   0    Loss: 0.00116672     ContextsNorm: 0.00000000
Epoch: 1150      Batch:   0    Loss: 0.00102219     ContextsNorm: 0.00000000
Epoch: 1160      Batch:   0    Loss: 0.00121314     ContextsNorm: 0.00000000
Epoch: 1170      Batch:   0    Loss: 0.00105851     ContextsNorm: 0.00000000
Epoch: 1180      Batch:   0    Loss: 0.00099805     ContextsNorm: 0.00000000
Epoch: 1190      Batch:   0    Loss: 0.00098039     ContextsNorm: 0.00000000
Epoch: 1200      Batch:   0    Loss: 0.00185398     ContextsNorm: 0.00000000
     ### (Re)Compiling function: adapt_step_cavia ...  
        Validation Criterion: 0.00536916
Epoch: 1210      Batch:   0    Loss: 0.00120773     ContextsNorm: 0.00000000
Epoch: 1220      Batch:   0    Loss: 0.00101333     ContextsNorm: 0.00000000
Epoch: 1230      Batch:   0    Loss: 0.00103938     ContextsNorm: 0.00000000
Epoch: 1240      Batch:   0    Loss: 0.00096459     ContextsNorm: 0.00000000
Epoch: 1250      Batch:   0    Loss: 0.00148871     ContextsNorm: 0.00000000
Epoch: 1260      Batch:   0    Loss: 0.00106281     ContextsNorm: 0.00000000
Epoch: 1270      Batch:   0    Loss: 0.00102315     ContextsNorm: 0.00000000
Epoch: 1280      Batch:   0    Loss: 0.00096090     ContextsNorm: 0.00000000
Epoch: 1290      Batch:   0    Loss: 0.00112768     ContextsNorm: 0.00000000
Epoch: 1300      Batch:   0    Loss: 0.00095244     ContextsNorm: 0.00000000
     ### (Re)Compiling function: adapt_step_cavia ...  
        Validation Criterion: 0.00349171
        Saving best model so far ...
Epoch: 1310      Batch:   0    Loss: 0.00090824     ContextsNorm: 0.00000000
Epoch: 1320      Batch:   0    Loss: 0.00093924     ContextsNorm: 0.00000000
Epoch: 1330      Batch:   0    Loss: 0.00111785     ContextsNorm: 0.00000000
Epoch: 1340      Batch:   0    Loss: 0.00104699     ContextsNorm: 0.00000000
Epoch: 1350      Batch:   0    Loss: 0.00097791     ContextsNorm: 0.00000000
Epoch: 1360      Batch:   0    Loss: 0.00109589     ContextsNorm: 0.00000000
Epoch: 1370      Batch:   0    Loss: 0.00089280     ContextsNorm: 0.00000000
Epoch: 1380      Batch:   0    Loss: 0.00105766     ContextsNorm: 0.00000000
Epoch: 1390      Batch:   0    Loss: 0.00109879     ContextsNorm: 0.00000000
Epoch: 1400      Batch:   0    Loss: 0.00091643     ContextsNorm: 0.00000000
     ### (Re)Compiling function: adapt_step_cavia ...  
        Validation Criterion: 0.00356925
Epoch: 1410      Batch:   0    Loss: 0.00088613     ContextsNorm: 0.00000000
Epoch: 1420      Batch:   0    Loss: 0.00089245     ContextsNorm: 0.00000000
Epoch: 1430      Batch:   0    Loss: 0.00087145     ContextsNorm: 0.00000000
Epoch: 1440      Batch:   0    Loss: 0.00089674     ContextsNorm: 0.00000000
Epoch: 1450      Batch:   0    Loss: 0.00103417     ContextsNorm: 0.00000000
Epoch: 1460      Batch:   0    Loss: 0.00081036     ContextsNorm: 0.00000000
Epoch: 1470      Batch:   0    Loss: 0.00094263     ContextsNorm: 0.00000000
Epoch: 1480      Batch:   0    Loss: 0.00079349     ContextsNorm: 0.00000000
Epoch: 1490      Batch:   0    Loss: 0.00084278     ContextsNorm: 0.00000000
Epoch: 1499      Batch:   0    Loss: 0.00090312     ContextsNorm: 0.00000000
     ### (Re)Compiling function: adapt_step_cavia ...  
        Validation Criterion: 0.00361893

Total gradient descent training time: 0 hours 4 mins 24 secs
    Creating a new model with taylor order 0 ...
Using any previrouly defined optimizer for adapation


=== Beginning adaptation ... ===
    Number of environment batches: 1
    Number of envs train steps per batch: 1
    Total number of training steps: 1
     ### (Re)Compiling function: adapt_step_cavia ...  
    Batch:   0     Loss: 0.09398393        OtherNorms: [0.09398393 0.         0.        ]
Total gradient descent adaptation time: 0 hours 0 mins 0 secs
==  Meta-evaluation ... ==
    Test loss value: 3.49e-03 ± 2.23e-03
    Train loss value for criterion 0: 9.40e-02
==  Begining artefacts visualisation ... ==
    Visualized context dimensions along x: [0 0 0]
    Visualized context dimensions along y: [1 1 1]
Saving artefacts in: ./runs/240812-163617/artefacts.png
==  Begining in-domain dynamics visualisation ... ==
    Trajectory id: 0
    Visualized dimensions: (0, 1)
Testing finished. Figure saved in: ./runs/240812-163617/dynamics.png
    Creating a new model with taylor order 0 ...
Using any previrouly defined optimizer for adapation


=== Beginning adaptation ... ===
    Number of environment batches: 1
    Number of envs train steps per batch: 1
    Total number of training steps: 1
     ### (Re)Compiling function: adapt_step_cavia ...  
    Batch:   0     Loss: 0.05518181        OtherNorms: [0.05518181 0.         0.        ]
Total gradient descent adaptation time: 0 hours 0 mins 1 secs
==  Meta-evaluation ... ==
    Test loss value: 5.44e-03 ± 1.76e-03
    Train loss value for criterion 0: 5.52e-02
==  Begining artefacts visualisation ... ==
    Visualized context dimensions along x: [0 0 0]
    Visualized context dimensions along y: [1 1 1]
Saving artefacts in: ./runs/240812-163617/adapt/artefacts.png
