
############# Contextual Self-Modulation #############

Jax version: 0.4.28
Available devices: [cuda(id=0)]
Created a new run folder at: ./runs/240910-155250/
Completed copied scripts 
    No context template provides, using arrays ...

Using 250 environments to estimate the global training loss function ...


Total number of parameters in the model: 1841
Total number of parameters in one context: 2


=== Beginning Meta-Training ... ===
    Number of examples in a batch along envs: 12500
    Maximum number of batches (along envs): 1
    Total number of epochs: 1
    Number of outer minimizations: 10
    Maximum numbers of inner steps per outer minimizations: (20, 20)
    Training on 1 batches
    Validating on 1 batches
     ### Compiling function "train_step" for the model ...  
     ### Compiling function "train_step" for the contexts ...  
Epoch:   0      Batch:   0      OuterStep:   0      LossModel: 4.18435574     ContextsNorm: 0.00000000      Time/Step(s): 3.0315
	-NbInnerStepsMod:    1
	-NbInnerStepsCxt:    1
	-DiffMod:   5.67e-05
	-DiffCxt:   inf        Validation Criterion: 4.01503849
        Saving best model so far ...
        Validation Criterion: 3.95946455
        Saving best model so far ...
        Validation Criterion: 3.94214988
        Saving best model so far ...
        Validation Criterion: 3.91602731
        Saving best model so far ...
        Validation Criterion: 3.88421702
        Saving best model so far ...
        Validation Criterion: 3.86330199
        Saving best model so far ...
        Validation Criterion: 3.84769797
        Saving best model so far ...
        Validation Criterion: 3.87818861
Epoch:   0      Batch:   0      OuterStep:   9      LossModel: 5.23856068     ContextsNorm: 0.00000000      Time/Step(s): 0.0386
	-NbInnerStepsMod:   20
	-NbInnerStepsCxt:   20
	-DiffMod:   4.77e-06
	-DiffCxt:   2.91e-04        Validation Criterion: 3.82331324
        Saving best model so far ...

Total gradient descent training time: 0 hours 0 mins 49 secs
    Creating a new model with taylor order 0 ...
Using any previrouly defined optimizer for adapation

=== Beginning Meta-Testing ... ===
    Number of examples in a batch along envs: 12500
    Maximum number of batches (along envs): 1
Epoch:   0      Batch:   0      Loss: 3.87479997     ContextsNorm: 0.00000000
Epoch:   1      Batch:   0      Loss: 3.84242702     ContextsNorm: 0.00000000
Epoch:   2      Batch:   0      Loss: 3.79013014     ContextsNorm: 0.00000000
Epoch:   3      Batch:   0      Loss: 4.11968327     ContextsNorm: 0.00000000
Epoch: 100      Batch:   0      Loss: 3.23246717     ContextsNorm: 0.00000000
Epoch: 200      Batch:   0      Loss: 3.10558534     ContextsNorm: 0.00000000
Epoch: 300      Batch:   0      Loss: 6.79177094     ContextsNorm: 0.00000000
Epoch: 400      Batch:   0      Loss: 2.52393270     ContextsNorm: 0.00000000
Epoch: 500      Batch:   0      Loss: 1.93276072     ContextsNorm: 0.00000000
Epoch: 600      Batch:   0      Loss: 2.46395302     ContextsNorm: 0.00000000
Epoch: 700      Batch:   0      Loss: 2.00145292     ContextsNorm: 0.00000000
Epoch: 800      Batch:   0      Loss: 2.16181135     ContextsNorm: 0.00000000
Epoch: 900      Batch:   0      Loss: 2.51253366     ContextsNorm: 0.00000000
Epoch: 1000      Batch:   0      Loss: 7.26958704     ContextsNorm: 0.00000000
Epoch: 1100      Batch:   0      Loss: 1.47442472     ContextsNorm: 0.00000000
Epoch: 1200      Batch:   0      Loss: 6.06185579     ContextsNorm: 0.00000000
Epoch: 1300      Batch:   0      Loss: 1.69961309     ContextsNorm: 0.00000000
Epoch: 1400      Batch:   0      Loss: 7.67692995     ContextsNorm: 0.00000000
Epoch: 1500      Batch:   0      Loss: 1.87695551     ContextsNorm: 0.00000000
Epoch: 1600      Batch:   0      Loss: 1.14512324     ContextsNorm: 0.00000000
Epoch: 1700      Batch:   0      Loss: 7.23971701     ContextsNorm: 0.00000000
Epoch: 1800      Batch:   0      Loss: 1.31422150     ContextsNorm: 0.00000000
Epoch: 1900      Batch:   0      Loss: 7.44377995     ContextsNorm: 0.00000000
Epoch: 2000      Batch:   0      Loss: 1.13232994     ContextsNorm: 0.00000000
Epoch: 2100      Batch:   0      Loss: 3.66478181     ContextsNorm: 0.00000000
Epoch: 2200      Batch:   0      Loss: 7.01005840     ContextsNorm: 0.00000000
Epoch: 2300      Batch:   0      Loss: 3.87543631     ContextsNorm: 0.00000000
Epoch: 2400      Batch:   0      Loss: 2.78660846     ContextsNorm: 0.00000000
Epoch: 2500      Batch:   0      Loss: 6.37428808     ContextsNorm: 0.00000000
Epoch: 2600      Batch:   0      Loss: 4.27488852     ContextsNorm: 0.00000000
Epoch: 2700      Batch:   0      Loss: 1.35758150     ContextsNorm: 0.00000000
Epoch: 2800      Batch:   0      Loss: 3.68567348     ContextsNorm: 0.00000000
Epoch: 2900      Batch:   0      Loss: 3.43033814     ContextsNorm: 0.00000000
Epoch: 3000      Batch:   0      Loss: 1.64641297     ContextsNorm: 0.00000000
Epoch: 3100      Batch:   0      Loss: 1.54034746     ContextsNorm: 0.00000000
Epoch: 3200      Batch:   0      Loss: 4.14595079     ContextsNorm: 0.00000000
Epoch: 3300      Batch:   0      Loss: 1.09547389     ContextsNorm: 0.00000000
Epoch: 3400      Batch:   0      Loss: 4.34941244     ContextsNorm: 0.00000000
Epoch: 3500      Batch:   0      Loss: 1.21763575     ContextsNorm: 0.00000000
Epoch: 3600      Batch:   0      Loss: 3.83792353     ContextsNorm: 0.00000000
Epoch: 3700      Batch:   0      Loss: 4.88519716     ContextsNorm: 0.00000000
Epoch: 3800      Batch:   0      Loss: 7.40591621     ContextsNorm: 0.00000000
Epoch: 3900      Batch:   0      Loss: 2.54016852     ContextsNorm: 0.00000000
Epoch: 4000      Batch:   0      Loss: 5.36395025     ContextsNorm: 0.00000000
Epoch: 4100      Batch:   0      Loss: 4.83996105     ContextsNorm: 0.00000000
Epoch: 4200      Batch:   0      Loss: 6.16221476     ContextsNorm: 0.00000000
Epoch: 4300      Batch:   0      Loss: 5.04432631     ContextsNorm: 0.00000000
Epoch: 4400      Batch:   0      Loss: 0.82634068     ContextsNorm: 0.00000000
Epoch: 4500      Batch:   0      Loss: 7.71252298     ContextsNorm: 0.00000000
Epoch: 4600      Batch:   0      Loss: 2.56676316     ContextsNorm: 0.00000000
Epoch: 4700      Batch:   0      Loss: 4.28058386     ContextsNorm: 0.00000000
Epoch: 4800      Batch:   0      Loss: 4.46221018     ContextsNorm: 0.00000000
Epoch: 4900      Batch:   0      Loss: 5.48422289     ContextsNorm: 0.00000000
Epoch: 4999      Batch:   0      Loss: 7.16627169     ContextsNorm: 0.00000000

Total gradient descent training time: 0 hours 0 mins 4 secs

    Test loss value: 3.82e+00 ± 3.37e+00
    Train loss value for criterion 0: 7.17e+00

==  Begining artefacts visualisation ... ==
    Visualized context dimensions along x: [0 0 0]
    Visualized context dimensions along y: [1 1 1]
Saving artefacts in: ./runs/240910-155250/artefacts.png
    Creating a new model with taylor order 0 ...
Using any previrouly defined optimizer for adapation

=== Beginning Meta-Testing ... ===
    Number of examples in a batch along envs: 1000
    Maximum number of batches (along envs): 1
Epoch:   0      Batch:   0      Loss: 4.52406263     ContextsNorm: 0.00000000
Epoch:   1      Batch:   0      Loss: 3.96364474     ContextsNorm: 0.00000000
Epoch:   2      Batch:   0      Loss: 4.13679981     ContextsNorm: 0.00000000
Epoch:   3      Batch:   0      Loss: 4.22710705     ContextsNorm: 0.00000000
Epoch: 100      Batch:   0      Loss: 4.18408060     ContextsNorm: 0.00000000
Epoch: 200      Batch:   0      Loss: 3.28493667     ContextsNorm: 0.00000000
Epoch: 300      Batch:   0      Loss: 6.00411081     ContextsNorm: 0.00000000
Epoch: 400      Batch:   0      Loss: 3.12563586     ContextsNorm: 0.00000000
Epoch: 500      Batch:   0      Loss: 3.28848743     ContextsNorm: 0.00000000
Epoch: 600      Batch:   0      Loss: 3.11418724     ContextsNorm: 0.00000000
Epoch: 700      Batch:   0      Loss: 3.46119094     ContextsNorm: 0.00000000
Epoch: 800      Batch:   0      Loss: 3.32343245     ContextsNorm: 0.00000000
Epoch: 900      Batch:   0      Loss: 3.19323277     ContextsNorm: 0.00000000
Epoch: 1000      Batch:   0      Loss: 5.88071203     ContextsNorm: 0.00000000
Epoch: 1100      Batch:   0      Loss: 2.85301924     ContextsNorm: 0.00000000
Epoch: 1200      Batch:   0      Loss: 2.97437358     ContextsNorm: 0.00000000
Epoch: 1300      Batch:   0      Loss: 4.40085697     ContextsNorm: 0.00000000
Epoch: 1400      Batch:   0      Loss: 5.83042192     ContextsNorm: 0.00000000
Epoch: 1500      Batch:   0      Loss: 2.58399129     ContextsNorm: 0.00000000
Epoch: 1600      Batch:   0      Loss: 2.61327744     ContextsNorm: 0.00000000
Epoch: 1700      Batch:   0      Loss: 2.55527067     ContextsNorm: 0.00000000
Epoch: 1800      Batch:   0      Loss: 5.78751326     ContextsNorm: 0.00000000
Epoch: 1900      Batch:   0      Loss: 5.45907259     ContextsNorm: 0.00000000
Epoch: 2000      Batch:   0      Loss: 2.51389456     ContextsNorm: 0.00000000
Epoch: 2100      Batch:   0      Loss: 3.07344913     ContextsNorm: 0.00000000
Epoch: 2200      Batch:   0      Loss: 5.62020445     ContextsNorm: 0.00000000
Epoch: 2300      Batch:   0      Loss: 3.28812814     ContextsNorm: 0.00000000
Epoch: 2400      Batch:   0      Loss: 3.06812024     ContextsNorm: 0.00000000
Epoch: 2500      Batch:   0      Loss: 5.46019268     ContextsNorm: 0.00000000
Epoch: 2600      Batch:   0      Loss: 3.13978481     ContextsNorm: 0.00000000
Epoch: 2700      Batch:   0      Loss: 3.11958694     ContextsNorm: 0.00000000
Epoch: 2800      Batch:   0      Loss: 4.40819979     ContextsNorm: 0.00000000
Epoch: 2900      Batch:   0      Loss: 4.29375792     ContextsNorm: 0.00000000
Epoch: 3000      Batch:   0      Loss: 5.35618734     ContextsNorm: 0.00000000
Epoch: 3100      Batch:   0      Loss: 5.23495245     ContextsNorm: 0.00000000
Epoch: 3200      Batch:   0      Loss: 4.04468107     ContextsNorm: 0.00000000
Epoch: 3300      Batch:   0      Loss: 1.87034893     ContextsNorm: 0.00000000
Epoch: 3400      Batch:   0      Loss: 2.97587943     ContextsNorm: 0.00000000
Epoch: 3500      Batch:   0      Loss: 4.31476593     ContextsNorm: 0.00000000
Epoch: 3600      Batch:   0      Loss: 4.07118130     ContextsNorm: 0.00000000
Epoch: 3700      Batch:   0      Loss: 1.83468294     ContextsNorm: 0.00000000
Epoch: 3800      Batch:   0      Loss: 4.47761726     ContextsNorm: 0.00000000
Epoch: 3900      Batch:   0      Loss: 3.09842110     ContextsNorm: 0.00000000
Epoch: 4000      Batch:   0      Loss: 5.54326677     ContextsNorm: 0.00000000
Epoch: 4100      Batch:   0      Loss: 5.04585838     ContextsNorm: 0.00000000
Epoch: 4200      Batch:   0      Loss: 2.79341841     ContextsNorm: 0.00000000
Epoch: 4300      Batch:   0      Loss: 2.67604661     ContextsNorm: 0.00000000
Epoch: 4400      Batch:   0      Loss: 2.63608432     ContextsNorm: 0.00000000
Epoch: 4500      Batch:   0      Loss: 5.61162519     ContextsNorm: 0.00000000
Epoch: 4600      Batch:   0      Loss: 2.35670757     ContextsNorm: 0.00000000
Epoch: 4700      Batch:   0      Loss: 2.79174995     ContextsNorm: 0.00000000
Epoch: 4800      Batch:   0      Loss: 5.44244051     ContextsNorm: 0.00000000
Epoch: 4900      Batch:   0      Loss: 1.66580796     ContextsNorm: 0.00000000
Epoch: 4999      Batch:   0      Loss: 4.47687435     ContextsNorm: 0.00000000

Total gradient descent training time: 0 hours 0 mins 3 secs

    Test loss value: 4.31e+00 ± 3.68e+00
    Train loss value for criterion 0: 4.48e+00

==  Begining artefacts visualisation ... ==
    Visualized context dimensions along x: [0 0 0]
    Visualized context dimensions along y: [1 1 1]
No adaptation contexts found. Using latest found.
Saving artefacts in: ./runs/240910-155250/adapt/artefacts.png
Losses with 95% confidence interval InD: 3.8233132362365723 ± 0.42088747024536133
Losses with 95% confidence interval OoD: 4.310532569885254 ± 0.45950448513031006
