
############# Contextual Self-Modulation #############

Jax version: 0.4.28
Available devices: [cuda(id=0)]
New run folder created successfuly: ./CAVIA/240822-024223/
Completed copied scripts 
    Using all environments to estimate the global training loss function ...


Total number of parameters in the model: 7459
Total number of parameters in one context: 128


=== Beginning Meta-Training ... ===
    Number of examples in a batch: 6
    Total number of batches : 27129
    Numbers of inner steps : 5
    Training on 1 batches
    Validating on 1 batches
     ### (Re)Compiling function: outer_train_step ...  
     ### (Re)Compiling function: inner_train_step ...  
Epoch:   0      Batch:   0    Loss: 0.65918511     ContextsNorm: 0.00000000      WallTime(s):      1
     ### (Re)Compiling function: adapt_step_cavia ...  
        Validation Criterion: 0.58856618
        Saving best model so far ...
Epoch: 100      Batch:   0    Loss: 0.08058976     ContextsNorm: 0.00000000      WallTime(s):     46
     ### (Re)Compiling function: adapt_step_cavia ...  
        Validation Criterion: 0.08060487
        Saving best model so far ...
Epoch: 200      Batch:   0    Loss: 0.08045112     ContextsNorm: 0.00000000      WallTime(s):     91
     ### (Re)Compiling function: adapt_step_cavia ...  
        Validation Criterion: 0.08046054
        Saving best model so far ...
Epoch: 300      Batch:   0    Loss: 0.07808324     ContextsNorm: 0.00000000      WallTime(s):    137
     ### (Re)Compiling function: adapt_step_cavia ...  
        Validation Criterion: 0.07795917
        Saving best model so far ...
Epoch: 400      Batch:   0    Loss: 0.06588785     ContextsNorm: 0.00000000      WallTime(s):    183
     ### (Re)Compiling function: adapt_step_cavia ...  
        Validation Criterion: 0.06575617
        Saving best model so far ...
Epoch: 500      Batch:   0    Loss: 0.06493445     ContextsNorm: 0.00000000      WallTime(s):    229
     ### (Re)Compiling function: adapt_step_cavia ...  
        Validation Criterion: 0.06481012
        Saving best model so far ...
Epoch: 600      Batch:   0    Loss: 0.06437004     ContextsNorm: 0.00000000      WallTime(s):    275
     ### (Re)Compiling function: adapt_step_cavia ...  
        Validation Criterion: 0.06425068
        Saving best model so far ...
Epoch: 700      Batch:   0    Loss: 0.06367880     ContextsNorm: 0.00000000      WallTime(s):    321
     ### (Re)Compiling function: adapt_step_cavia ...  
        Validation Criterion: 0.06356712
        Saving best model so far ...
Epoch: 800      Batch:   0    Loss: 0.06331745     ContextsNorm: 0.00000000      WallTime(s):    367
     ### (Re)Compiling function: adapt_step_cavia ...  
        Validation Criterion: 0.06321251
        Saving best model so far ...
Epoch: 900      Batch:   0    Loss: 0.06300139     ContextsNorm: 0.00000000      WallTime(s):    414
     ### (Re)Compiling function: adapt_step_cavia ...  
        Validation Criterion: 0.06289917
        Saving best model so far ...
Epoch: 1000      Batch:   0    Loss: 0.06253001     ContextsNorm: 0.00000000      WallTime(s):    461
     ### (Re)Compiling function: adapt_step_cavia ...  
        Validation Criterion: 0.06242352
        Saving best model so far ...
Epoch: 1100      Batch:   0    Loss: 0.06153122     ContextsNorm: 0.00000000      WallTime(s):    508
     ### (Re)Compiling function: adapt_step_cavia ...  
        Validation Criterion: 0.06142254
        Saving best model so far ...
Epoch: 1200      Batch:   0    Loss: 0.05950354     ContextsNorm: 0.00000000      WallTime(s):    554
     ### (Re)Compiling function: adapt_step_cavia ...  
        Validation Criterion: 0.05940096
        Saving best model so far ...
Epoch: 1300      Batch:   0    Loss: 0.05660623     ContextsNorm: 0.00000000      WallTime(s):    600
     ### (Re)Compiling function: adapt_step_cavia ...  
        Validation Criterion: 0.05655944
        Saving best model so far ...
Epoch: 1400      Batch:   0    Loss: 0.05616101     ContextsNorm: 0.00000000      WallTime(s):    647
     ### (Re)Compiling function: adapt_step_cavia ...  
        Validation Criterion: 0.05611263
        Saving best model so far ...
Epoch: 1500      Batch:   0    Loss: 0.05587253     ContextsNorm: 0.00000000      WallTime(s):    694
     ### (Re)Compiling function: adapt_step_cavia ...  
        Validation Criterion: 0.05582228
        Saving best model so far ...
Epoch: 1600      Batch:   0    Loss: 0.05558756     ContextsNorm: 0.00000000      WallTime(s):    741
     ### (Re)Compiling function: adapt_step_cavia ...  
        Validation Criterion: 0.05555817
        Saving best model so far ...
Epoch: 1700      Batch:   0    Loss: 0.05529278     ContextsNorm: 0.00000000      WallTime(s):    788
     ### (Re)Compiling function: adapt_step_cavia ...  
        Validation Criterion: 0.05526716
        Saving best model so far ...
Epoch: 1800      Batch:   0    Loss: 0.05486431     ContextsNorm: 0.00000000      WallTime(s):    836
     ### (Re)Compiling function: adapt_step_cavia ...  
        Validation Criterion: 0.05484290
        Saving best model so far ...
Epoch: 1900      Batch:   0    Loss: 0.05394612     ContextsNorm: 0.00000000      WallTime(s):    883
     ### (Re)Compiling function: adapt_step_cavia ...  
        Validation Criterion: 0.05393063
        Saving best model so far ...
Epoch: 1999      Batch:   0    Loss: 0.05146840     ContextsNorm: 0.00000000      WallTime(s):    930
     ### (Re)Compiling function: adapt_step_cavia ...  
        Validation Criterion: 0.05198441
        Saving best model so far ...

Total gradient descent training time: 0 hours 15 mins 31 secs
Using any previrouly defined optimizer for adapation

=== Beginning Meta-Testing ... ===
    Number of environment batches: 27129
    Number of envs train steps per batch: 5
    Total number of training steps: 135645
    Adapting on 1 batches
     ### (Re)Compiling function: adapt_step_cavia ...  
    Batch:   0     Loss: 0.05231310        OtherNorms: [0.0523131 0.        0.       ]
Total gradient descent adaptation time: 0 hours 0 mins 1 secs

    Test loss value: 5.20e-02 ± 1.61e-02
    Train loss value for criterion 0: 5.23e-02

==  Begining artefacts visualisation ... ==
    Visualized context dimensions along x: [64 80 24]
    Visualized context dimensions along y: [ 38 100  62]
Saving artefacts in: ./CAVIA/240822-024223/artefacts.png

==  Begining in-domain CelebA visualisation ... ==
    Environment ids: range(0, 6)
     ### (Re)Compiling function: adapt_step_cavia ...  
Saving visualization in: ./CAVIA/240822-024223/few_shots_ind.png
Using any previrouly defined optimizer for adapation

=== Beginning Meta-Testing ... ===
    Number of environment batches: 3312
    Number of envs train steps per batch: 5
    Total number of training steps: 16560
    Adapting on 1 batches
     ### (Re)Compiling function: adapt_step_cavia ...  
    Batch:   0     Loss: 0.06511663        OtherNorms: [0.06511663 0.         0.        ]
Total gradient descent adaptation time: 0 hours 0 mins 1 secs

    Test loss value: 6.42e-02 ± 2.35e-02
    Train loss value for criterion 0: 6.51e-02
Using any previrouly defined optimizer for adapation

=== Beginning Meta-Testing ... ===
    Number of environment batches: 3327
    Number of envs train steps per batch: 5
    Total number of training steps: 16635
    Adapting on 1 batches
     ### (Re)Compiling function: adapt_step_cavia ...  
    Batch:   0     Loss: 0.06045263        OtherNorms: [0.06045263 0.         0.        ]
Total gradient descent adaptation time: 0 hours 0 mins 1 secs

    Test loss value: 6.00e-02 ± 2.75e-02
    Train loss value for criterion 0: 6.05e-02

==  Begining artefacts visualisation ... ==
    Visualized context dimensions along x: [64 80 24]
    Visualized context dimensions along y: [ 38 100  62]
No contexts found. Using zeros.
Saving artefacts in: ./CAVIA/240822-024223/adapt/artefacts.png

==  Begining in-domain CelebA visualisation ... ==
    Environment ids: range(0, 6)
     ### (Re)Compiling function: adapt_step_cavia ...  
Saving visualization in: ./CAVIA/240822-024223/adapt/few_shots_ood.png
