
############# Contextual Self-Modulation #############

Jax version: 0.4.28
Available devices: [cuda(id=0)]
Created a new run folder at: ./240724-041911/
Completed copied scripts 


Total number of parameters in the model: 5998
Total number of parameters in the contexts: 3492


=== Beginning meta training ... ===
    Number of examples in a batch: 9
    Total number of batches : 1
    Numbers of inner steps : 5
    Training on 1 batches
    Validating on 1 batches
     ### (Re)Compiling function: outer_train_step ...  
     ### (Re)Compiling function: inner_train_step ...  
Epoch:   0      Batch:   0    Loss: 1.61222517     ContextsNorm: 0.00115952
     ### (Re)Compiling function: adapt_step_cavia ...  
     Validation Criterion: 1.15608454
     Saving best model so far ...
Epoch: 100      Batch:   0    Loss: 0.00961108     ContextsNorm: 0.00479961
     ### (Re)Compiling function: adapt_step_cavia ...  
     Validation Criterion: 0.06102920
     Saving best model so far ...
Epoch: 200      Batch:   0    Loss: 0.00516286     ContextsNorm: 0.00608145
     ### (Re)Compiling function: adapt_step_cavia ...  
     Validation Criterion: 0.07779070
Epoch: 300      Batch:   0    Loss: 0.00214561     ContextsNorm: 0.00952988
     ### (Re)Compiling function: adapt_step_cavia ...  
     Validation Criterion: 0.18376505
Epoch: 400      Batch:   0    Loss: 0.00069775     ContextsNorm: 0.00860453
     ### (Re)Compiling function: adapt_step_cavia ...  
     Validation Criterion: 0.13173205
Epoch: 500      Batch:   0    Loss: 0.00046156     ContextsNorm: 0.00815036
     ### (Re)Compiling function: adapt_step_cavia ...  
     Validation Criterion: 0.10870798
Epoch: 600      Batch:   0    Loss: 0.00031724     ContextsNorm: 0.00762980
     ### (Re)Compiling function: adapt_step_cavia ...  
     Validation Criterion: 0.09761879
Epoch: 700      Batch:   0    Loss: 0.00050903     ContextsNorm: 0.00700429
     ### (Re)Compiling function: adapt_step_cavia ...  
     Validation Criterion: 0.09152069
Epoch: 800      Batch:   0    Loss: 0.00018484     ContextsNorm: 0.00660010
     ### (Re)Compiling function: adapt_step_cavia ...  
     Validation Criterion: 0.07736378
Epoch: 900      Batch:   0    Loss: 0.00015192     ContextsNorm: 0.00620192
     ### (Re)Compiling function: adapt_step_cavia ...  
     Validation Criterion: 0.07016098
Epoch: 1000      Batch:   0    Loss: 0.00013362     ContextsNorm: 0.00572404
     ### (Re)Compiling function: adapt_step_cavia ...  
     Validation Criterion: 0.06182156
Epoch: 1100      Batch:   0    Loss: 0.00014509     ContextsNorm: 0.00516737
     ### (Re)Compiling function: adapt_step_cavia ...  
     Validation Criterion: 0.05459923
     Saving best model so far ...
Epoch: 1200      Batch:   0    Loss: 0.00011110     ContextsNorm: 0.00485360
     ### (Re)Compiling function: adapt_step_cavia ...  
     Validation Criterion: 0.04937540
     Saving best model so far ...
Epoch: 1300      Batch:   0    Loss: 0.00009361     ContextsNorm: 0.00447602
     ### (Re)Compiling function: adapt_step_cavia ...  
     Validation Criterion: 0.04250048
     Saving best model so far ...
Epoch: 1400      Batch:   0    Loss: 0.00009643     ContextsNorm: 0.00409699
     ### (Re)Compiling function: adapt_step_cavia ...  
     Validation Criterion: 0.03701144
     Saving best model so far ...
Epoch: 1500      Batch:   0    Loss: 0.00008340     ContextsNorm: 0.00379685
     ### (Re)Compiling function: adapt_step_cavia ...  
     Validation Criterion: 0.03411433
     Saving best model so far ...
Epoch: 1600      Batch:   0    Loss: 0.00007327     ContextsNorm: 0.00363762
     ### (Re)Compiling function: adapt_step_cavia ...  
     Validation Criterion: 0.03133102
     Saving best model so far ...
Epoch: 1700      Batch:   0    Loss: 0.00009999     ContextsNorm: 0.00346591
     ### (Re)Compiling function: adapt_step_cavia ...  
     Validation Criterion: 0.02875116
     Saving best model so far ...
Epoch: 1800      Batch:   0    Loss: 0.00010784     ContextsNorm: 0.00343721
     ### (Re)Compiling function: adapt_step_cavia ...  
     Validation Criterion: 0.02762723
     Saving best model so far ...
Epoch: 1900      Batch:   0    Loss: 0.00004895     ContextsNorm: 0.00336158
     ### (Re)Compiling function: adapt_step_cavia ...  
     Validation Criterion: 0.02727185
     Saving best model so far ...
Epoch: 2000      Batch:   0    Loss: 0.00003938     ContextsNorm: 0.00338441
     ### (Re)Compiling function: adapt_step_cavia ...  
     Validation Criterion: 0.02797315
Epoch: 2100      Batch:   0    Loss: 0.00003986     ContextsNorm: 0.00334591
     ### (Re)Compiling function: adapt_step_cavia ...  
     Validation Criterion: 0.02718218
     Saving best model so far ...
Epoch: 2200      Batch:   0    Loss: 0.00003822     ContextsNorm: 0.00334707
     ### (Re)Compiling function: adapt_step_cavia ...  
     Validation Criterion: 0.02735098
Epoch: 2300      Batch:   0    Loss: 0.00002996     ContextsNorm: 0.00338756
     ### (Re)Compiling function: adapt_step_cavia ...  
     Validation Criterion: 0.02775592
Epoch: 2400      Batch:   0    Loss: 0.00004348     ContextsNorm: 0.00337666
     ### (Re)Compiling function: adapt_step_cavia ...  
     Validation Criterion: 0.02702053
     Saving best model so far ...
Epoch: 2500      Batch:   0    Loss: 0.00006037     ContextsNorm: 0.00338535
     ### (Re)Compiling function: adapt_step_cavia ...  
     Validation Criterion: 0.02739790
Epoch: 2600      Batch:   0    Loss: 0.00002425     ContextsNorm: 0.00336993
     ### (Re)Compiling function: adapt_step_cavia ...  
     Validation Criterion: 0.02716054
Epoch: 2700      Batch:   0    Loss: 0.00002546     ContextsNorm: 0.00331685
     ### (Re)Compiling function: adapt_step_cavia ...  
     Validation Criterion: 0.02578021
     Saving best model so far ...
Epoch: 2800      Batch:   0    Loss: 0.00002452     ContextsNorm: 0.00340491
     ### (Re)Compiling function: adapt_step_cavia ...  
     Validation Criterion: 0.02747997
Epoch: 2900      Batch:   0    Loss: 0.00002054     ContextsNorm: 0.00337377
     ### (Re)Compiling function: adapt_step_cavia ...  
     Validation Criterion: 0.02700664
Epoch: 3000      Batch:   0    Loss: 0.00002256     ContextsNorm: 0.00333872
     ### (Re)Compiling function: adapt_step_cavia ...  
     Validation Criterion: 0.02602598
Epoch: 3100      Batch:   0    Loss: 0.00001592     ContextsNorm: 0.00344461
     ### (Re)Compiling function: adapt_step_cavia ...  
     Validation Criterion: 0.02844375
Epoch: 3200      Batch:   0    Loss: 0.00001747     ContextsNorm: 0.00341651
     ### (Re)Compiling function: adapt_step_cavia ...  
     Validation Criterion: 0.02795404
Epoch: 3300      Batch:   0    Loss: 0.00001770     ContextsNorm: 0.00342928
     ### (Re)Compiling function: adapt_step_cavia ...  
     Validation Criterion: 0.02828232
Epoch: 3400      Batch:   0    Loss: 0.00001592     ContextsNorm: 0.00342553
     ### (Re)Compiling function: adapt_step_cavia ...  
     Validation Criterion: 0.02757611
Epoch: 3500      Batch:   0    Loss: 0.00001599     ContextsNorm: 0.00346031
     ### (Re)Compiling function: adapt_step_cavia ...  
     Validation Criterion: 0.02846816
Epoch: 3600      Batch:   0    Loss: 0.00003953     ContextsNorm: 0.00343161
     ### (Re)Compiling function: adapt_step_cavia ...  
     Validation Criterion: 0.02884130
Epoch: 3700      Batch:   0    Loss: 0.00001455     ContextsNorm: 0.00344899
     ### (Re)Compiling function: adapt_step_cavia ...  
     Validation Criterion: 0.02790204
Epoch: 3800      Batch:   0    Loss: 0.00002434     ContextsNorm: 0.00343750
     ### (Re)Compiling function: adapt_step_cavia ...  
     Validation Criterion: 0.02852030
Epoch: 3900      Batch:   0    Loss: 0.00001318     ContextsNorm: 0.00337781
     ### (Re)Compiling function: adapt_step_cavia ...  
     Validation Criterion: 0.02680853
Epoch: 4000      Batch:   0    Loss: 0.00001248     ContextsNorm: 0.00344197
     ### (Re)Compiling function: adapt_step_cavia ...  
     Validation Criterion: 0.02819552
Epoch: 4100      Batch:   0    Loss: 0.00007987     ContextsNorm: 0.00342417
     ### (Re)Compiling function: adapt_step_cavia ...  
     Validation Criterion: 0.02883540
Epoch: 4200      Batch:   0    Loss: 0.00001314     ContextsNorm: 0.00339108
     ### (Re)Compiling function: adapt_step_cavia ...  
     Validation Criterion: 0.02659660
Epoch: 4300      Batch:   0    Loss: 0.00000851     ContextsNorm: 0.00345416
     ### (Re)Compiling function: adapt_step_cavia ...  
     Validation Criterion: 0.02825181
Epoch: 4400      Batch:   0    Loss: 0.00000944     ContextsNorm: 0.00340191
     ### (Re)Compiling function: adapt_step_cavia ...  
     Validation Criterion: 0.02697373
Epoch: 4500      Batch:   0    Loss: 0.00000815     ContextsNorm: 0.00346375
     ### (Re)Compiling function: adapt_step_cavia ...  
     Validation Criterion: 0.02818779
Epoch: 4600      Batch:   0    Loss: 0.00002014     ContextsNorm: 0.00345616
     ### (Re)Compiling function: adapt_step_cavia ...  
     Validation Criterion: 0.02840894
Epoch: 4700      Batch:   0    Loss: 0.00000912     ContextsNorm: 0.00341758
     ### (Re)Compiling function: adapt_step_cavia ...  
     Validation Criterion: 0.02733642
Epoch: 4800      Batch:   0    Loss: 0.00000744     ContextsNorm: 0.00346581
     ### (Re)Compiling function: adapt_step_cavia ...  
     Validation Criterion: 0.02802618
Epoch: 4900      Batch:   0    Loss: 0.00006286     ContextsNorm: 0.00348824
     ### (Re)Compiling function: adapt_step_cavia ...  
     Validation Criterion: 0.02770330
Epoch: 4999      Batch:   0    Loss: 0.00011936     ContextsNorm: 0.00343306

Total gradient descent training time: 0 hours 16 mins 39 secs
Using any previrouly defined optimizer for adapation


=== Beginning adaptation ... ===
    Number of environment batches: 1
    Number of envs train steps per batch: 5
    Total number of training steps: 5
     ### (Re)Compiling function: adapt_step_cavia ...  
    Batch:   0     Loss: 0.00014010        OtherNorms: [0.0001401  0.00477129 0.        ]
Total gradient descent adaptation time: 0 hours 0 mins 1 secs
==  Testing finished ... ==
    Criterion loss value: 0.0277033
==  Begining artefacts visualisation ... ==
    Visualized context dimensions along x: [8 3 2]
    Visualized context dimensions along y: [2 4 8]
Saving artefacts in: ./240724-041911/artefacts.png
==  Begining in-domain dynamics visualisation ... ==
    Trajectory id: 0
    Visualized dimensions: (0, 1)
Testing finished. Figure saved in: ./240724-041911/dynamics.png
Using any previrouly defined optimizer for adapation


=== Beginning adaptation ... ===
    Number of environment batches: 1
    Number of envs train steps per batch: 5
    Total number of training steps: 5
     ### (Re)Compiling function: adapt_step_cavia ...  
    Batch:   0     Loss: 0.00017823        OtherNorms: [0.00017823 0.00422801 0.        ]
Total gradient descent adaptation time: 0 hours 0 mins 1 secs
==  Testing finished ... ==
    Criterion loss value: 0.018909449
==  Begining artefacts visualisation ... ==
    Visualized context dimensions along x: [8 3 2]
    Visualized context dimensions along y: [2 4 8]
Saving artefacts in: ./240724-041911/adapt/artefacts.png
