
############# Contextual Self-Modulation #############

Jax version: 0.4.28
Available devices: [cuda(id=0)]
Created a new run folder at: ./240723-203423/
Completed copied scripts 


Total number of parameters in the model: 5998
Total number of parameters in the contexts: 3492


=== Beginning meta training ... ===
    Number of examples in a batch: 9
    Total number of batches : 1
    Numbers of inner steps : 5
    Training on 1 batches
    Validating on 1 batches
     ### (Re)Compiling function: outer_train_step ...  
     ### (Re)Compiling function: inner_train_step ...  
Epoch:   0      Batch:   0    Loss: 1.37033308     ContextsNorm: 0.00157058
     ### (Re)Compiling function: adapt_step_cavia ...  
     Validation Criterion: 0.97641164
     Saving best model so far ...
Epoch: 100      Batch:   0    Loss: 0.01361295     ContextsNorm: 0.01323899
     ### (Re)Compiling function: adapt_step_cavia ...  
     Validation Criterion: 0.24605618
     Saving best model so far ...
Epoch: 200      Batch:   0    Loss: 0.00735252     ContextsNorm: 0.01350107
     ### (Re)Compiling function: adapt_step_cavia ...  
     Validation Criterion: 0.26002935
Epoch: 300      Batch:   0    Loss: 0.00537626     ContextsNorm: 0.01523783
     ### (Re)Compiling function: adapt_step_cavia ...  
     Validation Criterion: 0.48139355
Epoch: 400      Batch:   0    Loss: 0.00377983     ContextsNorm: 0.01577949
     ### (Re)Compiling function: adapt_step_cavia ...  
     Validation Criterion: 0.45001832
Epoch: 500      Batch:   0    Loss: 0.00287252     ContextsNorm: 0.01582564
     ### (Re)Compiling function: adapt_step_cavia ...  
     Validation Criterion: 0.38382444
Epoch: 600      Batch:   0    Loss: 0.00207433     ContextsNorm: 0.01576430
     ### (Re)Compiling function: adapt_step_cavia ...  
     Validation Criterion: 0.36896259
Epoch: 700      Batch:   0    Loss: 0.00152623     ContextsNorm: 0.01400018
     ### (Re)Compiling function: adapt_step_cavia ...  
     Validation Criterion: 0.27605018
Epoch: 800      Batch:   0    Loss: 0.00161920     ContextsNorm: 0.01170950
     ### (Re)Compiling function: adapt_step_cavia ...  
     Validation Criterion: 0.19995394
     Saving best model so far ...
Epoch: 900      Batch:   0    Loss: 0.00115560     ContextsNorm: 0.00947249
     ### (Re)Compiling function: adapt_step_cavia ...  
     Validation Criterion: 0.14303383
     Saving best model so far ...
Epoch: 1000      Batch:   0    Loss: 0.00076776     ContextsNorm: 0.00650702
     ### (Re)Compiling function: adapt_step_cavia ...  
     Validation Criterion: 0.07698040
     Saving best model so far ...
Epoch: 1100      Batch:   0    Loss: 0.00048101     ContextsNorm: 0.00382569
     ### (Re)Compiling function: adapt_step_cavia ...  
     Validation Criterion: 0.03693495
     Saving best model so far ...
Epoch: 1200      Batch:   0    Loss: 0.00034587     ContextsNorm: 0.00298761
     ### (Re)Compiling function: adapt_step_cavia ...  
     Validation Criterion: 0.02619534
     Saving best model so far ...
Epoch: 1300      Batch:   0    Loss: 0.00032620     ContextsNorm: 0.00296073
     ### (Re)Compiling function: adapt_step_cavia ...  
     Validation Criterion: 0.02513400
     Saving best model so far ...
Epoch: 1400      Batch:   0    Loss: 0.00029981     ContextsNorm: 0.00307882
     ### (Re)Compiling function: adapt_step_cavia ...  
     Validation Criterion: 0.02882089
Epoch: 1500      Batch:   0    Loss: 0.00031822     ContextsNorm: 0.00314500
     ### (Re)Compiling function: adapt_step_cavia ...  
     Validation Criterion: 0.02735908
Epoch: 1600      Batch:   0    Loss: 0.00035539     ContextsNorm: 0.00411996
     ### (Re)Compiling function: adapt_step_cavia ...  
     Validation Criterion: 0.04061726
Epoch: 1700      Batch:   0    Loss: 0.00020103     ContextsNorm: 0.00429844
     ### (Re)Compiling function: adapt_step_cavia ...  
     Validation Criterion: 0.04450537
Epoch: 1800      Batch:   0    Loss: 0.00021326     ContextsNorm: 0.00423565
     ### (Re)Compiling function: adapt_step_cavia ...  
     Validation Criterion: 0.04249799
Epoch: 1900      Batch:   0    Loss: 0.00023239     ContextsNorm: 0.00406321
     ### (Re)Compiling function: adapt_step_cavia ...  
     Validation Criterion: 0.04117456
Epoch: 2000      Batch:   0    Loss: 0.00016384     ContextsNorm: 0.00397262
     ### (Re)Compiling function: adapt_step_cavia ...  
     Validation Criterion: 0.03717618
Epoch: 2100      Batch:   0    Loss: 0.00018293     ContextsNorm: 0.00412500
     ### (Re)Compiling function: adapt_step_cavia ...  
     Validation Criterion: 0.03934407
Epoch: 2200      Batch:   0    Loss: 0.00015049     ContextsNorm: 0.00417906
     ### (Re)Compiling function: adapt_step_cavia ...  
     Validation Criterion: 0.03959182
Epoch: 2300      Batch:   0    Loss: 0.00016728     ContextsNorm: 0.00412050
     ### (Re)Compiling function: adapt_step_cavia ...  
     Validation Criterion: 0.04073692
Epoch: 2400      Batch:   0    Loss: 0.00015096     ContextsNorm: 0.00411897
     ### (Re)Compiling function: adapt_step_cavia ...  
     Validation Criterion: 0.04122350
Epoch: 2500      Batch:   0    Loss: 0.00022238     ContextsNorm: 0.00410446
     ### (Re)Compiling function: adapt_step_cavia ...  
     Validation Criterion: 0.04456264
Epoch: 2600      Batch:   0    Loss: 0.00016548     ContextsNorm: 0.00416098
     ### (Re)Compiling function: adapt_step_cavia ...  
     Validation Criterion: 0.03970167
Epoch: 2700      Batch:   0    Loss: 0.00016192     ContextsNorm: 0.00395549
     ### (Re)Compiling function: adapt_step_cavia ...  
     Validation Criterion: 0.03862203
Epoch: 2800      Batch:   0    Loss: 0.00015486     ContextsNorm: 0.00405863
     ### (Re)Compiling function: adapt_step_cavia ...  
     Validation Criterion: 0.04077299
Epoch: 2900      Batch:   0    Loss: 0.00012908     ContextsNorm: 0.00427505
     ### (Re)Compiling function: adapt_step_cavia ...  
     Validation Criterion: 0.04242055
Epoch: 3000      Batch:   0    Loss: 0.00013897     ContextsNorm: 0.00422860
     ### (Re)Compiling function: adapt_step_cavia ...  
     Validation Criterion: 0.04227497
Epoch: 3100      Batch:   0    Loss: 0.00014282     ContextsNorm: 0.00418669
     ### (Re)Compiling function: adapt_step_cavia ...  
     Validation Criterion: 0.03922792
Epoch: 3200      Batch:   0    Loss: 0.00016476     ContextsNorm: 0.00420551
     ### (Re)Compiling function: adapt_step_cavia ...  
     Validation Criterion: 0.04267849
Epoch: 3300      Batch:   0    Loss: 0.00013716     ContextsNorm: 0.00412039
     ### (Re)Compiling function: adapt_step_cavia ...  
     Validation Criterion: 0.03851619
Epoch: 3400      Batch:   0    Loss: 0.00013328     ContextsNorm: 0.00396086
     ### (Re)Compiling function: adapt_step_cavia ...  
     Validation Criterion: 0.03867814
Epoch: 3500      Batch:   0    Loss: 0.00013471     ContextsNorm: 0.00418212
     ### (Re)Compiling function: adapt_step_cavia ...  
     Validation Criterion: 0.04139833
Epoch: 3600      Batch:   0    Loss: 0.00009772     ContextsNorm: 0.00408164
     ### (Re)Compiling function: adapt_step_cavia ...  
     Validation Criterion: 0.04013965
Epoch: 3700      Batch:   0    Loss: 0.00014231     ContextsNorm: 0.00405093
     ### (Re)Compiling function: adapt_step_cavia ...  
     Validation Criterion: 0.04040099
Epoch: 3800      Batch:   0    Loss: 0.00012722     ContextsNorm: 0.00393231
     ### (Re)Compiling function: adapt_step_cavia ...  
     Validation Criterion: 0.03670492
Epoch: 3900      Batch:   0    Loss: 0.00015395     ContextsNorm: 0.00404848
     ### (Re)Compiling function: adapt_step_cavia ...  
     Validation Criterion: 0.03930901
Epoch: 4000      Batch:   0    Loss: 0.00011096     ContextsNorm: 0.00386351
     ### (Re)Compiling function: adapt_step_cavia ...  
     Validation Criterion: 0.03749079
Epoch: 4100      Batch:   0    Loss: 0.00009573     ContextsNorm: 0.00377090
     ### (Re)Compiling function: adapt_step_cavia ...  
     Validation Criterion: 0.03655814
Epoch: 4200      Batch:   0    Loss: 0.00008378     ContextsNorm: 0.00392153
     ### (Re)Compiling function: adapt_step_cavia ...  
     Validation Criterion: 0.03893755
Epoch: 4300      Batch:   0    Loss: 0.00008037     ContextsNorm: 0.00397962
     ### (Re)Compiling function: adapt_step_cavia ...  
     Validation Criterion: 0.03827834
Epoch: 4400      Batch:   0    Loss: 0.00015870     ContextsNorm: 0.00395081
     ### (Re)Compiling function: adapt_step_cavia ...  
     Validation Criterion: 0.03606800
Epoch: 4500      Batch:   0    Loss: 0.00015300     ContextsNorm: 0.00375707
     ### (Re)Compiling function: adapt_step_cavia ...  
     Validation Criterion: 0.03801834
Epoch: 4600      Batch:   0    Loss: 0.00009315     ContextsNorm: 0.00385288
     ### (Re)Compiling function: adapt_step_cavia ...  
     Validation Criterion: 0.03855307
Epoch: 4700      Batch:   0    Loss: 0.00010630     ContextsNorm: 0.00392966
     ### (Re)Compiling function: adapt_step_cavia ...  
     Validation Criterion: 0.03900079
Epoch: 4800      Batch:   0    Loss: 0.00014615     ContextsNorm: 0.00407190
     ### (Re)Compiling function: adapt_step_cavia ...  
     Validation Criterion: 0.03998112
Epoch: 4900      Batch:   0    Loss: 0.00008953     ContextsNorm: 0.00388358
     ### (Re)Compiling function: adapt_step_cavia ...  
     Validation Criterion: 0.03898438
Epoch: 4999      Batch:   0    Loss: 0.00008066     ContextsNorm: 0.00386427

Total gradient descent training time: 0 hours 45 mins 11 secs
    Creating a new model with taylor order 0 ...
Using any previrouly defined optimizer for adapation


=== Beginning adaptation ... ===
    Number of environment batches: 1
    Number of envs train steps per batch: 5
    Total number of training steps: 5
     ### (Re)Compiling function: adapt_step_cavia ...  
    Batch:   0     Loss: 0.00128931        OtherNorms: [0.00128931 0.0052941  0.        ]
Total gradient descent adaptation time: 0 hours 0 mins 1 secs
==  Testing finished ... ==
    Criterion loss value: 0.038984384
==  Begining artefacts visualisation ... ==
    Visualized context dimensions along x: [9 9 4]
    Visualized context dimensions along y: [ 4 10  8]
Saving artefacts in: ./240723-203423/artefacts.png
==  Begining in-domain dynamics visualisation ... ==
    Trajectory id: 0
    Visualized dimensions: (0, 1)
Testing finished. Figure saved in: ./240723-203423/dynamics.png
    Creating a new model with taylor order 0 ...
Using any previrouly defined optimizer for adapation


=== Beginning adaptation ... ===
    Number of environment batches: 1
    Number of envs train steps per batch: 5
    Total number of training steps: 5
     ### (Re)Compiling function: adapt_step_cavia ...  
    Batch:   0     Loss: 0.00051902        OtherNorms: [0.00051902 0.00560415 0.        ]
Total gradient descent adaptation time: 0 hours 0 mins 1 secs
==  Testing finished ... ==
    Criterion loss value: 0.03829543
==  Begining artefacts visualisation ... ==
    Visualized context dimensions along x: [9 9 4]
    Visualized context dimensions along y: [ 4 10  8]
Saving artefacts in: ./240723-203423/adapt/artefacts.png
