
############# Contextual Self-Modulation #############

Jax version: 0.4.28
Available devices: [cuda(id=0)]
Created a new run folder at: ./240724-060938/
Completed copied scripts 


Total number of parameters in the model: 5998
Total number of parameters in the contexts: 3492


=== Beginning meta training ... ===
    Number of examples in a batch: 9
    Total number of batches : 1
    Numbers of inner steps : 5
    Training on 1 batches
    Validating on 1 batches
     ### (Re)Compiling function: outer_train_step ...  
     ### (Re)Compiling function: inner_train_step ...  
Epoch:   0      Batch:   0    Loss: 1.61222124     ContextsNorm: 0.00116007
     ### (Re)Compiling function: adapt_step_cavia ...  
     Validation Criterion: 1.15608454
     Saving best model so far ...
Epoch: 100      Batch:   0    Loss: 0.00975421     ContextsNorm: 0.00458916
     ### (Re)Compiling function: adapt_step_cavia ...  
     Validation Criterion: 0.06069166
     Saving best model so far ...
Epoch: 200      Batch:   0    Loss: 0.00555137     ContextsNorm: 0.00588330
     ### (Re)Compiling function: adapt_step_cavia ...  
     Validation Criterion: 0.07572059
Epoch: 300      Batch:   0    Loss: 0.00324899     ContextsNorm: 0.00829339
     ### (Re)Compiling function: adapt_step_cavia ...  
     Validation Criterion: 0.14297335
Epoch: 400      Batch:   0    Loss: 0.00166687     ContextsNorm: 0.00715249
     ### (Re)Compiling function: adapt_step_cavia ...  
     Validation Criterion: 0.10174198
Epoch: 500      Batch:   0    Loss: 0.00103958     ContextsNorm: 0.00488965
     ### (Re)Compiling function: adapt_step_cavia ...  
     Validation Criterion: 0.05240433
     Saving best model so far ...
Epoch: 600      Batch:   0    Loss: 0.00075807     ContextsNorm: 0.00339770
     ### (Re)Compiling function: adapt_step_cavia ...  
     Validation Criterion: 0.03265331
     Saving best model so far ...
Epoch: 700      Batch:   0    Loss: 0.00058372     ContextsNorm: 0.00343236
     ### (Re)Compiling function: adapt_step_cavia ...  
     Validation Criterion: 0.03223842
     Saving best model so far ...
Epoch: 800      Batch:   0    Loss: 0.00037270     ContextsNorm: 0.00328527
     ### (Re)Compiling function: adapt_step_cavia ...  
     Validation Criterion: 0.02846532
     Saving best model so far ...
Epoch: 900      Batch:   0    Loss: 0.00026682     ContextsNorm: 0.00347582
     ### (Re)Compiling function: adapt_step_cavia ...  
     Validation Criterion: 0.02991328
Epoch: 1000      Batch:   0    Loss: 0.00020256     ContextsNorm: 0.00365165
     ### (Re)Compiling function: adapt_step_cavia ...  
     Validation Criterion: 0.03286032
Epoch: 1100      Batch:   0    Loss: 0.00019582     ContextsNorm: 0.00391907
     ### (Re)Compiling function: adapt_step_cavia ...  
     Validation Criterion: 0.03717024
Epoch: 1200      Batch:   0    Loss: 0.00018282     ContextsNorm: 0.00417983
     ### (Re)Compiling function: adapt_step_cavia ...  
     Validation Criterion: 0.03793629
Epoch: 1300      Batch:   0    Loss: 0.00018820     ContextsNorm: 0.00420891
     ### (Re)Compiling function: adapt_step_cavia ...  
     Validation Criterion: 0.03996351
Epoch: 1400      Batch:   0    Loss: 0.00017996     ContextsNorm: 0.00392142
     ### (Re)Compiling function: adapt_step_cavia ...  
     Validation Criterion: 0.03601743
Epoch: 1500      Batch:   0    Loss: 0.00013757     ContextsNorm: 0.00413518
     ### (Re)Compiling function: adapt_step_cavia ...  
     Validation Criterion: 0.03926501
Epoch: 1600      Batch:   0    Loss: 0.00012844     ContextsNorm: 0.00416060
     ### (Re)Compiling function: adapt_step_cavia ...  
     Validation Criterion: 0.03958339
Epoch: 1700      Batch:   0    Loss: 0.00013642     ContextsNorm: 0.00412172
     ### (Re)Compiling function: adapt_step_cavia ...  
     Validation Criterion: 0.03898429
Epoch: 1800      Batch:   0    Loss: 0.00013151     ContextsNorm: 0.00413544
     ### (Re)Compiling function: adapt_step_cavia ...  
     Validation Criterion: 0.03888592
Epoch: 1900      Batch:   0    Loss: 0.00011333     ContextsNorm: 0.00415628
     ### (Re)Compiling function: adapt_step_cavia ...  
     Validation Criterion: 0.04034403
Epoch: 2000      Batch:   0    Loss: 0.00010777     ContextsNorm: 0.00409508
     ### (Re)Compiling function: adapt_step_cavia ...  
     Validation Criterion: 0.04005137
Epoch: 2100      Batch:   0    Loss: 0.00011302     ContextsNorm: 0.00408350
     ### (Re)Compiling function: adapt_step_cavia ...  
     Validation Criterion: 0.03888883
Epoch: 2200      Batch:   0    Loss: 0.00018601     ContextsNorm: 0.00454788
     ### (Re)Compiling function: adapt_step_cavia ...  
     Validation Criterion: 0.04252874
Epoch: 2300      Batch:   0    Loss: 0.00013994     ContextsNorm: 0.00417794
     ### (Re)Compiling function: adapt_step_cavia ...  
     Validation Criterion: 0.04063238
Epoch: 2400      Batch:   0    Loss: 0.00010037     ContextsNorm: 0.00399891
     ### (Re)Compiling function: adapt_step_cavia ...  
     Validation Criterion: 0.03787540
Epoch: 2500      Batch:   0    Loss: 0.00011128     ContextsNorm: 0.00420571
     ### (Re)Compiling function: adapt_step_cavia ...  
     Validation Criterion: 0.03959198
Epoch: 2600      Batch:   0    Loss: 0.00014338     ContextsNorm: 0.00413980
     ### (Re)Compiling function: adapt_step_cavia ...  
     Validation Criterion: 0.03915726
Epoch: 2700      Batch:   0    Loss: 0.00013466     ContextsNorm: 0.00409868
     ### (Re)Compiling function: adapt_step_cavia ...  
     Validation Criterion: 0.04060272
Epoch: 2800      Batch:   0    Loss: 0.00008668     ContextsNorm: 0.00416571
     ### (Re)Compiling function: adapt_step_cavia ...  
     Validation Criterion: 0.03976957
Epoch: 2900      Batch:   0    Loss: 0.00009117     ContextsNorm: 0.00431048
     ### (Re)Compiling function: adapt_step_cavia ...  
     Validation Criterion: 0.04122555
Epoch: 3000      Batch:   0    Loss: 0.00008937     ContextsNorm: 0.00419708
     ### (Re)Compiling function: adapt_step_cavia ...  
     Validation Criterion: 0.04040632
Epoch: 3100      Batch:   0    Loss: 0.00010022     ContextsNorm: 0.00425782
     ### (Re)Compiling function: adapt_step_cavia ...  
     Validation Criterion: 0.04009858
Epoch: 3200      Batch:   0    Loss: 0.00008610     ContextsNorm: 0.00425820
     ### (Re)Compiling function: adapt_step_cavia ...  
     Validation Criterion: 0.04270422
Epoch: 3300      Batch:   0    Loss: 0.00007321     ContextsNorm: 0.00421228
     ### (Re)Compiling function: adapt_step_cavia ...  
     Validation Criterion: 0.04097068
Epoch: 3400      Batch:   0    Loss: 0.00007909     ContextsNorm: 0.00423625
     ### (Re)Compiling function: adapt_step_cavia ...  
     Validation Criterion: 0.04119927
Epoch: 3500      Batch:   0    Loss: 0.00018384     ContextsNorm: 0.00418572
     ### (Re)Compiling function: adapt_step_cavia ...  
     Validation Criterion: 0.03981287
Epoch: 3600      Batch:   0    Loss: 0.00009439     ContextsNorm: 0.00394458
     ### (Re)Compiling function: adapt_step_cavia ...  
     Validation Criterion: 0.03789548
Epoch: 3700      Batch:   0    Loss: 0.00016303     ContextsNorm: 0.00429627
     ### (Re)Compiling function: adapt_step_cavia ...  
     Validation Criterion: 0.04084088
Epoch: 3800      Batch:   0    Loss: 0.00018009     ContextsNorm: 0.00441676
     ### (Re)Compiling function: adapt_step_cavia ...  
     Validation Criterion: 0.04125067
Epoch: 3900      Batch:   0    Loss: 0.00006593     ContextsNorm: 0.00421665
     ### (Re)Compiling function: adapt_step_cavia ...  
     Validation Criterion: 0.04057292
Epoch: 4000      Batch:   0    Loss: 0.00007763     ContextsNorm: 0.00420466
     ### (Re)Compiling function: adapt_step_cavia ...  
     Validation Criterion: 0.04082122
Epoch: 4100      Batch:   0    Loss: 0.00007044     ContextsNorm: 0.00407588
     ### (Re)Compiling function: adapt_step_cavia ...  
     Validation Criterion: 0.03954537
Epoch: 4200      Batch:   0    Loss: 0.00007118     ContextsNorm: 0.00445365
     ### (Re)Compiling function: adapt_step_cavia ...  
     Validation Criterion: 0.04367657
Epoch: 4300      Batch:   0    Loss: 0.00029043     ContextsNorm: 0.00441218
     ### (Re)Compiling function: adapt_step_cavia ...  
     Validation Criterion: 0.04560620
Epoch: 4400      Batch:   0    Loss: 0.00008598     ContextsNorm: 0.00423478
     ### (Re)Compiling function: adapt_step_cavia ...  
     Validation Criterion: 0.04392069
Epoch: 4500      Batch:   0    Loss: 0.00005940     ContextsNorm: 0.00444222
     ### (Re)Compiling function: adapt_step_cavia ...  
     Validation Criterion: 0.04386665
Epoch: 4600      Batch:   0    Loss: 0.00006490     ContextsNorm: 0.00448923
     ### (Re)Compiling function: adapt_step_cavia ...  
     Validation Criterion: 0.04443283
Epoch: 4700      Batch:   0    Loss: 0.00006037     ContextsNorm: 0.00464339
     ### (Re)Compiling function: adapt_step_cavia ...  
     Validation Criterion: 0.04811310
Epoch: 4800      Batch:   0    Loss: 0.00006067     ContextsNorm: 0.00445922
     ### (Re)Compiling function: adapt_step_cavia ...  
     Validation Criterion: 0.04465407
Epoch: 4900      Batch:   0    Loss: 0.00005823     ContextsNorm: 0.00457215
     ### (Re)Compiling function: adapt_step_cavia ...  
     Validation Criterion: 0.04528817
Epoch: 4999      Batch:   0    Loss: 0.00007729     ContextsNorm: 0.00465679

Total gradient descent training time: 0 hours 51 mins 31 secs
    Creating a new model with taylor order 0 ...
Using any previrouly defined optimizer for adapation


=== Beginning adaptation ... ===
    Number of environment batches: 1
    Number of envs train steps per batch: 5
    Total number of training steps: 5
     ### (Re)Compiling function: adapt_step_cavia ...  
    Batch:   0     Loss: 0.00136735        OtherNorms: [0.00136735 0.00607594 0.        ]
Total gradient descent adaptation time: 0 hours 0 mins 1 secs
==  Testing finished ... ==
    Criterion loss value: 0.04528817
==  Begining artefacts visualisation ... ==
    Visualized context dimensions along x: [8 3 2]
    Visualized context dimensions along y: [2 4 8]
Saving artefacts in: ./240724-060938/artefacts.png
==  Begining in-domain dynamics visualisation ... ==
    Trajectory id: 0
    Visualized dimensions: (0, 1)
Testing finished. Figure saved in: ./240724-060938/dynamics.png
    Creating a new model with taylor order 0 ...
Using any previrouly defined optimizer for adapation


=== Beginning adaptation ... ===
    Number of environment batches: 1
    Number of envs train steps per batch: 5
    Total number of training steps: 5
     ### (Re)Compiling function: adapt_step_cavia ...  
    Batch:   0     Loss: 0.00035952        OtherNorms: [0.00035952 0.00630263 0.        ]
Total gradient descent adaptation time: 0 hours 0 mins 1 secs
==  Testing finished ... ==
    Criterion loss value: 0.0442202
==  Begining artefacts visualisation ... ==
    Visualized context dimensions along x: [8 3 2]
    Visualized context dimensions along y: [2 4 8]
Saving artefacts in: ./240724-060938/adapt/artefacts.png
