
############# Contextual Self-Modulation #############

Jax version: 0.4.28
Available devices: [cuda(id=0)]
Created a new run folder at: ./240723-201732/
Completed copied scripts 


Total number of parameters in the model: 5998
Total number of parameters in the contexts: 3492


=== Beginning meta training ... ===
    Number of examples in a batch: 9
    Total number of batches : 1
    Numbers of inner steps : 5
    Training on 1 batches
    Validating on 1 batches
     ### (Re)Compiling function: outer_train_step ...  
     ### (Re)Compiling function: inner_train_step ...  
Epoch:   0      Batch:   0    Loss: 1.37034810     ContextsNorm: 0.00157017
     ### (Re)Compiling function: adapt_step_cavia ...  
     Validation Criterion: 0.97643012
     Saving best model so far ...
Epoch: 100      Batch:   0    Loss: 0.01300555     ContextsNorm: 0.01171036
     ### (Re)Compiling function: adapt_step_cavia ...  
     Validation Criterion: 0.19130217
     Saving best model so far ...
Epoch: 200      Batch:   0    Loss: 0.00625642     ContextsNorm: 0.01526658
     ### (Re)Compiling function: adapt_step_cavia ...  
     Validation Criterion: 0.28548828
Epoch: 300      Batch:   0    Loss: 0.00328426     ContextsNorm: 0.02013245
     ### (Re)Compiling function: adapt_step_cavia ...  
     Validation Criterion: 0.67375845
Epoch: 400      Batch:   0    Loss: 0.00170853     ContextsNorm: 0.02144549
     ### (Re)Compiling function: adapt_step_cavia ...  
     Validation Criterion: 0.55468303
Epoch: 500      Batch:   0    Loss: 0.00094877     ContextsNorm: 0.02106967
     ### (Re)Compiling function: adapt_step_cavia ...  
     Validation Criterion: 0.55345660
Epoch: 600      Batch:   0    Loss: 0.00141447     ContextsNorm: 0.01910621
     ### (Re)Compiling function: adapt_step_cavia ...  
     Validation Criterion: 0.46188363
Epoch: 700      Batch:   0    Loss: 0.00053440     ContextsNorm: 0.01889564
     ### (Re)Compiling function: adapt_step_cavia ...  
     Validation Criterion: 0.42646503
Epoch: 800      Batch:   0    Loss: 0.00066146     ContextsNorm: 0.01817960
     ### (Re)Compiling function: adapt_step_cavia ...  
     Validation Criterion: 0.39399356
Epoch: 900      Batch:   0    Loss: 0.00094688     ContextsNorm: 0.01740947
     ### (Re)Compiling function: adapt_step_cavia ...  
     Validation Criterion: 0.36578342
Epoch: 1000      Batch:   0    Loss: 0.00027374     ContextsNorm: 0.01650358
     ### (Re)Compiling function: adapt_step_cavia ...  
     Validation Criterion: 0.34492069
Epoch: 1100      Batch:   0    Loss: 0.00017392     ContextsNorm: 0.01602155
     ### (Re)Compiling function: adapt_step_cavia ...  
     Validation Criterion: 0.33312783
Epoch: 1200      Batch:   0    Loss: 0.00012742     ContextsNorm: 0.01561491
     ### (Re)Compiling function: adapt_step_cavia ...  
     Validation Criterion: 0.32472587
Epoch: 1300      Batch:   0    Loss: 0.00011680     ContextsNorm: 0.01513051
     ### (Re)Compiling function: adapt_step_cavia ...  
     Validation Criterion: 0.30616543
Epoch: 1400      Batch:   0    Loss: 0.00010121     ContextsNorm: 0.01502765
     ### (Re)Compiling function: adapt_step_cavia ...  
     Validation Criterion: 0.30734542
Epoch: 1500      Batch:   0    Loss: 0.00032811     ContextsNorm: 0.01465169
     ### (Re)Compiling function: adapt_step_cavia ...  
     Validation Criterion: 0.28959292
Epoch: 1600      Batch:   0    Loss: 0.00007302     ContextsNorm: 0.01458910
     ### (Re)Compiling function: adapt_step_cavia ...  
     Validation Criterion: 0.29383525
Epoch: 1700      Batch:   0    Loss: 0.00012490     ContextsNorm: 0.01421771
     ### (Re)Compiling function: adapt_step_cavia ...  
     Validation Criterion: 0.28115639
Epoch: 1800      Batch:   0    Loss: 0.00008218     ContextsNorm: 0.01418844
     ### (Re)Compiling function: adapt_step_cavia ...  
     Validation Criterion: 0.27947679
Epoch: 1900      Batch:   0    Loss: 0.00013397     ContextsNorm: 0.01402212
     ### (Re)Compiling function: adapt_step_cavia ...  
     Validation Criterion: 0.27605137
Epoch: 2000      Batch:   0    Loss: 0.00008222     ContextsNorm: 0.01389715
     ### (Re)Compiling function: adapt_step_cavia ...  
     Validation Criterion: 0.26658419
Epoch: 2100      Batch:   0    Loss: 0.00015946     ContextsNorm: 0.01359634
     ### (Re)Compiling function: adapt_step_cavia ...  
     Validation Criterion: 0.25996637
Epoch: 2200      Batch:   0    Loss: 0.00009916     ContextsNorm: 0.01356630
     ### (Re)Compiling function: adapt_step_cavia ...  
     Validation Criterion: 0.25546581
Epoch: 2300      Batch:   0    Loss: 0.00003827     ContextsNorm: 0.01349534
     ### (Re)Compiling function: adapt_step_cavia ...  
     Validation Criterion: 0.25313896
Epoch: 2400      Batch:   0    Loss: 0.00003866     ContextsNorm: 0.01339671
     ### (Re)Compiling function: adapt_step_cavia ...  
     Validation Criterion: 0.24483664
Epoch: 2500      Batch:   0    Loss: 0.00015065     ContextsNorm: 0.01327164
     ### (Re)Compiling function: adapt_step_cavia ...  
     Validation Criterion: 0.23523679
Epoch: 2600      Batch:   0    Loss: 0.00012489     ContextsNorm: 0.01313041
     ### (Re)Compiling function: adapt_step_cavia ...  
     Validation Criterion: 0.22763155
Epoch: 2700      Batch:   0    Loss: 0.00011003     ContextsNorm: 0.01304314
     ### (Re)Compiling function: adapt_step_cavia ...  
     Validation Criterion: 0.22494490
Epoch: 2800      Batch:   0    Loss: 0.00003469     ContextsNorm: 0.01274682
     ### (Re)Compiling function: adapt_step_cavia ...  
     Validation Criterion: 0.21805978
Epoch: 2900      Batch:   0    Loss: 0.00004410     ContextsNorm: 0.01261039
     ### (Re)Compiling function: adapt_step_cavia ...  
     Validation Criterion: 0.21136396
Epoch: 3000      Batch:   0    Loss: 0.00004731     ContextsNorm: 0.01240060
     ### (Re)Compiling function: adapt_step_cavia ...  
     Validation Criterion: 0.20396884
Epoch: 3100      Batch:   0    Loss: 0.00003010     ContextsNorm: 0.01235295
     ### (Re)Compiling function: adapt_step_cavia ...  
     Validation Criterion: 0.20271023
Epoch: 3200      Batch:   0    Loss: 0.00003866     ContextsNorm: 0.01212613
     ### (Re)Compiling function: adapt_step_cavia ...  
     Validation Criterion: 0.19660091
Epoch: 3300      Batch:   0    Loss: 0.00006660     ContextsNorm: 0.01203179
     ### (Re)Compiling function: adapt_step_cavia ...  
     Validation Criterion: 0.19133763
Epoch: 3400      Batch:   0    Loss: 0.00010223     ContextsNorm: 0.01201919
     ### (Re)Compiling function: adapt_step_cavia ...  
     Validation Criterion: 0.18740375
     Saving best model so far ...
Epoch: 3500      Batch:   0    Loss: 0.00002222     ContextsNorm: 0.01190320
     ### (Re)Compiling function: adapt_step_cavia ...  
     Validation Criterion: 0.18344900
     Saving best model so far ...
Epoch: 3600      Batch:   0    Loss: 0.00002267     ContextsNorm: 0.01177532
     ### (Re)Compiling function: adapt_step_cavia ...  
     Validation Criterion: 0.17712505
     Saving best model so far ...
Epoch: 3700      Batch:   0    Loss: 0.00003170     ContextsNorm: 0.01165050
     ### (Re)Compiling function: adapt_step_cavia ...  
     Validation Criterion: 0.17567886
     Saving best model so far ...
Epoch: 3800      Batch:   0    Loss: 0.00003171     ContextsNorm: 0.01163499
     ### (Re)Compiling function: adapt_step_cavia ...  
     Validation Criterion: 0.17123273
     Saving best model so far ...
Epoch: 3900      Batch:   0    Loss: 0.00036722     ContextsNorm: 0.01156584
     ### (Re)Compiling function: adapt_step_cavia ...  
     Validation Criterion: 0.16608827
     Saving best model so far ...
Epoch: 4000      Batch:   0    Loss: 0.00007378     ContextsNorm: 0.01133886
     ### (Re)Compiling function: adapt_step_cavia ...  
     Validation Criterion: 0.16733788
Epoch: 4100      Batch:   0    Loss: 0.00006703     ContextsNorm: 0.01107981
     ### (Re)Compiling function: adapt_step_cavia ...  
     Validation Criterion: 0.16414425
     Saving best model so far ...
Epoch: 4200      Batch:   0    Loss: 0.00001741     ContextsNorm: 0.01122824
     ### (Re)Compiling function: adapt_step_cavia ...  
     Validation Criterion: 0.16462594
Epoch: 4300      Batch:   0    Loss: 0.00004616     ContextsNorm: 0.01111372
     ### (Re)Compiling function: adapt_step_cavia ...  
     Validation Criterion: 0.16252255
     Saving best model so far ...
Epoch: 4400      Batch:   0    Loss: 0.00002000     ContextsNorm: 0.01105341
     ### (Re)Compiling function: adapt_step_cavia ...  
     Validation Criterion: 0.16064265
     Saving best model so far ...
Epoch: 4500      Batch:   0    Loss: 0.00001657     ContextsNorm: 0.01102874
     ### (Re)Compiling function: adapt_step_cavia ...  
     Validation Criterion: 0.15930945
     Saving best model so far ...
Epoch: 4600      Batch:   0    Loss: 0.00001312     ContextsNorm: 0.01089768
     ### (Re)Compiling function: adapt_step_cavia ...  
     Validation Criterion: 0.15776096
     Saving best model so far ...
Epoch: 4700      Batch:   0    Loss: 0.00006645     ContextsNorm: 0.01058278
     ### (Re)Compiling function: adapt_step_cavia ...  
     Validation Criterion: 0.15309833
     Saving best model so far ...
Epoch: 4800      Batch:   0    Loss: 0.00001570     ContextsNorm: 0.01061791
     ### (Re)Compiling function: adapt_step_cavia ...  
     Validation Criterion: 0.15126760
     Saving best model so far ...
Epoch: 4900      Batch:   0    Loss: 0.00005175     ContextsNorm: 0.01065079
     ### (Re)Compiling function: adapt_step_cavia ...  
     Validation Criterion: 0.15330133
Epoch: 4999      Batch:   0    Loss: 0.00052508     ContextsNorm: 0.01048200

Total gradient descent training time: 0 hours 16 mins 39 secs
Using any previrouly defined optimizer for adapation


=== Beginning adaptation ... ===
    Number of environment batches: 1
    Number of envs train steps per batch: 5
    Total number of training steps: 5
     ### (Re)Compiling function: adapt_step_cavia ...  
    Batch:   0     Loss: 0.00016569        OtherNorms: [0.00016569 0.01322737 0.        ]
Total gradient descent adaptation time: 0 hours 0 mins 1 secs
==  Testing finished ... ==
    Criterion loss value: 0.15330131
==  Begining artefacts visualisation ... ==
    Visualized context dimensions along x: [9 9 4]
    Visualized context dimensions along y: [ 4 10  8]
Saving artefacts in: ./240723-201732/artefacts.png
==  Begining in-domain dynamics visualisation ... ==
    Trajectory id: 0
    Visualized dimensions: (0, 1)
Testing finished. Figure saved in: ./240723-201732/dynamics.png
Using any previrouly defined optimizer for adapation


=== Beginning adaptation ... ===
    Number of environment batches: 1
    Number of envs train steps per batch: 5
    Total number of training steps: 5
     ### (Re)Compiling function: adapt_step_cavia ...  
    Batch:   0     Loss: 0.00012862        OtherNorms: [0.00012862 0.01150991 0.        ]
Total gradient descent adaptation time: 0 hours 0 mins 1 secs
==  Testing finished ... ==
    Criterion loss value: 0.11133826
==  Begining artefacts visualisation ... ==
    Visualized context dimensions along x: [9 9 4]
    Visualized context dimensions along y: [ 4 10  8]
Saving artefacts in: ./240723-201732/adapt/artefacts.png
