
############# Contextual Self-Modulation #############

Jax version: 0.4.28
Available devices: [cuda(id=0)]
Created a new run folder at: ./runs/240812-165001/
Completed copied scripts 


Total number of parameters in the model: 4526
Total number of parameters in the contexts: 18


=== Beginning meta training ... ===
    Number of examples in a batch: 9
    Total number of batches : 1
    Numbers of inner steps : 1
    Training on 1 batches
    Validating on 1 batches
     ### (Re)Compiling function: outer_train_step ...  
     ### (Re)Compiling function: inner_train_step ...  
Epoch:   0      Batch:   0    Loss: 1.37084055     ContextsNorm: 0.00000000
     ### (Re)Compiling function: adapt_step_cavia ...  
        Validation Criterion: 0.91214639
        Saving best model so far ...
Epoch:  10      Batch:   0    Loss: 0.33606872     ContextsNorm: 0.00000000
Epoch:  20      Batch:   0    Loss: 0.27525356     ContextsNorm: 0.00000000
Epoch:  30      Batch:   0    Loss: 0.17536949     ContextsNorm: 0.00000000
Epoch:  40      Batch:   0    Loss: 0.17043675     ContextsNorm: 0.00000000
Epoch:  50      Batch:   0    Loss: 0.16052879     ContextsNorm: 0.00000000
Epoch:  60      Batch:   0    Loss: 0.14265336     ContextsNorm: 0.00000000
Epoch:  70      Batch:   0    Loss: 0.10649564     ContextsNorm: 0.00000000
Epoch:  80      Batch:   0    Loss: 0.08603439     ContextsNorm: 0.00000000
Epoch:  90      Batch:   0    Loss: 0.07943697     ContextsNorm: 0.00000000
Epoch: 100      Batch:   0    Loss: 0.07674692     ContextsNorm: 0.00000000
     ### (Re)Compiling function: adapt_step_cavia ...  
        Validation Criterion: 0.09006981
        Saving best model so far ...
Epoch: 110      Batch:   0    Loss: 0.07478786     ContextsNorm: 0.00000000
Epoch: 120      Batch:   0    Loss: 0.07161150     ContextsNorm: 0.00000000
Epoch: 130      Batch:   0    Loss: 0.04915208     ContextsNorm: 0.00000000
Epoch: 140      Batch:   0    Loss: 0.04438300     ContextsNorm: 0.00000000
Epoch: 150      Batch:   0    Loss: 0.04187762     ContextsNorm: 0.00000000
Epoch: 160      Batch:   0    Loss: 0.04007894     ContextsNorm: 0.00000000
Epoch: 170      Batch:   0    Loss: 0.03850907     ContextsNorm: 0.00000000
Epoch: 180      Batch:   0    Loss: 0.03695865     ContextsNorm: 0.00000000
Epoch: 190      Batch:   0    Loss: 0.03539489     ContextsNorm: 0.00000000
Epoch: 200      Batch:   0    Loss: 0.03378258     ContextsNorm: 0.00000000
     ### (Re)Compiling function: adapt_step_cavia ...  
        Validation Criterion: 0.04562547
        Saving best model so far ...
Epoch: 210      Batch:   0    Loss: 0.03236915     ContextsNorm: 0.00000000
Epoch: 220      Batch:   0    Loss: 0.03146863     ContextsNorm: 0.00000000
Epoch: 230      Batch:   0    Loss: 0.03097924     ContextsNorm: 0.00000000
Epoch: 240      Batch:   0    Loss: 0.03071285     ContextsNorm: 0.00000000
Epoch: 250      Batch:   0    Loss: 0.03049788     ContextsNorm: 0.00000000
Epoch: 260      Batch:   0    Loss: 0.03031983     ContextsNorm: 0.00000000
Epoch: 270      Batch:   0    Loss: 0.03015924     ContextsNorm: 0.00000000
Epoch: 280      Batch:   0    Loss: 0.03001060     ContextsNorm: 0.00000000
Epoch: 290      Batch:   0    Loss: 0.02986564     ContextsNorm: 0.00000000
Epoch: 300      Batch:   0    Loss: 0.02972736     ContextsNorm: 0.00000000
     ### (Re)Compiling function: adapt_step_cavia ...  
        Validation Criterion: 0.03881527
        Saving best model so far ...
Epoch: 310      Batch:   0    Loss: 0.02959757     ContextsNorm: 0.00000000
Epoch: 320      Batch:   0    Loss: 0.02954799     ContextsNorm: 0.00000000
Epoch: 330      Batch:   0    Loss: 0.02939663     ContextsNorm: 0.00000000
Epoch: 340      Batch:   0    Loss: 0.02926456     ContextsNorm: 0.00000000
Epoch: 350      Batch:   0    Loss: 0.02921197     ContextsNorm: 0.00000000
Epoch: 360      Batch:   0    Loss: 0.02909209     ContextsNorm: 0.00000000
Epoch: 370      Batch:   0    Loss: 0.02899984     ContextsNorm: 0.00000000
Epoch: 380      Batch:   0    Loss: 0.02903363     ContextsNorm: 0.00000000
Epoch: 390      Batch:   0    Loss: 0.02901689     ContextsNorm: 0.00000000
Epoch: 400      Batch:   0    Loss: 0.02877022     ContextsNorm: 0.00000000
     ### (Re)Compiling function: adapt_step_cavia ...  
        Validation Criterion: 0.03623274
        Saving best model so far ...
Epoch: 410      Batch:   0    Loss: 0.02867445     ContextsNorm: 0.00000000
Epoch: 420      Batch:   0    Loss: 0.02860092     ContextsNorm: 0.00000000
Epoch: 430      Batch:   0    Loss: 0.02851075     ContextsNorm: 0.00000000
Epoch: 440      Batch:   0    Loss: 0.02842857     ContextsNorm: 0.00000000
Epoch: 450      Batch:   0    Loss: 0.02833829     ContextsNorm: 0.00000000
Epoch: 460      Batch:   0    Loss: 0.02824271     ContextsNorm: 0.00000000
Epoch: 470      Batch:   0    Loss: 0.02855888     ContextsNorm: 0.00000000
Epoch: 480      Batch:   0    Loss: 0.02816732     ContextsNorm: 0.00000000
Epoch: 490      Batch:   0    Loss: 0.02772477     ContextsNorm: 0.00000000
Epoch: 500      Batch:   0    Loss: 0.02709683     ContextsNorm: 0.00000000
     ### (Re)Compiling function: adapt_step_cavia ...  
        Validation Criterion: 0.03265439
        Saving best model so far ...
Epoch: 510      Batch:   0    Loss: 0.02419404     ContextsNorm: 0.00000000
Epoch: 520      Batch:   0    Loss: 0.01247996     ContextsNorm: 0.00000000
Epoch: 530      Batch:   0    Loss: 0.00648248     ContextsNorm: 0.00000000
Epoch: 540      Batch:   0    Loss: 0.00614054     ContextsNorm: 0.00000000
Epoch: 550      Batch:   0    Loss: 0.00538256     ContextsNorm: 0.00000000
Epoch: 560      Batch:   0    Loss: 0.00512781     ContextsNorm: 0.00000000
Epoch: 570      Batch:   0    Loss: 0.00487634     ContextsNorm: 0.00000000
Epoch: 580      Batch:   0    Loss: 0.00464133     ContextsNorm: 0.00000000
Epoch: 590      Batch:   0    Loss: 0.00443098     ContextsNorm: 0.00000000
Epoch: 600      Batch:   0    Loss: 0.00423700     ContextsNorm: 0.00000000
     ### (Re)Compiling function: adapt_step_cavia ...  
        Validation Criterion: 0.00702817
        Saving best model so far ...
Epoch: 610      Batch:   0    Loss: 0.00405249     ContextsNorm: 0.00000000
Epoch: 620      Batch:   0    Loss: 0.00387420     ContextsNorm: 0.00000000
Epoch: 630      Batch:   0    Loss: 0.00369864     ContextsNorm: 0.00000000
Epoch: 640      Batch:   0    Loss: 0.00353036     ContextsNorm: 0.00000000
Epoch: 650      Batch:   0    Loss: 0.00336732     ContextsNorm: 0.00000000
Epoch: 660      Batch:   0    Loss: 0.00320800     ContextsNorm: 0.00000000
Epoch: 670      Batch:   0    Loss: 0.00305547     ContextsNorm: 0.00000000
Epoch: 680      Batch:   0    Loss: 0.00289867     ContextsNorm: 0.00000000
Epoch: 690      Batch:   0    Loss: 0.00274099     ContextsNorm: 0.00000000
Epoch: 700      Batch:   0    Loss: 0.00257843     ContextsNorm: 0.00000000
     ### (Re)Compiling function: adapt_step_cavia ...  
        Validation Criterion: 0.00414310
        Saving best model so far ...
Epoch: 710      Batch:   0    Loss: 0.00260629     ContextsNorm: 0.00000000
Epoch: 720      Batch:   0    Loss: 0.00227094     ContextsNorm: 0.00000000
Epoch: 730      Batch:   0    Loss: 0.00204674     ContextsNorm: 0.00000000
Epoch: 740      Batch:   0    Loss: 0.00186883     ContextsNorm: 0.00000000
Epoch: 750      Batch:   0    Loss: 0.00175570     ContextsNorm: 0.00000000
Epoch: 760      Batch:   0    Loss: 0.00166885     ContextsNorm: 0.00000000
Epoch: 770      Batch:   0    Loss: 0.00151261     ContextsNorm: 0.00000000
Epoch: 780      Batch:   0    Loss: 0.00152487     ContextsNorm: 0.00000000
Epoch: 790      Batch:   0    Loss: 0.00141447     ContextsNorm: 0.00000000
Epoch: 800      Batch:   0    Loss: 0.00128884     ContextsNorm: 0.00000000
     ### (Re)Compiling function: adapt_step_cavia ...  
        Validation Criterion: 0.00290260
        Saving best model so far ...
Epoch: 810      Batch:   0    Loss: 0.00122903     ContextsNorm: 0.00000000
Epoch: 820      Batch:   0    Loss: 0.00117387     ContextsNorm: 0.00000000
Epoch: 830      Batch:   0    Loss: 0.00115558     ContextsNorm: 0.00000000
Epoch: 840      Batch:   0    Loss: 0.00110750     ContextsNorm: 0.00000000
Epoch: 850      Batch:   0    Loss: 0.00109616     ContextsNorm: 0.00000000
Epoch: 860      Batch:   0    Loss: 0.00099372     ContextsNorm: 0.00000000
Epoch: 870      Batch:   0    Loss: 0.00099268     ContextsNorm: 0.00000000
Epoch: 880      Batch:   0    Loss: 0.00100684     ContextsNorm: 0.00000000
Epoch: 890      Batch:   0    Loss: 0.00099102     ContextsNorm: 0.00000000
Epoch: 900      Batch:   0    Loss: 0.00086361     ContextsNorm: 0.00000000
     ### (Re)Compiling function: adapt_step_cavia ...  
        Validation Criterion: 0.00201727
        Saving best model so far ...
Epoch: 910      Batch:   0    Loss: 0.00085889     ContextsNorm: 0.00000000
Epoch: 920      Batch:   0    Loss: 0.00100472     ContextsNorm: 0.00000000
Epoch: 930      Batch:   0    Loss: 0.00086990     ContextsNorm: 0.00000000
Epoch: 940      Batch:   0    Loss: 0.00079783     ContextsNorm: 0.00000000
Epoch: 950      Batch:   0    Loss: 0.00077731     ContextsNorm: 0.00000000
Epoch: 960      Batch:   0    Loss: 0.00079529     ContextsNorm: 0.00000000
Epoch: 970      Batch:   0    Loss: 0.00081804     ContextsNorm: 0.00000000
Epoch: 980      Batch:   0    Loss: 0.00076351     ContextsNorm: 0.00000000
Epoch: 990      Batch:   0    Loss: 0.00066646     ContextsNorm: 0.00000000
Epoch: 1000      Batch:   0    Loss: 0.00081836     ContextsNorm: 0.00000000
     ### (Re)Compiling function: adapt_step_cavia ...  
        Validation Criterion: 0.00151105
        Saving best model so far ...
Epoch: 1010      Batch:   0    Loss: 0.00076982     ContextsNorm: 0.00000000
Epoch: 1020      Batch:   0    Loss: 0.00064763     ContextsNorm: 0.00000000
Epoch: 1030      Batch:   0    Loss: 0.00069730     ContextsNorm: 0.00000000
Epoch: 1040      Batch:   0    Loss: 0.00068270     ContextsNorm: 0.00000000
Epoch: 1050      Batch:   0    Loss: 0.00064072     ContextsNorm: 0.00000000
Epoch: 1060      Batch:   0    Loss: 0.00058232     ContextsNorm: 0.00000000
Epoch: 1070      Batch:   0    Loss: 0.00053351     ContextsNorm: 0.00000000
Epoch: 1080      Batch:   0    Loss: 0.00061920     ContextsNorm: 0.00000000
Epoch: 1090      Batch:   0    Loss: 0.00078713     ContextsNorm: 0.00000000
Epoch: 1100      Batch:   0    Loss: 0.00108180     ContextsNorm: 0.00000000
     ### (Re)Compiling function: adapt_step_cavia ...  
        Validation Criterion: 0.00133179
        Saving best model so far ...
Epoch: 1110      Batch:   0    Loss: 0.00056408     ContextsNorm: 0.00000000
Epoch: 1120      Batch:   0    Loss: 0.00065692     ContextsNorm: 0.00000000
Epoch: 1130      Batch:   0    Loss: 0.00047644     ContextsNorm: 0.00000000
Epoch: 1140      Batch:   0    Loss: 0.00045710     ContextsNorm: 0.00000000
Epoch: 1150      Batch:   0    Loss: 0.00046910     ContextsNorm: 0.00000000
Epoch: 1160      Batch:   0    Loss: 0.00066397     ContextsNorm: 0.00000000
Epoch: 1170      Batch:   0    Loss: 0.00055391     ContextsNorm: 0.00000000
Epoch: 1180      Batch:   0    Loss: 0.00041031     ContextsNorm: 0.00000000
Epoch: 1190      Batch:   0    Loss: 0.00043052     ContextsNorm: 0.00000000
Epoch: 1200      Batch:   0    Loss: 0.00041668     ContextsNorm: 0.00000000
     ### (Re)Compiling function: adapt_step_cavia ...  
        Validation Criterion: 0.00098491
        Saving best model so far ...
Epoch: 1210      Batch:   0    Loss: 0.00038933     ContextsNorm: 0.00000000
Epoch: 1220      Batch:   0    Loss: 0.00037400     ContextsNorm: 0.00000000
Epoch: 1230      Batch:   0    Loss: 0.00045254     ContextsNorm: 0.00000000
Epoch: 1240      Batch:   0    Loss: 0.00061909     ContextsNorm: 0.00000000
Epoch: 1250      Batch:   0    Loss: 0.00082830     ContextsNorm: 0.00000000
Epoch: 1260      Batch:   0    Loss: 0.00072045     ContextsNorm: 0.00000000
Epoch: 1270      Batch:   0    Loss: 0.00058389     ContextsNorm: 0.00000000
Epoch: 1280      Batch:   0    Loss: 0.00038296     ContextsNorm: 0.00000000
Epoch: 1290      Batch:   0    Loss: 0.00037243     ContextsNorm: 0.00000000
Epoch: 1300      Batch:   0    Loss: 0.00031632     ContextsNorm: 0.00000000
     ### (Re)Compiling function: adapt_step_cavia ...  
        Validation Criterion: 0.00075084
        Saving best model so far ...
Epoch: 1310      Batch:   0    Loss: 0.00030042     ContextsNorm: 0.00000000
Epoch: 1320      Batch:   0    Loss: 0.00028791     ContextsNorm: 0.00000000
Epoch: 1330      Batch:   0    Loss: 0.00027698     ContextsNorm: 0.00000000
Epoch: 1340      Batch:   0    Loss: 0.00026496     ContextsNorm: 0.00000000
Epoch: 1350      Batch:   0    Loss: 0.00025668     ContextsNorm: 0.00000000
Epoch: 1360      Batch:   0    Loss: 0.00027358     ContextsNorm: 0.00000000
Epoch: 1370      Batch:   0    Loss: 0.00028077     ContextsNorm: 0.00000000
Epoch: 1380      Batch:   0    Loss: 0.00032531     ContextsNorm: 0.00000000
Epoch: 1390      Batch:   0    Loss: 0.00056569     ContextsNorm: 0.00000000
Epoch: 1400      Batch:   0    Loss: 0.00023953     ContextsNorm: 0.00000000
     ### (Re)Compiling function: adapt_step_cavia ...  
        Validation Criterion: 0.00066374
        Saving best model so far ...
Epoch: 1410      Batch:   0    Loss: 0.00027961     ContextsNorm: 0.00000000
Epoch: 1420      Batch:   0    Loss: 0.00022909     ContextsNorm: 0.00000000
Epoch: 1430      Batch:   0    Loss: 0.00029001     ContextsNorm: 0.00000000
Epoch: 1440      Batch:   0    Loss: 0.00022985     ContextsNorm: 0.00000000
Epoch: 1450      Batch:   0    Loss: 0.00035008     ContextsNorm: 0.00000000
Epoch: 1460      Batch:   0    Loss: 0.00026996     ContextsNorm: 0.00000000
Epoch: 1470      Batch:   0    Loss: 0.00020887     ContextsNorm: 0.00000000
Epoch: 1480      Batch:   0    Loss: 0.00019985     ContextsNorm: 0.00000000
Epoch: 1490      Batch:   0    Loss: 0.00020519     ContextsNorm: 0.00000000
Epoch: 1499      Batch:   0    Loss: 0.00062288     ContextsNorm: 0.00000000
     ### (Re)Compiling function: adapt_step_cavia ...  
        Validation Criterion: 0.00099429

Total gradient descent training time: 0 hours 3 mins 50 secs
    Creating a new model with taylor order 0 ...
Using any previrouly defined optimizer for adapation


=== Beginning adaptation ... ===
    Number of environment batches: 1
    Number of envs train steps per batch: 1
    Total number of training steps: 1
     ### (Re)Compiling function: adapt_step_cavia ...  
    Batch:   0     Loss: 0.08012864        OtherNorms: [0.08012864 0.         0.        ]
Total gradient descent adaptation time: 0 hours 0 mins 0 secs
==  Meta-evaluation ... ==
    Test loss value: 6.64e-04 ± 4.30e-04
    Train loss value for criterion 0: 8.01e-02
==  Begining artefacts visualisation ... ==
    Visualized context dimensions along x: [0 0 0]
    Visualized context dimensions along y: [1 1 1]
Saving artefacts in: ./runs/240812-165001/artefacts.png
==  Begining in-domain dynamics visualisation ... ==
    Trajectory id: 0
    Visualized dimensions: (0, 1)
Testing finished. Figure saved in: ./runs/240812-165001/dynamics.png
    Creating a new model with taylor order 0 ...
Using any previrouly defined optimizer for adapation


=== Beginning adaptation ... ===
    Number of environment batches: 1
    Number of envs train steps per batch: 1
    Total number of training steps: 1
     ### (Re)Compiling function: adapt_step_cavia ...  
    Batch:   0     Loss: 0.05587694        OtherNorms: [0.05587694 0.         0.        ]
Total gradient descent adaptation time: 0 hours 0 mins 1 secs
==  Meta-evaluation ... ==
    Test loss value: 1.41e-03 ± 6.70e-04
    Train loss value for criterion 0: 5.59e-02
==  Begining artefacts visualisation ... ==
    Visualized context dimensions along x: [0 0 0]
    Visualized context dimensions along y: [1 1 1]
Saving artefacts in: ./runs/240812-165001/adapt/artefacts.png
