
############# Contextual Self-Modulation #############

Jax version: 0.4.28
Available devices: [cuda(id=0)]
New run folder created successfuly: ./CAVIA/240822-020354/
Completed copied scripts 
    Using all environments to estimate the global training loss function ...


Total number of parameters in the model: 7459
Total number of parameters in one context: 128


=== Beginning Meta-Training ... ===
    Number of examples in a batch: 6
    Total number of batches : 27129
    Numbers of inner steps : 5
    Training on 1 batches
    Validating on 1 batches
     ### (Re)Compiling function: outer_train_step ...  
     ### (Re)Compiling function: inner_train_step ...  
Epoch:   0      Batch:   0    Loss: 0.65649104     ContextsNorm: 0.00000000      WallTime(s):      2
     ### (Re)Compiling function: adapt_step_cavia ...  
        Validation Criterion: 0.58856654
        Saving best model so far ...
Epoch: 100      Batch:   0    Loss: 0.08081603     ContextsNorm: 0.00000000      WallTime(s):     47
     ### (Re)Compiling function: adapt_step_cavia ...  
        Validation Criterion: 0.08060654
        Saving best model so far ...
Epoch: 200      Batch:   0    Loss: 0.08068917     ContextsNorm: 0.00000000      WallTime(s):     91
     ### (Re)Compiling function: adapt_step_cavia ...  
        Validation Criterion: 0.08047002
        Saving best model so far ...
Epoch: 300      Batch:   0    Loss: 0.07836285     ContextsNorm: 0.00000000      WallTime(s):    137
     ### (Re)Compiling function: adapt_step_cavia ...  
        Validation Criterion: 0.07814360
        Saving best model so far ...
Epoch: 400      Batch:   0    Loss: 0.06527919     ContextsNorm: 0.00000000      WallTime(s):    182
     ### (Re)Compiling function: adapt_step_cavia ...  
        Validation Criterion: 0.06582510
        Saving best model so far ...
Epoch: 500      Batch:   0    Loss: 0.06433614     ContextsNorm: 0.00000000      WallTime(s):    228
     ### (Re)Compiling function: adapt_step_cavia ...  
        Validation Criterion: 0.06489147
        Saving best model so far ...
Epoch: 600      Batch:   0    Loss: 0.06381726     ContextsNorm: 0.00000000      WallTime(s):    274
     ### (Re)Compiling function: adapt_step_cavia ...  
        Validation Criterion: 0.06429224
        Saving best model so far ...
Epoch: 700      Batch:   0    Loss: 0.06316809     ContextsNorm: 0.00000000      WallTime(s):    320
     ### (Re)Compiling function: adapt_step_cavia ...  
        Validation Criterion: 0.06368965
        Saving best model so far ...
Epoch: 800      Batch:   0    Loss: 0.06285116     ContextsNorm: 0.00000000      WallTime(s):    366
     ### (Re)Compiling function: adapt_step_cavia ...  
        Validation Criterion: 0.06333096
        Saving best model so far ...
Epoch: 900      Batch:   0    Loss: 0.06252187     ContextsNorm: 0.00000000      WallTime(s):    413
     ### (Re)Compiling function: adapt_step_cavia ...  
        Validation Criterion: 0.06303804
        Saving best model so far ...
Epoch: 1000      Batch:   0    Loss: 0.06213600     ContextsNorm: 0.00000000      WallTime(s):    459
     ### (Re)Compiling function: adapt_step_cavia ...  
        Validation Criterion: 0.06262992
        Saving best model so far ...
Epoch: 1100      Batch:   0    Loss: 0.06149746     ContextsNorm: 0.00000000      WallTime(s):    506
     ### (Re)Compiling function: adapt_step_cavia ...  
        Validation Criterion: 0.06195258
        Saving best model so far ...
Epoch: 1200      Batch:   0    Loss: 0.06039914     ContextsNorm: 0.00000000      WallTime(s):    552
     ### (Re)Compiling function: adapt_step_cavia ...  
        Validation Criterion: 0.06078396
        Saving best model so far ...
Epoch: 1300      Batch:   0    Loss: 0.05857245     ContextsNorm: 0.00000000      WallTime(s):    599
     ### (Re)Compiling function: adapt_step_cavia ...  
        Validation Criterion: 0.05880060
        Saving best model so far ...
Epoch: 1400      Batch:   0    Loss: 0.05659512     ContextsNorm: 0.00000000      WallTime(s):    646
     ### (Re)Compiling function: adapt_step_cavia ...  
        Validation Criterion: 0.05658260
        Saving best model so far ...
Epoch: 1500      Batch:   0    Loss: 0.05631301     ContextsNorm: 0.00000000      WallTime(s):    693
     ### (Re)Compiling function: adapt_step_cavia ...  
        Validation Criterion: 0.05624133
        Saving best model so far ...
Epoch: 1600      Batch:   0    Loss: 0.05614005     ContextsNorm: 0.00000000      WallTime(s):    740
     ### (Re)Compiling function: adapt_step_cavia ...  
        Validation Criterion: 0.05601331
        Saving best model so far ...
Epoch: 1700      Batch:   0    Loss: 0.05598288     ContextsNorm: 0.00000000      WallTime(s):    787
     ### (Re)Compiling function: adapt_step_cavia ...  
        Validation Criterion: 0.05584485
        Saving best model so far ...
Epoch: 1800      Batch:   0    Loss: 0.05582199     ContextsNorm: 0.00000000      WallTime(s):    834
     ### (Re)Compiling function: adapt_step_cavia ...  
        Validation Criterion: 0.05564664
        Saving best model so far ...
Epoch: 1900      Batch:   0    Loss: 0.05563731     ContextsNorm: 0.00000000      WallTime(s):    881
     ### (Re)Compiling function: adapt_step_cavia ...  
        Validation Criterion: 0.05542390
        Saving best model so far ...
Epoch: 1999      Batch:   0    Loss: 0.05424396     ContextsNorm: 0.00000000      WallTime(s):    928
     ### (Re)Compiling function: adapt_step_cavia ...  
        Validation Criterion: 0.05518071
        Saving best model so far ...

Total gradient descent training time: 0 hours 15 mins 30 secs
Using any previrouly defined optimizer for adapation

=== Beginning Meta-Testing ... ===
    Number of environment batches: 27129
    Number of envs train steps per batch: 5
    Total number of training steps: 135645
    Adapting on 1 batches
     ### (Re)Compiling function: adapt_step_cavia ...  
    Batch:   0     Loss: 0.05445483        OtherNorms: [0.05445483 0.         0.        ]
Total gradient descent adaptation time: 0 hours 0 mins 1 secs

    Test loss value: 5.52e-02 ± 1.91e-02
    Train loss value for criterion 0: 5.45e-02

==  Begining artefacts visualisation ... ==
    Visualized context dimensions along x: [64 80 24]
    Visualized context dimensions along y: [ 38 100  62]
Saving artefacts in: ./CAVIA/240822-020354/artefacts.png

==  Begining in-domain CelebA visualisation ... ==
    Environment ids: range(0, 6)
     ### (Re)Compiling function: adapt_step_cavia ...  
Saving visualization in: ./CAVIA/240822-020354/few_shots_ind.png
Using any previrouly defined optimizer for adapation

=== Beginning Meta-Testing ... ===
    Number of environment batches: 3312
    Number of envs train steps per batch: 5
    Total number of training steps: 16560
    Adapting on 1 batches
     ### (Re)Compiling function: adapt_step_cavia ...  
    Batch:   0     Loss: 0.06774242        OtherNorms: [0.06774242 0.         0.        ]
Total gradient descent adaptation time: 0 hours 0 mins 1 secs

    Test loss value: 6.57e-02 ± 2.55e-02
    Train loss value for criterion 0: 6.77e-02
Using any previrouly defined optimizer for adapation

=== Beginning Meta-Testing ... ===
    Number of environment batches: 3327
    Number of envs train steps per batch: 5
    Total number of training steps: 16635
    Adapting on 1 batches
     ### (Re)Compiling function: adapt_step_cavia ...  
    Batch:   0     Loss: 0.06256698        OtherNorms: [0.06256698 0.         0.        ]
Total gradient descent adaptation time: 0 hours 0 mins 1 secs

    Test loss value: 6.14e-02 ± 2.68e-02
    Train loss value for criterion 0: 6.26e-02

==  Begining artefacts visualisation ... ==
    Visualized context dimensions along x: [64 80 24]
    Visualized context dimensions along y: [ 38 100  62]
No contexts found. Using zeros.
Saving artefacts in: ./CAVIA/240822-020354/adapt/artefacts.png

==  Begining in-domain CelebA visualisation ... ==
    Environment ids: range(0, 6)
     ### (Re)Compiling function: adapt_step_cavia ...  
Saving visualization in: ./CAVIA/240822-020354/adapt/few_shots_ood.png
