
############# Contextual Self-Modulation #############

Jax version: 0.4.28
Available devices: [cuda(id=0)]
Created a new run folder at: ./240724-043603/
Completed copied scripts 


Total number of parameters in the model: 5998
Total number of parameters in the contexts: 3492


=== Beginning meta training ... ===
    Number of examples in a batch: 9
    Total number of batches : 1
    Numbers of inner steps : 5
    Training on 1 batches
    Validating on 1 batches
     ### (Re)Compiling function: outer_train_step ...  
     ### (Re)Compiling function: inner_train_step ...  
Epoch:   0      Batch:   0    Loss: 1.61221838     ContextsNorm: 0.00115961
     ### (Re)Compiling function: adapt_step_cavia ...  
     Validation Criterion: 1.15608454
     Saving best model so far ...
Epoch: 100      Batch:   0    Loss: 0.00986766     ContextsNorm: 0.00449934
     ### (Re)Compiling function: adapt_step_cavia ...  
     Validation Criterion: 0.05804509
     Saving best model so far ...
Epoch: 200      Batch:   0    Loss: 0.00583368     ContextsNorm: 0.00537385
     ### (Re)Compiling function: adapt_step_cavia ...  
     Validation Criterion: 0.06770601
Epoch: 300      Batch:   0    Loss: 0.00343729     ContextsNorm: 0.00787824
     ### (Re)Compiling function: adapt_step_cavia ...  
     Validation Criterion: 0.13216101
Epoch: 400      Batch:   0    Loss: 0.00216855     ContextsNorm: 0.00620145
     ### (Re)Compiling function: adapt_step_cavia ...  
     Validation Criterion: 0.08470612
Epoch: 500      Batch:   0    Loss: 0.00124636     ContextsNorm: 0.00403642
     ### (Re)Compiling function: adapt_step_cavia ...  
     Validation Criterion: 0.04146168
     Saving best model so far ...
Epoch: 600      Batch:   0    Loss: 0.00081826     ContextsNorm: 0.00320741
     ### (Re)Compiling function: adapt_step_cavia ...  
     Validation Criterion: 0.02852705
     Saving best model so far ...
Epoch: 700      Batch:   0    Loss: 0.00063786     ContextsNorm: 0.00334758
     ### (Re)Compiling function: adapt_step_cavia ...  
     Validation Criterion: 0.03121579
Epoch: 800      Batch:   0    Loss: 0.00041643     ContextsNorm: 0.00338404
     ### (Re)Compiling function: adapt_step_cavia ...  
     Validation Criterion: 0.03150523
Epoch: 900      Batch:   0    Loss: 0.00035122     ContextsNorm: 0.00336401
     ### (Re)Compiling function: adapt_step_cavia ...  
     Validation Criterion: 0.03019361
Epoch: 1000      Batch:   0    Loss: 0.00042382     ContextsNorm: 0.00337393
     ### (Re)Compiling function: adapt_step_cavia ...  
     Validation Criterion: 0.03064635
Epoch: 1100      Batch:   0    Loss: 0.00027538     ContextsNorm: 0.00350930
     ### (Re)Compiling function: adapt_step_cavia ...  
     Validation Criterion: 0.02992033
Epoch: 1200      Batch:   0    Loss: 0.00028872     ContextsNorm: 0.00367041
     ### (Re)Compiling function: adapt_step_cavia ...  
     Validation Criterion: 0.03034492
Epoch: 1300      Batch:   0    Loss: 0.00019707     ContextsNorm: 0.00382731
     ### (Re)Compiling function: adapt_step_cavia ...  
     Validation Criterion: 0.03212466
Epoch: 1400      Batch:   0    Loss: 0.00017762     ContextsNorm: 0.00384044
     ### (Re)Compiling function: adapt_step_cavia ...  
     Validation Criterion: 0.03477850
Epoch: 1500      Batch:   0    Loss: 0.00015855     ContextsNorm: 0.00376427
     ### (Re)Compiling function: adapt_step_cavia ...  
     Validation Criterion: 0.03261068
Epoch: 1600      Batch:   0    Loss: 0.00018599     ContextsNorm: 0.00376815
     ### (Re)Compiling function: adapt_step_cavia ...  
     Validation Criterion: 0.03323831
Epoch: 1700      Batch:   0    Loss: 0.00016298     ContextsNorm: 0.00380309
     ### (Re)Compiling function: adapt_step_cavia ...  
     Validation Criterion: 0.03420967
Epoch: 1800      Batch:   0    Loss: 0.00014594     ContextsNorm: 0.00369951
     ### (Re)Compiling function: adapt_step_cavia ...  
     Validation Criterion: 0.03304873
Epoch: 1900      Batch:   0    Loss: 0.00013589     ContextsNorm: 0.00373253
     ### (Re)Compiling function: adapt_step_cavia ...  
     Validation Criterion: 0.03337917
Epoch: 2000      Batch:   0    Loss: 0.00028093     ContextsNorm: 0.00394487
     ### (Re)Compiling function: adapt_step_cavia ...  
     Validation Criterion: 0.03512359
Epoch: 2100      Batch:   0    Loss: 0.00012612     ContextsNorm: 0.00369466
     ### (Re)Compiling function: adapt_step_cavia ...  
     Validation Criterion: 0.03196922
Epoch: 2200      Batch:   0    Loss: 0.00016941     ContextsNorm: 0.00373307
     ### (Re)Compiling function: adapt_step_cavia ...  
     Validation Criterion: 0.03449743
Epoch: 2300      Batch:   0    Loss: 0.00011562     ContextsNorm: 0.00376040
     ### (Re)Compiling function: adapt_step_cavia ...  
     Validation Criterion: 0.03320139
Epoch: 2400      Batch:   0    Loss: 0.00012545     ContextsNorm: 0.00366879
     ### (Re)Compiling function: adapt_step_cavia ...  
     Validation Criterion: 0.03390956
Epoch: 2500      Batch:   0    Loss: 0.00011238     ContextsNorm: 0.00380024
     ### (Re)Compiling function: adapt_step_cavia ...  
     Validation Criterion: 0.03509669
Epoch: 2600      Batch:   0    Loss: 0.00024415     ContextsNorm: 0.00386641
     ### (Re)Compiling function: adapt_step_cavia ...  
     Validation Criterion: 0.03618376
Epoch: 2700      Batch:   0    Loss: 0.00020411     ContextsNorm: 0.00373354
     ### (Re)Compiling function: adapt_step_cavia ...  
     Validation Criterion: 0.03281903
Epoch: 2800      Batch:   0    Loss: 0.00020410     ContextsNorm: 0.00388269
     ### (Re)Compiling function: adapt_step_cavia ...  
     Validation Criterion: 0.03521794
Epoch: 2900      Batch:   0    Loss: 0.00009251     ContextsNorm: 0.00373426
     ### (Re)Compiling function: adapt_step_cavia ...  
     Validation Criterion: 0.03456251
Epoch: 3000      Batch:   0    Loss: 0.00008379     ContextsNorm: 0.00381755
     ### (Re)Compiling function: adapt_step_cavia ...  
     Validation Criterion: 0.03475184
Epoch: 3100      Batch:   0    Loss: 0.00016666     ContextsNorm: 0.00386348
     ### (Re)Compiling function: adapt_step_cavia ...  
     Validation Criterion: 0.03552704
Epoch: 3200      Batch:   0    Loss: 0.00012793     ContextsNorm: 0.00381068
     ### (Re)Compiling function: adapt_step_cavia ...  
     Validation Criterion: 0.03736132
Epoch: 3300      Batch:   0    Loss: 0.00008625     ContextsNorm: 0.00393236
     ### (Re)Compiling function: adapt_step_cavia ...  
     Validation Criterion: 0.03673038
Epoch: 3400      Batch:   0    Loss: 0.00009327     ContextsNorm: 0.00384147
     ### (Re)Compiling function: adapt_step_cavia ...  
     Validation Criterion: 0.03712973
Epoch: 3500      Batch:   0    Loss: 0.00012658     ContextsNorm: 0.00391915
     ### (Re)Compiling function: adapt_step_cavia ...  
     Validation Criterion: 0.03803859
Epoch: 3600      Batch:   0    Loss: 0.00013284     ContextsNorm: 0.00369931
     ### (Re)Compiling function: adapt_step_cavia ...  
     Validation Criterion: 0.03742089
Epoch: 3700      Batch:   0    Loss: 0.00009097     ContextsNorm: 0.00406521
     ### (Re)Compiling function: adapt_step_cavia ...  
     Validation Criterion: 0.03992435
Epoch: 3800      Batch:   0    Loss: 0.00008790     ContextsNorm: 0.00392337
     ### (Re)Compiling function: adapt_step_cavia ...  
     Validation Criterion: 0.04000769
Epoch: 3900      Batch:   0    Loss: 0.00012471     ContextsNorm: 0.00396377
     ### (Re)Compiling function: adapt_step_cavia ...  
     Validation Criterion: 0.03926216
Epoch: 4000      Batch:   0    Loss: 0.00007552     ContextsNorm: 0.00413585
     ### (Re)Compiling function: adapt_step_cavia ...  
     Validation Criterion: 0.03982302
Epoch: 4100      Batch:   0    Loss: 0.00008443     ContextsNorm: 0.00409227
     ### (Re)Compiling function: adapt_step_cavia ...  
     Validation Criterion: 0.03961250
Epoch: 4200      Batch:   0    Loss: 0.00010028     ContextsNorm: 0.00382984
     ### (Re)Compiling function: adapt_step_cavia ...  
     Validation Criterion: 0.04037925
Epoch: 4300      Batch:   0    Loss: 0.00010823     ContextsNorm: 0.00406960
     ### (Re)Compiling function: adapt_step_cavia ...  
     Validation Criterion: 0.03932572
Epoch: 4400      Batch:   0    Loss: 0.00010652     ContextsNorm: 0.00421166
     ### (Re)Compiling function: adapt_step_cavia ...  
     Validation Criterion: 0.04254866
Epoch: 4500      Batch:   0    Loss: 0.00007012     ContextsNorm: 0.00414963
     ### (Re)Compiling function: adapt_step_cavia ...  
     Validation Criterion: 0.03786997
Epoch: 4600      Batch:   0    Loss: 0.00007266     ContextsNorm: 0.00425409
     ### (Re)Compiling function: adapt_step_cavia ...  
     Validation Criterion: 0.04039559
Epoch: 4700      Batch:   0    Loss: 0.00010182     ContextsNorm: 0.00431690
     ### (Re)Compiling function: adapt_step_cavia ...  
     Validation Criterion: 0.04005981
Epoch: 4800      Batch:   0    Loss: 0.00007098     ContextsNorm: 0.00413373
     ### (Re)Compiling function: adapt_step_cavia ...  
     Validation Criterion: 0.03801460
Epoch: 4900      Batch:   0    Loss: 0.00011912     ContextsNorm: 0.00420611
     ### (Re)Compiling function: adapt_step_cavia ...  
     Validation Criterion: 0.03794130
Epoch: 4999      Batch:   0    Loss: 0.00007577     ContextsNorm: 0.00405735

Total gradient descent training time: 0 hours 45 mins 13 secs
    Creating a new model with taylor order 0 ...
Using any previrouly defined optimizer for adapation


=== Beginning adaptation ... ===
    Number of environment batches: 1
    Number of envs train steps per batch: 5
    Total number of training steps: 5
     ### (Re)Compiling function: adapt_step_cavia ...  
    Batch:   0     Loss: 0.00152547        OtherNorms: [0.00152547 0.00544457 0.        ]
Total gradient descent adaptation time: 0 hours 0 mins 1 secs
==  Testing finished ... ==
    Criterion loss value: 0.037941296
==  Begining artefacts visualisation ... ==
    Visualized context dimensions along x: [8 3 2]
    Visualized context dimensions along y: [2 4 8]
Saving artefacts in: ./240724-043603/artefacts.png
==  Begining in-domain dynamics visualisation ... ==
    Trajectory id: 0
    Visualized dimensions: (0, 1)
Testing finished. Figure saved in: ./240724-043603/dynamics.png
    Creating a new model with taylor order 0 ...
Using any previrouly defined optimizer for adapation


=== Beginning adaptation ... ===
    Number of environment batches: 1
    Number of envs train steps per batch: 5
    Total number of training steps: 5
     ### (Re)Compiling function: adapt_step_cavia ...  
    Batch:   0     Loss: 0.00053336        OtherNorms: [0.00053336 0.00586893 0.        ]
Total gradient descent adaptation time: 0 hours 0 mins 1 secs
==  Testing finished ... ==
    Criterion loss value: 0.037040416
==  Begining artefacts visualisation ... ==
    Visualized context dimensions along x: [8 3 2]
    Visualized context dimensions along y: [2 4 8]
Saving artefacts in: ./240724-043603/adapt/artefacts.png
