
############# Contextual Self-Modulation #############

Jax version: 0.4.28
Available devices: [cuda(id=0)]
Created a new run folder at: ./240724-075634/
Completed copied scripts 


Total number of parameters in the model: 5998
Total number of parameters in the contexts: 3492


=== Beginning meta training ... ===
    Number of examples in a batch: 9
    Total number of batches : 1
    Numbers of inner steps : 5
    Training on 1 batches
    Validating on 1 batches
     ### (Re)Compiling function: outer_train_step ...  
     ### (Re)Compiling function: inner_train_step ...  
Epoch:   0      Batch:   0    Loss: 1.61222064     ContextsNorm: 0.00116020
     ### (Re)Compiling function: adapt_step_cavia ...  
     Validation Criterion: 1.15608466
     Saving best model so far ...
Epoch: 100      Batch:   0    Loss: 0.00969160     ContextsNorm: 0.00461655
     ### (Re)Compiling function: adapt_step_cavia ...  
     Validation Criterion: 0.06107885
     Saving best model so far ...
Epoch: 200      Batch:   0    Loss: 0.00556896     ContextsNorm: 0.00592631
     ### (Re)Compiling function: adapt_step_cavia ...  
     Validation Criterion: 0.07692105
Epoch: 300      Batch:   0    Loss: 0.00310692     ContextsNorm: 0.00885290
     ### (Re)Compiling function: adapt_step_cavia ...  
     Validation Criterion: 0.15214725
Epoch: 400      Batch:   0    Loss: 0.00160996     ContextsNorm: 0.00702130
     ### (Re)Compiling function: adapt_step_cavia ...  
     Validation Criterion: 0.09241264
Epoch: 500      Batch:   0    Loss: 0.00097213     ContextsNorm: 0.00499634
     ### (Re)Compiling function: adapt_step_cavia ...  
     Validation Criterion: 0.05770023
     Saving best model so far ...
Epoch: 600      Batch:   0    Loss: 0.00066304     ContextsNorm: 0.00355189
     ### (Re)Compiling function: adapt_step_cavia ...  
     Validation Criterion: 0.03535349
     Saving best model so far ...
Epoch: 700      Batch:   0    Loss: 0.00047901     ContextsNorm: 0.00332021
     ### (Re)Compiling function: adapt_step_cavia ...  
     Validation Criterion: 0.03119420
     Saving best model so far ...
Epoch: 800      Batch:   0    Loss: 0.00038732     ContextsNorm: 0.00328397
     ### (Re)Compiling function: adapt_step_cavia ...  
     Validation Criterion: 0.02745084
     Saving best model so far ...
Epoch: 900      Batch:   0    Loss: 0.00030053     ContextsNorm: 0.00337115
     ### (Re)Compiling function: adapt_step_cavia ...  
     Validation Criterion: 0.03003006
Epoch: 1000      Batch:   0    Loss: 0.00022505     ContextsNorm: 0.00338919
     ### (Re)Compiling function: adapt_step_cavia ...  
     Validation Criterion: 0.03005428
Epoch: 1100      Batch:   0    Loss: 0.00020850     ContextsNorm: 0.00346647
     ### (Re)Compiling function: adapt_step_cavia ...  
     Validation Criterion: 0.03128437
Epoch: 1200      Batch:   0    Loss: 0.00018139     ContextsNorm: 0.00397083
     ### (Re)Compiling function: adapt_step_cavia ...  
     Validation Criterion: 0.03723766
Epoch: 1300      Batch:   0    Loss: 0.00016489     ContextsNorm: 0.00418700
     ### (Re)Compiling function: adapt_step_cavia ...  
     Validation Criterion: 0.04018627
Epoch: 1400      Batch:   0    Loss: 0.00016044     ContextsNorm: 0.00408878
     ### (Re)Compiling function: adapt_step_cavia ...  
     Validation Criterion: 0.04033320
Epoch: 1500      Batch:   0    Loss: 0.00017389     ContextsNorm: 0.00410986
     ### (Re)Compiling function: adapt_step_cavia ...  
     Validation Criterion: 0.03890477
Epoch: 1600      Batch:   0    Loss: 0.00012577     ContextsNorm: 0.00410094
     ### (Re)Compiling function: adapt_step_cavia ...  
     Validation Criterion: 0.03932482
Epoch: 1700      Batch:   0    Loss: 0.00018498     ContextsNorm: 0.00416730
     ### (Re)Compiling function: adapt_step_cavia ...  
     Validation Criterion: 0.03871729
Epoch: 1800      Batch:   0    Loss: 0.00015260     ContextsNorm: 0.00403901
     ### (Re)Compiling function: adapt_step_cavia ...  
     Validation Criterion: 0.03888408
Epoch: 1900      Batch:   0    Loss: 0.00013761     ContextsNorm: 0.00411360
     ### (Re)Compiling function: adapt_step_cavia ...  
     Validation Criterion: 0.04027462
Epoch: 2000      Batch:   0    Loss: 0.00012963     ContextsNorm: 0.00405562
     ### (Re)Compiling function: adapt_step_cavia ...  
     Validation Criterion: 0.03894822
Epoch: 2100      Batch:   0    Loss: 0.00010267     ContextsNorm: 0.00409761
     ### (Re)Compiling function: adapt_step_cavia ...  
     Validation Criterion: 0.03956657
Epoch: 2200      Batch:   0    Loss: 0.00013212     ContextsNorm: 0.00400886
     ### (Re)Compiling function: adapt_step_cavia ...  
     Validation Criterion: 0.03808876
Epoch: 2300      Batch:   0    Loss: 0.00010648     ContextsNorm: 0.00384644
     ### (Re)Compiling function: adapt_step_cavia ...  
     Validation Criterion: 0.03538570
Epoch: 2400      Batch:   0    Loss: 0.00009516     ContextsNorm: 0.00418817
     ### (Re)Compiling function: adapt_step_cavia ...  
     Validation Criterion: 0.04046011
Epoch: 2500      Batch:   0    Loss: 0.00010693     ContextsNorm: 0.00407313
     ### (Re)Compiling function: adapt_step_cavia ...  
     Validation Criterion: 0.03977667
Epoch: 2600      Batch:   0    Loss: 0.00020462     ContextsNorm: 0.00415922
     ### (Re)Compiling function: adapt_step_cavia ...  
     Validation Criterion: 0.03923080
Epoch: 2700      Batch:   0    Loss: 0.00009542     ContextsNorm: 0.00406663
     ### (Re)Compiling function: adapt_step_cavia ...  
     Validation Criterion: 0.03799695
Epoch: 2800      Batch:   0    Loss: 0.00009130     ContextsNorm: 0.00414706
     ### (Re)Compiling function: adapt_step_cavia ...  
     Validation Criterion: 0.03920297
Epoch: 2900      Batch:   0    Loss: 0.00008419     ContextsNorm: 0.00407033
     ### (Re)Compiling function: adapt_step_cavia ...  
     Validation Criterion: 0.03925066
Epoch: 3000      Batch:   0    Loss: 0.00013091     ContextsNorm: 0.00412786
     ### (Re)Compiling function: adapt_step_cavia ...  
     Validation Criterion: 0.04029680
Epoch: 3100      Batch:   0    Loss: 0.00013859     ContextsNorm: 0.00399152
     ### (Re)Compiling function: adapt_step_cavia ...  
     Validation Criterion: 0.03603767
Epoch: 3200      Batch:   0    Loss: 0.00011329     ContextsNorm: 0.00411756
     ### (Re)Compiling function: adapt_step_cavia ...  
     Validation Criterion: 0.04017903
Epoch: 3300      Batch:   0    Loss: 0.00008004     ContextsNorm: 0.00406071
     ### (Re)Compiling function: adapt_step_cavia ...  
     Validation Criterion: 0.03847312
Epoch: 3400      Batch:   0    Loss: 0.00018685     ContextsNorm: 0.00414613
     ### (Re)Compiling function: adapt_step_cavia ...  
     Validation Criterion: 0.03837506
Epoch: 3500      Batch:   0    Loss: 0.00007117     ContextsNorm: 0.00416247
     ### (Re)Compiling function: adapt_step_cavia ...  
     Validation Criterion: 0.04023370
Epoch: 3600      Batch:   0    Loss: 0.00045592     ContextsNorm: 0.00426019
     ### (Re)Compiling function: adapt_step_cavia ...  
     Validation Criterion: 0.03947751
Epoch: 3700      Batch:   0    Loss: 0.00006463     ContextsNorm: 0.00403671
     ### (Re)Compiling function: adapt_step_cavia ...  
     Validation Criterion: 0.03884146
Epoch: 3800      Batch:   0    Loss: 0.00009567     ContextsNorm: 0.00398710
     ### (Re)Compiling function: adapt_step_cavia ...  
     Validation Criterion: 0.03833428
Epoch: 3900      Batch:   0    Loss: 0.00006661     ContextsNorm: 0.00412060
     ### (Re)Compiling function: adapt_step_cavia ...  
     Validation Criterion: 0.03924626
Epoch: 4000      Batch:   0    Loss: 0.00007497     ContextsNorm: 0.00424783
     ### (Re)Compiling function: adapt_step_cavia ...  
     Validation Criterion: 0.04162848
Epoch: 4100      Batch:   0    Loss: 0.00006111     ContextsNorm: 0.00426120
     ### (Re)Compiling function: adapt_step_cavia ...  
     Validation Criterion: 0.04206380
Epoch: 4200      Batch:   0    Loss: 0.00010742     ContextsNorm: 0.00399830
     ### (Re)Compiling function: adapt_step_cavia ...  
     Validation Criterion: 0.03999779
Epoch: 4300      Batch:   0    Loss: 0.00012040     ContextsNorm: 0.00419837
     ### (Re)Compiling function: adapt_step_cavia ...  
     Validation Criterion: 0.03917166
Epoch: 4400      Batch:   0    Loss: 0.00006824     ContextsNorm: 0.00424521
     ### (Re)Compiling function: adapt_step_cavia ...  
     Validation Criterion: 0.04198288
Epoch: 4500      Batch:   0    Loss: 0.00006556     ContextsNorm: 0.00428661
     ### (Re)Compiling function: adapt_step_cavia ...  
     Validation Criterion: 0.04385417
Epoch: 4600      Batch:   0    Loss: 0.00006310     ContextsNorm: 0.00443529
     ### (Re)Compiling function: adapt_step_cavia ...  
     Validation Criterion: 0.04291068
Epoch: 4700      Batch:   0    Loss: 0.00009819     ContextsNorm: 0.00451923
     ### (Re)Compiling function: adapt_step_cavia ...  
     Validation Criterion: 0.04524730
Epoch: 4800      Batch:   0    Loss: 0.00012419     ContextsNorm: 0.00434346
     ### (Re)Compiling function: adapt_step_cavia ...  
     Validation Criterion: 0.04556628
Epoch: 4900      Batch:   0    Loss: 0.00005217     ContextsNorm: 0.00437230
     ### (Re)Compiling function: adapt_step_cavia ...  
     Validation Criterion: 0.04342284
Epoch: 4999      Batch:   0    Loss: 0.00004893     ContextsNorm: 0.00453843

Total gradient descent training time: 0 hours 58 mins 5 secs
    Creating a new model with taylor order 0 ...
Using any previrouly defined optimizer for adapation


=== Beginning adaptation ... ===
    Number of environment batches: 1
    Number of envs train steps per batch: 5
    Total number of training steps: 5
     ### (Re)Compiling function: adapt_step_cavia ...  
    Batch:   0     Loss: 0.00150026        OtherNorms: [0.00150026 0.00586543 0.        ]
Total gradient descent adaptation time: 0 hours 0 mins 1 secs
==  Testing finished ... ==
    Criterion loss value: 0.04342283
==  Begining artefacts visualisation ... ==
    Visualized context dimensions along x: [8 3 2]
    Visualized context dimensions along y: [2 4 8]
Saving artefacts in: ./240724-075634/artefacts.png
==  Begining in-domain dynamics visualisation ... ==
    Trajectory id: 0
    Visualized dimensions: (0, 1)
Testing finished. Figure saved in: ./240724-075634/dynamics.png
    Creating a new model with taylor order 0 ...
Using any previrouly defined optimizer for adapation


=== Beginning adaptation ... ===
    Number of environment batches: 1
    Number of envs train steps per batch: 5
    Total number of training steps: 5
     ### (Re)Compiling function: adapt_step_cavia ...  
    Batch:   0     Loss: 0.00035375        OtherNorms: [0.00035375 0.00600924 0.        ]
Total gradient descent adaptation time: 0 hours 0 mins 1 secs
==  Testing finished ... ==
    Criterion loss value: 0.041729372
==  Begining artefacts visualisation ... ==
    Visualized context dimensions along x: [8 3 2]
    Visualized context dimensions along y: [2 4 8]
Saving artefacts in: ./240724-075634/adapt/artefacts.png
==  Begining out-of-distribution dynamics visualisation ... ==
    Trajectory id: 0
    Visualized dimensions: (0, 1)
Testing finished. Figure saved in: ./240724-075634/adapt/dynamics.png
