
############# Contextual Self-Modulation #############

Jax version: 0.4.28
Available devices: [cuda(id=0)]
Created a new run folder at: ./240724-105339/
Completed copied scripts 


Total number of parameters in the model: 5998
Total number of parameters in the contexts: 3492


=== Beginning meta training ... ===
    Number of examples in a batch: 9
    Total number of batches : 1
    Numbers of inner steps : 5
    Training on 1 batches
    Validating on 1 batches
     ### (Re)Compiling function: outer_train_step ...  
     ### (Re)Compiling function: inner_train_step ...  
Epoch:   0      Batch:   0    Loss: 3.16918397     ContextsNorm: 0.00194290
     ### (Re)Compiling function: adapt_step_cavia ...  
     Validation Criterion: 2.46726012
     Saving best model so far ...
Epoch: 100      Batch:   0    Loss: 0.02985626     ContextsNorm: 0.03206673
     ### (Re)Compiling function: adapt_step_cavia ...  
     Validation Criterion: 1.03550017
     Saving best model so far ...
Epoch: 200      Batch:   0    Loss: 0.00827721     ContextsNorm: 0.01783121
     ### (Re)Compiling function: adapt_step_cavia ...  
     Validation Criterion: 0.43737069
     Saving best model so far ...
Epoch: 300      Batch:   0    Loss: 0.00513331     ContextsNorm: 0.01345460
     ### (Re)Compiling function: adapt_step_cavia ...  
     Validation Criterion: 0.28616115
     Saving best model so far ...
Epoch: 400      Batch:   0    Loss: 0.00375827     ContextsNorm: 0.01404128
     ### (Re)Compiling function: adapt_step_cavia ...  
     Validation Criterion: 0.27702835
     Saving best model so far ...
Epoch: 500      Batch:   0    Loss: 0.00328952     ContextsNorm: 0.01960061
     ### (Re)Compiling function: adapt_step_cavia ...  
     Validation Criterion: 0.41518125
Epoch: 600      Batch:   0    Loss: 0.00287419     ContextsNorm: 0.02155679
     ### (Re)Compiling function: adapt_step_cavia ...  
     Validation Criterion: 0.51186275
Epoch: 700      Batch:   0    Loss: 0.00233108     ContextsNorm: 0.02241049
     ### (Re)Compiling function: adapt_step_cavia ...  
     Validation Criterion: 0.58707827
Epoch: 800      Batch:   0    Loss: 0.00393334     ContextsNorm: 0.02363453
     ### (Re)Compiling function: adapt_step_cavia ...  
     Validation Criterion: 0.66798890
Epoch: 900      Batch:   0    Loss: 0.00181746     ContextsNorm: 0.02183355
     ### (Re)Compiling function: adapt_step_cavia ...  
     Validation Criterion: 0.63419455
Epoch: 1000      Batch:   0    Loss: 0.00739005     ContextsNorm: 0.00519387
     ### (Re)Compiling function: adapt_step_cavia ...  
     Validation Criterion: 0.06985305
     Saving best model so far ...
Epoch: 1100      Batch:   0    Loss: 0.00405653     ContextsNorm: 0.00506062
     ### (Re)Compiling function: adapt_step_cavia ...  
     Validation Criterion: 0.06811945
     Saving best model so far ...
Epoch: 1200      Batch:   0    Loss: 0.00348229     ContextsNorm: 0.00422446
     ### (Re)Compiling function: adapt_step_cavia ...  
     Validation Criterion: 0.05292631
     Saving best model so far ...
Epoch: 1300      Batch:   0    Loss: 0.00233909     ContextsNorm: 0.00495655
     ### (Re)Compiling function: adapt_step_cavia ...  
     Validation Criterion: 0.05120575
     Saving best model so far ...
Epoch: 1400      Batch:   0    Loss: 0.00172473     ContextsNorm: 0.00469215
     ### (Re)Compiling function: adapt_step_cavia ...  
     Validation Criterion: 0.04334247
     Saving best model so far ...
Epoch: 1500      Batch:   0    Loss: 0.00122326     ContextsNorm: 0.00423731
     ### (Re)Compiling function: adapt_step_cavia ...  
     Validation Criterion: 0.03644063
     Saving best model so far ...
Epoch: 1600      Batch:   0    Loss: 0.00112857     ContextsNorm: 0.00404105
     ### (Re)Compiling function: adapt_step_cavia ...  
     Validation Criterion: 0.03196805
     Saving best model so far ...
Epoch: 1700      Batch:   0    Loss: 0.00087673     ContextsNorm: 0.00393358
     ### (Re)Compiling function: adapt_step_cavia ...  
     Validation Criterion: 0.03133577
     Saving best model so far ...
Epoch: 1800      Batch:   0    Loss: 0.00078189     ContextsNorm: 0.00351331
     ### (Re)Compiling function: adapt_step_cavia ...  
     Validation Criterion: 0.02798705
     Saving best model so far ...
Epoch: 1900      Batch:   0    Loss: 0.00053948     ContextsNorm: 0.00310729
     ### (Re)Compiling function: adapt_step_cavia ...  
     Validation Criterion: 0.02683486
     Saving best model so far ...
Epoch: 2000      Batch:   0    Loss: 0.00053033     ContextsNorm: 0.00308310
     ### (Re)Compiling function: adapt_step_cavia ...  
     Validation Criterion: 0.02699780
Epoch: 2100      Batch:   0    Loss: 0.00050153     ContextsNorm: 0.00310836
     ### (Re)Compiling function: adapt_step_cavia ...  
     Validation Criterion: 0.02714854
Epoch: 2200      Batch:   0    Loss: 0.00034587     ContextsNorm: 0.00315611
     ### (Re)Compiling function: adapt_step_cavia ...  
     Validation Criterion: 0.02631121
     Saving best model so far ...
Epoch: 2300      Batch:   0    Loss: 0.00031508     ContextsNorm: 0.00314820
     ### (Re)Compiling function: adapt_step_cavia ...  
     Validation Criterion: 0.02752471
Epoch: 2400      Batch:   0    Loss: 0.00039581     ContextsNorm: 0.00308920
     ### (Re)Compiling function: adapt_step_cavia ...  
     Validation Criterion: 0.02635882
Epoch: 2500      Batch:   0    Loss: 0.00032290     ContextsNorm: 0.00315723
     ### (Re)Compiling function: adapt_step_cavia ...  
     Validation Criterion: 0.02798218
Epoch: 2600      Batch:   0    Loss: 0.00053919     ContextsNorm: 0.00311786
     ### (Re)Compiling function: adapt_step_cavia ...  
     Validation Criterion: 0.02997909
Epoch: 2700      Batch:   0    Loss: 0.00031604     ContextsNorm: 0.00321813
     ### (Re)Compiling function: adapt_step_cavia ...  
     Validation Criterion: 0.02909595
Epoch: 2800      Batch:   0    Loss: 0.00026549     ContextsNorm: 0.00320900
     ### (Re)Compiling function: adapt_step_cavia ...  
     Validation Criterion: 0.02825987
Epoch: 2900      Batch:   0    Loss: 0.00060727     ContextsNorm: 0.00320276
     ### (Re)Compiling function: adapt_step_cavia ...  
     Validation Criterion: 0.02849748
Epoch: 3000      Batch:   0    Loss: 0.00026709     ContextsNorm: 0.00327837
     ### (Re)Compiling function: adapt_step_cavia ...  
     Validation Criterion: 0.02815421
Epoch: 3100      Batch:   0    Loss: 0.00040959     ContextsNorm: 0.00334896
     ### (Re)Compiling function: adapt_step_cavia ...  
     Validation Criterion: 0.02823280
Epoch: 3200      Batch:   0    Loss: 0.00026358     ContextsNorm: 0.00320171
     ### (Re)Compiling function: adapt_step_cavia ...  
     Validation Criterion: 0.02814038
Epoch: 3300      Batch:   0    Loss: 0.00022148     ContextsNorm: 0.00321049
     ### (Re)Compiling function: adapt_step_cavia ...  
     Validation Criterion: 0.02804169
Epoch: 3400      Batch:   0    Loss: 0.00024723     ContextsNorm: 0.00321534
     ### (Re)Compiling function: adapt_step_cavia ...  
     Validation Criterion: 0.02838336
Epoch: 3500      Batch:   0    Loss: 0.00018585     ContextsNorm: 0.00314926
     ### (Re)Compiling function: adapt_step_cavia ...  
     Validation Criterion: 0.02837114
Epoch: 3600      Batch:   0    Loss: 0.00019774     ContextsNorm: 0.00312359
     ### (Re)Compiling function: adapt_step_cavia ...  
     Validation Criterion: 0.02779850
Epoch: 3700      Batch:   0    Loss: 0.00019419     ContextsNorm: 0.00321878
     ### (Re)Compiling function: adapt_step_cavia ...  
     Validation Criterion: 0.02825655
Epoch: 3800      Batch:   0    Loss: 0.00032099     ContextsNorm: 0.00309493
     ### (Re)Compiling function: adapt_step_cavia ...  
     Validation Criterion: 0.02738521
Epoch: 3900      Batch:   0    Loss: 0.00018698     ContextsNorm: 0.00322648
     ### (Re)Compiling function: adapt_step_cavia ...  
     Validation Criterion: 0.02918662
Epoch: 4000      Batch:   0    Loss: 0.00040166     ContextsNorm: 0.00305716
     ### (Re)Compiling function: adapt_step_cavia ...  
     Validation Criterion: 0.02782467
Epoch: 4100      Batch:   0    Loss: 0.00020506     ContextsNorm: 0.00315681
     ### (Re)Compiling function: adapt_step_cavia ...  
     Validation Criterion: 0.02793226
Epoch: 4200      Batch:   0    Loss: 0.00028965     ContextsNorm: 0.00316064
     ### (Re)Compiling function: adapt_step_cavia ...  
     Validation Criterion: 0.02572357
     Saving best model so far ...
Epoch: 4300      Batch:   0    Loss: 0.00025518     ContextsNorm: 0.00309519
     ### (Re)Compiling function: adapt_step_cavia ...  
     Validation Criterion: 0.02830748
Epoch: 4400      Batch:   0    Loss: 0.00018594     ContextsNorm: 0.00306452
     ### (Re)Compiling function: adapt_step_cavia ...  
     Validation Criterion: 0.02722161
Epoch: 4500      Batch:   0    Loss: 0.00032863     ContextsNorm: 0.00316947
     ### (Re)Compiling function: adapt_step_cavia ...  
     Validation Criterion: 0.02711963
Epoch: 4600      Batch:   0    Loss: 0.00016275     ContextsNorm: 0.00309699
     ### (Re)Compiling function: adapt_step_cavia ...  
     Validation Criterion: 0.02737830
Epoch: 4700      Batch:   0    Loss: 0.00018803     ContextsNorm: 0.00309478
     ### (Re)Compiling function: adapt_step_cavia ...  
     Validation Criterion: 0.02721897
Epoch: 4800      Batch:   0    Loss: 0.00023201     ContextsNorm: 0.00311770
     ### (Re)Compiling function: adapt_step_cavia ...  
     Validation Criterion: 0.02546359
     Saving best model so far ...
Epoch: 4900      Batch:   0    Loss: 0.00016475     ContextsNorm: 0.00307798
     ### (Re)Compiling function: adapt_step_cavia ...  
     Validation Criterion: 0.02591339
Epoch: 4999      Batch:   0    Loss: 0.00026831     ContextsNorm: 0.00310630

Total gradient descent training time: 0 hours 51 mins 31 secs
    Creating a new model with taylor order 0 ...
Using any previrouly defined optimizer for adapation


=== Beginning adaptation ... ===
    Number of environment batches: 1
    Number of envs train steps per batch: 5
    Total number of training steps: 5
     ### (Re)Compiling function: adapt_step_cavia ...  
    Batch:   0     Loss: 0.00179032        OtherNorms: [0.00179032 0.00434161 0.        ]
Total gradient descent adaptation time: 0 hours 0 mins 1 secs
==  Testing finished ... ==
    Criterion loss value: 0.025913393
==  Begining artefacts visualisation ... ==
    Visualized context dimensions along x: [8 8 9]
    Visualized context dimensions along y: [ 2 11  8]
Saving artefacts in: ./240724-105339/artefacts.png
==  Begining in-domain dynamics visualisation ... ==
    Trajectory id: 0
    Visualized dimensions: (0, 1)
Testing finished. Figure saved in: ./240724-105339/dynamics.png
    Creating a new model with taylor order 0 ...
Using any previrouly defined optimizer for adapation


=== Beginning adaptation ... ===
    Number of environment batches: 1
    Number of envs train steps per batch: 5
    Total number of training steps: 5
     ### (Re)Compiling function: adapt_step_cavia ...  
    Batch:   0     Loss: 0.00067557        OtherNorms: [0.00067557 0.00441403 0.        ]
Total gradient descent adaptation time: 0 hours 0 mins 1 secs
==  Testing finished ... ==
    Criterion loss value: 0.015153124
==  Begining artefacts visualisation ... ==
    Visualized context dimensions along x: [8 8 9]
    Visualized context dimensions along y: [ 2 11  8]
Saving artefacts in: ./240724-105339/adapt/artefacts.png
