
############# Contextual Self-Modulation #############

Jax version: 0.4.28
Available devices: [cuda(id=0)]
New run folder created successfuly: ./CAVIA/240822-065810/
Completed copied scripts 
    Using all environments to estimate the global training loss function ...


Total number of parameters in the model: 7459
Total number of parameters in one context: 128


=== Beginning Meta-Training ... ===
    Number of examples in a batch: 60
    Total number of batches : 2713
    Numbers of inner steps : 5
    Training on 1 batches
    Validating on 1 batches
     ### (Re)Compiling function: outer_train_step ...  
     ### (Re)Compiling function: inner_train_step ...  
Epoch:   0      Batch:   0    Loss: 0.54449403     ContextsNorm: 0.00000000      WallTime(s):      2
     ### (Re)Compiling function: adapt_step_cavia ...  
        Validation Criterion: 0.50900507
        Saving best model so far ...
Epoch: 100      Batch:   0    Loss: 0.07818468     ContextsNorm: 0.00000000      WallTime(s):     54
     ### (Re)Compiling function: adapt_step_cavia ...  
        Validation Criterion: 0.07942723
        Saving best model so far ...
Epoch: 200      Batch:   0    Loss: 0.07791522     ContextsNorm: 0.00000000      WallTime(s):    108
     ### (Re)Compiling function: adapt_step_cavia ...  
        Validation Criterion: 0.07920369
        Saving best model so far ...
Epoch: 300      Batch:   0    Loss: 0.05918003     ContextsNorm: 0.00000000      WallTime(s):    163
     ### (Re)Compiling function: adapt_step_cavia ...  
        Validation Criterion: 0.07042959
        Saving best model so far ...
Epoch: 400      Batch:   0    Loss: 0.05859942     ContextsNorm: 0.00000000      WallTime(s):    219
     ### (Re)Compiling function: adapt_step_cavia ...  
        Validation Criterion: 0.06971908
        Saving best model so far ...
Epoch: 500      Batch:   0    Loss: 0.05858319     ContextsNorm: 0.00000000      WallTime(s):    274
     ### (Re)Compiling function: adapt_step_cavia ...  
        Validation Criterion: 0.06953894
        Saving best model so far ...
Epoch: 600      Batch:   0    Loss: 0.05857943     ContextsNorm: 0.00000000      WallTime(s):    329
     ### (Re)Compiling function: adapt_step_cavia ...  
        Validation Criterion: 0.06950996
        Saving best model so far ...
Epoch: 700      Batch:   0    Loss: 0.05855942     ContextsNorm: 0.00000000      WallTime(s):    385
     ### (Re)Compiling function: adapt_step_cavia ...  
        Validation Criterion: 0.06944091
        Saving best model so far ...
Epoch: 800      Batch:   0    Loss: 0.05852166     ContextsNorm: 0.00000000      WallTime(s):    441
     ### (Re)Compiling function: adapt_step_cavia ...  
        Validation Criterion: 0.06935493
        Saving best model so far ...
Epoch: 900      Batch:   0    Loss: 0.05846930     ContextsNorm: 0.00000000      WallTime(s):    497
     ### (Re)Compiling function: adapt_step_cavia ...  
        Validation Criterion: 0.06924821
        Saving best model so far ...
Epoch: 1000      Batch:   0    Loss: 0.05839926     ContextsNorm: 0.00000000      WallTime(s):    553
     ### (Re)Compiling function: adapt_step_cavia ...  
        Validation Criterion: 0.06911051
        Saving best model so far ...
Epoch: 1100      Batch:   0    Loss: 0.05831712     ContextsNorm: 0.00000000      WallTime(s):    609
     ### (Re)Compiling function: adapt_step_cavia ...  
        Validation Criterion: 0.06893044
        Saving best model so far ...
Epoch: 1200      Batch:   0    Loss: 0.05821941     ContextsNorm: 0.00000000      WallTime(s):    665
     ### (Re)Compiling function: adapt_step_cavia ...  
        Validation Criterion: 0.06868487
        Saving best model so far ...
Epoch: 1300      Batch:   0    Loss: 0.05814984     ContextsNorm: 0.00000000      WallTime(s):    722
     ### (Re)Compiling function: adapt_step_cavia ...  
        Validation Criterion: 0.06861138
        Saving best model so far ...
Epoch: 1400      Batch:   0    Loss: 0.05805751     ContextsNorm: 0.00000000      WallTime(s):    778
     ### (Re)Compiling function: adapt_step_cavia ...  
        Validation Criterion: 0.06846873
        Saving best model so far ...
Epoch: 1500      Batch:   0    Loss: 0.05794424     ContextsNorm: 0.00000000      WallTime(s):    835
     ### (Re)Compiling function: adapt_step_cavia ...  
        Validation Criterion: 0.06828602
        Saving best model so far ...
Epoch: 1600      Batch:   0    Loss: 0.05781651     ContextsNorm: 0.00000000      WallTime(s):    891
     ### (Re)Compiling function: adapt_step_cavia ...  
        Validation Criterion: 0.06805231
        Saving best model so far ...
Epoch: 1700      Batch:   0    Loss: 0.05766429     ContextsNorm: 0.00000000      WallTime(s):    949
     ### (Re)Compiling function: adapt_step_cavia ...  
        Validation Criterion: 0.06778862
        Saving best model so far ...
Epoch: 1800      Batch:   0    Loss: 0.05748579     ContextsNorm: 0.00000000      WallTime(s):   1005
     ### (Re)Compiling function: adapt_step_cavia ...  
        Validation Criterion: 0.06747498
        Saving best model so far ...
Epoch: 1900      Batch:   0    Loss: 0.05729025     ContextsNorm: 0.00000000      WallTime(s):   1063
     ### (Re)Compiling function: adapt_step_cavia ...  
        Validation Criterion: 0.06711581
        Saving best model so far ...
Epoch: 1999      Batch:   0    Loss: 0.05648558     ContextsNorm: 0.00000000      WallTime(s):   1119
     ### (Re)Compiling function: adapt_step_cavia ...  
        Validation Criterion: 0.06676196
        Saving best model so far ...

Total gradient descent training time: 0 hours 18 mins 40 secs
Using any previrouly defined optimizer for adapation

=== Beginning Meta-Testing ... ===
    Number of environment batches: 2713
    Number of envs train steps per batch: 5
    Total number of training steps: 13565
    Adapting on 1 batches
     ### (Re)Compiling function: adapt_step_cavia ...  
    Batch:   0     Loss: 0.05350116        OtherNorms: [0.05350116 0.         0.        ]
Total gradient descent adaptation time: 0 hours 0 mins 1 secs

    Test loss value: 6.68e-02 ± 2.46e-02
    Train loss value for criterion 0: 5.35e-02

==  Begining artefacts visualisation ... ==
    Visualized context dimensions along x: [64 80 24]
    Visualized context dimensions along y: [ 38 100  62]
Saving artefacts in: ./CAVIA/240822-065810/artefacts.png

==  Begining in-domain CelebA visualisation ... ==
    Environment ids: range(0, 6)
     ### (Re)Compiling function: adapt_step_cavia ...  
Saving visualization in: ./CAVIA/240822-065810/few_shots_ind.png
Using any previrouly defined optimizer for adapation

=== Beginning Meta-Testing ... ===
    Number of environment batches: 332
    Number of envs train steps per batch: 5
    Total number of training steps: 1660
    Adapting on 1 batches
     ### (Re)Compiling function: adapt_step_cavia ...  
    Batch:   0     Loss: 0.05228722        OtherNorms: [0.05228722 0.         0.        ]
Total gradient descent adaptation time: 0 hours 0 mins 1 secs

    Test loss value: 6.27e-02 ± 2.71e-02
    Train loss value for criterion 0: 5.23e-02
Using any previrouly defined optimizer for adapation

=== Beginning Meta-Testing ... ===
    Number of environment batches: 333
    Number of envs train steps per batch: 5
    Total number of training steps: 1665
    Adapting on 1 batches
     ### (Re)Compiling function: adapt_step_cavia ...  
    Batch:   0     Loss: 0.05323368        OtherNorms: [0.05323368 0.         0.        ]
Total gradient descent adaptation time: 0 hours 0 mins 1 secs

    Test loss value: 6.96e-02 ± 2.89e-02
    Train loss value for criterion 0: 5.32e-02

==  Begining artefacts visualisation ... ==
    Visualized context dimensions along x: [64 80 24]
    Visualized context dimensions along y: [ 38 100  62]
No contexts found. Using zeros.
Saving artefacts in: ./CAVIA/240822-065810/adapt/artefacts.png

==  Begining in-domain CelebA visualisation ... ==
    Environment ids: range(0, 6)
     ### (Re)Compiling function: adapt_step_cavia ...  
Saving visualization in: ./CAVIA/240822-065810/adapt/few_shots_ood.png
