
############# Contextual Self-Modulation #############

Jax version: 0.4.28
Available devices: [cuda(id=0)]
New run folder created successfuly: ./CAVIA/240822-005109/
Completed copied scripts 
    Using all environments to estimate the global training loss function ...


Total number of parameters in the model: 7459
Total number of parameters in one context: 128


=== Beginning Meta-Training ... ===
    Number of examples in a batch: 6
    Total number of batches : 27129
    Numbers of inner steps : 5
    Training on 1 batches
    Validating on 1 batches
     ### (Re)Compiling function: outer_train_step ...  
     ### (Re)Compiling function: inner_train_step ...  
Epoch:   0      Batch:   0    Loss: 0.65087461     ContextsNorm: 0.00000000      WallTime(s):      1
     ### (Re)Compiling function: adapt_step_cavia ...  
        Validation Criterion: 0.58856845
        Saving best model so far ...
Epoch: 100      Batch:   0    Loss: 0.08083687     ContextsNorm: 0.00000000      WallTime(s):     46
     ### (Re)Compiling function: adapt_step_cavia ...  
        Validation Criterion: 0.08064725
        Saving best model so far ...
Epoch: 200      Batch:   0    Loss: 0.08082527     ContextsNorm: 0.00000000      WallTime(s):     90
     ### (Re)Compiling function: adapt_step_cavia ...  
        Validation Criterion: 0.08054771
        Saving best model so far ...
Epoch: 300      Batch:   0    Loss: 0.07808094     ContextsNorm: 0.00000000      WallTime(s):    136
     ### (Re)Compiling function: adapt_step_cavia ...  
        Validation Criterion: 0.07713324
        Saving best model so far ...
Epoch: 400      Batch:   0    Loss: 0.06928509     ContextsNorm: 0.00000000      WallTime(s):    181
     ### (Re)Compiling function: adapt_step_cavia ...  
        Validation Criterion: 0.06611844
        Saving best model so far ...
Epoch: 500      Batch:   0    Loss: 0.06907413     ContextsNorm: 0.00000000      WallTime(s):    226
     ### (Re)Compiling function: adapt_step_cavia ...  
        Validation Criterion: 0.06530240
        Saving best model so far ...
Epoch: 600      Batch:   0    Loss: 0.06886045     ContextsNorm: 0.00000000      WallTime(s):    271
     ### (Re)Compiling function: adapt_step_cavia ...  
        Validation Criterion: 0.06491302
        Saving best model so far ...
Epoch: 700      Batch:   0    Loss: 0.06864032     ContextsNorm: 0.00000000      WallTime(s):    317
     ### (Re)Compiling function: adapt_step_cavia ...  
        Validation Criterion: 0.06463064
        Saving best model so far ...
Epoch: 800      Batch:   0    Loss: 0.06818338     ContextsNorm: 0.00000000      WallTime(s):    362
     ### (Re)Compiling function: adapt_step_cavia ...  
        Validation Criterion: 0.06419411
        Saving best model so far ...
Epoch: 900      Batch:   0    Loss: 0.06814297     ContextsNorm: 0.00000000      WallTime(s):    408
     ### (Re)Compiling function: adapt_step_cavia ...  
        Validation Criterion: 0.06386249
        Saving best model so far ...
Epoch: 1000      Batch:   0    Loss: 0.06793711     ContextsNorm: 0.00000000      WallTime(s):    454
     ### (Re)Compiling function: adapt_step_cavia ...  
        Validation Criterion: 0.06364545
        Saving best model so far ...
Epoch: 1100      Batch:   0    Loss: 0.06763487     ContextsNorm: 0.00000000      WallTime(s):    500
     ### (Re)Compiling function: adapt_step_cavia ...  
        Validation Criterion: 0.06343910
        Saving best model so far ...
Epoch: 1200      Batch:   0    Loss: 0.06725347     ContextsNorm: 0.00000000      WallTime(s):    546
     ### (Re)Compiling function: adapt_step_cavia ...  
        Validation Criterion: 0.06321774
        Saving best model so far ...
Epoch: 1300      Batch:   0    Loss: 0.06669689     ContextsNorm: 0.00000000      WallTime(s):    593
     ### (Re)Compiling function: adapt_step_cavia ...  
        Validation Criterion: 0.06290734
        Saving best model so far ...
Epoch: 1400      Batch:   0    Loss: 0.06582770     ContextsNorm: 0.00000000      WallTime(s):    639
     ### (Re)Compiling function: adapt_step_cavia ...  
        Validation Criterion: 0.06234741
        Saving best model so far ...
Epoch: 1500      Batch:   0    Loss: 0.06444535     ContextsNorm: 0.00000000      WallTime(s):    685
     ### (Re)Compiling function: adapt_step_cavia ...  
        Validation Criterion: 0.06148306
        Saving best model so far ...
Epoch: 1600      Batch:   0    Loss: 0.06210802     ContextsNorm: 0.00000000      WallTime(s):    732
     ### (Re)Compiling function: adapt_step_cavia ...  
        Validation Criterion: 0.05958976
        Saving best model so far ...
Epoch: 1700      Batch:   0    Loss: 0.06016287     ContextsNorm: 0.00000000      WallTime(s):    778
     ### (Re)Compiling function: adapt_step_cavia ...  
        Validation Criterion: 0.05824430
        Saving best model so far ...
Epoch: 1800      Batch:   0    Loss: 0.05946022     ContextsNorm: 0.00000000      WallTime(s):    825
     ### (Re)Compiling function: adapt_step_cavia ...  
        Validation Criterion: 0.05771188
        Saving best model so far ...
Epoch: 1900      Batch:   0    Loss: 0.05947622     ContextsNorm: 0.00000000      WallTime(s):    872
     ### (Re)Compiling function: adapt_step_cavia ...  
        Validation Criterion: 0.05749440
        Saving best model so far ...
Epoch: 1999      Batch:   0    Loss: 0.05324858     ContextsNorm: 0.00000000      WallTime(s):    918
     ### (Re)Compiling function: adapt_step_cavia ...  
        Validation Criterion: 0.05735054
        Saving best model so far ...

Total gradient descent training time: 0 hours 15 mins 19 secs
Using any previrouly defined optimizer for adapation

=== Beginning Meta-Testing ... ===
    Number of environment batches: 27129
    Number of envs train steps per batch: 5
    Total number of training steps: 135645
    Adapting on 1 batches
     ### (Re)Compiling function: adapt_step_cavia ...  
    Batch:   0     Loss: 0.05473336        OtherNorms: [0.05473336 0.         0.        ]
Total gradient descent adaptation time: 0 hours 0 mins 1 secs

    Test loss value: 5.74e-02 ± 2.06e-02
    Train loss value for criterion 0: 5.47e-02

==  Begining artefacts visualisation ... ==
    Visualized context dimensions along x: [64 80 24]
    Visualized context dimensions along y: [ 38 100  62]
Saving artefacts in: ./CAVIA/240822-005109/artefacts.png

==  Begining in-domain CelebA visualisation ... ==
    Environment ids: range(0, 6)
     ### (Re)Compiling function: adapt_step_cavia ...  
Saving visualization in: ./CAVIA/240822-005109/few_shots_ind.png
Using any previrouly defined optimizer for adapation

=== Beginning Meta-Testing ... ===
    Number of environment batches: 3312
    Number of envs train steps per batch: 5
    Total number of training steps: 16560
    Adapting on 1 batches
     ### (Re)Compiling function: adapt_step_cavia ...  
    Batch:   0     Loss: 0.06703059        OtherNorms: [0.06703059 0.         0.        ]
Total gradient descent adaptation time: 0 hours 0 mins 1 secs

    Test loss value: 6.63e-02 ± 2.52e-02
    Train loss value for criterion 0: 6.70e-02
Using any previrouly defined optimizer for adapation

=== Beginning Meta-Testing ... ===
    Number of environment batches: 3327
    Number of envs train steps per batch: 5
    Total number of training steps: 16635
    Adapting on 1 batches
     ### (Re)Compiling function: adapt_step_cavia ...  
    Batch:   0     Loss: 0.06500977        OtherNorms: [0.06500977 0.         0.        ]
Total gradient descent adaptation time: 0 hours 0 mins 1 secs

    Test loss value: 6.12e-02 ± 2.84e-02
    Train loss value for criterion 0: 6.50e-02

==  Begining artefacts visualisation ... ==
    Visualized context dimensions along x: [64 80 24]
    Visualized context dimensions along y: [ 38 100  62]
No contexts found. Using zeros.
Saving artefacts in: ./CAVIA/240822-005109/adapt/artefacts.png

==  Begining in-domain CelebA visualisation ... ==
    Environment ids: range(0, 6)
     ### (Re)Compiling function: adapt_step_cavia ...  
Saving visualization in: ./CAVIA/240822-005109/adapt/few_shots_ood.png
