
############# Contextual Self-Modulation #############

Jax version: 0.4.28
Available devices: [cuda(id=0)]
Created a new run folder at: ./240723-220759/
Completed copied scripts 


Total number of parameters in the model: 5998
Total number of parameters in the contexts: 3492


=== Beginning meta training ... ===
    Number of examples in a batch: 9
    Total number of batches : 1
    Numbers of inner steps : 5
    Training on 1 batches
    Validating on 1 batches
     ### (Re)Compiling function: outer_train_step ...  
     ### (Re)Compiling function: inner_train_step ...  
Epoch:   0      Batch:   0    Loss: 1.37032938     ContextsNorm: 0.00157098
     ### (Re)Compiling function: adapt_step_cavia ...  
     Validation Criterion: 0.97641134
     Saving best model so far ...
Epoch: 100      Batch:   0    Loss: 0.01351897     ContextsNorm: 0.01313187
     ### (Re)Compiling function: adapt_step_cavia ...  
     Validation Criterion: 0.24317439
     Saving best model so far ...
Epoch: 200      Batch:   0    Loss: 0.00711216     ContextsNorm: 0.01376254
     ### (Re)Compiling function: adapt_step_cavia ...  
     Validation Criterion: 0.26767799
Epoch: 300      Batch:   0    Loss: 0.00491599     ContextsNorm: 0.01555790
     ### (Re)Compiling function: adapt_step_cavia ...  
     Validation Criterion: 0.52101463
Epoch: 400      Batch:   0    Loss: 0.00338781     ContextsNorm: 0.01764617
     ### (Re)Compiling function: adapt_step_cavia ...  
     Validation Criterion: 0.54051870
Epoch: 500      Batch:   0    Loss: 0.00298633     ContextsNorm: 0.01849790
     ### (Re)Compiling function: adapt_step_cavia ...  
     Validation Criterion: 0.51690555
Epoch: 600      Batch:   0    Loss: 0.00227483     ContextsNorm: 0.01795173
     ### (Re)Compiling function: adapt_step_cavia ...  
     Validation Criterion: 0.41840106
Epoch: 700      Batch:   0    Loss: 0.00146455     ContextsNorm: 0.01741003
     ### (Re)Compiling function: adapt_step_cavia ...  
     Validation Criterion: 0.39107257
Epoch: 800      Batch:   0    Loss: 0.00102587     ContextsNorm: 0.01488029
     ### (Re)Compiling function: adapt_step_cavia ...  
     Validation Criterion: 0.30555660
Epoch: 900      Batch:   0    Loss: 0.00081127     ContextsNorm: 0.01286733
     ### (Re)Compiling function: adapt_step_cavia ...  
     Validation Criterion: 0.23708569
     Saving best model so far ...
Epoch: 1000      Batch:   0    Loss: 0.00051740     ContextsNorm: 0.01105594
     ### (Re)Compiling function: adapt_step_cavia ...  
     Validation Criterion: 0.18807648
     Saving best model so far ...
Epoch: 1100      Batch:   0    Loss: 0.00041138     ContextsNorm: 0.00864418
     ### (Re)Compiling function: adapt_step_cavia ...  
     Validation Criterion: 0.12464740
     Saving best model so far ...
Epoch: 1200      Batch:   0    Loss: 0.00038811     ContextsNorm: 0.00745715
     ### (Re)Compiling function: adapt_step_cavia ...  
     Validation Criterion: 0.09436294
     Saving best model so far ...
Epoch: 1300      Batch:   0    Loss: 0.00041740     ContextsNorm: 0.00578437
     ### (Re)Compiling function: adapt_step_cavia ...  
     Validation Criterion: 0.06685415
     Saving best model so far ...
Epoch: 1400      Batch:   0    Loss: 0.00028924     ContextsNorm: 0.00498085
     ### (Re)Compiling function: adapt_step_cavia ...  
     Validation Criterion: 0.05299096
     Saving best model so far ...
Epoch: 1500      Batch:   0    Loss: 0.00038108     ContextsNorm: 0.00541021
     ### (Re)Compiling function: adapt_step_cavia ...  
     Validation Criterion: 0.06200622
Epoch: 1600      Batch:   0    Loss: 0.00024804     ContextsNorm: 0.00527469
     ### (Re)Compiling function: adapt_step_cavia ...  
     Validation Criterion: 0.06144140
Epoch: 1700      Batch:   0    Loss: 0.00031432     ContextsNorm: 0.00512836
     ### (Re)Compiling function: adapt_step_cavia ...  
     Validation Criterion: 0.05876658
Epoch: 1800      Batch:   0    Loss: 0.00025605     ContextsNorm: 0.00490300
     ### (Re)Compiling function: adapt_step_cavia ...  
     Validation Criterion: 0.05431914
Epoch: 1900      Batch:   0    Loss: 0.00022620     ContextsNorm: 0.00468312
     ### (Re)Compiling function: adapt_step_cavia ...  
     Validation Criterion: 0.05064644
     Saving best model so far ...
Epoch: 2000      Batch:   0    Loss: 0.00019548     ContextsNorm: 0.00404358
     ### (Re)Compiling function: adapt_step_cavia ...  
     Validation Criterion: 0.04162140
     Saving best model so far ...
Epoch: 2100      Batch:   0    Loss: 0.00050481     ContextsNorm: 0.00444150
     ### (Re)Compiling function: adapt_step_cavia ...  
     Validation Criterion: 0.05349720
Epoch: 2200      Batch:   0    Loss: 0.00017901     ContextsNorm: 0.00422818
     ### (Re)Compiling function: adapt_step_cavia ...  
     Validation Criterion: 0.04687355
Epoch: 2300      Batch:   0    Loss: 0.00018011     ContextsNorm: 0.00418502
     ### (Re)Compiling function: adapt_step_cavia ...  
     Validation Criterion: 0.04525669
Epoch: 2400      Batch:   0    Loss: 0.00020041     ContextsNorm: 0.00381254
     ### (Re)Compiling function: adapt_step_cavia ...  
     Validation Criterion: 0.04091626
     Saving best model so far ...
Epoch: 2500      Batch:   0    Loss: 0.00019693     ContextsNorm: 0.00369043
     ### (Re)Compiling function: adapt_step_cavia ...  
     Validation Criterion: 0.03495685
     Saving best model so far ...
Epoch: 2600      Batch:   0    Loss: 0.00015654     ContextsNorm: 0.00378943
     ### (Re)Compiling function: adapt_step_cavia ...  
     Validation Criterion: 0.04010290
Epoch: 2700      Batch:   0    Loss: 0.00013733     ContextsNorm: 0.00364743
     ### (Re)Compiling function: adapt_step_cavia ...  
     Validation Criterion: 0.03869377
Epoch: 2800      Batch:   0    Loss: 0.00017117     ContextsNorm: 0.00361204
     ### (Re)Compiling function: adapt_step_cavia ...  
     Validation Criterion: 0.04320092
Epoch: 2900      Batch:   0    Loss: 0.00021730     ContextsNorm: 0.00349374
     ### (Re)Compiling function: adapt_step_cavia ...  
     Validation Criterion: 0.03523055
Epoch: 3000      Batch:   0    Loss: 0.00013878     ContextsNorm: 0.00342302
     ### (Re)Compiling function: adapt_step_cavia ...  
     Validation Criterion: 0.03519268
Epoch: 3100      Batch:   0    Loss: 0.00012445     ContextsNorm: 0.00366132
     ### (Re)Compiling function: adapt_step_cavia ...  
     Validation Criterion: 0.03936334
Epoch: 3200      Batch:   0    Loss: 0.00013814     ContextsNorm: 0.00357219
     ### (Re)Compiling function: adapt_step_cavia ...  
     Validation Criterion: 0.03939255
Epoch: 3300      Batch:   0    Loss: 0.00011123     ContextsNorm: 0.00345536
     ### (Re)Compiling function: adapt_step_cavia ...  
     Validation Criterion: 0.03771286
Epoch: 3400      Batch:   0    Loss: 0.00010796     ContextsNorm: 0.00329832
     ### (Re)Compiling function: adapt_step_cavia ...  
     Validation Criterion: 0.03435713
     Saving best model so far ...
Epoch: 3500      Batch:   0    Loss: 0.00009871     ContextsNorm: 0.00350128
     ### (Re)Compiling function: adapt_step_cavia ...  
     Validation Criterion: 0.03811347
Epoch: 3600      Batch:   0    Loss: 0.00015577     ContextsNorm: 0.00345487
     ### (Re)Compiling function: adapt_step_cavia ...  
     Validation Criterion: 0.03589789
Epoch: 3700      Batch:   0    Loss: 0.00010853     ContextsNorm: 0.00330617
     ### (Re)Compiling function: adapt_step_cavia ...  
     Validation Criterion: 0.03437036
Epoch: 3800      Batch:   0    Loss: 0.00021834     ContextsNorm: 0.00321238
     ### (Re)Compiling function: adapt_step_cavia ...  
     Validation Criterion: 0.03111866
     Saving best model so far ...
Epoch: 3900      Batch:   0    Loss: 0.00011703     ContextsNorm: 0.00312376
     ### (Re)Compiling function: adapt_step_cavia ...  
     Validation Criterion: 0.03112615
Epoch: 4000      Batch:   0    Loss: 0.00009405     ContextsNorm: 0.00313495
     ### (Re)Compiling function: adapt_step_cavia ...  
     Validation Criterion: 0.03220900
Epoch: 4100      Batch:   0    Loss: 0.00008338     ContextsNorm: 0.00311603
     ### (Re)Compiling function: adapt_step_cavia ...  
     Validation Criterion: 0.03341078
Epoch: 4200      Batch:   0    Loss: 0.00008267     ContextsNorm: 0.00310030
     ### (Re)Compiling function: adapt_step_cavia ...  
     Validation Criterion: 0.03158725
Epoch: 4300      Batch:   0    Loss: 0.00008737     ContextsNorm: 0.00304408
     ### (Re)Compiling function: adapt_step_cavia ...  
     Validation Criterion: 0.02946594
     Saving best model so far ...
Epoch: 4400      Batch:   0    Loss: 0.00019939     ContextsNorm: 0.00300073
     ### (Re)Compiling function: adapt_step_cavia ...  
     Validation Criterion: 0.02959272
Epoch: 4500      Batch:   0    Loss: 0.00007977     ContextsNorm: 0.00309899
     ### (Re)Compiling function: adapt_step_cavia ...  
     Validation Criterion: 0.03100011
Epoch: 4600      Batch:   0    Loss: 0.00008704     ContextsNorm: 0.00306100
     ### (Re)Compiling function: adapt_step_cavia ...  
     Validation Criterion: 0.03111020
Epoch: 4700      Batch:   0    Loss: 0.00007263     ContextsNorm: 0.00310889
     ### (Re)Compiling function: adapt_step_cavia ...  
     Validation Criterion: 0.03071061
Epoch: 4800      Batch:   0    Loss: 0.00008053     ContextsNorm: 0.00309890
     ### (Re)Compiling function: adapt_step_cavia ...  
     Validation Criterion: 0.03027727
Epoch: 4900      Batch:   0    Loss: 0.00017341     ContextsNorm: 0.00325246
     ### (Re)Compiling function: adapt_step_cavia ...  
     Validation Criterion: 0.03156653
Epoch: 4999      Batch:   0    Loss: 0.00008591     ContextsNorm: 0.00314120

Total gradient descent training time: 0 hours 51 mins 16 secs
    Creating a new model with taylor order 0 ...
Using any previrouly defined optimizer for adapation


=== Beginning adaptation ... ===
    Number of environment batches: 1
    Number of envs train steps per batch: 5
    Total number of training steps: 5
     ### (Re)Compiling function: adapt_step_cavia ...  
    Batch:   0     Loss: 0.00161459        OtherNorms: [0.00161459 0.00475686 0.        ]
Total gradient descent adaptation time: 0 hours 0 mins 1 secs
==  Testing finished ... ==
    Criterion loss value: 0.031566523
==  Begining artefacts visualisation ... ==
    Visualized context dimensions along x: [9 9 4]
    Visualized context dimensions along y: [ 4 10  8]
Saving artefacts in: ./240723-220759/artefacts.png
==  Begining in-domain dynamics visualisation ... ==
    Trajectory id: 0
    Visualized dimensions: (0, 1)
Testing finished. Figure saved in: ./240723-220759/dynamics.png
    Creating a new model with taylor order 0 ...
Using any previrouly defined optimizer for adapation


=== Beginning adaptation ... ===
    Number of environment batches: 1
    Number of envs train steps per batch: 5
    Total number of training steps: 5
     ### (Re)Compiling function: adapt_step_cavia ...  
    Batch:   0     Loss: 0.00091501        OtherNorms: [0.00091501 0.00405547 0.        ]
Total gradient descent adaptation time: 0 hours 0 mins 1 secs
==  Testing finished ... ==
    Criterion loss value: 0.020635363
==  Begining artefacts visualisation ... ==
    Visualized context dimensions along x: [9 9 4]
    Visualized context dimensions along y: [ 4 10  8]
Saving artefacts in: ./240723-220759/adapt/artefacts.png
