
############# Contextual Self-Modulation #############

Jax version: 0.4.35
Available devices: [CudaDevice(id=0)]
Created a new run folder at: ./runs/241207-204554/
Completed copied scripts 
Created a new adaptation folder at: ./runs/241207-204554/adapt/
Created a new data folder at: ./runs/241207-204554/data/
Copied the data generation scripts
Shapes of data and t_eval: (32, 4, 25, 2) (32, 25)

Using 26 environments to estimate the global training loss function ...


Total number of parameters in the model: 127654
Total number of parameters in one context: 8

Loading model and results from ./runs/241207-204554/ folder ...

WARNING: No training history found at all. Using tens.
WARNING: No validation history found at all. Using ten.
WARNING: No optimiser state found in the provided path.
No checkpoints or error when attempting to load training configs - '[Errno 2] No such file or directory: 'runs/241207-204554/model.eqx'' - Starting from scratch ...


=== Beginning Meta-Training ... ===
    Number of examples in a batch along envs: 32
    Maximum number of batches (along envs): 1
    Total number of epochs: 1
    Number of outer minimizations: 100
    Maximum numbers of inner steps per outer minimizations: (10, 10)
    Training on 1 batches
    Validating on 1 batches
     ### Compiling function "train_step" for the gates ...  
    Compiling gating loss function - coefficient of variation ...
     ### Compiling function "train_step" for the model ...  
     ### Compiling function "train_step" for the contexts ...  
20:46:43      Epoch:   0      Batch:   0      OuterStep:   0      LossModel: 1.46905279     LossTerm2: 0.00000000     LossGates: 0.00000000      Time/Step(s): 47.2691Contributing envs to the losses:  [24 20 26 21 22 28  8 27 30 10  0  6 11  2  1 15  5  4 14  9 12  7  3 13 25 29]
Gate kernel values:  [[-0. -0.  0. -0.  0. -0. -0.  0.]
 [ 0.  0. -0. -0. -0. -0.  0.  0.]]
Gate values for each environment (all envs): 
 [[0.5 0.5]
 [0.5 0.5]
 [0.5 0.5]
 [0.5 0.5]
 [0.5 0.5]
 [0.5 0.5]
 [0.5 0.5]
 [0.5 0.5]
 [0.5 0.5]
 [0.5 0.5]
 [0.5 0.5]
 [0.5 0.5]
 [0.5 0.5]
 [0.5 0.5]
 [0.5 0.5]
 [0.5 0.5]
 [0.5 0.5]
 [0.5 0.5]
 [0.5 0.5]
 [0.5 0.5]
 [0.5 0.5]
 [0.5 0.5]
 [0.5 0.5]
 [0.5 0.5]
 [0.5 0.5]
 [0.5 0.5]
 [0.5 0.5]
 [0.5 0.5]
 [0.5 0.5]
 [0.5 0.5]
 [0.5 0.5]
 [0.5 0.5]]
20:48:23      Epoch:   0      Batch:   0      OuterStep:  10      LossModel: 0.26626912     LossTerm2: 0.00000000     LossGates: 0.00000000      Time/Step(s): 9.9626Contributing envs to the losses:  [10 15 11  0  2  4  9  6  3  7 14  1 12  5 13  8 18 17 28 22 21 26 30 27 20 24]
Gate kernel values:  [[-0.06884892  0.02901772 -0.04322139 -0.0232087  -0.04244252  0.06386579  0.04519372  0.0261913 ]
 [ 0.06884892 -0.02901772  0.04322139  0.02320871  0.04244252 -0.06386577 -0.04519371 -0.02619131]]
Gate values for each environment (all envs): 
 [[0.52964616 0.47035387]
 [0.53556395 0.46443605]
 [0.5330007  0.46699935]
 [0.53760266 0.4623974 ]
 [0.5350211  0.46497884]
 [0.52794975 0.47205034]
 [0.5355639  0.46443617]
 [0.5262591  0.47374094]
 [0.55557054 0.44442952]
 [0.54099375 0.4590063 ]
 [0.529125   0.47087497]
 [0.5297746  0.47022542]
 [0.5281614  0.47183862]
 [0.53676075 0.4632392 ]
 [0.5295761  0.4704238 ]
 [0.5363982  0.46360186]
 [0.99775743 0.00224248]
 [0.9453787  0.05462135]
 [0.91705644 0.08294354]
 [0.9929993  0.00700068]
 [0.99619555 0.00380451]
 [0.98840904 0.01159097]
 [0.9880668  0.0119332 ]
 [0.99791676 0.00208325]
 [0.99677944 0.00322056]
 [0.9981046  0.00189546]
 [0.9909492  0.00905085]
 [0.9924426  0.00755742]
 [0.9868977  0.01310225]
 [0.99844825 0.00155168]
 [0.99143595 0.00856407]
 [0.99607986 0.00392018]]
        Validation Criterion: 0.01854359
        Saving best model so far ...
20:50:07      Epoch:   0      Batch:   0      OuterStep:  20      LossModel: 0.03196706     LossTerm2: 0.00000000     LossGates: 0.00000000      Time/Step(s): 10.4605Contributing envs to the losses:  [22 21 28 26 20 18 24 17 16 19 23 27 30 25 31  8 13  6  1  2 14 12  3  9 15  0]
Gate kernel values:  [[-0.07451864  0.03612914 -0.04660259 -0.0191082  -0.04887809  0.06365905  0.04586884  0.03397549]
 [ 0.07451863 -0.03612914  0.04660258  0.0191082   0.04887808 -0.06365901 -0.04586884 -0.0339755 ]]
Gate values for each environment (all envs): 
 [[0.06906052 0.93093944]
 [0.07564064 0.9243593 ]
 [0.0746977  0.92530227]
 [0.06975011 0.9302498 ]
 [0.05724087 0.94275916]
 [0.0621572  0.9378428 ]
 [0.08434011 0.91565996]
 [0.0607077  0.93929225]
 [0.09248791 0.9075121 ]
 [0.07022671 0.9297733 ]
 [0.06796538 0.9320346 ]
 [0.06450237 0.9354976 ]
 [0.07249612 0.92750394]
 [0.08725198 0.91274804]
 [0.07279489 0.9272051 ]
 [0.07070988 0.9292901 ]
 [0.8978499  0.10215008]
 [0.89766866 0.10233127]
 [0.8864622  0.11353774]
 [0.9123348  0.08766524]
 [0.9181585  0.08184152]
 [0.9222566  0.07774345]
 [0.91739255 0.08260749]
 [0.98107576 0.01892422]
 [0.9689923  0.03100768]
 [0.998367   0.00163305]
 [0.9361272  0.06387283]
 [0.9962523  0.00374772]
 [0.9248069  0.07519311]
 [0.9995953  0.0004047 ]
 [0.9960841  0.00391586]
 [0.99900144 0.00099857]]
        Validation Criterion: 0.00509587
        Saving best model so far ...
20:51:51      Epoch:   0      Batch:   0      OuterStep:  30      LossModel: 0.01944764     LossTerm2: 0.00000000     LossGates: 0.00000000      Time/Step(s): 10.2791Contributing envs to the losses:  [29 31 27 30 25 28 22 23 21 24 26 18 17 20 19 16 13  6  8  1  2 14  3 12  0 15]
Gate kernel values:  [[-0.07389098  0.03574303 -0.04607998 -0.01749681 -0.0482971   0.06310078  0.04489397  0.0334327 ]
 [ 0.07389096 -0.03574302  0.04607997  0.01749681  0.04829709 -0.06310074 -0.04489397 -0.03343271]]
Gate values for each environment (all envs): 
 [[0.08324064 0.9167594 ]
 [0.09095033 0.9090497 ]
 [0.08987667 0.91012335]
 [0.08476703 0.91523296]
 [0.06949584 0.9305041 ]
 [0.07530336 0.9246967 ]
 [0.10055734 0.8994427 ]
 [0.07369369 0.92630637]
 [0.09962224 0.90037775]
 [0.07961557 0.9203844 ]
 [0.08178711 0.91821295]
 [0.07816889 0.92183113]
 [0.08736604 0.91263396]
 [0.10255991 0.89744014]
 [0.08784604 0.91215396]
 [0.08519462 0.9148054 ]
 [0.8605328  0.13946718]
 [0.86239177 0.13760822]
 [0.876845   0.12315498]
 [0.8852489  0.11475115]
 [0.89656025 0.10343975]
 [0.92683303 0.07316695]
 [0.92404866 0.07595132]
 [0.94420105 0.05579891]
 [0.94215655 0.05784347]
 [0.9714878  0.02851216]
 [0.92568386 0.07431612]
 [0.99780315 0.00219685]
 [0.9281987  0.07180127]
 [0.9994918  0.0005082 ]
 [0.9984089  0.00159104]
 [0.99942046 0.0005795 ]]
        Validation Criterion: 0.00205514
        Saving best model so far ...
20:53:32      Epoch:   0      Batch:   0      OuterStep:  40      LossModel: 0.01895216     LossTerm2: 0.00000000     LossGates: 0.00000000      Time/Step(s): 10.0448Contributing envs to the losses:  [ 8 13  3  9 10  6 15 11  4  2  0  7 14  5 12  1 16 20 19 17 18 24 23 26 21 22]
Gate kernel values:  [[-0.07411131  0.03542822 -0.04622699 -0.01872027 -0.04918295  0.06321758  0.04526209  0.0335347 ]
 [ 0.07411129 -0.03542821  0.04622697  0.01872027  0.04918296 -0.06321754 -0.04526209 -0.0335347 ]]
Gate values for each environment (all envs): 
 [[0.06160785 0.9383921 ]
 [0.06657727 0.9334227 ]
 [0.06588411 0.9341159 ]
 [0.0723724  0.9276276 ]
 [0.05034668 0.9496533 ]
 [0.0540424  0.9459576 ]
 [0.07358364 0.92641646]
 [0.05295347 0.9470466 ]
 [0.06838966 0.93161035]
 [0.05805259 0.9419474 ]
 [0.0589426  0.9410573 ]
 [0.05613315 0.94386685]
 [0.0624836  0.9375164 ]
 [0.05731599 0.94268394]
 [0.06312971 0.9368703 ]
 [0.06086773 0.9391322 ]
 [0.83722705 0.162773  ]
 [0.838809   0.16119099]
 [0.8499902  0.15000972]
 [0.857377   0.14262302]
 [0.8818312  0.11816885]
 [0.9102325  0.08976751]
 [0.91204625 0.08795375]
 [0.92257476 0.07742517]
 [0.9254939  0.07450611]
 [0.9511852  0.04881482]
 [0.9098885  0.09011146]
 [0.99530786 0.00469211]
 [0.91895056 0.08104943]
 [0.997776   0.00222399]
 [0.9987759  0.00122405]
 [0.9993302  0.0006698 ]]
        Validation Criterion: 0.00089403
        Saving best model so far ...
20:55:12      Epoch:   0      Batch:   0      OuterStep:  50      LossModel: 0.01620882     LossTerm2: 0.00000000     LossGates: 0.00000000      Time/Step(s): 10.0181Contributing envs to the losses:  [10 15 11  0  9  2  4  7 14 12  6  5  1  8 13  3 16 19 20 17 18 23 24 21 26 22]
Gate kernel values:  [[-0.07393742  0.03535644 -0.04614299 -0.01882511 -0.04922538  0.06303475  0.04510928  0.03356065]
 [ 0.07393741 -0.03535644  0.04614298  0.01882512  0.04922538 -0.06303471 -0.04510928 -0.03356066]]
Gate values for each environment (all envs): 
 [[0.06013242 0.9398676 ]
 [0.06385171 0.93614835]
 [0.06331465 0.93668526]
 [0.08179173 0.9182083 ]
 [0.04783353 0.95216656]
 [0.05105057 0.94894946]
 [0.06960681 0.93039316]
 [0.05005286 0.9499471 ]
 [0.05858455 0.9414155 ]
 [0.05400167 0.9459983 ]
 [0.05557555 0.9444244 ]
 [0.0529579  0.9470421 ]
 [0.05838187 0.9416181 ]
 [0.04547623 0.9545238 ]
 [0.05934871 0.9406513 ]
 [0.05647697 0.94352293]
 [0.8355854  0.16441466]
 [0.8429779  0.15702212]
 [0.8519717  0.14802833]
 [0.85971236 0.14028765]
 [0.88369226 0.11630775]
 [0.91005236 0.08994766]
 [0.91245687 0.0875432 ]
 [0.9212972  0.07870287]
 [0.9280644  0.0719356 ]
 [0.9499352  0.05006477]
 [0.9155249  0.08447507]
 [0.98719424 0.01280581]
 [0.92170644 0.07829358]
 [0.9924586  0.00754141]
 [0.9990997  0.00090029]
 [0.9994081  0.00059192]]
        Validation Criterion: 0.00101652
20:56:53      Epoch:   0      Batch:   0      OuterStep:  60      LossModel: 0.01469596     LossTerm2: 0.00000000     LossGates: 0.00000000      Time/Step(s): 10.0218Contributing envs to the losses:  [ 1 14 12  0  2 11 15  5  6  7 10  4  9  3  8 13 16 20 19 17 23 18 24 21 22 26]
Gate kernel values:  [[-0.07359964  0.03537457 -0.04603338 -0.0189034  -0.04915057  0.06275348  0.04477241  0.03361084]
 [ 0.07359963 -0.03537457  0.04603337  0.0189034   0.04915057 -0.06275344 -0.04477241 -0.03361085]]
Gate values for each environment (all envs): 
 [[0.0567978  0.94320214]
 [0.05904125 0.94095874]
 [0.05869763 0.94130236]
 [0.08906369 0.9109363 ]
 [0.04375697 0.9562431 ]
 [0.04636836 0.95363164]
 [0.06335104 0.936649  ]
 [0.04550841 0.95449156]
 [0.04900942 0.95099056]
 [0.04812652 0.9518735 ]
 [0.05037136 0.9496286 ]
 [0.0480304  0.9519697 ]
 [0.05233049 0.94766945]
 [0.03512259 0.9648775 ]
 [0.05359348 0.94640654]
 [0.0501466  0.94985336]
 [0.8260693  0.17393069]
 [0.83733565 0.16266426]
 [0.8462871  0.15371291]
 [0.8585307  0.14146931]
 [0.8731622  0.12683779]
 [0.8969891  0.10301095]
 [0.90018696 0.09981304]
 [0.9108784  0.08912157]
 [0.9185271  0.08147289]
 [0.9413694  0.05863058]
 [0.90664816 0.09335184]
 [0.97435147 0.02564848]
 [0.9140243  0.08597568]
 [0.9805906  0.0194094 ]
 [0.9991318  0.0008682 ]
 [0.9993849  0.00061512]]
        Validation Criterion: 0.00086184
        Saving best model so far ...
20:58:33      Epoch:   0      Batch:   0      OuterStep:  70      LossModel: 0.01295182     LossTerm2: 0.00000000     LossGates: 0.00000000      Time/Step(s): 10.1080Contributing envs to the losses:  [14 12  5  7  0  1  2 11 10 15  4  6  9  8  3 13 16 20 19 17 21 18 23 22 24 28]
Gate kernel values:  [[-0.07347698  0.03522587 -0.0458573  -0.01880982 -0.04932678  0.062421    0.04464635  0.03371043]
 [ 0.07347696 -0.03522586  0.04585729  0.01880982  0.04932678 -0.06242096 -0.04464636 -0.03371044]]
Gate values for each environment (all envs): 
 [[0.06092884 0.9390711 ]
 [0.06160821 0.9383918 ]
 [0.06132149 0.93867856]
 [0.11398295 0.886017  ]
 [0.04543925 0.95456076]
 [0.04732469 0.95267534]
 [0.06505667 0.9349433 ]
 [0.04659434 0.9534056 ]
 [0.0394194  0.9605806 ]
 [0.0437124  0.95628756]
 [0.05075654 0.9492435 ]
 [0.04865361 0.9513464 ]
 [0.05168374 0.9483162 ]
 [0.02627546 0.97372454]
 [0.05373269 0.94626737]
 [0.04829943 0.9517006 ]
 [0.8225629  0.17743719]
 [0.84246886 0.15753114]
 [0.84851795 0.15148203]
 [0.86434746 0.13565257]
 [0.87265307 0.12734689]
 [0.89678496 0.10321503]
 [0.8986183  0.10138167]
 [0.9081777  0.09182233]
 [0.9194689  0.08053108]
 [0.93752027 0.06247974]
 [0.9115509  0.08844914]
 [0.9705545  0.02944554]
 [0.91834825 0.0816517 ]
 [0.97602046 0.02397957]
 [0.99921393 0.0007861 ]
 [0.99940467 0.0005953 ]]
        Validation Criterion: 0.00141988
21:00:14      Epoch:   0      Batch:   0      OuterStep:  80      LossModel: 0.00832444     LossTerm2: 0.00000000     LossGates: 0.00000000      Time/Step(s): 10.0666Contributing envs to the losses:  [13  8  9 15 11  4 10  7 14 12  5  2  0  1  6  3 16 20 19 17 18 23 21 22 24 28]
Gate kernel values:  [[-0.07327352  0.03508627 -0.04565892 -0.01914684 -0.04958083  0.06192149  0.04446353  0.03383991]
 [ 0.07327351 -0.03508626  0.04565892  0.01914684  0.04958084 -0.06192144 -0.04446353 -0.03383993]]
Gate values for each environment (all envs): 
 [[0.07159608 0.92840385]
 [0.06899514 0.9310049 ]
 [0.06950075 0.93049926]
 [0.16301249 0.83698744]
 [0.05025652 0.94974345]
 [0.05074123 0.94925874]
 [0.0737993  0.9262007 ]
 [0.04973506 0.95026493]
 [0.04595891 0.9540412 ]
 [0.04915142 0.9508486 ]
 [0.05262233 0.9473777 ]
 [0.04946998 0.95053   ]
 [0.05002129 0.94997865]
 [0.02577104 0.9742289 ]
 [0.05326387 0.9467362 ]
 [0.04900548 0.95099455]
 [0.82535356 0.17464642]
 [0.847357   0.152643  ]
 [0.85561514 0.14438492]
 [0.8698357  0.1301644 ]
 [0.87154937 0.12845065]
 [0.89313054 0.10686947]
 [0.89434004 0.10565999]
 [0.9084705  0.09152944]
 [0.92038226 0.07961769]
 [0.9389418  0.06105826]
 [0.9155931  0.08440689]
 [0.97504497 0.02495511]
 [0.9187853  0.08121473]
 [0.97669923 0.02330072]
 [0.99929094 0.00070908]
 [0.99949014 0.00050978]]
        Validation Criterion: 0.00091960
21:01:54      Epoch:   0      Batch:   0      OuterStep:  90      LossModel: 0.00778178     LossTerm2: 0.00000000     LossGates: 0.00000000      Time/Step(s): 9.9678Contributing envs to the losses:  [ 1  0  2  6 14 10  5  7  4 12 11 15  9  8  3 13 16 20 19 17 21 18 23 22 24 28]
Gate kernel values:  [[-0.07345106  0.03505927 -0.04583191 -0.02042067 -0.04952491  0.0622581   0.04464756  0.03367729]
 [ 0.07345105 -0.03505927  0.0458319   0.02042068  0.04952491 -0.06225806 -0.04464757 -0.0336773 ]]
Gate values for each environment (all envs): 
 [[0.07545838 0.9245416 ]
 [0.06940352 0.9305965 ]
 [0.07040007 0.9295999 ]
 [0.15717256 0.8428274 ]
 [0.04994145 0.95005846]
 [0.0489056  0.9510944 ]
 [0.0716069  0.92839307]
 [0.04833618 0.9516638 ]
 [0.0426687  0.9573313 ]
 [0.04604376 0.9539563 ]
 [0.05027266 0.9497273 ]
 [0.04732671 0.95267326]
 [0.04677641 0.95322365]
 [0.02192784 0.97807217]
 [0.0504301  0.94956994]
 [0.04544262 0.95455736]
 [0.81995255 0.18004747]
 [0.8439598  0.15604013]
 [0.85033786 0.14966208]
 [0.86831176 0.1316882 ]
 [0.8697107  0.13028935]
 [0.88735753 0.11264241]
 [0.8911331  0.10886684]
 [0.9045428  0.0954572 ]
 [0.92064965 0.07935039]
 [0.93744475 0.06255525]
 [0.9171793  0.08282065]
 [0.97471946 0.02528062]
 [0.9217899  0.07821014]
 [0.9741019  0.02589809]
 [0.99939513 0.00060486]
 [0.9995797  0.00042033]]
        Validation Criterion: 0.00078944
        Saving best model so far ...
21:03:24      Epoch:   0      Batch:   0      OuterStep:  99      LossModel: 0.00541990     LossTerm2: 0.00000000     LossGates: 0.00000000      Time/Step(s): 9.9802Contributing envs to the losses:  [13  8  9 15 11 12 10 14  7  5  4  6  1  2  0  3 16 20 19 17 21 18 23 22 24 25]
Gate kernel values:  [[-0.07341787  0.03511402 -0.04589284 -0.01983126 -0.04873203  0.06275563  0.04444906  0.03311541]
 [ 0.07341786 -0.03511401  0.04589283  0.01983126  0.04873203 -0.06275558 -0.04444906 -0.03311542]]
Gate values for each environment (all envs): 
 [[0.08883079 0.9111692 ]
 [0.07731406 0.92268586]
 [0.07875966 0.9212403 ]
 [0.1632366  0.8367634 ]
 [0.0558701  0.9441299 ]
 [0.05204519 0.94795483]
 [0.07614414 0.9238559 ]
 [0.05209989 0.9479001 ]
 [0.04021599 0.95978403]
 [0.04531315 0.9546869 ]
 [0.05247784 0.94752216]
 [0.04971375 0.9502862 ]
 [0.0477017  0.9522983 ]
 [0.0192222  0.9807778 ]
 [0.05220582 0.9477942 ]
 [0.04552916 0.95447093]
 [0.8236132  0.17638679]
 [0.8432865  0.15671347]
 [0.8470557  0.15294439]
 [0.8693552  0.13064489]
 [0.87247145 0.12752856]
 [0.88847107 0.11152897]
 [0.89244515 0.1075548 ]
 [0.9125661  0.08743388]
 [0.9256704  0.0743297 ]
 [0.94257706 0.05742288]
 [0.92413455 0.07586541]
 [0.9781555  0.02184443]
 [0.9269936  0.07300637]
 [0.980666   0.01933397]
 [0.99942344 0.00057652]
 [0.999594   0.00040598]]
        Validation Criterion: 0.00133672

Total gradient descent training time: 0 hours 17 mins 28 secs
Using any previously defined optimizer for adapation

=== Beginning Meta-Testing ... ===
    Number of examples in a batch along envs: 32
    Maximum number of batches (along envs): 1
    Reusing contexts for adaptation on the single bach

    Test loss value: 3.05e-03 ± 7.88e-03
    Train loss value for criterion 0: 0.00e+00

==  Begining artefacts visualisation ... ==
    Visualized context dimensions along x: [5 6 6]
    Visualized context dimensions along y: [2 7 6]
Saving artefacts in: ./runs/241207-204554/artefacts.png
No artists with labels found to put in legend.  Note that artists whose label start with an underscore are ignored when legend() is called with no argument.
No artists with labels found to put in legend.  Note that artists whose label start with an underscore are ignored when legend() is called with no argument.
No artists with labels found to put in legend.  Note that artists whose label start with an underscore are ignored when legend() is called with no argument.
Loss per InD environment: [0.0017860042862594128, 0.0017369597917422652, 0.0014575591776520014, 0.00017867788847070187, 0.0012158849276602268, 0.0010417193407192826, 0.0004960095975548029, 0.0007396226865239441, 0.00060713553102687, 0.00035893841413781047, 0.00018959179578814656, 0.0001626240846235305, 0.0004063977103214711, 0.00024651980493217707, 0.0001297949202125892, 5.878772935830057e-05, 0.005347373895347118, 0.007401686627417803, 0.005382033530622721, 0.008115655742585659, 0.004304107744246721, 0.0070581212639808655, 0.004708411637693644, 0.005729258991777897, 0.006590002216398716, 0.00844654068350792, 0.019525617361068726, 0.014362518675625324, 0.04097025841474533, 0.00898317713290453, 0.010432369075715542, 0.0091107077896595]

==  Begining in-domain dynamics visualisation ... ==
    Trajectory id: 0
    Visualized dimensions: (0, 1)
    Using contexts from meta-training.
Testing finished. Figure saved in: ./runs/241207-204554/dynamics.png

==  Begining context clusters visualisation with t-SNE ... ==
    Visualising the parameters (either vectors or function weights)
    Visualising predictions from the contexts (reconstituted as functions)
WARNING: No context utilities found, meaning inf dim context are not used. Using randoms.
Saving context clusters in: ./runs/241207-204554/context_clusters.png
2024-12-07 21:03:32.663044: E external/local_xla/xla/stream_executor/cuda/cuda_fft.cc:479] Unable to register cuFFT factory: Attempting to register factory for plugin cuFFT when one has already been registered
2024-12-07 21:03:32.673092: E external/local_xla/xla/stream_executor/cuda/cuda_dnn.cc:10575] Unable to register cuDNN factory: Attempting to register factory for plugin cuDNN when one has already been registered
2024-12-07 21:03:32.673114: E external/local_xla/xla/stream_executor/cuda/cuda_blas.cc:1442] Unable to register cuBLAS factory: Attempting to register factory for plugin cuBLAS when one has already been registered
2024-12-07 21:03:32.968396: W tensorflow/compiler/tf2tensorrt/utils/py_utils.cc:38] TF-TRT Warning: Could not find TensorRT
/home/gb21553/miniconda3/envs/jax/lib/python3.12/site-packages/umap/umap_.py:1952: UserWarning: n_jobs value 1 overridden to 1 by setting random_state. Use no seed for parallelism.
  warn(
Using any previously defined optimizer for adapation

=== Beginning Meta-Testing ... ===
    Number of examples in a batch along envs: 1
    Maximum number of batches (along envs): 1
Epoch:   0      Batch:   0      Loss: 0.07847522     ContextsNorm: 0.00000000
Epoch:   1      Batch:   0      Loss: 0.06804270     ContextsNorm: 0.00000000
Epoch:   2      Batch:   0      Loss: 0.05780440     ContextsNorm: 0.00000000
Epoch:   3      Batch:   0      Loss: 0.04797984     ContextsNorm: 0.00000000
Epoch:  10      Batch:   0      Loss: 0.01243060     ContextsNorm: 0.00000000
Epoch:  20      Batch:   0      Loss: 0.01353982     ContextsNorm: 0.00000000
Epoch:  30      Batch:   0      Loss: 0.01404537     ContextsNorm: 0.00000000
Epoch:  40      Batch:   0      Loss: 0.01240389     ContextsNorm: 0.00000000
Epoch:  50      Batch:   0      Loss: 0.01211825     ContextsNorm: 0.00000000
Epoch:  60      Batch:   0      Loss: 0.01214877     ContextsNorm: 0.00000000
Epoch:  70      Batch:   0      Loss: 0.01214446     ContextsNorm: 0.00000000
Epoch:  80      Batch:   0      Loss: 0.01212971     ContextsNorm: 0.00000000
Epoch:  90      Batch:   0      Loss: 0.01212318     ContextsNorm: 0.00000000
Epoch: 100      Batch:   0      Loss: 0.01211918     ContextsNorm: 0.00000000
Epoch: 110      Batch:   0      Loss: 0.01211893     ContextsNorm: 0.00000000
Epoch: 120      Batch:   0      Loss: 0.01211795     ContextsNorm: 0.00000000
Epoch: 130      Batch:   0      Loss: 0.01211759     ContextsNorm: 0.00000000
Epoch: 140      Batch:   0      Loss: 0.01211652     ContextsNorm: 0.00000000
Epoch: 150      Batch:   0      Loss: 0.01211677     ContextsNorm: 0.00000000
Epoch: 160      Batch:   0      Loss: 0.01211596     ContextsNorm: 0.00000000
Epoch: 170      Batch:   0      Loss: 0.01211653     ContextsNorm: 0.00000000
Epoch: 180      Batch:   0      Loss: 0.01211616     ContextsNorm: 0.00000000
Epoch: 190      Batch:   0      Loss: 0.01211653     ContextsNorm: 0.00000000
Epoch: 200      Batch:   0      Loss: 0.01211507     ContextsNorm: 0.00000000
Epoch: 210      Batch:   0      Loss: 0.01211474     ContextsNorm: 0.00000000
Epoch: 220      Batch:   0      Loss: 0.01211473     ContextsNorm: 0.00000000
Epoch: 230      Batch:   0      Loss: 0.01211344     ContextsNorm: 0.00000000
Epoch: 240      Batch:   0      Loss: 0.01211508     ContextsNorm: 0.00000000
Epoch: 250      Batch:   0      Loss: 0.01211336     ContextsNorm: 0.00000000
Epoch: 260      Batch:   0      Loss: 0.01211282     ContextsNorm: 0.00000000
Epoch: 270      Batch:   0      Loss: 0.01211231     ContextsNorm: 0.00000000
Epoch: 280      Batch:   0      Loss: 0.01211300     ContextsNorm: 0.00000000
Epoch: 290      Batch:   0      Loss: 0.01211307     ContextsNorm: 0.00000000
Epoch: 300      Batch:   0      Loss: 0.01211289     ContextsNorm: 0.00000000
Epoch: 310      Batch:   0      Loss: 0.01211253     ContextsNorm: 0.00000000
Epoch: 320      Batch:   0      Loss: 0.01211253     ContextsNorm: 0.00000000
Epoch: 330      Batch:   0      Loss: 0.01211153     ContextsNorm: 0.00000000
Epoch: 340      Batch:   0      Loss: 0.01211088     ContextsNorm: 0.00000000
Epoch: 350      Batch:   0      Loss: 0.01211134     ContextsNorm: 0.00000000
Epoch: 360      Batch:   0      Loss: 0.01210996     ContextsNorm: 0.00000000
Epoch: 370      Batch:   0      Loss: 0.01210989     ContextsNorm: 0.00000000
Epoch: 380      Batch:   0      Loss: 0.01210930     ContextsNorm: 0.00000000
Epoch: 390      Batch:   0      Loss: 0.01210869     ContextsNorm: 0.00000000
Epoch: 400      Batch:   0      Loss: 0.01210705     ContextsNorm: 0.00000000
Epoch: 410      Batch:   0      Loss: 0.01210906     ContextsNorm: 0.00000000
Epoch: 420      Batch:   0      Loss: 0.01210678     ContextsNorm: 0.00000000
Epoch: 430      Batch:   0      Loss: 0.01210844     ContextsNorm: 0.00000000
Epoch: 440      Batch:   0      Loss: 0.01210843     ContextsNorm: 0.00000000
Epoch: 450      Batch:   0      Loss: 0.01210779     ContextsNorm: 0.00000000
Epoch: 460      Batch:   0      Loss: 0.01210563     ContextsNorm: 0.00000000
Epoch: 470      Batch:   0      Loss: 0.01210578     ContextsNorm: 0.00000000
Epoch: 480      Batch:   0      Loss: 0.01210584     ContextsNorm: 0.00000000
Epoch: 490      Batch:   0      Loss: 0.01210552     ContextsNorm: 0.00000000
Epoch: 499      Batch:   0      Loss: 0.01210607     ContextsNorm: 0.00000000

Total gradient descent training time: 0 hours 0 mins 41 secs

    Test loss value: 8.08e-03 ± 0.00e+00
    Train loss value for criterion 0: 1.21e-02
Loss per OoD environment: [0.008076244965195656]

==  Begining artefacts visualisation ... ==
    Visualized context dimensions along x: [5 6 6]
    Visualized context dimensions along y: [2 7 6]
No adaptation contexts found. Using latest found.
Saving artefacts in: ./runs/241207-204554/adapt/artefacts_4_5.png
No artists with labels found to put in legend.  Note that artists whose label start with an underscore are ignored when legend() is called with no argument.
No artists with labels found to put in legend.  Note that artists whose label start with an underscore are ignored when legend() is called with no argument.
No artists with labels found to put in legend.  Note that artists whose label start with an underscore are ignored when legend() is called with no argument.

==  Begining out-of-distribution dynamics visualisation ... ==
    Trajectory id: 0
    Visualized dimensions: (0, 1)
WARNING: No specific adaptation contexts found. Using latest found.
Testing finished. Figure saved in: ./runs/241207-204554/adapt/dynamics_ood_4_5.png

==  Begining context clusters visualisation with t-SNE ... ==
    Visualising the parameters (either vectors or function weights)
    Visualising predictions from the contexts (reconstituted as functions)
WARNING: No context utilities found, meaning inf dim context are not used. Using randoms.
Saving context clusters in: ./runs/241207-204554/adapt/context_clusters.png
