
############# Contextual Self-Modulation #############

Jax version: 0.4.28
Available devices: [cuda(id=0)]
Created a new run folder at: ./240724-100522/
Completed copied scripts 


Total number of parameters in the model: 5998
Total number of parameters in the contexts: 3492


=== Beginning meta training ... ===
    Number of examples in a batch: 9
    Total number of batches : 1
    Numbers of inner steps : 5
    Training on 1 batches
    Validating on 1 batches
     ### (Re)Compiling function: outer_train_step ...  
     ### (Re)Compiling function: inner_train_step ...  
Epoch:   0      Batch:   0    Loss: 3.16918254     ContextsNorm: 0.00194322
     ### (Re)Compiling function: adapt_step_cavia ...  
     Validation Criterion: 2.46726036
     Saving best model so far ...
Epoch: 100      Batch:   0    Loss: 0.02953797     ContextsNorm: 0.03191518
     ### (Re)Compiling function: adapt_step_cavia ...  
     Validation Criterion: 1.03934145
     Saving best model so far ...
Epoch: 200      Batch:   0    Loss: 0.00830036     ContextsNorm: 0.01772662
     ### (Re)Compiling function: adapt_step_cavia ...  
     Validation Criterion: 0.41682696
     Saving best model so far ...
Epoch: 300      Batch:   0    Loss: 0.00520874     ContextsNorm: 0.01313727
     ### (Re)Compiling function: adapt_step_cavia ...  
     Validation Criterion: 0.26912639
     Saving best model so far ...
Epoch: 400      Batch:   0    Loss: 0.00397518     ContextsNorm: 0.01396265
     ### (Re)Compiling function: adapt_step_cavia ...  
     Validation Criterion: 0.27522680
Epoch: 500      Batch:   0    Loss: 0.00409277     ContextsNorm: 0.01892968
     ### (Re)Compiling function: adapt_step_cavia ...  
     Validation Criterion: 0.41382152
Epoch: 600      Batch:   0    Loss: 0.00285271     ContextsNorm: 0.02055372
     ### (Re)Compiling function: adapt_step_cavia ...  
     Validation Criterion: 0.49400780
Epoch: 700      Batch:   0    Loss: 0.00324586     ContextsNorm: 0.02179911
     ### (Re)Compiling function: adapt_step_cavia ...  
     Validation Criterion: 0.55945283
Epoch: 800      Batch:   0    Loss: 0.00277226     ContextsNorm: 0.02115998
     ### (Re)Compiling function: adapt_step_cavia ...  
     Validation Criterion: 0.54652572
Epoch: 900      Batch:   0    Loss: 0.15062027     ContextsNorm: 0.02159180
     ### (Re)Compiling function: adapt_step_cavia ...  
     Validation Criterion: 0.58150429
Epoch: 1000      Batch:   0    Loss: 0.14964238     ContextsNorm: 0.02153576
     ### (Re)Compiling function: adapt_step_cavia ...  
     Validation Criterion: 0.58020043
Epoch: 1100      Batch:   0    Loss: 0.14977323     ContextsNorm: 0.02154134
     ### (Re)Compiling function: adapt_step_cavia ...  
     Validation Criterion: 0.58020055
Epoch: 1200      Batch:   0    Loss: 0.14996281     ContextsNorm: 0.02153943
     ### (Re)Compiling function: adapt_step_cavia ...  
     Validation Criterion: 0.58020061
Epoch: 1300      Batch:   0    Loss: 0.15053509     ContextsNorm: 0.02153858
     ### (Re)Compiling function: adapt_step_cavia ...  
     Validation Criterion: 0.58020061
Epoch: 1400      Batch:   0    Loss: 0.15030137     ContextsNorm: 0.02153436
     ### (Re)Compiling function: adapt_step_cavia ...  
     Validation Criterion: 0.58020049
Epoch: 1500      Batch:   0    Loss: 0.15002076     ContextsNorm: 0.02153218
     ### (Re)Compiling function: adapt_step_cavia ...  
     Validation Criterion: 0.58020055
Epoch: 1600      Batch:   0    Loss: 0.15087341     ContextsNorm: 0.02153160
     ### (Re)Compiling function: adapt_step_cavia ...  
     Validation Criterion: 0.58020055
Epoch: 1700      Batch:   0    Loss: 0.15013456     ContextsNorm: 0.02153334
     ### (Re)Compiling function: adapt_step_cavia ...  
     Validation Criterion: 0.58020055
Epoch: 1800      Batch:   0    Loss: 0.15068343     ContextsNorm: 0.02153106
     ### (Re)Compiling function: adapt_step_cavia ...  
     Validation Criterion: 0.58020055
Epoch: 1900      Batch:   0    Loss: 0.15010555     ContextsNorm: 0.02153591
     ### (Re)Compiling function: adapt_step_cavia ...  
     Validation Criterion: 0.58020055
Epoch: 2000      Batch:   0    Loss: 0.15040740     ContextsNorm: 0.02153221
     ### (Re)Compiling function: adapt_step_cavia ...  
     Validation Criterion: 0.58020049
Epoch: 2100      Batch:   0    Loss: 0.15080777     ContextsNorm: 0.02153667
     ### (Re)Compiling function: adapt_step_cavia ...  
     Validation Criterion: 0.58020055
Epoch: 2200      Batch:   0    Loss: 0.15017411     ContextsNorm: 0.02152831
     ### (Re)Compiling function: adapt_step_cavia ...  
     Validation Criterion: 0.58020061
Epoch: 2300      Batch:   0    Loss: 0.14938514     ContextsNorm: 0.02153877
     ### (Re)Compiling function: adapt_step_cavia ...  
     Validation Criterion: 0.58020061
Epoch: 2400      Batch:   0    Loss: 0.15129893     ContextsNorm: 0.02153368
     ### (Re)Compiling function: adapt_step_cavia ...  
     Validation Criterion: 0.58020061
Epoch: 2500      Batch:   0    Loss: 0.15042646     ContextsNorm: 0.02153076
     ### (Re)Compiling function: adapt_step_cavia ...  
     Validation Criterion: 0.58020061
Epoch: 2600      Batch:   0    Loss: 0.15033722     ContextsNorm: 0.02153007
     ### (Re)Compiling function: adapt_step_cavia ...  
     Validation Criterion: 0.58020055
Epoch: 2700      Batch:   0    Loss: 0.14977890     ContextsNorm: 0.02152472
     ### (Re)Compiling function: adapt_step_cavia ...  
     Validation Criterion: 0.58020061
Epoch: 2800      Batch:   0    Loss: 0.15001240     ContextsNorm: 0.02154257
     ### (Re)Compiling function: adapt_step_cavia ...  
     Validation Criterion: 0.58020055
Epoch: 2900      Batch:   0    Loss: 0.15021962     ContextsNorm: 0.02153082
     ### (Re)Compiling function: adapt_step_cavia ...  
     Validation Criterion: 0.58020055
Epoch: 3000      Batch:   0    Loss: 0.14990349     ContextsNorm: 0.02152827
     ### (Re)Compiling function: adapt_step_cavia ...  
     Validation Criterion: 0.58020055
Epoch: 3100      Batch:   0    Loss: 0.15048027     ContextsNorm: 0.02154032
     ### (Re)Compiling function: adapt_step_cavia ...  
     Validation Criterion: 0.58020055
Epoch: 3200      Batch:   0    Loss: 0.14984557     ContextsNorm: 0.02153007
     ### (Re)Compiling function: adapt_step_cavia ...  
     Validation Criterion: 0.58020055
Epoch: 3300      Batch:   0    Loss: 0.15045327     ContextsNorm: 0.02154006
     ### (Re)Compiling function: adapt_step_cavia ...  
     Validation Criterion: 0.58020055
Epoch: 3400      Batch:   0    Loss: 0.15042588     ContextsNorm: 0.02154302
     ### (Re)Compiling function: adapt_step_cavia ...  
     Validation Criterion: 0.58020061
Epoch: 3500      Batch:   0    Loss: 0.15001662     ContextsNorm: 0.02153525
     ### (Re)Compiling function: adapt_step_cavia ...  
     Validation Criterion: 0.58020055
Epoch: 3600      Batch:   0    Loss: 0.15049641     ContextsNorm: 0.02153510
     ### (Re)Compiling function: adapt_step_cavia ...  
     Validation Criterion: 0.58020055
Epoch: 3700      Batch:   0    Loss: 0.15050717     ContextsNorm: 0.02153225
     ### (Re)Compiling function: adapt_step_cavia ...  
     Validation Criterion: 0.58020055
Epoch: 3800      Batch:   0    Loss: 0.15059546     ContextsNorm: 0.02153110
     ### (Re)Compiling function: adapt_step_cavia ...  
     Validation Criterion: 0.58020055
Epoch: 3900      Batch:   0    Loss: 0.15054269     ContextsNorm: 0.02153717
     ### (Re)Compiling function: adapt_step_cavia ...  
     Validation Criterion: 0.58020061
Epoch: 4000      Batch:   0    Loss: 0.15032081     ContextsNorm: 0.02153995
     ### (Re)Compiling function: adapt_step_cavia ...  
     Validation Criterion: 0.58020055
Epoch: 4100      Batch:   0    Loss: 0.15045217     ContextsNorm: 0.02153394
     ### (Re)Compiling function: adapt_step_cavia ...  
     Validation Criterion: 0.58020055
Epoch: 4200      Batch:   0    Loss: 0.15017816     ContextsNorm: 0.02153801
     ### (Re)Compiling function: adapt_step_cavia ...  
     Validation Criterion: 0.58020055
Epoch: 4300      Batch:   0    Loss: 0.15054858     ContextsNorm: 0.02152175
     ### (Re)Compiling function: adapt_step_cavia ...  
     Validation Criterion: 0.58020049
Epoch: 4400      Batch:   0    Loss: 0.15042925     ContextsNorm: 0.02152744
     ### (Re)Compiling function: adapt_step_cavia ...  
     Validation Criterion: 0.58020055
Epoch: 4500      Batch:   0    Loss: 0.15020819     ContextsNorm: 0.02153443
     ### (Re)Compiling function: adapt_step_cavia ...  
     Validation Criterion: 0.58020061
Epoch: 4600      Batch:   0    Loss: 0.15023419     ContextsNorm: 0.02154006
     ### (Re)Compiling function: adapt_step_cavia ...  
     Validation Criterion: 0.58020061
Epoch: 4700      Batch:   0    Loss: 0.15012495     ContextsNorm: 0.02153893
     ### (Re)Compiling function: adapt_step_cavia ...  
     Validation Criterion: 0.58020055
Epoch: 4800      Batch:   0    Loss: 0.15022418     ContextsNorm: 0.02154272
     ### (Re)Compiling function: adapt_step_cavia ...  
     Validation Criterion: 0.58020055
Epoch: 4900      Batch:   0    Loss: 0.15008307     ContextsNorm: 0.02153278
     ### (Re)Compiling function: adapt_step_cavia ...  
     Validation Criterion: 0.58020055
Epoch: 4999      Batch:   0    Loss: 0.14998259     ContextsNorm: 0.02154144

Total gradient descent training time: 0 hours 48 mins 4 secs
    Creating a new model with taylor order 0 ...
Using any previrouly defined optimizer for adapation


=== Beginning adaptation ... ===
    Number of environment batches: 1
    Number of envs train steps per batch: 5
    Total number of training steps: 5
     ### (Re)Compiling function: adapt_step_cavia ...  
    Batch:   0     Loss: 0.16273753        OtherNorms: [0.16273753 0.03012475 0.        ]
Total gradient descent adaptation time: 0 hours 0 mins 1 secs
==  Testing finished ... ==
    Criterion loss value: 0.58020055
==  Begining artefacts visualisation ... ==
    Visualized context dimensions along x: [8 8 9]
    Visualized context dimensions along y: [ 2 11  8]
Saving artefacts in: ./240724-100522/artefacts.png
==  Begining in-domain dynamics visualisation ... ==
    Trajectory id: 0
    Visualized dimensions: (0, 1)
Testing finished. Figure saved in: ./240724-100522/dynamics.png
    Creating a new model with taylor order 0 ...
Using any previrouly defined optimizer for adapation


=== Beginning adaptation ... ===
    Number of environment batches: 1
    Number of envs train steps per batch: 5
    Total number of training steps: 5
     ### (Re)Compiling function: adapt_step_cavia ...  
    Batch:   0     Loss: 0.13207959        OtherNorms: [0.13207959 0.03216234 0.        ]
Total gradient descent adaptation time: 0 hours 0 mins 1 secs
==  Testing finished ... ==
    Criterion loss value: 0.6005156
==  Begining artefacts visualisation ... ==
    Visualized context dimensions along x: [8 8 9]
    Visualized context dimensions along y: [ 2 11  8]
Saving artefacts in: ./240724-100522/adapt/artefacts.png
