
############# Contextual Self-Modulation #############

Jax version: 0.4.28
Available devices: [cuda(id=0)]
New run folder created successfuly: ./CAVIA/240823-080357/
Completed copied scripts 
    Using all environments to estimate the global training loss function ...


Total number of parameters in the model: 7459
Total number of parameters in one context: 128


=== Beginning Meta-Training ... ===
    Number of examples in a batch: 1020
    Total number of batches : 160
    Numbers of inner steps : 5
    Training on 1 batches
    Validating on 1 batches
     ### (Re)Compiling function: outer_train_step ...  
     ### (Re)Compiling function: inner_train_step ...  
Epoch:   0      Batch:   0    Loss: 0.59000462     ContextsNorm: 0.00000000      WallTime(s):      3
     ### (Re)Compiling function: adapt_step_cavia ...  
        Validation Criterion: 0.52007866
        Saving best model so far ...
Epoch: 100      Batch:   0    Loss: 0.08481702     ContextsNorm: 0.00000000      WallTime(s):    238
     ### (Re)Compiling function: adapt_step_cavia ...  
        Validation Criterion: 0.08504671
        Saving best model so far ...
Epoch: 200      Batch:   0    Loss: 0.08424050     ContextsNorm: 0.00000000      WallTime(s):    481
     ### (Re)Compiling function: adapt_step_cavia ...  
        Validation Criterion: 0.08458269
        Saving best model so far ...
Epoch: 300      Batch:   0    Loss: 0.05825933     ContextsNorm: 0.00000000      WallTime(s):    730
     ### (Re)Compiling function: adapt_step_cavia ...  
        Validation Criterion: 0.06996457
        Saving best model so far ...
Epoch: 400      Batch:   0    Loss: 0.05799985     ContextsNorm: 0.00000000      WallTime(s):    977
     ### (Re)Compiling function: adapt_step_cavia ...  
        Validation Criterion: 0.06975540
        Saving best model so far ...
Epoch: 500      Batch:   0    Loss: 0.05792766     ContextsNorm: 0.00000000      WallTime(s):   1226
     ### (Re)Compiling function: adapt_step_cavia ...  
        Validation Criterion: 0.06965201
        Saving best model so far ...
Epoch: 600      Batch:   0    Loss: 0.05785489     ContextsNorm: 0.00000000      WallTime(s):   1470
     ### (Re)Compiling function: adapt_step_cavia ...  
        Validation Criterion: 0.06955471
        Saving best model so far ...
Epoch: 700      Batch:   0    Loss: 0.05776192     ContextsNorm: 0.00000000      WallTime(s):   1716
     ### (Re)Compiling function: adapt_step_cavia ...  
        Validation Criterion: 0.06942654
        Saving best model so far ...
Epoch: 800      Batch:   0    Loss: 0.05763420     ContextsNorm: 0.00000000      WallTime(s):   1965
     ### (Re)Compiling function: adapt_step_cavia ...  
        Validation Criterion: 0.06926789
        Saving best model so far ...
Epoch: 900      Batch:   0    Loss: 0.05745923     ContextsNorm: 0.00000000      WallTime(s):   2216
     ### (Re)Compiling function: adapt_step_cavia ...  
        Validation Criterion: 0.06906784
        Saving best model so far ...
Epoch: 1000      Batch:   0    Loss: 0.05722573     ContextsNorm: 0.00000000      WallTime(s):   2464
     ### (Re)Compiling function: adapt_step_cavia ...  
        Validation Criterion: 0.06884645
        Saving best model so far ...
Epoch: 1100      Batch:   0    Loss: 0.05695147     ContextsNorm: 0.00000000      WallTime(s):   2712
     ### (Re)Compiling function: adapt_step_cavia ...  
        Validation Criterion: 0.06873931
        Saving best model so far ...
Epoch: 1200      Batch:   0    Loss: 0.05670271     ContextsNorm: 0.00000000      WallTime(s):   2959
     ### (Re)Compiling function: adapt_step_cavia ...  
        Validation Criterion: 0.06851589
        Saving best model so far ...
Epoch: 1300      Batch:   0    Loss: 0.05645346     ContextsNorm: 0.00000000      WallTime(s):   3211
     ### (Re)Compiling function: adapt_step_cavia ...  
        Validation Criterion: 0.06825044
        Saving best model so far ...
Epoch: 1400      Batch:   0    Loss: 0.05621085     ContextsNorm: 0.00000000      WallTime(s):   3451
     ### (Re)Compiling function: adapt_step_cavia ...  
        Validation Criterion: 0.06796009
        Saving best model so far ...
Epoch: 1500      Batch:   0    Loss: 0.05599523     ContextsNorm: 0.00000000      WallTime(s):   3698
     ### (Re)Compiling function: adapt_step_cavia ...  
        Validation Criterion: 0.06766975
        Saving best model so far ...
Epoch: 1600      Batch:   0    Loss: 0.05584305     ContextsNorm: 0.00000000      WallTime(s):   3948
     ### (Re)Compiling function: adapt_step_cavia ...  
        Validation Criterion: 0.06743764
        Saving best model so far ...
Epoch: 1700      Batch:   0    Loss: 0.05576304     ContextsNorm: 0.00000000      WallTime(s):   4190
     ### (Re)Compiling function: adapt_step_cavia ...  
        Validation Criterion: 0.06728890
        Saving best model so far ...
Epoch: 1800      Batch:   0    Loss: 0.05569800     ContextsNorm: 0.00000000      WallTime(s):   4438
     ### (Re)Compiling function: adapt_step_cavia ...  
        Validation Criterion: 0.06721910
        Saving best model so far ...
Epoch: 1900      Batch:   0    Loss: 0.05539713     ContextsNorm: 0.00000000      WallTime(s):   4686
     ### (Re)Compiling function: adapt_step_cavia ...  
        Validation Criterion: 0.06713761
        Saving best model so far ...
Epoch: 1999      Batch:   0    Loss: 0.04868666     ContextsNorm: 0.00000000      WallTime(s):   4934
     ### (Re)Compiling function: adapt_step_cavia ...  
        Validation Criterion: 0.06801558

Total gradient descent training time: 1 hours 22 mins 21 secs
Using any previrouly defined optimizer for adapation

=== Beginning Meta-Testing ... ===
    Number of environment batches: 160
    Number of envs train steps per batch: 5
    Total number of training steps: 800
    Adapting on 1 batches
     ### (Re)Compiling function: adapt_step_cavia ...  
    Batch:   0     Loss: 0.05593940        OtherNorms: [0.0559394 0.        0.       ]
Total gradient descent adaptation time: 0 hours 0 mins 6 secs

    Test loss value: 6.71e-02 ± 2.80e-02
    Train loss value for criterion 0: 5.59e-02

==  Begining artefacts visualisation ... ==
    Visualized context dimensions along x: [64 80 24]
    Visualized context dimensions along y: [ 38 100  62]
Saving artefacts in: ./CAVIA/240823-080357/artefacts.png

==  Begining in-domain CelebA visualisation ... ==
    Environment ids: range(0, 6)
     ### (Re)Compiling function: adapt_step_cavia ...  
Saving visualization in: ./CAVIA/240823-080357/few_shots_ind.png
Using any previrouly defined optimizer for adapation

=== Beginning Meta-Testing ... ===
    Number of environment batches: 20
    Number of envs train steps per batch: 5
    Total number of training steps: 100
    Adapting on 1 batches
     ### (Re)Compiling function: adapt_step_cavia ...  
    Batch:   0     Loss: 0.05542727        OtherNorms: [0.05542727 0.         0.        ]
Total gradient descent adaptation time: 0 hours 0 mins 2 secs

    Test loss value: 6.64e-02 ± 2.94e-02
    Train loss value for criterion 0: 5.54e-02
Using any previrouly defined optimizer for adapation

=== Beginning Meta-Testing ... ===
    Number of environment batches: 20
    Number of envs train steps per batch: 5
    Total number of training steps: 100
    Adapting on 1 batches
     ### (Re)Compiling function: adapt_step_cavia ...  
    Batch:   0     Loss: 0.05615800        OtherNorms: [0.056158 0.       0.      ]
Total gradient descent adaptation time: 0 hours 0 mins 2 secs

    Test loss value: 6.83e-02 ± 2.93e-02
    Train loss value for criterion 0: 5.62e-02

==  Begining artefacts visualisation ... ==
    Visualized context dimensions along x: [64 80 24]
    Visualized context dimensions along y: [ 38 100  62]
No contexts found. Using zeros.
Saving artefacts in: ./CAVIA/240823-080357/adapt/artefacts.png

==  Begining in-domain CelebA visualisation ... ==
    Environment ids: range(0, 6)
     ### (Re)Compiling function: adapt_step_cavia ...  
Saving visualization in: ./CAVIA/240823-080357/adapt/few_shots_ood.png
