
############# Contextual Self-Modulation #############

Jax version: 0.4.28
Available devices: [cuda(id=0)]
Created a new run folder at: ./240724-052128/
Completed copied scripts 


Total number of parameters in the model: 5998
Total number of parameters in the contexts: 3492


=== Beginning meta training ... ===
    Number of examples in a batch: 9
    Total number of batches : 1
    Numbers of inner steps : 5
    Training on 1 batches
    Validating on 1 batches
     ### (Re)Compiling function: outer_train_step ...  
     ### (Re)Compiling function: inner_train_step ...  
Epoch:   0      Batch:   0    Loss: 1.61221981     ContextsNorm: 0.00116022
     ### (Re)Compiling function: adapt_step_cavia ...  
     Validation Criterion: 1.15608454
     Saving best model so far ...
Epoch: 100      Batch:   0    Loss: 0.00975212     ContextsNorm: 0.00461504
     ### (Re)Compiling function: adapt_step_cavia ...  
     Validation Criterion: 0.06019353
     Saving best model so far ...
Epoch: 200      Batch:   0    Loss: 0.00558276     ContextsNorm: 0.00547822
     ### (Re)Compiling function: adapt_step_cavia ...  
     Validation Criterion: 0.06913706
Epoch: 300      Batch:   0    Loss: 0.00314809     ContextsNorm: 0.00801016
     ### (Re)Compiling function: adapt_step_cavia ...  
     Validation Criterion: 0.13745748
Epoch: 400      Batch:   0    Loss: 0.00184142     ContextsNorm: 0.00699078
     ### (Re)Compiling function: adapt_step_cavia ...  
     Validation Criterion: 0.09679018
Epoch: 500      Batch:   0    Loss: 0.00090901     ContextsNorm: 0.00418919
     ### (Re)Compiling function: adapt_step_cavia ...  
     Validation Criterion: 0.04427649
     Saving best model so far ...
Epoch: 600      Batch:   0    Loss: 0.00077714     ContextsNorm: 0.00338328
     ### (Re)Compiling function: adapt_step_cavia ...  
     Validation Criterion: 0.03248408
     Saving best model so far ...
Epoch: 700      Batch:   0    Loss: 0.00044547     ContextsNorm: 0.00342628
     ### (Re)Compiling function: adapt_step_cavia ...  
     Validation Criterion: 0.03270892
Epoch: 800      Batch:   0    Loss: 0.00044015     ContextsNorm: 0.00330140
     ### (Re)Compiling function: adapt_step_cavia ...  
     Validation Criterion: 0.03057179
     Saving best model so far ...
Epoch: 900      Batch:   0    Loss: 0.00042384     ContextsNorm: 0.00333173
     ### (Re)Compiling function: adapt_step_cavia ...  
     Validation Criterion: 0.02977458
     Saving best model so far ...
Epoch: 1000      Batch:   0    Loss: 0.00026404     ContextsNorm: 0.00339514
     ### (Re)Compiling function: adapt_step_cavia ...  
     Validation Criterion: 0.02823534
     Saving best model so far ...
Epoch: 1100      Batch:   0    Loss: 0.00022790     ContextsNorm: 0.00354467
     ### (Re)Compiling function: adapt_step_cavia ...  
     Validation Criterion: 0.03125928
Epoch: 1200      Batch:   0    Loss: 0.00019657     ContextsNorm: 0.00366713
     ### (Re)Compiling function: adapt_step_cavia ...  
     Validation Criterion: 0.03376710
Epoch: 1300      Batch:   0    Loss: 0.00019095     ContextsNorm: 0.00384641
     ### (Re)Compiling function: adapt_step_cavia ...  
     Validation Criterion: 0.03483690
Epoch: 1400      Batch:   0    Loss: 0.00016761     ContextsNorm: 0.00379246
     ### (Re)Compiling function: adapt_step_cavia ...  
     Validation Criterion: 0.03518165
Epoch: 1500      Batch:   0    Loss: 0.00013636     ContextsNorm: 0.00380367
     ### (Re)Compiling function: adapt_step_cavia ...  
     Validation Criterion: 0.03515974
Epoch: 1600      Batch:   0    Loss: 0.00014260     ContextsNorm: 0.00381498
     ### (Re)Compiling function: adapt_step_cavia ...  
     Validation Criterion: 0.03541845
Epoch: 1700      Batch:   0    Loss: 0.00013745     ContextsNorm: 0.00378118
     ### (Re)Compiling function: adapt_step_cavia ...  
     Validation Criterion: 0.03500357
Epoch: 1800      Batch:   0    Loss: 0.00012915     ContextsNorm: 0.00402650
     ### (Re)Compiling function: adapt_step_cavia ...  
     Validation Criterion: 0.03774392
Epoch: 1900      Batch:   0    Loss: 0.00014715     ContextsNorm: 0.00401909
     ### (Re)Compiling function: adapt_step_cavia ...  
     Validation Criterion: 0.03763922
Epoch: 2000      Batch:   0    Loss: 0.00014433     ContextsNorm: 0.00414947
     ### (Re)Compiling function: adapt_step_cavia ...  
     Validation Criterion: 0.04037586
Epoch: 2100      Batch:   0    Loss: 0.00012017     ContextsNorm: 0.00398946
     ### (Re)Compiling function: adapt_step_cavia ...  
     Validation Criterion: 0.03834458
Epoch: 2200      Batch:   0    Loss: 0.00010824     ContextsNorm: 0.00414381
     ### (Re)Compiling function: adapt_step_cavia ...  
     Validation Criterion: 0.04129779
Epoch: 2300      Batch:   0    Loss: 0.00010068     ContextsNorm: 0.00407455
     ### (Re)Compiling function: adapt_step_cavia ...  
     Validation Criterion: 0.03961832
Epoch: 2400      Batch:   0    Loss: 0.00021368     ContextsNorm: 0.00410982
     ### (Re)Compiling function: adapt_step_cavia ...  
     Validation Criterion: 0.04072316
Epoch: 2500      Batch:   0    Loss: 0.00020292     ContextsNorm: 0.00419289
     ### (Re)Compiling function: adapt_step_cavia ...  
     Validation Criterion: 0.04208309
Epoch: 2600      Batch:   0    Loss: 0.00011979     ContextsNorm: 0.00429535
     ### (Re)Compiling function: adapt_step_cavia ...  
     Validation Criterion: 0.04197962
Epoch: 2700      Batch:   0    Loss: 0.00010717     ContextsNorm: 0.00426887
     ### (Re)Compiling function: adapt_step_cavia ...  
     Validation Criterion: 0.04227908
Epoch: 2800      Batch:   0    Loss: 0.00013631     ContextsNorm: 0.00430988
     ### (Re)Compiling function: adapt_step_cavia ...  
     Validation Criterion: 0.04155223
Epoch: 2900      Batch:   0    Loss: 0.00013334     ContextsNorm: 0.00415380
     ### (Re)Compiling function: adapt_step_cavia ...  
     Validation Criterion: 0.04024893
Epoch: 3000      Batch:   0    Loss: 0.00010982     ContextsNorm: 0.00418904
     ### (Re)Compiling function: adapt_step_cavia ...  
     Validation Criterion: 0.04218820
Epoch: 3100      Batch:   0    Loss: 0.00009483     ContextsNorm: 0.00410371
     ### (Re)Compiling function: adapt_step_cavia ...  
     Validation Criterion: 0.03955585
Epoch: 3200      Batch:   0    Loss: 0.00011048     ContextsNorm: 0.00429404
     ### (Re)Compiling function: adapt_step_cavia ...  
     Validation Criterion: 0.04116954
Epoch: 3300      Batch:   0    Loss: 0.00011638     ContextsNorm: 0.00431539
     ### (Re)Compiling function: adapt_step_cavia ...  
     Validation Criterion: 0.04076956
Epoch: 3400      Batch:   0    Loss: 0.00008014     ContextsNorm: 0.00419969
     ### (Re)Compiling function: adapt_step_cavia ...  
     Validation Criterion: 0.04033866
Epoch: 3500      Batch:   0    Loss: 0.00011985     ContextsNorm: 0.00407018
     ### (Re)Compiling function: adapt_step_cavia ...  
     Validation Criterion: 0.04095641
Epoch: 3600      Batch:   0    Loss: 0.00007947     ContextsNorm: 0.00429749
     ### (Re)Compiling function: adapt_step_cavia ...  
     Validation Criterion: 0.04240089
Epoch: 3700      Batch:   0    Loss: 0.00007532     ContextsNorm: 0.00426963
     ### (Re)Compiling function: adapt_step_cavia ...  
     Validation Criterion: 0.04248465
Epoch: 3800      Batch:   0    Loss: 0.00009786     ContextsNorm: 0.00418532
     ### (Re)Compiling function: adapt_step_cavia ...  
     Validation Criterion: 0.03999927
Epoch: 3900      Batch:   0    Loss: 0.00010876     ContextsNorm: 0.00420845
     ### (Re)Compiling function: adapt_step_cavia ...  
     Validation Criterion: 0.04112472
Epoch: 4000      Batch:   0    Loss: 0.00007045     ContextsNorm: 0.00424681
     ### (Re)Compiling function: adapt_step_cavia ...  
     Validation Criterion: 0.04324387
Epoch: 4100      Batch:   0    Loss: 0.00016402     ContextsNorm: 0.00403904
     ### (Re)Compiling function: adapt_step_cavia ...  
     Validation Criterion: 0.04071090
Epoch: 4200      Batch:   0    Loss: 0.00006630     ContextsNorm: 0.00448313
     ### (Re)Compiling function: adapt_step_cavia ...  
     Validation Criterion: 0.04499995
Epoch: 4300      Batch:   0    Loss: 0.00007316     ContextsNorm: 0.00442549
     ### (Re)Compiling function: adapt_step_cavia ...  
     Validation Criterion: 0.04449543
Epoch: 4400      Batch:   0    Loss: 0.00008508     ContextsNorm: 0.00440017
     ### (Re)Compiling function: adapt_step_cavia ...  
     Validation Criterion: 0.04355840
Epoch: 4500      Batch:   0    Loss: 0.00011429     ContextsNorm: 0.00445781
     ### (Re)Compiling function: adapt_step_cavia ...  
     Validation Criterion: 0.04452626
Epoch: 4600      Batch:   0    Loss: 0.00007748     ContextsNorm: 0.00436897
     ### (Re)Compiling function: adapt_step_cavia ...  
     Validation Criterion: 0.04653509
Epoch: 4700      Batch:   0    Loss: 0.00007481     ContextsNorm: 0.00427818
     ### (Re)Compiling function: adapt_step_cavia ...  
     Validation Criterion: 0.04396180
Epoch: 4800      Batch:   0    Loss: 0.00011098     ContextsNorm: 0.00445949
     ### (Re)Compiling function: adapt_step_cavia ...  
     Validation Criterion: 0.04131417
Epoch: 4900      Batch:   0    Loss: 0.00005531     ContextsNorm: 0.00433405
     ### (Re)Compiling function: adapt_step_cavia ...  
     Validation Criterion: 0.04309532
Epoch: 4999      Batch:   0    Loss: 0.00005970     ContextsNorm: 0.00447334

Total gradient descent training time: 0 hours 47 mins 57 secs
    Creating a new model with taylor order 0 ...
Using any previrouly defined optimizer for adapation


=== Beginning adaptation ... ===
    Number of environment batches: 1
    Number of envs train steps per batch: 5
    Total number of training steps: 5
     ### (Re)Compiling function: adapt_step_cavia ...  
    Batch:   0     Loss: 0.00139485        OtherNorms: [0.00139485 0.00585429 0.        ]
Total gradient descent adaptation time: 0 hours 0 mins 1 secs
==  Testing finished ... ==
    Criterion loss value: 0.043095328
==  Begining artefacts visualisation ... ==
    Visualized context dimensions along x: [8 3 2]
    Visualized context dimensions along y: [2 4 8]
Saving artefacts in: ./240724-052128/artefacts.png
==  Begining in-domain dynamics visualisation ... ==
    Trajectory id: 0
    Visualized dimensions: (0, 1)
Testing finished. Figure saved in: ./240724-052128/dynamics.png
    Creating a new model with taylor order 0 ...
Using any previrouly defined optimizer for adapation


=== Beginning adaptation ... ===
    Number of environment batches: 1
    Number of envs train steps per batch: 5
    Total number of training steps: 5
     ### (Re)Compiling function: adapt_step_cavia ...  
    Batch:   0     Loss: 0.00041040        OtherNorms: [0.0004104  0.00619884 0.        ]
Total gradient descent adaptation time: 0 hours 0 mins 1 secs
==  Testing finished ... ==
    Criterion loss value: 0.04256853
==  Begining artefacts visualisation ... ==
    Visualized context dimensions along x: [8 3 2]
    Visualized context dimensions along y: [2 4 8]
Saving artefacts in: ./240724-052128/adapt/artefacts.png
