2024-07-20 15:18:01.706688: W external/xla/xla/service/hlo_rematerialization.cc:2948] Can't reduce memory use below 11.17GiB (11998923472 bytes) by rematerialization; only reduced to 20.91GiB (22453397096 bytes), down from 20.91GiB (22454944060 bytes) originally
2024-07-20 15:18:32.918761: W external/tsl/tsl/framework/bfc_allocator.cc:482] Allocator (GPU_0_bfc) ran out of memory trying to allocate 20.91GiB (rounded to 22451718144)requested by op 
2024-07-20 15:18:32.919225: W external/tsl/tsl/framework/bfc_allocator.cc:494] _________________________________________________________________________________________________**_
E0720 15:18:32.976784 2592429 pjrt_stream_executor_client.cc:2826] Execution of replica 0 failed: RESOURCE_EXHAUSTED: Out of memory while trying to allocate 22451717904 bytes.
BufferAssignment OOM Debugging.
BufferAssignment stats:
             parameter allocation:    1.32MiB
              constant allocation:     3.3KiB
        maybe_live_out allocation:    1.30MiB
     preallocated temp allocation:   20.91GiB
                 total allocation:   20.91GiB
Peak buffers:
	Buffer 1:
		Size: 448.00MiB
		XLA Label: fusion
		Shape: f32[16,16,7,8,2,128,32]
		==========================

	Buffer 2:
		Size: 448.00MiB
		XLA Label: fusion
		Shape: f32[16,16,7,8,2,128,32]
		==========================

	Buffer 3:
		Size: 448.00MiB
		XLA Label: fusion
		Shape: f32[16,16,7,8,2,128,32]
		==========================

	Buffer 4:
		Size: 224.00MiB
		XLA Label: fusion
		Shape: f32[16,16,7,128,256]
		==========================

	Buffer 5:
		Size: 112.00MiB
		XLA Label: fusion
		Shape: f32[16,16,7,8,2,32,32]
		==========================

	Buffer 6:
		Size: 112.00MiB
		XLA Label: fusion
		Shape: f32[16,16,7,8,2,32,32]
		==========================

	Buffer 7:
		Size: 112.00MiB
		XLA Label: fusion
		Shape: f32[16,16,7,8,2,32,32]
		==========================

	Buffer 8:
		Size: 112.00MiB
		XLA Label: fusion
		Shape: f32[16,16,7,8,2,4,256]
		==========================

	Buffer 9:
		Size: 112.00MiB
		XLA Label: fusion
		Shape: f32[16,16,7,8,2,4,256]
		==========================

	Buffer 10:
		Size: 112.00MiB
		XLA Label: fusion
		Shape: f32[16,16,7,8,2,4,256]
		==========================

	Buffer 11:
		Size: 112.00MiB
		XLA Label: fusion
		Shape: f32[16,16,7,128,128]
		==========================

	Buffer 12:
		Size: 112.00MiB
		XLA Label: fusion
		Shape: f32[16,16,7,128,128]
		==========================

	Buffer 13:
		Size: 112.00MiB
		XLA Label: fusion
		Shape: f32[16,16,7,128,128]
		==========================

	Buffer 14:
		Size: 112.00MiB
		XLA Label: fusion
		Shape: f32[16,16,7,8,2,4,256]
		==========================

	Buffer 15:
		Size: 112.00MiB
		XLA Label: fusion
		Shape: f32[16,16,7,8,2,4,256]
		==========================



############# Contextual Self-Modulation #############

Jax version: 0.4.28
Available devices: [cuda(id=0)]
Created a new run folder at: ./runs/240720-151557/
Completed copied scripts 


Total number of parameters in the model: 99726


=== Beginning meta training ... ===
    Number of examples in a batch: 8
    Total number of batches : 1
    Numbers of inner steps : 5
    Training on 1 batches
    Validating on 1 batches
     ### (Re)Compiling function: outer_train_step ...  
     ### (Re)Compiling function: inner_train_step ...  
Traceback (most recent call last):
  File "/home/gb21553/Projects/Self-Mod/examples/forced-o/main_cavia.py", line 252, in <module>
    trainer.meta_train(dataloader=train_dataloader,
  File "/home/gb21553/Projects/Self-Mod/selfmod/trainer.py", line 673, in meta_train
    model, contexts, opt_states, loss, (term1, term2, term3) = outer_train_step(model, contexts, batch, weightings, opt_states, loss_key)
                                                               ^^^^^^^^^^^^^^^^^^^^^^^^^^^^^^^^^^^^^^^^^^^^^^^^^^^^^^^^^^^^^^^^^^^^^^^^^^
  File "/home/gb21553/miniconda3/envs/jax/lib/python3.12/site-packages/equinox/_jit.py", line 205, in __call__
    return self._call(False, args, kwargs)
           ^^^^^^^^^^^^^^^^^^^^^^^^^^^^^^^
  File "/home/gb21553/miniconda3/envs/jax/lib/python3.12/site-packages/equinox/_module.py", line 1056, in __call__
    return self.__func__(self.__self__, *args, **kwargs)
           ^^^^^^^^^^^^^^^^^^^^^^^^^^^^^^^^^^^^^^^^^^^^^
  File "/home/gb21553/miniconda3/envs/jax/lib/python3.12/site-packages/equinox/_jit.py", line 199, in _call
    out = self._cached(dynamic_donate, dynamic_nodonate, static)
          ^^^^^^^^^^^^^^^^^^^^^^^^^^^^^^^^^^^^^^^^^^^^^^^^^^^^^^
jaxlib.xla_extension.XlaRuntimeError: RESOURCE_EXHAUSTED: Out of memory while trying to allocate 22451717904 bytes.
BufferAssignment OOM Debugging.
BufferAssignment stats:
             parameter allocation:    1.32MiB
              constant allocation:     3.3KiB
        maybe_live_out allocation:    1.30MiB
     preallocated temp allocation:   20.91GiB
                 total allocation:   20.91GiB
Peak buffers:
	Buffer 1:
		Size: 448.00MiB
		XLA Label: fusion
		Shape: f32[16,16,7,8,2,128,32]
		==========================

	Buffer 2:
		Size: 448.00MiB
		XLA Label: fusion
		Shape: f32[16,16,7,8,2,128,32]
		==========================

	Buffer 3:
		Size: 448.00MiB
		XLA Label: fusion
		Shape: f32[16,16,7,8,2,128,32]
		==========================

	Buffer 4:
		Size: 224.00MiB
		XLA Label: fusion
		Shape: f32[16,16,7,128,256]
		==========================

	Buffer 5:
		Size: 112.00MiB
		XLA Label: fusion
		Shape: f32[16,16,7,8,2,32,32]
		==========================

	Buffer 6:
		Size: 112.00MiB
		XLA Label: fusion
		Shape: f32[16,16,7,8,2,32,32]
		==========================

	Buffer 7:
		Size: 112.00MiB
		XLA Label: fusion
		Shape: f32[16,16,7,8,2,32,32]
		==========================

	Buffer 8:
		Size: 112.00MiB
		XLA Label: fusion
		Shape: f32[16,16,7,8,2,4,256]
		==========================

	Buffer 9:
		Size: 112.00MiB
		XLA Label: fusion
		Shape: f32[16,16,7,8,2,4,256]
		==========================

	Buffer 10:
		Size: 112.00MiB
		XLA Label: fusion
		Shape: f32[16,16,7,8,2,4,256]
		==========================

	Buffer 11:
		Size: 112.00MiB
		XLA Label: fusion
		Shape: f32[16,16,7,128,128]
		==========================

	Buffer 12:
		Size: 112.00MiB
		XLA Label: fusion
		Shape: f32[16,16,7,128,128]
		==========================

	Buffer 13:
		Size: 112.00MiB
		XLA Label: fusion
		Shape: f32[16,16,7,128,128]
		==========================

	Buffer 14:
		Size: 112.00MiB
		XLA Label: fusion
		Shape: f32[16,16,7,8,2,4,256]
		==========================

	Buffer 15:
		Size: 112.00MiB
		XLA Label: fusion
		Shape: f32[16,16,7,8,2,4,256]
		==========================


--------------------
For simplicity, JAX has removed its internal frames from the traceback of the following exception. Set JAX_TRACEBACK_FILTERING=off to include these.
