
############# Contextual Self-Modulation #############

Jax version: 0.4.28
Available devices: [cuda(id=0)]
Created a new run folder at: ./runs/240721-214759/
Completed copied scripts 


Total number of parameters in the model: 99726


=== Beginning meta training ... ===
    Number of examples in a batch: 9
    Total number of batches : 1
    Numbers of inner steps : 5
    Training on 1 batches
    Validating on 1 batches
     ### (Re)Compiling function: outer_train_step ...  
     ### (Re)Compiling function: inner_train_step ...  
Epoch:   0      Batch:   0    Loss: 1.20046091     ContextsNorm: 0.00000000
     ### (Re)Compiling function: adapt_step_cavia ...  
     Validation Criterion: 1.14657414
        Saving best model so far ...
Epoch:  10      Batch:   0    Loss: 0.90809745     ContextsNorm: 0.00000000
Epoch:  20      Batch:   0    Loss: 0.48056096     ContextsNorm: 0.00000000
Epoch:  30      Batch:   0    Loss: 0.34428754     ContextsNorm: 0.00000000
Epoch:  40      Batch:   0    Loss: 0.32005408     ContextsNorm: 0.00000000
Epoch:  50      Batch:   0    Loss: 0.27509868     ContextsNorm: 0.00000000
Epoch:  60      Batch:   0    Loss: 0.22506791     ContextsNorm: 0.00000000
Epoch:  70      Batch:   0    Loss: 0.17634092     ContextsNorm: 0.00000000
Epoch:  80      Batch:   0    Loss: 0.15613447     ContextsNorm: 0.00000000
Epoch:  90      Batch:   0    Loss: 0.14663471     ContextsNorm: 0.00000000
Epoch: 100      Batch:   0    Loss: 0.14309785     ContextsNorm: 0.00000000
     ### (Re)Compiling function: adapt_step_cavia ...  
     Validation Criterion: 0.26341590
        Saving best model so far ...
Epoch: 110      Batch:   0    Loss: 0.13790347     ContextsNorm: 0.00000000
Epoch: 120      Batch:   0    Loss: 0.13189854     ContextsNorm: 0.00000000
Epoch: 130      Batch:   0    Loss: 0.12490546     ContextsNorm: 0.00000000
Epoch: 140      Batch:   0    Loss: 0.11635494     ContextsNorm: 0.00000000
Epoch: 150      Batch:   0    Loss: 0.10567528     ContextsNorm: 0.00000000
Epoch: 160      Batch:   0    Loss: 0.09206795     ContextsNorm: 0.00000000
Epoch: 170      Batch:   0    Loss: 0.07526849     ContextsNorm: 0.00000000
Epoch: 180      Batch:   0    Loss: 0.05722548     ContextsNorm: 0.00000000
Epoch: 190      Batch:   0    Loss: 0.04442396     ContextsNorm: 0.00000000
Epoch: 200      Batch:   0    Loss: 0.03991858     ContextsNorm: 0.00000000
     ### (Re)Compiling function: adapt_step_cavia ...  
     Validation Criterion: 0.15562171
        Saving best model so far ...
Epoch: 210      Batch:   0    Loss: 0.03739802     ContextsNorm: 0.00000000
Epoch: 220      Batch:   0    Loss: 0.03481375     ContextsNorm: 0.00000000
Epoch: 230      Batch:   0    Loss: 0.03274184     ContextsNorm: 0.00000000
Epoch: 240      Batch:   0    Loss: 0.03095727     ContextsNorm: 0.00000000
Epoch: 250      Batch:   0    Loss: 0.02932390     ContextsNorm: 0.00000000
Epoch: 260      Batch:   0    Loss: 0.02783442     ContextsNorm: 0.00000000
Epoch: 270      Batch:   0    Loss: 0.02646418     ContextsNorm: 0.00000000
Epoch: 280      Batch:   0    Loss: 0.02518648     ContextsNorm: 0.00000000
Epoch: 290      Batch:   0    Loss: 0.02399500     ContextsNorm: 0.00000000
Epoch: 300      Batch:   0    Loss: 0.02287513     ContextsNorm: 0.00000000
     ### (Re)Compiling function: adapt_step_cavia ...  
     Validation Criterion: 0.11414959
        Saving best model so far ...
Epoch: 310      Batch:   0    Loss: 0.02182090     ContextsNorm: 0.00000000
Epoch: 320      Batch:   0    Loss: 0.02083004     ContextsNorm: 0.00000000
Epoch: 330      Batch:   0    Loss: 0.01990126     ContextsNorm: 0.00000000
Epoch: 340      Batch:   0    Loss: 0.01903343     ContextsNorm: 0.00000000
Epoch: 350      Batch:   0    Loss: 0.01822868     ContextsNorm: 0.00000000
Epoch: 360      Batch:   0    Loss: 0.01748506     ContextsNorm: 0.00000000
Epoch: 370      Batch:   0    Loss: 0.01680147     ContextsNorm: 0.00000000
Epoch: 380      Batch:   0    Loss: 0.01617811     ContextsNorm: 0.00000000
Epoch: 390      Batch:   0    Loss: 0.01560938     ContextsNorm: 0.00000000
Epoch: 400      Batch:   0    Loss: 0.01508948     ContextsNorm: 0.00000000
     ### (Re)Compiling function: adapt_step_cavia ...  
     Validation Criterion: 0.06531888
        Saving best model so far ...
Epoch: 410      Batch:   0    Loss: 0.01461251     ContextsNorm: 0.00000000
Epoch: 420      Batch:   0    Loss: 0.01417226     ContextsNorm: 0.00000000
Epoch: 430      Batch:   0    Loss: 0.01376045     ContextsNorm: 0.00000000
Epoch: 440      Batch:   0    Loss: 0.01337434     ContextsNorm: 0.00000000
Epoch: 450      Batch:   0    Loss: 0.01300757     ContextsNorm: 0.00000000
Epoch: 460      Batch:   0    Loss: 0.01265841     ContextsNorm: 0.00000000
Epoch: 470      Batch:   0    Loss: 0.01232330     ContextsNorm: 0.00000000
Epoch: 480      Batch:   0    Loss: 0.01200225     ContextsNorm: 0.00000000
Epoch: 490      Batch:   0    Loss: 0.01169332     ContextsNorm: 0.00000000
Epoch: 500      Batch:   0    Loss: 0.01139862     ContextsNorm: 0.00000000
     ### (Re)Compiling function: adapt_step_cavia ...  
     Validation Criterion: 0.05309072
        Saving best model so far ...
Epoch: 510      Batch:   0    Loss: 0.01111506     ContextsNorm: 0.00000000
Epoch: 520      Batch:   0    Loss: 0.01084530     ContextsNorm: 0.00000000
Epoch: 530      Batch:   0    Loss: 0.01058754     ContextsNorm: 0.00000000
Epoch: 540      Batch:   0    Loss: 0.01034299     ContextsNorm: 0.00000000
Epoch: 550      Batch:   0    Loss: 0.01011066     ContextsNorm: 0.00000000
Epoch: 560      Batch:   0    Loss: 0.00989213     ContextsNorm: 0.00000000
Epoch: 570      Batch:   0    Loss: 0.00968541     ContextsNorm: 0.00000000
Epoch: 580      Batch:   0    Loss: 0.00949198     ContextsNorm: 0.00000000
Epoch: 590      Batch:   0    Loss: 0.00931030     ContextsNorm: 0.00000000
Epoch: 600      Batch:   0    Loss: 0.00913977     ContextsNorm: 0.00000000
     ### (Re)Compiling function: adapt_step_cavia ...  
     Validation Criterion: 0.05230115
        Saving best model so far ...
Epoch: 610      Batch:   0    Loss: 0.00898074     ContextsNorm: 0.00000000
Epoch: 620      Batch:   0    Loss: 0.00883172     ContextsNorm: 0.00000000
Epoch: 630      Batch:   0    Loss: 0.00869309     ContextsNorm: 0.00000000
Epoch: 640      Batch:   0    Loss: 0.00856225     ContextsNorm: 0.00000000
Epoch: 650      Batch:   0    Loss: 0.00844038     ContextsNorm: 0.00000000
Epoch: 660      Batch:   0    Loss: 0.00832544     ContextsNorm: 0.00000000
Epoch: 670      Batch:   0    Loss: 0.00821734     ContextsNorm: 0.00000000
Epoch: 680      Batch:   0    Loss: 0.00811431     ContextsNorm: 0.00000000
Epoch: 690      Batch:   0    Loss: 0.00801639     ContextsNorm: 0.00000000
Epoch: 700      Batch:   0    Loss: 0.00792233     ContextsNorm: 0.00000000
     ### (Re)Compiling function: adapt_step_cavia ...  
     Validation Criterion: 0.04804911
        Saving best model so far ...
Epoch: 710      Batch:   0    Loss: 0.00783117     ContextsNorm: 0.00000000
Epoch: 720      Batch:   0    Loss: 0.00774308     ContextsNorm: 0.00000000
Epoch: 730      Batch:   0    Loss: 0.00765617     ContextsNorm: 0.00000000
Epoch: 740      Batch:   0    Loss: 0.00757043     ContextsNorm: 0.00000000
Epoch: 750      Batch:   0    Loss: 0.00748577     ContextsNorm: 0.00000000
Epoch: 760      Batch:   0    Loss: 0.00740132     ContextsNorm: 0.00000000
Epoch: 770      Batch:   0    Loss: 0.00731800     ContextsNorm: 0.00000000
Epoch: 780      Batch:   0    Loss: 0.00723328     ContextsNorm: 0.00000000
Epoch: 790      Batch:   0    Loss: 0.00714858     ContextsNorm: 0.00000000
Epoch: 800      Batch:   0    Loss: 0.00706316     ContextsNorm: 0.00000000
     ### (Re)Compiling function: adapt_step_cavia ...  
     Validation Criterion: 0.03998645
        Saving best model so far ...
Epoch: 810      Batch:   0    Loss: 0.00697692     ContextsNorm: 0.00000000
Epoch: 820      Batch:   0    Loss: 0.00689074     ContextsNorm: 0.00000000
Epoch: 830      Batch:   0    Loss: 0.00680279     ContextsNorm: 0.00000000
Epoch: 840      Batch:   0    Loss: 0.00671409     ContextsNorm: 0.00000000
Epoch: 850      Batch:   0    Loss: 0.00662489     ContextsNorm: 0.00000000
Epoch: 860      Batch:   0    Loss: 0.00653480     ContextsNorm: 0.00000000
Epoch: 870      Batch:   0    Loss: 0.00644420     ContextsNorm: 0.00000000
Epoch: 880      Batch:   0    Loss: 0.00635186     ContextsNorm: 0.00000000
Epoch: 890      Batch:   0    Loss: 0.00625952     ContextsNorm: 0.00000000
Epoch: 900      Batch:   0    Loss: 0.00616676     ContextsNorm: 0.00000000
     ### (Re)Compiling function: adapt_step_cavia ...  
     Validation Criterion: 0.03378744
        Saving best model so far ...
Epoch: 910      Batch:   0    Loss: 0.00607225     ContextsNorm: 0.00000000
Epoch: 920      Batch:   0    Loss: 0.00597754     ContextsNorm: 0.00000000
Epoch: 930      Batch:   0    Loss: 0.00588242     ContextsNorm: 0.00000000
Epoch: 940      Batch:   0    Loss: 0.00578708     ContextsNorm: 0.00000000
Epoch: 950      Batch:   0    Loss: 0.00569161     ContextsNorm: 0.00000000
Epoch: 960      Batch:   0    Loss: 0.00559614     ContextsNorm: 0.00000000
Epoch: 970      Batch:   0    Loss: 0.00549987     ContextsNorm: 0.00000000
Epoch: 980      Batch:   0    Loss: 0.00540412     ContextsNorm: 0.00000000
Epoch: 990      Batch:   0    Loss: 0.00530920     ContextsNorm: 0.00000000
Epoch: 1000      Batch:   0    Loss: 0.00521519     ContextsNorm: 0.00000000
     ### (Re)Compiling function: adapt_step_cavia ...  
     Validation Criterion: 0.03227534
        Saving best model so far ...
Epoch: 1010      Batch:   0    Loss: 0.00512132     ContextsNorm: 0.00000000
Epoch: 1020      Batch:   0    Loss: 0.00502947     ContextsNorm: 0.00000000
Epoch: 1030      Batch:   0    Loss: 0.00493808     ContextsNorm: 0.00000000
Epoch: 1040      Batch:   0    Loss: 0.00484854     ContextsNorm: 0.00000000
Epoch: 1050      Batch:   0    Loss: 0.00475992     ContextsNorm: 0.00000000
Epoch: 1060      Batch:   0    Loss: 0.00467289     ContextsNorm: 0.00000000
Epoch: 1070      Batch:   0    Loss: 0.00458788     ContextsNorm: 0.00000000
Epoch: 1080      Batch:   0    Loss: 0.00450450     ContextsNorm: 0.00000000
Epoch: 1090      Batch:   0    Loss: 0.00442345     ContextsNorm: 0.00000000
Epoch: 1100      Batch:   0    Loss: 0.00434368     ContextsNorm: 0.00000000
     ### (Re)Compiling function: adapt_step_cavia ...  
     Validation Criterion: 0.03247648
Epoch: 1110      Batch:   0    Loss: 0.00426567     ContextsNorm: 0.00000000
Epoch: 1120      Batch:   0    Loss: 0.00419006     ContextsNorm: 0.00000000
Epoch: 1130      Batch:   0    Loss: 0.00411579     ContextsNorm: 0.00000000
Epoch: 1140      Batch:   0    Loss: 0.00404304     ContextsNorm: 0.00000000
Epoch: 1150      Batch:   0    Loss: 0.00397223     ContextsNorm: 0.00000000
Epoch: 1160      Batch:   0    Loss: 0.00390387     ContextsNorm: 0.00000000
Epoch: 1170      Batch:   0    Loss: 0.00383684     ContextsNorm: 0.00000000
Epoch: 1180      Batch:   0    Loss: 0.00377233     ContextsNorm: 0.00000000
Epoch: 1190      Batch:   0    Loss: 0.00371020     ContextsNorm: 0.00000000
Epoch: 1200      Batch:   0    Loss: 0.00364967     ContextsNorm: 0.00000000
     ### (Re)Compiling function: adapt_step_cavia ...  
     Validation Criterion: 0.03211679
        Saving best model so far ...
Epoch: 1210      Batch:   0    Loss: 0.00359121     ContextsNorm: 0.00000000
Epoch: 1220      Batch:   0    Loss: 0.00353564     ContextsNorm: 0.00000000
Epoch: 1230      Batch:   0    Loss: 0.00348199     ContextsNorm: 0.00000000
Epoch: 1240      Batch:   0    Loss: 0.00343040     ContextsNorm: 0.00000000
Epoch: 1250      Batch:   0    Loss: 0.00338092     ContextsNorm: 0.00000000
Epoch: 1260      Batch:   0    Loss: 0.00333256     ContextsNorm: 0.00000000
Epoch: 1270      Batch:   0    Loss: 0.00328680     ContextsNorm: 0.00000000
Epoch: 1280      Batch:   0    Loss: 0.00324208     ContextsNorm: 0.00000000
Epoch: 1290      Batch:   0    Loss: 0.00319811     ContextsNorm: 0.00000000
Epoch: 1300      Batch:   0    Loss: 0.00315580     ContextsNorm: 0.00000000
     ### (Re)Compiling function: adapt_step_cavia ...  
     Validation Criterion: 0.03122145
        Saving best model so far ...
Epoch: 1310      Batch:   0    Loss: 0.00311527     ContextsNorm: 0.00000000
Epoch: 1320      Batch:   0    Loss: 0.00307497     ContextsNorm: 0.00000000
Epoch: 1330      Batch:   0    Loss: 0.00303560     ContextsNorm: 0.00000000
Epoch: 1340      Batch:   0    Loss: 0.00299749     ContextsNorm: 0.00000000
Epoch: 1350      Batch:   0    Loss: 0.00295927     ContextsNorm: 0.00000000
Epoch: 1360      Batch:   0    Loss: 0.00292221     ContextsNorm: 0.00000000
Epoch: 1370      Batch:   0    Loss: 0.00288607     ContextsNorm: 0.00000000
Epoch: 1380      Batch:   0    Loss: 0.00284983     ContextsNorm: 0.00000000
Epoch: 1390      Batch:   0    Loss: 0.00281458     ContextsNorm: 0.00000000
Epoch: 1400      Batch:   0    Loss: 0.00277926     ContextsNorm: 0.00000000
     ### (Re)Compiling function: adapt_step_cavia ...  
     Validation Criterion: 0.03039666
        Saving best model so far ...
Epoch: 1410      Batch:   0    Loss: 0.00274418     ContextsNorm: 0.00000000
Epoch: 1420      Batch:   0    Loss: 0.00271007     ContextsNorm: 0.00000000
Epoch: 1430      Batch:   0    Loss: 0.00267449     ContextsNorm: 0.00000000
Epoch: 1440      Batch:   0    Loss: 0.00264293     ContextsNorm: 0.00000000
Epoch: 1450      Batch:   0    Loss: 0.00260832     ContextsNorm: 0.00000000
Epoch: 1460      Batch:   0    Loss: 0.00257677     ContextsNorm: 0.00000000
Epoch: 1470      Batch:   0    Loss: 0.00254391     ContextsNorm: 0.00000000
Epoch: 1480      Batch:   0    Loss: 0.00251256     ContextsNorm: 0.00000000
Epoch: 1490      Batch:   0    Loss: 0.00247893     ContextsNorm: 0.00000000
Epoch: 1500      Batch:   0    Loss: 0.00245113     ContextsNorm: 0.00000000
     ### (Re)Compiling function: adapt_step_cavia ...  
     Validation Criterion: 0.02931965
        Saving best model so far ...
Epoch: 1510      Batch:   0    Loss: 0.00241641     ContextsNorm: 0.00000000
Epoch: 1520      Batch:   0    Loss: 0.00238692     ContextsNorm: 0.00000000
Epoch: 1530      Batch:   0    Loss: 0.00235520     ContextsNorm: 0.00000000
Epoch: 1540      Batch:   0    Loss: 0.00232411     ContextsNorm: 0.00000000
Epoch: 1550      Batch:   0    Loss: 0.00229267     ContextsNorm: 0.00000000
Epoch: 1560      Batch:   0    Loss: 0.00227471     ContextsNorm: 0.00000000
Epoch: 1570      Batch:   0    Loss: 0.00223087     ContextsNorm: 0.00000000
Epoch: 1580      Batch:   0    Loss: 0.00220282     ContextsNorm: 0.00000000
Epoch: 1590      Batch:   0    Loss: 0.00217149     ContextsNorm: 0.00000000
Epoch: 1600      Batch:   0    Loss: 0.00213806     ContextsNorm: 0.00000000
     ### (Re)Compiling function: adapt_step_cavia ...  
     Validation Criterion: 0.02750489
        Saving best model so far ...
Epoch: 1610      Batch:   0    Loss: 0.00210299     ContextsNorm: 0.00000000
Epoch: 1620      Batch:   0    Loss: 0.00207692     ContextsNorm: 0.00000000
Epoch: 1630      Batch:   0    Loss: 0.00204165     ContextsNorm: 0.00000000
Epoch: 1640      Batch:   0    Loss: 0.00200890     ContextsNorm: 0.00000000
Epoch: 1650      Batch:   0    Loss: 0.00197235     ContextsNorm: 0.00000000
Epoch: 1660      Batch:   0    Loss: 0.00194110     ContextsNorm: 0.00000000
Epoch: 1670      Batch:   0    Loss: 0.00190400     ContextsNorm: 0.00000000
Epoch: 1680      Batch:   0    Loss: 0.00187045     ContextsNorm: 0.00000000
Epoch: 1690      Batch:   0    Loss: 0.00183512     ContextsNorm: 0.00000000
Epoch: 1700      Batch:   0    Loss: 0.00180978     ContextsNorm: 0.00000000
     ### (Re)Compiling function: adapt_step_cavia ...  
     Validation Criterion: 0.02508789
        Saving best model so far ...
Epoch: 1710      Batch:   0    Loss: 0.00176864     ContextsNorm: 0.00000000
Epoch: 1720      Batch:   0    Loss: 0.00172824     ContextsNorm: 0.00000000
Epoch: 1730      Batch:   0    Loss: 0.00169129     ContextsNorm: 0.00000000
Epoch: 1740      Batch:   0    Loss: 0.00166705     ContextsNorm: 0.00000000
Epoch: 1750      Batch:   0    Loss: 0.00162642     ContextsNorm: 0.00000000
Epoch: 1760      Batch:   0    Loss: 0.00159582     ContextsNorm: 0.00000000
Epoch: 1770      Batch:   0    Loss: 0.00156660     ContextsNorm: 0.00000000
Epoch: 1780      Batch:   0    Loss: 0.00157814     ContextsNorm: 0.00000000
Epoch: 1790      Batch:   0    Loss: 0.00150248     ContextsNorm: 0.00000000
Epoch: 1800      Batch:   0    Loss: 0.00147529     ContextsNorm: 0.00000000
     ### (Re)Compiling function: adapt_step_cavia ...  
     Validation Criterion: 0.02325329
        Saving best model so far ...
Epoch: 1810      Batch:   0    Loss: 0.00146265     ContextsNorm: 0.00000000
Epoch: 1820      Batch:   0    Loss: 0.00142696     ContextsNorm: 0.00000000
Epoch: 1830      Batch:   0    Loss: 0.00140761     ContextsNorm: 0.00000000
Epoch: 1840      Batch:   0    Loss: 0.00138375     ContextsNorm: 0.00000000
Epoch: 1850      Batch:   0    Loss: 0.00135514     ContextsNorm: 0.00000000
Epoch: 1860      Batch:   0    Loss: 0.00133501     ContextsNorm: 0.00000000
Epoch: 1870      Batch:   0    Loss: 0.00136385     ContextsNorm: 0.00000000
Epoch: 1880      Batch:   0    Loss: 0.00131299     ContextsNorm: 0.00000000
Epoch: 1890      Batch:   0    Loss: 0.00129650     ContextsNorm: 0.00000000
Epoch: 1900      Batch:   0    Loss: 0.00128087     ContextsNorm: 0.00000000
     ### (Re)Compiling function: adapt_step_cavia ...  
     Validation Criterion: 0.02181529
        Saving best model so far ...
Epoch: 1910      Batch:   0    Loss: 0.00125324     ContextsNorm: 0.00000000
Epoch: 1920      Batch:   0    Loss: 0.00123793     ContextsNorm: 0.00000000
Epoch: 1930      Batch:   0    Loss: 0.00122268     ContextsNorm: 0.00000000
Epoch: 1940      Batch:   0    Loss: 0.00121445     ContextsNorm: 0.00000000
Epoch: 1950      Batch:   0    Loss: 0.00121141     ContextsNorm: 0.00000000
Epoch: 1960      Batch:   0    Loss: 0.00118539     ContextsNorm: 0.00000000
Epoch: 1970      Batch:   0    Loss: 0.00116985     ContextsNorm: 0.00000000
Epoch: 1980      Batch:   0    Loss: 0.00115918     ContextsNorm: 0.00000000
Epoch: 1990      Batch:   0    Loss: 0.00114575     ContextsNorm: 0.00000000
Epoch: 2000      Batch:   0    Loss: 0.00118164     ContextsNorm: 0.00000000
     ### (Re)Compiling function: adapt_step_cavia ...  
     Validation Criterion: 0.02190959
Epoch: 2010      Batch:   0    Loss: 0.00114589     ContextsNorm: 0.00000000
Epoch: 2020      Batch:   0    Loss: 0.00111717     ContextsNorm: 0.00000000
Epoch: 2030      Batch:   0    Loss: 0.00110615     ContextsNorm: 0.00000000
Epoch: 2040      Batch:   0    Loss: 0.00109453     ContextsNorm: 0.00000000
Epoch: 2050      Batch:   0    Loss: 0.00108724     ContextsNorm: 0.00000000
Epoch: 2060      Batch:   0    Loss: 0.00107967     ContextsNorm: 0.00000000
Epoch: 2070      Batch:   0    Loss: 0.00106667     ContextsNorm: 0.00000000
Epoch: 2080      Batch:   0    Loss: 0.00105643     ContextsNorm: 0.00000000
Epoch: 2090      Batch:   0    Loss: 0.00105165     ContextsNorm: 0.00000000
Epoch: 2100      Batch:   0    Loss: 0.00104002     ContextsNorm: 0.00000000
     ### (Re)Compiling function: adapt_step_cavia ...  
     Validation Criterion: 0.02136217
        Saving best model so far ...
Epoch: 2110      Batch:   0    Loss: 0.00102928     ContextsNorm: 0.00000000
Epoch: 2120      Batch:   0    Loss: 0.00102141     ContextsNorm: 0.00000000
Epoch: 2130      Batch:   0    Loss: 0.00101641     ContextsNorm: 0.00000000
Epoch: 2140      Batch:   0    Loss: 0.00100383     ContextsNorm: 0.00000000
Epoch: 2150      Batch:   0    Loss: 0.00108431     ContextsNorm: 0.00000000
Epoch: 2160      Batch:   0    Loss: 0.00100790     ContextsNorm: 0.00000000
Epoch: 2170      Batch:   0    Loss: 0.00100025     ContextsNorm: 0.00000000
Epoch: 2180      Batch:   0    Loss: 0.00097702     ContextsNorm: 0.00000000
Epoch: 2190      Batch:   0    Loss: 0.00102458     ContextsNorm: 0.00000000
Epoch: 2200      Batch:   0    Loss: 0.00097460     ContextsNorm: 0.00000000
     ### (Re)Compiling function: adapt_step_cavia ...  
     Validation Criterion: 0.02098900
        Saving best model so far ...
Epoch: 2210      Batch:   0    Loss: 0.00095631     ContextsNorm: 0.00000000
Epoch: 2220      Batch:   0    Loss: 0.00094644     ContextsNorm: 0.00000000
Epoch: 2230      Batch:   0    Loss: 0.00093939     ContextsNorm: 0.00000000
Epoch: 2240      Batch:   0    Loss: 0.00093164     ContextsNorm: 0.00000000
Epoch: 2250      Batch:   0    Loss: 0.00092530     ContextsNorm: 0.00000000
Epoch: 2260      Batch:   0    Loss: 0.00091727     ContextsNorm: 0.00000000
Epoch: 2270      Batch:   0    Loss: 0.00091042     ContextsNorm: 0.00000000
Epoch: 2280      Batch:   0    Loss: 0.00090531     ContextsNorm: 0.00000000
Epoch: 2290      Batch:   0    Loss: 0.00091000     ContextsNorm: 0.00000000
Epoch: 2300      Batch:   0    Loss: 0.00091058     ContextsNorm: 0.00000000
     ### (Re)Compiling function: adapt_step_cavia ...  
     Validation Criterion: 0.02188387
Epoch: 2310      Batch:   0    Loss: 0.00088930     ContextsNorm: 0.00000000
Epoch: 2320      Batch:   0    Loss: 0.00088207     ContextsNorm: 0.00000000
Epoch: 2330      Batch:   0    Loss: 0.00087325     ContextsNorm: 0.00000000
Epoch: 2340      Batch:   0    Loss: 0.00086870     ContextsNorm: 0.00000000
Epoch: 2350      Batch:   0    Loss: 0.00086282     ContextsNorm: 0.00000000
Epoch: 2360      Batch:   0    Loss: 0.00087074     ContextsNorm: 0.00000000
Epoch: 2370      Batch:   0    Loss: 0.00086816     ContextsNorm: 0.00000000
Epoch: 2380      Batch:   0    Loss: 0.00084366     ContextsNorm: 0.00000000
Epoch: 2390      Batch:   0    Loss: 0.00083764     ContextsNorm: 0.00000000
Epoch: 2400      Batch:   0    Loss: 0.00084088     ContextsNorm: 0.00000000
     ### (Re)Compiling function: adapt_step_cavia ...  
     Validation Criterion: 0.02210495
Epoch: 2410      Batch:   0    Loss: 0.00083091     ContextsNorm: 0.00000000
Epoch: 2420      Batch:   0    Loss: 0.00083769     ContextsNorm: 0.00000000
Epoch: 2430      Batch:   0    Loss: 0.00082007     ContextsNorm: 0.00000000
Epoch: 2440      Batch:   0    Loss: 0.00081397     ContextsNorm: 0.00000000
Epoch: 2450      Batch:   0    Loss: 0.00080675     ContextsNorm: 0.00000000
Epoch: 2460      Batch:   0    Loss: 0.00080005     ContextsNorm: 0.00000000
Epoch: 2470      Batch:   0    Loss: 0.00079404     ContextsNorm: 0.00000000
Epoch: 2480      Batch:   0    Loss: 0.00081402     ContextsNorm: 0.00000000
Epoch: 2490      Batch:   0    Loss: 0.00078943     ContextsNorm: 0.00000000
Epoch: 2500      Batch:   0    Loss: 0.00078016     ContextsNorm: 0.00000000
     ### (Re)Compiling function: adapt_step_cavia ...  
     Validation Criterion: 0.02253375
Epoch: 2510      Batch:   0    Loss: 0.00077589     ContextsNorm: 0.00000000
Epoch: 2520      Batch:   0    Loss: 0.00076990     ContextsNorm: 0.00000000
Epoch: 2530      Batch:   0    Loss: 0.00076823     ContextsNorm: 0.00000000
Epoch: 2540      Batch:   0    Loss: 0.00076137     ContextsNorm: 0.00000000
Epoch: 2550      Batch:   0    Loss: 0.00075925     ContextsNorm: 0.00000000
Epoch: 2560      Batch:   0    Loss: 0.00075393     ContextsNorm: 0.00000000
Epoch: 2570      Batch:   0    Loss: 0.00074722     ContextsNorm: 0.00000000
Epoch: 2580      Batch:   0    Loss: 0.00074278     ContextsNorm: 0.00000000
Epoch: 2590      Batch:   0    Loss: 0.00073775     ContextsNorm: 0.00000000
Epoch: 2600      Batch:   0    Loss: 0.00074456     ContextsNorm: 0.00000000
     ### (Re)Compiling function: adapt_step_cavia ...  
     Validation Criterion: 0.02241137
Epoch: 2610      Batch:   0    Loss: 0.00072986     ContextsNorm: 0.00000000
Epoch: 2620      Batch:   0    Loss: 0.00072772     ContextsNorm: 0.00000000
Epoch: 2630      Batch:   0    Loss: 0.00072192     ContextsNorm: 0.00000000
Epoch: 2640      Batch:   0    Loss: 0.00071715     ContextsNorm: 0.00000000
Epoch: 2650      Batch:   0    Loss: 0.00071258     ContextsNorm: 0.00000000
Epoch: 2660      Batch:   0    Loss: 0.00074954     ContextsNorm: 0.00000000
Epoch: 2670      Batch:   0    Loss: 0.00070448     ContextsNorm: 0.00000000
Epoch: 2680      Batch:   0    Loss: 0.00069968     ContextsNorm: 0.00000000
Epoch: 2690      Batch:   0    Loss: 0.00072173     ContextsNorm: 0.00000000
Epoch: 2700      Batch:   0    Loss: 0.00069939     ContextsNorm: 0.00000000
     ### (Re)Compiling function: adapt_step_cavia ...  
     Validation Criterion: 0.02301539
Epoch: 2710      Batch:   0    Loss: 0.00069252     ContextsNorm: 0.00000000
Epoch: 2720      Batch:   0    Loss: 0.00068591     ContextsNorm: 0.00000000
Epoch: 2730      Batch:   0    Loss: 0.00068109     ContextsNorm: 0.00000000
Epoch: 2740      Batch:   0    Loss: 0.00068170     ContextsNorm: 0.00000000
Epoch: 2750      Batch:   0    Loss: 0.00067296     ContextsNorm: 0.00000000
Epoch: 2760      Batch:   0    Loss: 0.00067095     ContextsNorm: 0.00000000
Epoch: 2770      Batch:   0    Loss: 0.00068578     ContextsNorm: 0.00000000
Epoch: 2780      Batch:   0    Loss: 0.00066345     ContextsNorm: 0.00000000
Epoch: 2790      Batch:   0    Loss: 0.00066081     ContextsNorm: 0.00000000
Epoch: 2800      Batch:   0    Loss: 0.00065389     ContextsNorm: 0.00000000
     ### (Re)Compiling function: adapt_step_cavia ...  
     Validation Criterion: 0.02281607
Epoch: 2810      Batch:   0    Loss: 0.00066464     ContextsNorm: 0.00000000
Epoch: 2820      Batch:   0    Loss: 0.00066375     ContextsNorm: 0.00000000
Epoch: 2830      Batch:   0    Loss: 0.00064813     ContextsNorm: 0.00000000
Epoch: 2840      Batch:   0    Loss: 0.00064093     ContextsNorm: 0.00000000
Epoch: 2850      Batch:   0    Loss: 0.00063916     ContextsNorm: 0.00000000
Epoch: 2860      Batch:   0    Loss: 0.00066337     ContextsNorm: 0.00000000
Epoch: 2870      Batch:   0    Loss: 0.00064343     ContextsNorm: 0.00000000
Epoch: 2880      Batch:   0    Loss: 0.00063802     ContextsNorm: 0.00000000
Epoch: 2890      Batch:   0    Loss: 0.00062323     ContextsNorm: 0.00000000
Epoch: 2900      Batch:   0    Loss: 0.00062363     ContextsNorm: 0.00000000
     ### (Re)Compiling function: adapt_step_cavia ...  
     Validation Criterion: 0.02281698
Epoch: 2910      Batch:   0    Loss: 0.00061574     ContextsNorm: 0.00000000
Epoch: 2920      Batch:   0    Loss: 0.00061940     ContextsNorm: 0.00000000
Epoch: 2930      Batch:   0    Loss: 0.00061847     ContextsNorm: 0.00000000
Epoch: 2940      Batch:   0    Loss: 0.00061344     ContextsNorm: 0.00000000
Epoch: 2950      Batch:   0    Loss: 0.00061307     ContextsNorm: 0.00000000
Epoch: 2960      Batch:   0    Loss: 0.00060099     ContextsNorm: 0.00000000
Epoch: 2970      Batch:   0    Loss: 0.00061033     ContextsNorm: 0.00000000
Epoch: 2980      Batch:   0    Loss: 0.00059537     ContextsNorm: 0.00000000
Epoch: 2990      Batch:   0    Loss: 0.00059809     ContextsNorm: 0.00000000
Epoch: 3000      Batch:   0    Loss: 0.00058920     ContextsNorm: 0.00000000
     ### (Re)Compiling function: adapt_step_cavia ...  
     Validation Criterion: 0.02239668
Epoch: 3010      Batch:   0    Loss: 0.00058507     ContextsNorm: 0.00000000
Epoch: 3020      Batch:   0    Loss: 0.00058657     ContextsNorm: 0.00000000
Epoch: 3030      Batch:   0    Loss: 0.00057838     ContextsNorm: 0.00000000
Epoch: 3040      Batch:   0    Loss: 0.00057450     ContextsNorm: 0.00000000
Epoch: 3050      Batch:   0    Loss: 0.00057251     ContextsNorm: 0.00000000
Epoch: 3060      Batch:   0    Loss: 0.00057549     ContextsNorm: 0.00000000
Epoch: 3070      Batch:   0    Loss: 0.00057169     ContextsNorm: 0.00000000
Epoch: 3080      Batch:   0    Loss: 0.00056106     ContextsNorm: 0.00000000
Epoch: 3090      Batch:   0    Loss: 0.00055809     ContextsNorm: 0.00000000
Epoch: 3100      Batch:   0    Loss: 0.00055654     ContextsNorm: 0.00000000
     ### (Re)Compiling function: adapt_step_cavia ...  
     Validation Criterion: 0.02217206
Epoch: 3110      Batch:   0    Loss: 0.00055854     ContextsNorm: 0.00000000
Epoch: 3120      Batch:   0    Loss: 0.00055451     ContextsNorm: 0.00000000
Epoch: 3130      Batch:   0    Loss: 0.00054548     ContextsNorm: 0.00000000
Epoch: 3140      Batch:   0    Loss: 0.00054453     ContextsNorm: 0.00000000
Epoch: 3150      Batch:   0    Loss: 0.00054540     ContextsNorm: 0.00000000
Epoch: 3160      Batch:   0    Loss: 0.00054082     ContextsNorm: 0.00000000
Epoch: 3170      Batch:   0    Loss: 0.00053223     ContextsNorm: 0.00000000
Epoch: 3180      Batch:   0    Loss: 0.00053324     ContextsNorm: 0.00000000
Epoch: 3190      Batch:   0    Loss: 0.00052767     ContextsNorm: 0.00000000
Epoch: 3200      Batch:   0    Loss: 0.00052503     ContextsNorm: 0.00000000
     ### (Re)Compiling function: adapt_step_cavia ...  
     Validation Criterion: 0.02177746
Epoch: 3210      Batch:   0    Loss: 0.00051938     ContextsNorm: 0.00000000
Epoch: 3220      Batch:   0    Loss: 0.00051499     ContextsNorm: 0.00000000
Epoch: 3230      Batch:   0    Loss: 0.00051154     ContextsNorm: 0.00000000
Epoch: 3240      Batch:   0    Loss: 0.00051239     ContextsNorm: 0.00000000
Epoch: 3250      Batch:   0    Loss: 0.00051091     ContextsNorm: 0.00000000
Epoch: 3260      Batch:   0    Loss: 0.00052543     ContextsNorm: 0.00000000
Epoch: 3270      Batch:   0    Loss: 0.00055559     ContextsNorm: 0.00000000
Epoch: 3280      Batch:   0    Loss: 0.00051959     ContextsNorm: 0.00000000
Epoch: 3290      Batch:   0    Loss: 0.00051392     ContextsNorm: 0.00000000
Epoch: 3300      Batch:   0    Loss: 0.00049568     ContextsNorm: 0.00000000
     ### (Re)Compiling function: adapt_step_cavia ...  
     Validation Criterion: 0.02004958
        Saving best model so far ...
Epoch: 3310      Batch:   0    Loss: 0.00048528     ContextsNorm: 0.00000000
Epoch: 3320      Batch:   0    Loss: 0.00048078     ContextsNorm: 0.00000000
Epoch: 3330      Batch:   0    Loss: 0.00047579     ContextsNorm: 0.00000000
Epoch: 3340      Batch:   0    Loss: 0.00047168     ContextsNorm: 0.00000000
Epoch: 3350      Batch:   0    Loss: 0.00046733     ContextsNorm: 0.00000000
Epoch: 3360      Batch:   0    Loss: 0.00046355     ContextsNorm: 0.00000000
Epoch: 3370      Batch:   0    Loss: 0.00045917     ContextsNorm: 0.00000000
Epoch: 3380      Batch:   0    Loss: 0.00045553     ContextsNorm: 0.00000000
Epoch: 3390      Batch:   0    Loss: 0.00045306     ContextsNorm: 0.00000000
Epoch: 3400      Batch:   0    Loss: 0.00044728     ContextsNorm: 0.00000000
     ### (Re)Compiling function: adapt_step_cavia ...  
     Validation Criterion: 0.02066626
Epoch: 3410      Batch:   0    Loss: 0.00044388     ContextsNorm: 0.00000000
Epoch: 3420      Batch:   0    Loss: 0.00044002     ContextsNorm: 0.00000000
Epoch: 3430      Batch:   0    Loss: 0.00043873     ContextsNorm: 0.00000000
Epoch: 3440      Batch:   0    Loss: 0.00046357     ContextsNorm: 0.00000000
Epoch: 3450      Batch:   0    Loss: 0.00044809     ContextsNorm: 0.00000000
Epoch: 3460      Batch:   0    Loss: 0.00043344     ContextsNorm: 0.00000000
Epoch: 3470      Batch:   0    Loss: 0.00042694     ContextsNorm: 0.00000000
Epoch: 3480      Batch:   0    Loss: 0.00042241     ContextsNorm: 0.00000000
Epoch: 3490      Batch:   0    Loss: 0.00041788     ContextsNorm: 0.00000000
Epoch: 3500      Batch:   0    Loss: 0.00041493     ContextsNorm: 0.00000000
     ### (Re)Compiling function: adapt_step_cavia ...  
     Validation Criterion: 0.02173415
Epoch: 3510      Batch:   0    Loss: 0.00041250     ContextsNorm: 0.00000000
Epoch: 3520      Batch:   0    Loss: 0.00040899     ContextsNorm: 0.00000000
Epoch: 3530      Batch:   0    Loss: 0.00040590     ContextsNorm: 0.00000000
Epoch: 3540      Batch:   0    Loss: 0.00040317     ContextsNorm: 0.00000000
Epoch: 3550      Batch:   0    Loss: 0.00040052     ContextsNorm: 0.00000000
Epoch: 3560      Batch:   0    Loss: 0.00039776     ContextsNorm: 0.00000000
Epoch: 3570      Batch:   0    Loss: 0.00039519     ContextsNorm: 0.00000000
Epoch: 3580      Batch:   0    Loss: 0.00039320     ContextsNorm: 0.00000000
Epoch: 3590      Batch:   0    Loss: 0.00039053     ContextsNorm: 0.00000000
Epoch: 3600      Batch:   0    Loss: 0.00039506     ContextsNorm: 0.00000000
     ### (Re)Compiling function: adapt_step_cavia ...  
     Validation Criterion: 0.02435405
Epoch: 3610      Batch:   0    Loss: 0.00038794     ContextsNorm: 0.00000000
Epoch: 3620      Batch:   0    Loss: 0.00038428     ContextsNorm: 0.00000000
Epoch: 3630      Batch:   0    Loss: 0.00041360     ContextsNorm: 0.00000000
Epoch: 3640      Batch:   0    Loss: 0.00050310     ContextsNorm: 0.00000000
Epoch: 3650      Batch:   0    Loss: 0.00043410     ContextsNorm: 0.00000000
Epoch: 3660      Batch:   0    Loss: 0.00040220     ContextsNorm: 0.00000000
Epoch: 3670      Batch:   0    Loss: 0.00039238     ContextsNorm: 0.00000000
Epoch: 3680      Batch:   0    Loss: 0.00038340     ContextsNorm: 0.00000000
Epoch: 3690      Batch:   0    Loss: 0.00037736     ContextsNorm: 0.00000000
Epoch: 3700      Batch:   0    Loss: 0.00037372     ContextsNorm: 0.00000000
     ### (Re)Compiling function: adapt_step_cavia ...  
     Validation Criterion: 0.02508025
Epoch: 3710      Batch:   0    Loss: 0.00037209     ContextsNorm: 0.00000000
Epoch: 3720      Batch:   0    Loss: 0.00036922     ContextsNorm: 0.00000000
Epoch: 3730      Batch:   0    Loss: 0.00036751     ContextsNorm: 0.00000000
Epoch: 3740      Batch:   0    Loss: 0.00036547     ContextsNorm: 0.00000000
Epoch: 3750      Batch:   0    Loss: 0.00036372     ContextsNorm: 0.00000000
Epoch: 3760      Batch:   0    Loss: 0.00036516     ContextsNorm: 0.00000000
Epoch: 3770      Batch:   0    Loss: 0.00036007     ContextsNorm: 0.00000000
Epoch: 3780      Batch:   0    Loss: 0.00035878     ContextsNorm: 0.00000000
Epoch: 3790      Batch:   0    Loss: 0.00035890     ContextsNorm: 0.00000000
Epoch: 3800      Batch:   0    Loss: 0.00035629     ContextsNorm: 0.00000000
     ### (Re)Compiling function: adapt_step_cavia ...  
     Validation Criterion: 0.02789711
Epoch: 3810      Batch:   0    Loss: 0.00035333     ContextsNorm: 0.00000000
Epoch: 3820      Batch:   0    Loss: 0.00035917     ContextsNorm: 0.00000000
Epoch: 3830      Batch:   0    Loss: 0.00035556     ContextsNorm: 0.00000000
Epoch: 3840      Batch:   0    Loss: 0.00035783     ContextsNorm: 0.00000000
Epoch: 3850      Batch:   0    Loss: 0.00035307     ContextsNorm: 0.00000000
Epoch: 3860      Batch:   0    Loss: 0.00034855     ContextsNorm: 0.00000000
Epoch: 3870      Batch:   0    Loss: 0.00034808     ContextsNorm: 0.00000000
Epoch: 3880      Batch:   0    Loss: 0.00035754     ContextsNorm: 0.00000000
Epoch: 3890      Batch:   0    Loss: 0.00034413     ContextsNorm: 0.00000000
Epoch: 3900      Batch:   0    Loss: 0.00034563     ContextsNorm: 0.00000000
     ### (Re)Compiling function: adapt_step_cavia ...  
     Validation Criterion: 0.02950650
Epoch: 3910      Batch:   0    Loss: 0.00034263     ContextsNorm: 0.00000000
Epoch: 3920      Batch:   0    Loss: 0.00033962     ContextsNorm: 0.00000000
Epoch: 3930      Batch:   0    Loss: 0.00033892     ContextsNorm: 0.00000000
Epoch: 3940      Batch:   0    Loss: 0.00034000     ContextsNorm: 0.00000000
Epoch: 3950      Batch:   0    Loss: 0.00033638     ContextsNorm: 0.00000000
Epoch: 3960      Batch:   0    Loss: 0.00064294     ContextsNorm: 0.00000000
Epoch: 3970      Batch:   0    Loss: 0.00041361     ContextsNorm: 0.00000000
Epoch: 3980      Batch:   0    Loss: 0.00038035     ContextsNorm: 0.00000000
Epoch: 3990      Batch:   0    Loss: 0.00035344     ContextsNorm: 0.00000000
Epoch: 4000      Batch:   0    Loss: 0.00034325     ContextsNorm: 0.00000000
     ### (Re)Compiling function: adapt_step_cavia ...  
     Validation Criterion: 0.02616541
Epoch: 4010      Batch:   0    Loss: 0.00033524     ContextsNorm: 0.00000000
Epoch: 4020      Batch:   0    Loss: 0.00033332     ContextsNorm: 0.00000000
Epoch: 4030      Batch:   0    Loss: 0.00033076     ContextsNorm: 0.00000000
Epoch: 4040      Batch:   0    Loss: 0.00032916     ContextsNorm: 0.00000000
Epoch: 4050      Batch:   0    Loss: 0.00032742     ContextsNorm: 0.00000000
Epoch: 4060      Batch:   0    Loss: 0.00032531     ContextsNorm: 0.00000000
Epoch: 4070      Batch:   0    Loss: 0.00032420     ContextsNorm: 0.00000000
Epoch: 4080      Batch:   0    Loss: 0.00032278     ContextsNorm: 0.00000000
Epoch: 4090      Batch:   0    Loss: 0.00032584     ContextsNorm: 0.00000000
Epoch: 4100      Batch:   0    Loss: 0.00032035     ContextsNorm: 0.00000000
     ### (Re)Compiling function: adapt_step_cavia ...  
     Validation Criterion: 0.03106777
Epoch: 4110      Batch:   0    Loss: 0.00032169     ContextsNorm: 0.00000000
Epoch: 4120      Batch:   0    Loss: 0.00032329     ContextsNorm: 0.00000000
Epoch: 4130      Batch:   0    Loss: 0.00031894     ContextsNorm: 0.00000000
Epoch: 4140      Batch:   0    Loss: 0.00031572     ContextsNorm: 0.00000000
Epoch: 4150      Batch:   0    Loss: 0.00031553     ContextsNorm: 0.00000000
Epoch: 4160      Batch:   0    Loss: 0.00031590     ContextsNorm: 0.00000000
Epoch: 4170      Batch:   0    Loss: 0.00031306     ContextsNorm: 0.00000000
Epoch: 4180      Batch:   0    Loss: 0.00031770     ContextsNorm: 0.00000000
Epoch: 4190      Batch:   0    Loss: 0.00031387     ContextsNorm: 0.00000000
Epoch: 4200      Batch:   0    Loss: 0.00031056     ContextsNorm: 0.00000000
     ### (Re)Compiling function: adapt_step_cavia ...  
     Validation Criterion: 0.03306240
Epoch: 4210      Batch:   0    Loss: 0.00030897     ContextsNorm: 0.00000000
Epoch: 4220      Batch:   0    Loss: 0.00030782     ContextsNorm: 0.00000000
Epoch: 4230      Batch:   0    Loss: 0.00031611     ContextsNorm: 0.00000000
Epoch: 4240      Batch:   0    Loss: 0.00043416     ContextsNorm: 0.00000000
Epoch: 4250      Batch:   0    Loss: 0.00032818     ContextsNorm: 0.00000000
Epoch: 4260      Batch:   0    Loss: 0.00032656     ContextsNorm: 0.00000000
Epoch: 4270      Batch:   0    Loss: 0.00032112     ContextsNorm: 0.00000000
Epoch: 4280      Batch:   0    Loss: 0.00030942     ContextsNorm: 0.00000000
Epoch: 4290      Batch:   0    Loss: 0.00030774     ContextsNorm: 0.00000000
Epoch: 4300      Batch:   0    Loss: 0.00030440     ContextsNorm: 0.00000000
     ### (Re)Compiling function: adapt_step_cavia ...  
     Validation Criterion: 0.03015019
Epoch: 4310      Batch:   0    Loss: 0.00030263     ContextsNorm: 0.00000000
Epoch: 4320      Batch:   0    Loss: 0.00030147     ContextsNorm: 0.00000000
Epoch: 4330      Batch:   0    Loss: 0.00029990     ContextsNorm: 0.00000000
Epoch: 4340      Batch:   0    Loss: 0.00030177     ContextsNorm: 0.00000000
Epoch: 4350      Batch:   0    Loss: 0.00030560     ContextsNorm: 0.00000000
Epoch: 4360      Batch:   0    Loss: 0.00029923     ContextsNorm: 0.00000000
Epoch: 4370      Batch:   0    Loss: 0.00029643     ContextsNorm: 0.00000000
Epoch: 4380      Batch:   0    Loss: 0.00029512     ContextsNorm: 0.00000000
Epoch: 4390      Batch:   0    Loss: 0.00029418     ContextsNorm: 0.00000000
Epoch: 4400      Batch:   0    Loss: 0.00029335     ContextsNorm: 0.00000000
     ### (Re)Compiling function: adapt_step_cavia ...  
     Validation Criterion: 0.03433700
Epoch: 4410      Batch:   0    Loss: 0.00029164     ContextsNorm: 0.00000000
Epoch: 4420      Batch:   0    Loss: 0.00029062     ContextsNorm: 0.00000000
Epoch: 4430      Batch:   0    Loss: 0.00028928     ContextsNorm: 0.00000000
Epoch: 4440      Batch:   0    Loss: 0.00029112     ContextsNorm: 0.00000000
Epoch: 4450      Batch:   0    Loss: 0.00030425     ContextsNorm: 0.00000000
Epoch: 4460      Batch:   0    Loss: 0.00030558     ContextsNorm: 0.00000000
Epoch: 4470      Batch:   0    Loss: 0.00038659     ContextsNorm: 0.00000000
Epoch: 4480      Batch:   0    Loss: 0.00032298     ContextsNorm: 0.00000000
Epoch: 4490      Batch:   0    Loss: 0.00034175     ContextsNorm: 0.00000000
Epoch: 4500      Batch:   0    Loss: 0.00029365     ContextsNorm: 0.00000000
     ### (Re)Compiling function: adapt_step_cavia ...  
     Validation Criterion: 0.02909394
Epoch: 4510      Batch:   0    Loss: 0.00029546     ContextsNorm: 0.00000000
Epoch: 4520      Batch:   0    Loss: 0.00029074     ContextsNorm: 0.00000000
Epoch: 4530      Batch:   0    Loss: 0.00028743     ContextsNorm: 0.00000000
Epoch: 4540      Batch:   0    Loss: 0.00028536     ContextsNorm: 0.00000000
Epoch: 4550      Batch:   0    Loss: 0.00028338     ContextsNorm: 0.00000000
Epoch: 4560      Batch:   0    Loss: 0.00028256     ContextsNorm: 0.00000000
Epoch: 4570      Batch:   0    Loss: 0.00028040     ContextsNorm: 0.00000000
Epoch: 4580      Batch:   0    Loss: 0.00027962     ContextsNorm: 0.00000000
Epoch: 4590      Batch:   0    Loss: 0.00027836     ContextsNorm: 0.00000000
Epoch: 4600      Batch:   0    Loss: 0.00027727     ContextsNorm: 0.00000000
     ### (Re)Compiling function: adapt_step_cavia ...  
     Validation Criterion: 0.03509670
Epoch: 4610      Batch:   0    Loss: 0.00027646     ContextsNorm: 0.00000000
Epoch: 4620      Batch:   0    Loss: 0.00027507     ContextsNorm: 0.00000000
Epoch: 4630      Batch:   0    Loss: 0.00027434     ContextsNorm: 0.00000000
Epoch: 4640      Batch:   0    Loss: 0.00027275     ContextsNorm: 0.00000000
Epoch: 4650      Batch:   0    Loss: 0.00027377     ContextsNorm: 0.00000000
Epoch: 4660      Batch:   0    Loss: 0.00027519     ContextsNorm: 0.00000000
Epoch: 4670      Batch:   0    Loss: 0.00027160     ContextsNorm: 0.00000000
Epoch: 4680      Batch:   0    Loss: 0.00028112     ContextsNorm: 0.00000000
Epoch: 4690      Batch:   0    Loss: 0.00028461     ContextsNorm: 0.00000000
Epoch: 4700      Batch:   0    Loss: 0.00026936     ContextsNorm: 0.00000000
     ### (Re)Compiling function: adapt_step_cavia ...  
     Validation Criterion: 0.03849651
Epoch: 4710      Batch:   0    Loss: 0.00026927     ContextsNorm: 0.00000000
Epoch: 4720      Batch:   0    Loss: 0.00026826     ContextsNorm: 0.00000000
Epoch: 4730      Batch:   0    Loss: 0.00026646     ContextsNorm: 0.00000000
Epoch: 4740      Batch:   0    Loss: 0.00026886     ContextsNorm: 0.00000000
Epoch: 4750      Batch:   0    Loss: 0.00028700     ContextsNorm: 0.00000000
Epoch: 4760      Batch:   0    Loss: 0.00027127     ContextsNorm: 0.00000000
Epoch: 4770      Batch:   0    Loss: 0.00030600     ContextsNorm: 0.00000000
Epoch: 4780      Batch:   0    Loss: 0.00040919     ContextsNorm: 0.00000000
Epoch: 4790      Batch:   0    Loss: 0.00031085     ContextsNorm: 0.00000000
Epoch: 4800      Batch:   0    Loss: 0.00029806     ContextsNorm: 0.00000000
     ### (Re)Compiling function: adapt_step_cavia ...  
     Validation Criterion: 0.02984605
Epoch: 4810      Batch:   0    Loss: 0.00028011     ContextsNorm: 0.00000000
Epoch: 4820      Batch:   0    Loss: 0.00027079     ContextsNorm: 0.00000000
Epoch: 4830      Batch:   0    Loss: 0.00026724     ContextsNorm: 0.00000000
Epoch: 4840      Batch:   0    Loss: 0.00026520     ContextsNorm: 0.00000000
Epoch: 4850      Batch:   0    Loss: 0.00026287     ContextsNorm: 0.00000000
Epoch: 4860      Batch:   0    Loss: 0.00026158     ContextsNorm: 0.00000000
Epoch: 4870      Batch:   0    Loss: 0.00026006     ContextsNorm: 0.00000000
Epoch: 4880      Batch:   0    Loss: 0.00025886     ContextsNorm: 0.00000000
Epoch: 4890      Batch:   0    Loss: 0.00025817     ContextsNorm: 0.00000000
Epoch: 4900      Batch:   0    Loss: 0.00025669     ContextsNorm: 0.00000000
     ### (Re)Compiling function: adapt_step_cavia ...  
     Validation Criterion: 0.03501442
Epoch: 4910      Batch:   0    Loss: 0.00025571     ContextsNorm: 0.00000000
Epoch: 4920      Batch:   0    Loss: 0.00025472     ContextsNorm: 0.00000000
Epoch: 4930      Batch:   0    Loss: 0.00025430     ContextsNorm: 0.00000000
Epoch: 4940      Batch:   0    Loss: 0.00025794     ContextsNorm: 0.00000000
Epoch: 4950      Batch:   0    Loss: 0.00025388     ContextsNorm: 0.00000000
Epoch: 4960      Batch:   0    Loss: 0.00025146     ContextsNorm: 0.00000000
Epoch: 4970      Batch:   0    Loss: 0.00025298     ContextsNorm: 0.00000000
Epoch: 4980      Batch:   0    Loss: 0.00025315     ContextsNorm: 0.00000000
Epoch: 4990      Batch:   0    Loss: 0.00024874     ContextsNorm: 0.00000000
Epoch: 4999      Batch:   0    Loss: 0.00025638     ContextsNorm: 0.00000000

Total gradient descent training time: 0 hours 21 mins 20 secs
==  Begining artefacts visualisation ... ==
    Visualized context dimensions along x: [64 80 24]
    Visualized context dimensions along y: [ 38 100  62]
Saving artefacts in: ./runs/240721-214759/artefacts.png
Using any previrouly defined optimizer for adapation


=== Beginning adaptation ... ===
    Number of environment batches: 1
    Number of envs train steps per batch: 25
    Total number of training steps: 25
     ### (Re)Compiling function: adapt_step_cavia ...  
    Batch:   0     Loss: 0.00319535        OtherNorms: [0.00319535 0.         0.        ]
Total gradient descent adaptation time: 0 hours 0 mins 1 secs
==  Testing finished ... ==
    Criterion loss value: 0.009279832
==  Begining artefacts visualisation ... ==
    Visualized context dimensions along x: [64 80 24]
    Visualized context dimensions along y: [ 38 100  62]
Saving artefacts in: ./runs/240721-214759/adapt/artefacts.png
