
############# Contextual Self-Modulation #############

Jax version: 0.4.28
Available devices: [cuda(id=0)]
Created a new run folder at: ./runs/240812-170731/
Completed copied scripts 


Total number of parameters in the model: 4526
Total number of parameters in the contexts: 18


=== Beginning meta training ... ===
    Number of examples in a batch: 9
    Total number of batches : 1
    Numbers of inner steps : 1
    Training on 1 batches
    Validating on 1 batches
     ### (Re)Compiling function: outer_train_step ...  
     ### (Re)Compiling function: inner_train_step ...  
Epoch:   0      Batch:   0    Loss: 1.37084138     ContextsNorm: 0.00000000
     ### (Re)Compiling function: adapt_step_cavia ...  
        Validation Criterion: 0.91207439
        Saving best model so far ...
Epoch:  10      Batch:   0    Loss: 0.33606040     ContextsNorm: 0.00000000
Epoch:  20      Batch:   0    Loss: 0.27507728     ContextsNorm: 0.00000000
Epoch:  30      Batch:   0    Loss: 0.17532142     ContextsNorm: 0.00000000
Epoch:  40      Batch:   0    Loss: 0.17041154     ContextsNorm: 0.00000000
Epoch:  50      Batch:   0    Loss: 0.16049489     ContextsNorm: 0.00000000
Epoch:  60      Batch:   0    Loss: 0.14257270     ContextsNorm: 0.00000000
Epoch:  70      Batch:   0    Loss: 0.10627177     ContextsNorm: 0.00000000
Epoch:  80      Batch:   0    Loss: 0.08607700     ContextsNorm: 0.00000000
Epoch:  90      Batch:   0    Loss: 0.07939132     ContextsNorm: 0.00000000
Epoch: 100      Batch:   0    Loss: 0.07674441     ContextsNorm: 0.00000000
     ### (Re)Compiling function: adapt_step_cavia ...  
        Validation Criterion: 0.09007301
        Saving best model so far ...
Epoch: 110      Batch:   0    Loss: 0.07479858     ContextsNorm: 0.00000000
Epoch: 120      Batch:   0    Loss: 0.07181720     ContextsNorm: 0.00000000
Epoch: 130      Batch:   0    Loss: 0.05084541     ContextsNorm: 0.00000000
Epoch: 140      Batch:   0    Loss: 0.04547731     ContextsNorm: 0.00000000
Epoch: 150      Batch:   0    Loss: 0.04246398     ContextsNorm: 0.00000000
Epoch: 160      Batch:   0    Loss: 0.04049902     ContextsNorm: 0.00000000
Epoch: 170      Batch:   0    Loss: 0.03878319     ContextsNorm: 0.00000000
Epoch: 180      Batch:   0    Loss: 0.03731277     ContextsNorm: 0.00000000
Epoch: 190      Batch:   0    Loss: 0.03581963     ContextsNorm: 0.00000000
Epoch: 200      Batch:   0    Loss: 0.03428497     ContextsNorm: 0.00000000
     ### (Re)Compiling function: adapt_step_cavia ...  
        Validation Criterion: 0.04636029
        Saving best model so far ...
Epoch: 210      Batch:   0    Loss: 0.03284753     ContextsNorm: 0.00000000
Epoch: 220      Batch:   0    Loss: 0.03177936     ContextsNorm: 0.00000000
Epoch: 230      Batch:   0    Loss: 0.03119640     ContextsNorm: 0.00000000
Epoch: 240      Batch:   0    Loss: 0.03089944     ContextsNorm: 0.00000000
Epoch: 250      Batch:   0    Loss: 0.03083382     ContextsNorm: 0.00000000
Epoch: 260      Batch:   0    Loss: 0.03064097     ContextsNorm: 0.00000000
Epoch: 270      Batch:   0    Loss: 0.03034150     ContextsNorm: 0.00000000
Epoch: 280      Batch:   0    Loss: 0.03020707     ContextsNorm: 0.00000000
Epoch: 290      Batch:   0    Loss: 0.03009219     ContextsNorm: 0.00000000
Epoch: 300      Batch:   0    Loss: 0.02998635     ContextsNorm: 0.00000000
     ### (Re)Compiling function: adapt_step_cavia ...  
        Validation Criterion: 0.03909542
        Saving best model so far ...
Epoch: 310      Batch:   0    Loss: 0.02985923     ContextsNorm: 0.00000000
Epoch: 320      Batch:   0    Loss: 0.02985600     ContextsNorm: 0.00000000
Epoch: 330      Batch:   0    Loss: 0.02970077     ContextsNorm: 0.00000000
Epoch: 340      Batch:   0    Loss: 0.02958508     ContextsNorm: 0.00000000
Epoch: 350      Batch:   0    Loss: 0.02948145     ContextsNorm: 0.00000000
Epoch: 360      Batch:   0    Loss: 0.02935594     ContextsNorm: 0.00000000
Epoch: 370      Batch:   0    Loss: 0.02927179     ContextsNorm: 0.00000000
Epoch: 380      Batch:   0    Loss: 0.02915869     ContextsNorm: 0.00000000
Epoch: 390      Batch:   0    Loss: 0.02918577     ContextsNorm: 0.00000000
Epoch: 400      Batch:   0    Loss: 0.02909418     ContextsNorm: 0.00000000
     ### (Re)Compiling function: adapt_step_cavia ...  
        Validation Criterion: 0.03616510
        Saving best model so far ...
Epoch: 410      Batch:   0    Loss: 0.02885188     ContextsNorm: 0.00000000
Epoch: 420      Batch:   0    Loss: 0.02874843     ContextsNorm: 0.00000000
Epoch: 430      Batch:   0    Loss: 0.02858258     ContextsNorm: 0.00000000
Epoch: 440      Batch:   0    Loss: 0.02832004     ContextsNorm: 0.00000000
Epoch: 450      Batch:   0    Loss: 0.02770728     ContextsNorm: 0.00000000
Epoch: 460      Batch:   0    Loss: 0.02508996     ContextsNorm: 0.00000000
Epoch: 470      Batch:   0    Loss: 0.01275549     ContextsNorm: 0.00000000
Epoch: 480      Batch:   0    Loss: 0.00779148     ContextsNorm: 0.00000000
Epoch: 490      Batch:   0    Loss: 0.00711702     ContextsNorm: 0.00000000
Epoch: 500      Batch:   0    Loss: 0.00641356     ContextsNorm: 0.00000000
     ### (Re)Compiling function: adapt_step_cavia ...  
        Validation Criterion: 0.01044107
        Saving best model so far ...
Epoch: 510      Batch:   0    Loss: 0.00604672     ContextsNorm: 0.00000000
Epoch: 520      Batch:   0    Loss: 0.00569480     ContextsNorm: 0.00000000
Epoch: 530      Batch:   0    Loss: 0.00542336     ContextsNorm: 0.00000000
Epoch: 540      Batch:   0    Loss: 0.00519309     ContextsNorm: 0.00000000
Epoch: 550      Batch:   0    Loss: 0.00497535     ContextsNorm: 0.00000000
Epoch: 560      Batch:   0    Loss: 0.00476546     ContextsNorm: 0.00000000
Epoch: 570      Batch:   0    Loss: 0.00455820     ContextsNorm: 0.00000000
Epoch: 580      Batch:   0    Loss: 0.00435012     ContextsNorm: 0.00000000
Epoch: 590      Batch:   0    Loss: 0.00416166     ContextsNorm: 0.00000000
Epoch: 600      Batch:   0    Loss: 0.00399607     ContextsNorm: 0.00000000
     ### (Re)Compiling function: adapt_step_cavia ...  
        Validation Criterion: 0.00721417
        Saving best model so far ...
Epoch: 610      Batch:   0    Loss: 0.00382996     ContextsNorm: 0.00000000
Epoch: 620      Batch:   0    Loss: 0.00369548     ContextsNorm: 0.00000000
Epoch: 630      Batch:   0    Loss: 0.00356563     ContextsNorm: 0.00000000
Epoch: 640      Batch:   0    Loss: 0.00344025     ContextsNorm: 0.00000000
Epoch: 650      Batch:   0    Loss: 0.00331429     ContextsNorm: 0.00000000
Epoch: 660      Batch:   0    Loss: 0.00319137     ContextsNorm: 0.00000000
Epoch: 670      Batch:   0    Loss: 0.00389146     ContextsNorm: 0.00000000
Epoch: 680      Batch:   0    Loss: 0.00325497     ContextsNorm: 0.00000000
Epoch: 690      Batch:   0    Loss: 0.00283762     ContextsNorm: 0.00000000
Epoch: 700      Batch:   0    Loss: 0.00268819     ContextsNorm: 0.00000000
     ### (Re)Compiling function: adapt_step_cavia ...  
        Validation Criterion: 0.00479999
        Saving best model so far ...
Epoch: 710      Batch:   0    Loss: 0.00254837     ContextsNorm: 0.00000000
Epoch: 720      Batch:   0    Loss: 0.00272211     ContextsNorm: 0.00000000
Epoch: 730      Batch:   0    Loss: 0.00228559     ContextsNorm: 0.00000000
Epoch: 740      Batch:   0    Loss: 0.00321638     ContextsNorm: 0.00000000
Epoch: 750      Batch:   0    Loss: 0.00628279     ContextsNorm: 0.00000000
Epoch: 760      Batch:   0    Loss: 0.00325456     ContextsNorm: 0.00000000
Epoch: 770      Batch:   0    Loss: 0.00237299     ContextsNorm: 0.00000000
Epoch: 780      Batch:   0    Loss: 0.00204183     ContextsNorm: 0.00000000
Epoch: 790      Batch:   0    Loss: 0.00185540     ContextsNorm: 0.00000000
Epoch: 800      Batch:   0    Loss: 0.00174503     ContextsNorm: 0.00000000
     ### (Re)Compiling function: adapt_step_cavia ...  
        Validation Criterion: 0.00338778
        Saving best model so far ...
Epoch: 810      Batch:   0    Loss: 0.00165184     ContextsNorm: 0.00000000
Epoch: 820      Batch:   0    Loss: 0.00160314     ContextsNorm: 0.00000000
Epoch: 830      Batch:   0    Loss: 0.00157899     ContextsNorm: 0.00000000
Epoch: 840      Batch:   0    Loss: 0.00199515     ContextsNorm: 0.00000000
Epoch: 850      Batch:   0    Loss: 0.00482959     ContextsNorm: 0.00000000
Epoch: 860      Batch:   0    Loss: 0.00217829     ContextsNorm: 0.00000000
Epoch: 870      Batch:   0    Loss: 0.00229656     ContextsNorm: 0.00000000
Epoch: 880      Batch:   0    Loss: 0.00171618     ContextsNorm: 0.00000000
Epoch: 890      Batch:   0    Loss: 0.00147612     ContextsNorm: 0.00000000
Epoch: 900      Batch:   0    Loss: 0.00133411     ContextsNorm: 0.00000000
     ### (Re)Compiling function: adapt_step_cavia ...  
        Validation Criterion: 0.00315185
        Saving best model so far ...
Epoch: 910      Batch:   0    Loss: 0.00131900     ContextsNorm: 0.00000000
Epoch: 920      Batch:   0    Loss: 0.00127379     ContextsNorm: 0.00000000
Epoch: 930      Batch:   0    Loss: 0.00124414     ContextsNorm: 0.00000000
Epoch: 940      Batch:   0    Loss: 0.00122534     ContextsNorm: 0.00000000
Epoch: 950      Batch:   0    Loss: 0.00120932     ContextsNorm: 0.00000000
Epoch: 960      Batch:   0    Loss: 0.00121430     ContextsNorm: 0.00000000
Epoch: 970      Batch:   0    Loss: 0.00124671     ContextsNorm: 0.00000000
Epoch: 980      Batch:   0    Loss: 0.00117730     ContextsNorm: 0.00000000
Epoch: 990      Batch:   0    Loss: 0.00117138     ContextsNorm: 0.00000000
Epoch: 1000      Batch:   0    Loss: 0.00134093     ContextsNorm: 0.00000000
     ### (Re)Compiling function: adapt_step_cavia ...  
        Validation Criterion: 0.00344034
Epoch: 1010      Batch:   0    Loss: 0.00114790     ContextsNorm: 0.00000000
Epoch: 1020      Batch:   0    Loss: 0.00115485     ContextsNorm: 0.00000000
Epoch: 1030      Batch:   0    Loss: 0.00119769     ContextsNorm: 0.00000000
Epoch: 1040      Batch:   0    Loss: 0.00113572     ContextsNorm: 0.00000000
Epoch: 1050      Batch:   0    Loss: 0.00131626     ContextsNorm: 0.00000000
Epoch: 1060      Batch:   0    Loss: 0.00109011     ContextsNorm: 0.00000000
Epoch: 1070      Batch:   0    Loss: 0.00120264     ContextsNorm: 0.00000000
Epoch: 1080      Batch:   0    Loss: 0.00121704     ContextsNorm: 0.00000000
Epoch: 1090      Batch:   0    Loss: 0.00112397     ContextsNorm: 0.00000000
Epoch: 1100      Batch:   0    Loss: 0.00108478     ContextsNorm: 0.00000000
     ### (Re)Compiling function: adapt_step_cavia ...  
        Validation Criterion: 0.00314569
        Saving best model so far ...
Epoch: 1110      Batch:   0    Loss: 0.00104968     ContextsNorm: 0.00000000
Epoch: 1120      Batch:   0    Loss: 0.00107637     ContextsNorm: 0.00000000
Epoch: 1130      Batch:   0    Loss: 0.00116165     ContextsNorm: 0.00000000
Epoch: 1140      Batch:   0    Loss: 0.00169513     ContextsNorm: 0.00000000
Epoch: 1150      Batch:   0    Loss: 0.00116560     ContextsNorm: 0.00000000
Epoch: 1160      Batch:   0    Loss: 0.00112761     ContextsNorm: 0.00000000
Epoch: 1170      Batch:   0    Loss: 0.00100578     ContextsNorm: 0.00000000
Epoch: 1180      Batch:   0    Loss: 0.00097062     ContextsNorm: 0.00000000
Epoch: 1190      Batch:   0    Loss: 0.00101068     ContextsNorm: 0.00000000
Epoch: 1200      Batch:   0    Loss: 0.00144798     ContextsNorm: 0.00000000
     ### (Re)Compiling function: adapt_step_cavia ...  
        Validation Criterion: 0.00309345
        Saving best model so far ...
Epoch: 1210      Batch:   0    Loss: 0.00117870     ContextsNorm: 0.00000000
Epoch: 1220      Batch:   0    Loss: 0.00100622     ContextsNorm: 0.00000000
Epoch: 1230      Batch:   0    Loss: 0.00094354     ContextsNorm: 0.00000000
Epoch: 1240      Batch:   0    Loss: 0.00093480     ContextsNorm: 0.00000000
Epoch: 1250      Batch:   0    Loss: 0.00091739     ContextsNorm: 0.00000000
Epoch: 1260      Batch:   0    Loss: 0.00139290     ContextsNorm: 0.00000000
Epoch: 1270      Batch:   0    Loss: 0.00130163     ContextsNorm: 0.00000000
Epoch: 1280      Batch:   0    Loss: 0.00105806     ContextsNorm: 0.00000000
Epoch: 1290      Batch:   0    Loss: 0.00088777     ContextsNorm: 0.00000000
Epoch: 1300      Batch:   0    Loss: 0.00088498     ContextsNorm: 0.00000000
     ### (Re)Compiling function: adapt_step_cavia ...  
        Validation Criterion: 0.00298946
        Saving best model so far ...
Epoch: 1310      Batch:   0    Loss: 0.00086442     ContextsNorm: 0.00000000
Epoch: 1320      Batch:   0    Loss: 0.00143705     ContextsNorm: 0.00000000
Epoch: 1330      Batch:   0    Loss: 0.00090050     ContextsNorm: 0.00000000
Epoch: 1340      Batch:   0    Loss: 0.00093369     ContextsNorm: 0.00000000
Epoch: 1350      Batch:   0    Loss: 0.00084228     ContextsNorm: 0.00000000
Epoch: 1360      Batch:   0    Loss: 0.00082460     ContextsNorm: 0.00000000
Epoch: 1370      Batch:   0    Loss: 0.00080545     ContextsNorm: 0.00000000
Epoch: 1380      Batch:   0    Loss: 0.00116288     ContextsNorm: 0.00000000
Epoch: 1390      Batch:   0    Loss: 0.00121039     ContextsNorm: 0.00000000
Epoch: 1400      Batch:   0    Loss: 0.00092132     ContextsNorm: 0.00000000
     ### (Re)Compiling function: adapt_step_cavia ...  
        Validation Criterion: 0.00288132
        Saving best model so far ...
Epoch: 1410      Batch:   0    Loss: 0.00078988     ContextsNorm: 0.00000000
Epoch: 1420      Batch:   0    Loss: 0.00080612     ContextsNorm: 0.00000000
Epoch: 1430      Batch:   0    Loss: 0.00082270     ContextsNorm: 0.00000000
Epoch: 1440      Batch:   0    Loss: 0.00073290     ContextsNorm: 0.00000000
Epoch: 1450      Batch:   0    Loss: 0.00099301     ContextsNorm: 0.00000000
Epoch: 1460      Batch:   0    Loss: 0.00071532     ContextsNorm: 0.00000000
Epoch: 1470      Batch:   0    Loss: 0.00082897     ContextsNorm: 0.00000000
Epoch: 1480      Batch:   0    Loss: 0.00083987     ContextsNorm: 0.00000000
Epoch: 1490      Batch:   0    Loss: 0.00099725     ContextsNorm: 0.00000000
Epoch: 1499      Batch:   0    Loss: 0.00071843     ContextsNorm: 0.00000000
     ### (Re)Compiling function: adapt_step_cavia ...  
        Validation Criterion: 0.00296891

Total gradient descent training time: 0 hours 4 mins 25 secs
    Creating a new model with taylor order 0 ...
Using any previrouly defined optimizer for adapation


=== Beginning adaptation ... ===
    Number of environment batches: 1
    Number of envs train steps per batch: 1
    Total number of training steps: 1
     ### (Re)Compiling function: adapt_step_cavia ...  
    Batch:   0     Loss: 0.09376729        OtherNorms: [0.09376729 0.         0.        ]
Total gradient descent adaptation time: 0 hours 0 mins 0 secs
==  Meta-evaluation ... ==
    Test loss value: 2.88e-03 ± 2.42e-03
    Train loss value for criterion 0: 9.38e-02
==  Begining artefacts visualisation ... ==
    Visualized context dimensions along x: [0 0 0]
    Visualized context dimensions along y: [1 1 1]
Saving artefacts in: ./runs/240812-170731/artefacts.png
==  Begining in-domain dynamics visualisation ... ==
    Trajectory id: 0
    Visualized dimensions: (0, 1)
Testing finished. Figure saved in: ./runs/240812-170731/dynamics.png
    Creating a new model with taylor order 0 ...
Using any previrouly defined optimizer for adapation


=== Beginning adaptation ... ===
    Number of environment batches: 1
    Number of envs train steps per batch: 1
    Total number of training steps: 1
     ### (Re)Compiling function: adapt_step_cavia ...  
    Batch:   0     Loss: 0.05490196        OtherNorms: [0.05490196 0.         0.        ]
Total gradient descent adaptation time: 0 hours 0 mins 1 secs
==  Meta-evaluation ... ==
    Test loss value: 4.51e-03 ± 9.36e-04
    Train loss value for criterion 0: 5.49e-02
==  Begining artefacts visualisation ... ==
    Visualized context dimensions along x: [0 0 0]
    Visualized context dimensions along y: [1 1 1]
Saving artefacts in: ./runs/240812-170731/adapt/artefacts.png
